2026-08-15 10:44:06,178 - INFO - 启动维护任务 | 协议类型: IPV4
2026-08-15 10:44:06,178 - INFO - --------------------------------------------------
2026-08-15 10:44:06,178 - INFO - [hk.616049.xyz (HKG)] 开始处理节点维护
2026-08-15 10:44:06,211 - DEBUG - DNS解析重试中 hk.616049.xyz: [Errno -5] No address associated with hostname
2026-08-15 10:44:07,241 - DEBUG - DNS解析重试中 hk.616049.xyz: [Errno -5] No address associated with hostname
2026-08-15 10:44:08,282 - DEBUG - DNS解析重试中 hk.616049.xyz: [Errno -5] No address associated with hostname
2026-08-15 10:44:09,284 - WARNING - [hk.616049.xyz (HKG)] ├─ 无有效DNS记录，触发紧急更新
2026-08-15 10:56:41,405 - ERROR - CFST更新失败: None
2026-08-15 10:56:41,405 - INFO - --------------------------------------------------
2026-08-15 10:56:41,405 - INFO - [us.616049.xyz (LAX)] 开始处理节点维护
2026-08-15 10:56:41,437 - DEBUG - DNS解析重试中 us.616049.xyz: [Errno -5] No address associated with hostname
2026-08-15 10:56:42,474 - DEBUG - DNS解析重试中 us.616049.xyz: [Errno -5] No address associated with hostname
2026-08-15 10:56:43,514 - DEBUG - DNS解析重试中 us.616049.xyz: [Errno -5] No address associated with hostname
2026-08-15 10:56:44,515 - WARNING - [us.616049.xyz (LAX)] ├─ 无有效DNS记录，触发紧急更新
2026-08-15 11:09:16,377 - ERROR - CFST更新失败: None
2026-08-15 11:09:16,377 - INFO - --------------------------------------------------
2026-08-15 11:09:16,377 - INFO - [de.616049.xyz (FRA)] 开始处理节点维护
2026-08-15 11:09:16,420 - DEBUG - DNS解析重试中 de.616049.xyz: [Errno -5] No address associated with hostname
2026-08-15 11:09:17,426 - DEBUG - DNS解析重试中 de.616049.xyz: [Errno -5] No address associated with hostname
2026-08-15 11:09:18,458 - DEBUG - DNS解析重试中 de.616049.xyz: [Errno -5] No address associated with hostname
2026-08-15 11:09:19,459 - WARNING - [de.616049.xyz (FRA)] ├─ 无有效DNS记录，触发紧急更新
2026-08-15 11:21:51,277 - ERROR - CFST更新失败: None
2026-08-15 11:21:51,280 - DEBUG - Starting new HTTPS connection (1): api.telegram.org:443
2026-08-15 11:21:51,701 - DEBUG - https://api.telegram.org:443 "POST /bot/sendMessage HTTP/1.1" 404 55
