2026-09-13 07:37:00,618 - INFO - 启动维护任务 | 协议类型: IPV4
2026-09-13 07:37:00,619 - INFO - --------------------------------------------------
2026-09-13 07:37:00,619 - INFO - [hk.616049.xyz (HKG)] 开始处理节点维护
2026-09-13 07:37:00,633 - DEBUG - DNS解析重试中 hk.616049.xyz: [Errno -5] No address associated with hostname
2026-09-13 07:37:01,645 - DEBUG - DNS解析重试中 hk.616049.xyz: [Errno -5] No address associated with hostname
2026-09-13 07:37:02,666 - DEBUG - DNS解析重试中 hk.616049.xyz: [Errno -5] No address associated with hostname
2026-09-13 07:37:03,667 - WARNING - [hk.616049.xyz (HKG)] ├─ 无有效DNS记录，触发紧急更新
2026-09-13 07:49:35,709 - ERROR - CFST更新失败: None
2026-09-13 07:49:35,709 - INFO - --------------------------------------------------
2026-09-13 07:49:35,709 - INFO - [us.616049.xyz (LAX)] 开始处理节点维护
2026-09-13 07:49:35,729 - DEBUG - DNS解析重试中 us.616049.xyz: [Errno -5] No address associated with hostname
2026-09-13 07:49:36,766 - DEBUG - DNS解析重试中 us.616049.xyz: [Errno -5] No address associated with hostname
2026-09-13 07:49:37,777 - DEBUG - DNS解析重试中 us.616049.xyz: [Errno -5] No address associated with hostname
2026-09-13 07:49:38,778 - WARNING - [us.616049.xyz (LAX)] ├─ 无有效DNS记录，触发紧急更新
2026-09-13 08:02:10,795 - ERROR - CFST更新失败: None
2026-09-13 08:02:10,796 - INFO - --------------------------------------------------
2026-09-13 08:02:10,796 - INFO - [de.616049.xyz (FRA)] 开始处理节点维护
2026-09-13 08:02:10,812 - DEBUG - DNS解析重试中 de.616049.xyz: [Errno -5] No address associated with hostname
2026-09-13 08:02:11,827 - DEBUG - DNS解析重试中 de.616049.xyz: [Errno -5] No address associated with hostname
2026-09-13 08:02:12,831 - DEBUG - DNS解析重试中 de.616049.xyz: [Errno -5] No address associated with hostname
2026-09-13 08:02:13,833 - WARNING - [de.616049.xyz (FRA)] ├─ 无有效DNS记录，触发紧急更新
2026-09-13 08:14:46,838 - ERROR - CFST更新失败: None
2026-09-13 08:14:46,842 - DEBUG - Starting new HTTPS connection (1): api.telegram.org:443
2026-09-13 08:14:47,302 - DEBUG - https://api.telegram.org:443 "POST /bot/sendMessage HTTP/1.1" 404 55
