2026-08-11 00:43:53,362 - INFO - 启动维护任务 | 协议类型: IPV4
2026-08-11 00:43:53,362 - INFO - --------------------------------------------------
2026-08-11 00:43:53,362 - INFO - [hk.616049.xyz (HKG)] 开始处理节点维护
2026-08-11 00:43:53,428 - DEBUG - DNS解析重试中 hk.616049.xyz: [Errno -5] No address associated with hostname
2026-08-11 00:43:54,506 - DEBUG - DNS解析重试中 hk.616049.xyz: [Errno -5] No address associated with hostname
2026-08-11 00:43:55,523 - DEBUG - DNS解析重试中 hk.616049.xyz: [Errno -5] No address associated with hostname
2026-08-11 00:43:56,524 - WARNING - [hk.616049.xyz (HKG)] ├─ 无有效DNS记录，触发紧急更新
2026-08-11 00:56:39,347 - ERROR - CFST更新失败: None
2026-08-11 00:56:39,347 - INFO - --------------------------------------------------
2026-08-11 00:56:39,347 - INFO - [us.616049.xyz (LAX)] 开始处理节点维护
2026-08-11 00:56:39,419 - DEBUG - DNS解析重试中 us.616049.xyz: [Errno -5] No address associated with hostname
2026-08-11 00:56:40,483 - DEBUG - DNS解析重试中 us.616049.xyz: [Errno -5] No address associated with hostname
2026-08-11 00:56:41,493 - DEBUG - DNS解析重试中 us.616049.xyz: [Errno -5] No address associated with hostname
2026-08-11 00:56:42,494 - WARNING - [us.616049.xyz (LAX)] ├─ 无有效DNS记录，触发紧急更新
2026-08-11 01:09:34,222 - ERROR - CFST更新失败: None
2026-08-11 01:09:34,222 - INFO - --------------------------------------------------
2026-08-11 01:09:34,222 - INFO - [de.616049.xyz (FRA)] 开始处理节点维护
2026-08-11 01:09:34,282 - DEBUG - DNS解析重试中 de.616049.xyz: [Errno -5] No address associated with hostname
2026-08-11 01:09:35,297 - DEBUG - DNS解析重试中 de.616049.xyz: [Errno -5] No address associated with hostname
2026-08-11 01:09:36,308 - DEBUG - DNS解析重试中 de.616049.xyz: [Errno -5] No address associated with hostname
2026-08-11 01:09:37,309 - WARNING - [de.616049.xyz (FRA)] ├─ 无有效DNS记录，触发紧急更新
2026-08-11 01:22:54,588 - ERROR - CFST更新失败: None
2026-08-11 01:22:54,591 - DEBUG - Starting new HTTPS connection (1): api.telegram.org:443
2026-08-11 01:22:54,996 - DEBUG - https://api.telegram.org:443 "POST /bot/sendMessage HTTP/1.1" 404 55
