2026-08-09 04:18:57,622 - INFO - 启动维护任务 | 协议类型: IPV4
2026-08-09 04:18:57,622 - INFO - --------------------------------------------------
2026-08-09 04:18:57,622 - INFO - [hk.616049.xyz (HKG)] 开始处理节点维护
2026-08-09 04:18:57,653 - DEBUG - DNS解析重试中 hk.616049.xyz: [Errno -5] No address associated with hostname
2026-08-09 04:18:58,685 - DEBUG - DNS解析重试中 hk.616049.xyz: [Errno -5] No address associated with hostname
2026-08-09 04:18:59,727 - DEBUG - DNS解析重试中 hk.616049.xyz: [Errno -5] No address associated with hostname
2026-08-09 04:19:00,728 - WARNING - [hk.616049.xyz (HKG)] ├─ 无有效DNS记录，触发紧急更新
2026-08-09 04:31:33,095 - ERROR - CFST更新失败: None
2026-08-09 04:31:33,095 - INFO - --------------------------------------------------
2026-08-09 04:31:33,096 - INFO - [us.616049.xyz (LAX)] 开始处理节点维护
2026-08-09 04:31:33,147 - DEBUG - DNS解析重试中 us.616049.xyz: [Errno -5] No address associated with hostname
2026-08-09 04:31:34,190 - DEBUG - DNS解析重试中 us.616049.xyz: [Errno -5] No address associated with hostname
2026-08-09 04:31:35,229 - DEBUG - DNS解析重试中 us.616049.xyz: [Errno -5] No address associated with hostname
2026-08-09 04:31:36,231 - WARNING - [us.616049.xyz (LAX)] ├─ 无有效DNS记录，触发紧急更新
2026-08-09 04:44:09,272 - ERROR - CFST更新失败: None
2026-08-09 04:44:09,272 - INFO - --------------------------------------------------
2026-08-09 04:44:09,272 - INFO - [de.616049.xyz (FRA)] 开始处理节点维护
2026-08-09 04:44:09,308 - DEBUG - DNS解析重试中 de.616049.xyz: [Errno -5] No address associated with hostname
2026-08-09 04:44:10,356 - DEBUG - DNS解析重试中 de.616049.xyz: [Errno -5] No address associated with hostname
2026-08-09 04:44:11,363 - DEBUG - DNS解析重试中 de.616049.xyz: [Errno -5] No address associated with hostname
2026-08-09 04:44:12,364 - WARNING - [de.616049.xyz (FRA)] ├─ 无有效DNS记录，触发紧急更新
2026-08-09 04:56:45,657 - ERROR - CFST更新失败: None
2026-08-09 04:56:45,660 - DEBUG - Starting new HTTPS connection (1): api.telegram.org:443
2026-08-09 04:56:45,971 - DEBUG - https://api.telegram.org:443 "POST /bot/sendMessage HTTP/1.1" 404 55
