2026-09-02 03:03:05,601 - INFO - 启动维护任务 | 协议类型: IPV4
2026-09-02 03:03:05,601 - INFO - --------------------------------------------------
2026-09-02 03:03:05,602 - INFO - [hk.616049.xyz (HKG)] 开始处理节点维护
2026-09-02 03:03:05,658 - DEBUG - DNS解析重试中 hk.616049.xyz: [Errno -5] No address associated with hostname
2026-09-02 03:03:06,706 - DEBUG - DNS解析重试中 hk.616049.xyz: [Errno -5] No address associated with hostname
2026-09-02 03:03:07,753 - DEBUG - DNS解析重试中 hk.616049.xyz: [Errno -5] No address associated with hostname
2026-09-02 03:03:08,754 - WARNING - [hk.616049.xyz (HKG)] ├─ 无有效DNS记录，触发紧急更新
2026-09-02 03:15:42,826 - ERROR - CFST更新失败: None
2026-09-02 03:15:42,826 - INFO - --------------------------------------------------
2026-09-02 03:15:42,826 - INFO - [us.616049.xyz (LAX)] 开始处理节点维护
2026-09-02 03:15:42,861 - DEBUG - DNS解析重试中 us.616049.xyz: [Errno -5] No address associated with hostname
2026-09-02 03:15:43,913 - DEBUG - DNS解析重试中 us.616049.xyz: [Errno -5] No address associated with hostname
2026-09-02 03:15:44,947 - DEBUG - DNS解析重试中 us.616049.xyz: [Errno -5] No address associated with hostname
2026-09-02 03:15:45,948 - WARNING - [us.616049.xyz (LAX)] ├─ 无有效DNS记录，触发紧急更新
2026-09-02 03:28:20,685 - ERROR - CFST更新失败: None
2026-09-02 03:28:20,685 - INFO - --------------------------------------------------
2026-09-02 03:28:20,685 - INFO - [de.616049.xyz (FRA)] 开始处理节点维护
2026-09-02 03:28:20,717 - DEBUG - DNS解析重试中 de.616049.xyz: [Errno -5] No address associated with hostname
2026-09-02 03:28:21,762 - DEBUG - DNS解析重试中 de.616049.xyz: [Errno -5] No address associated with hostname
2026-09-02 03:28:22,818 - DEBUG - DNS解析重试中 de.616049.xyz: [Errno -5] No address associated with hostname
2026-09-02 03:28:23,819 - WARNING - [de.616049.xyz (FRA)] ├─ 无有效DNS记录，触发紧急更新
2026-09-02 03:40:56,501 - ERROR - CFST更新失败: None
2026-09-02 03:40:56,504 - DEBUG - Starting new HTTPS connection (1): api.telegram.org:443
2026-09-02 03:40:56,918 - DEBUG - https://api.telegram.org:443 "POST /bot/sendMessage HTTP/1.1" 404 55
