2026-08-10 13:17:38,313 - INFO - 启动维护任务 | 协议类型: IPV4
2026-08-10 13:17:38,313 - INFO - --------------------------------------------------
2026-08-10 13:17:38,313 - INFO - [hk.616049.xyz (HKG)] 开始处理节点维护
2026-08-10 13:17:38,337 - DEBUG - DNS解析重试中 hk.616049.xyz: [Errno -5] No address associated with hostname
2026-08-10 13:17:39,349 - DEBUG - DNS解析重试中 hk.616049.xyz: [Errno -5] No address associated with hostname
2026-08-10 13:17:40,383 - DEBUG - DNS解析重试中 hk.616049.xyz: [Errno -5] No address associated with hostname
2026-08-10 13:17:41,384 - WARNING - [hk.616049.xyz (HKG)] ├─ 无有效DNS记录，触发紧急更新
2026-08-10 13:30:15,862 - ERROR - CFST更新失败: None
2026-08-10 13:30:15,862 - INFO - --------------------------------------------------
2026-08-10 13:30:15,862 - INFO - [us.616049.xyz (LAX)] 开始处理节点维护
2026-08-10 13:30:15,874 - DEBUG - DNS解析重试中 us.616049.xyz: [Errno -5] No address associated with hostname
2026-08-10 13:30:16,887 - DEBUG - DNS解析重试中 us.616049.xyz: [Errno -5] No address associated with hostname
2026-08-10 13:30:17,895 - DEBUG - DNS解析重试中 us.616049.xyz: [Errno -5] No address associated with hostname
2026-08-10 13:30:18,896 - WARNING - [us.616049.xyz (LAX)] ├─ 无有效DNS记录，触发紧急更新
2026-08-10 13:42:50,078 - ERROR - CFST更新失败: None
2026-08-10 13:42:50,078 - INFO - --------------------------------------------------
2026-08-10 13:42:50,078 - INFO - [de.616049.xyz (FRA)] 开始处理节点维护
2026-08-10 13:42:50,094 - DEBUG - DNS解析重试中 de.616049.xyz: [Errno -5] No address associated with hostname
2026-08-10 13:42:51,109 - DEBUG - DNS解析重试中 de.616049.xyz: [Errno -5] No address associated with hostname
2026-08-10 13:42:52,122 - DEBUG - DNS解析重试中 de.616049.xyz: [Errno -5] No address associated with hostname
2026-08-10 13:42:53,123 - WARNING - [de.616049.xyz (FRA)] ├─ 无有效DNS记录，触发紧急更新
2026-08-10 13:55:24,588 - ERROR - CFST更新失败: None
2026-08-10 13:55:24,592 - DEBUG - Starting new HTTPS connection (1): api.telegram.org:443
2026-08-10 13:55:24,886 - DEBUG - https://api.telegram.org:443 "POST /bot/sendMessage HTTP/1.1" 404 55
