2026-08-31 18:18:04,493 - INFO - 启动维护任务 | 协议类型: IPV4
2026-08-31 18:18:04,493 - INFO - --------------------------------------------------
2026-08-31 18:18:04,493 - INFO - [hk.616049.xyz (HKG)] 开始处理节点维护
2026-08-31 18:18:04,546 - DEBUG - DNS解析重试中 hk.616049.xyz: [Errno -5] No address associated with hostname
2026-08-31 18:18:05,600 - DEBUG - DNS解析重试中 hk.616049.xyz: [Errno -5] No address associated with hostname
2026-08-31 18:18:06,658 - DEBUG - DNS解析重试中 hk.616049.xyz: [Errno -5] No address associated with hostname
2026-08-31 18:18:07,659 - WARNING - [hk.616049.xyz (HKG)] ├─ 无有效DNS记录，触发紧急更新
2026-08-31 18:30:26,382 - ERROR - CFST更新失败: None
2026-08-31 18:30:26,383 - INFO - --------------------------------------------------
2026-08-31 18:30:26,383 - INFO - [us.616049.xyz (LAX)] 开始处理节点维护
2026-08-31 18:30:26,437 - DEBUG - DNS解析重试中 us.616049.xyz: [Errno -5] No address associated with hostname
2026-08-31 18:30:27,489 - DEBUG - DNS解析重试中 us.616049.xyz: [Errno -5] No address associated with hostname
2026-08-31 18:30:28,539 - DEBUG - DNS解析重试中 us.616049.xyz: [Errno -5] No address associated with hostname
2026-08-31 18:30:29,540 - WARNING - [us.616049.xyz (LAX)] ├─ 无有效DNS记录，触发紧急更新
2026-08-31 18:42:48,159 - ERROR - CFST更新失败: None
2026-08-31 18:42:48,160 - INFO - --------------------------------------------------
2026-08-31 18:42:48,160 - INFO - [de.616049.xyz (FRA)] 开始处理节点维护
2026-08-31 18:42:48,198 - DEBUG - DNS解析重试中 de.616049.xyz: [Errno -5] No address associated with hostname
2026-08-31 18:42:49,253 - DEBUG - DNS解析重试中 de.616049.xyz: [Errno -5] No address associated with hostname
2026-08-31 18:42:50,349 - DEBUG - DNS解析重试中 de.616049.xyz: [Errno -5] No address associated with hostname
2026-08-31 18:42:51,350 - WARNING - [de.616049.xyz (FRA)] ├─ 无有效DNS记录，触发紧急更新
2026-08-31 18:55:09,848 - ERROR - CFST更新失败: None
2026-08-31 18:55:09,851 - DEBUG - Starting new HTTPS connection (1): api.telegram.org:443
2026-08-31 18:55:10,266 - DEBUG - https://api.telegram.org:443 "POST /bot/sendMessage HTTP/1.1" 404 55
