2026-09-24 16:53:05,632 - INFO - 启动维护任务 | 协议类型: IPV4
2026-09-24 16:53:05,632 - INFO - --------------------------------------------------
2026-09-24 16:53:05,633 - INFO - [hk.616049.xyz (HKG)] 开始处理节点维护
2026-09-24 16:53:05,669 - DEBUG - DNS解析重试中 hk.616049.xyz: [Errno -5] No address associated with hostname
2026-09-24 16:53:06,687 - DEBUG - DNS解析重试中 hk.616049.xyz: [Errno -5] No address associated with hostname
2026-09-24 16:53:07,707 - DEBUG - DNS解析重试中 hk.616049.xyz: [Errno -5] No address associated with hostname
2026-09-24 16:53:08,708 - WARNING - [hk.616049.xyz (HKG)] ├─ 无有效DNS记录，触发紧急更新
2026-09-24 17:05:38,231 - ERROR - CFST更新失败: None
2026-09-24 17:05:38,231 - INFO - --------------------------------------------------
2026-09-24 17:05:38,231 - INFO - [us.616049.xyz (LAX)] 开始处理节点维护
2026-09-24 17:05:38,244 - DEBUG - DNS解析重试中 us.616049.xyz: [Errno -5] No address associated with hostname
2026-09-24 17:05:39,269 - DEBUG - DNS解析重试中 us.616049.xyz: [Errno -5] No address associated with hostname
2026-09-24 17:05:40,296 - DEBUG - DNS解析重试中 us.616049.xyz: [Errno -5] No address associated with hostname
2026-09-24 17:05:41,298 - WARNING - [us.616049.xyz (LAX)] ├─ 无有效DNS记录，触发紧急更新
2026-09-24 17:18:10,757 - ERROR - CFST更新失败: None
2026-09-24 17:18:10,757 - INFO - --------------------------------------------------
2026-09-24 17:18:10,757 - INFO - [de.616049.xyz (FRA)] 开始处理节点维护
2026-09-24 17:18:10,774 - DEBUG - DNS解析重试中 de.616049.xyz: [Errno -5] No address associated with hostname
2026-09-24 17:18:11,791 - DEBUG - DNS解析重试中 de.616049.xyz: [Errno -5] No address associated with hostname
2026-09-24 17:18:12,820 - DEBUG - DNS解析重试中 de.616049.xyz: [Errno -5] No address associated with hostname
2026-09-24 17:18:13,821 - WARNING - [de.616049.xyz (FRA)] ├─ 无有效DNS记录，触发紧急更新
2026-09-24 17:30:43,365 - ERROR - CFST更新失败: None
2026-09-24 17:30:43,369 - DEBUG - Starting new HTTPS connection (1): api.telegram.org:443
2026-09-24 17:30:43,649 - DEBUG - https://api.telegram.org:443 "POST /bot/sendMessage HTTP/1.1" 404 55
