2026-09-20 21:50:19,303 - INFO - 启动维护任务 | 协议类型: IPV4
2026-09-20 21:50:19,303 - INFO - --------------------------------------------------
2026-09-20 21:50:19,303 - INFO - [hk.616049.xyz (HKG)] 开始处理节点维护
2026-09-20 21:50:19,339 - DEBUG - DNS解析重试中 hk.616049.xyz: [Errno -5] No address associated with hostname
2026-09-20 21:50:20,395 - DEBUG - DNS解析重试中 hk.616049.xyz: [Errno -5] No address associated with hostname
2026-09-20 21:50:21,426 - DEBUG - DNS解析重试中 hk.616049.xyz: [Errno -5] No address associated with hostname
2026-09-20 21:50:22,428 - WARNING - [hk.616049.xyz (HKG)] ├─ 无有效DNS记录，触发紧急更新
2026-09-20 22:02:53,505 - ERROR - CFST更新失败: None
2026-09-20 22:02:53,505 - INFO - --------------------------------------------------
2026-09-20 22:02:53,505 - INFO - [us.616049.xyz (LAX)] 开始处理节点维护
2026-09-20 22:02:53,559 - DEBUG - DNS解析重试中 us.616049.xyz: [Errno -5] No address associated with hostname
2026-09-20 22:02:54,602 - DEBUG - DNS解析重试中 us.616049.xyz: [Errno -5] No address associated with hostname
2026-09-20 22:02:55,650 - DEBUG - DNS解析重试中 us.616049.xyz: [Errno -5] No address associated with hostname
2026-09-20 22:02:56,651 - WARNING - [us.616049.xyz (LAX)] ├─ 无有效DNS记录，触发紧急更新
2026-09-20 22:15:28,185 - ERROR - CFST更新失败: None
2026-09-20 22:15:28,185 - INFO - --------------------------------------------------
2026-09-20 22:15:28,185 - INFO - [de.616049.xyz (FRA)] 开始处理节点维护
2026-09-20 22:15:28,213 - DEBUG - DNS解析重试中 de.616049.xyz: [Errno -5] No address associated with hostname
2026-09-20 22:15:29,256 - DEBUG - DNS解析重试中 de.616049.xyz: [Errno -5] No address associated with hostname
2026-09-20 22:15:30,263 - DEBUG - DNS解析重试中 de.616049.xyz: [Errno -5] No address associated with hostname
2026-09-20 22:15:31,264 - WARNING - [de.616049.xyz (FRA)] ├─ 无有效DNS记录，触发紧急更新
2026-09-20 22:28:03,161 - ERROR - CFST更新失败: None
2026-09-20 22:28:03,165 - DEBUG - Starting new HTTPS connection (1): api.telegram.org:443
2026-09-20 22:28:03,488 - DEBUG - https://api.telegram.org:443 "POST /bot/sendMessage HTTP/1.1" 404 55
