2026-09-05 04:05:16,062 - INFO - 启动维护任务 | 协议类型: IPV4
2026-09-05 04:05:16,062 - INFO - --------------------------------------------------
2026-09-05 04:05:16,062 - INFO - [hk.616049.xyz (HKG)] 开始处理节点维护
2026-09-05 04:05:16,087 - DEBUG - DNS解析重试中 hk.616049.xyz: [Errno -5] No address associated with hostname
2026-09-05 04:05:17,109 - DEBUG - DNS解析重试中 hk.616049.xyz: [Errno -5] No address associated with hostname
2026-09-05 04:05:18,132 - DEBUG - DNS解析重试中 hk.616049.xyz: [Errno -5] No address associated with hostname
2026-09-05 04:05:19,134 - WARNING - [hk.616049.xyz (HKG)] ├─ 无有效DNS记录，触发紧急更新
2026-09-05 04:17:54,428 - ERROR - CFST更新失败: None
2026-09-05 04:17:54,428 - INFO - --------------------------------------------------
2026-09-05 04:17:54,428 - INFO - [us.616049.xyz (LAX)] 开始处理节点维护
2026-09-05 04:17:54,440 - DEBUG - DNS解析重试中 us.616049.xyz: [Errno -5] No address associated with hostname
2026-09-05 04:17:55,456 - DEBUG - DNS解析重试中 us.616049.xyz: [Errno -5] No address associated with hostname
2026-09-05 04:17:56,471 - DEBUG - DNS解析重试中 us.616049.xyz: [Errno -5] No address associated with hostname
2026-09-05 04:17:57,473 - WARNING - [us.616049.xyz (LAX)] ├─ 无有效DNS记录，触发紧急更新
2026-09-05 04:30:33,059 - ERROR - CFST更新失败: None
2026-09-05 04:30:33,060 - INFO - --------------------------------------------------
2026-09-05 04:30:33,060 - INFO - [de.616049.xyz (FRA)] 开始处理节点维护
2026-09-05 04:30:33,072 - DEBUG - DNS解析重试中 de.616049.xyz: [Errno -5] No address associated with hostname
2026-09-05 04:30:34,089 - DEBUG - DNS解析重试中 de.616049.xyz: [Errno -5] No address associated with hostname
2026-09-05 04:30:35,116 - DEBUG - DNS解析重试中 de.616049.xyz: [Errno -5] No address associated with hostname
2026-09-05 04:30:36,117 - WARNING - [de.616049.xyz (FRA)] ├─ 无有效DNS记录，触发紧急更新
2026-09-05 04:43:11,849 - ERROR - CFST更新失败: None
2026-09-05 04:43:11,853 - DEBUG - Starting new HTTPS connection (1): api.telegram.org:443
2026-09-05 04:43:12,159 - DEBUG - https://api.telegram.org:443 "POST /bot/sendMessage HTTP/1.1" 404 55
