2026-09-24 06:34:52,140 - INFO - 启动维护任务 | 协议类型: IPV4
2026-09-24 06:34:52,140 - INFO - --------------------------------------------------
2026-09-24 06:34:52,140 - INFO - [hk.616049.xyz (HKG)] 开始处理节点维护
2026-09-24 06:34:52,199 - DEBUG - DNS解析重试中 hk.616049.xyz: [Errno -5] No address associated with hostname
2026-09-24 06:34:53,246 - DEBUG - DNS解析重试中 hk.616049.xyz: [Errno -5] No address associated with hostname
2026-09-24 06:34:54,306 - DEBUG - DNS解析重试中 hk.616049.xyz: [Errno -5] No address associated with hostname
2026-09-24 06:34:55,307 - WARNING - [hk.616049.xyz (HKG)] ├─ 无有效DNS记录，触发紧急更新
2026-09-24 06:46:54,055 - ERROR - CFST更新失败: None
2026-09-24 06:46:54,056 - INFO - --------------------------------------------------
2026-09-24 06:46:54,056 - INFO - [us.616049.xyz (LAX)] 开始处理节点维护
2026-09-24 06:46:54,101 - DEBUG - DNS解析重试中 us.616049.xyz: [Errno -5] No address associated with hostname
2026-09-24 06:46:55,156 - DEBUG - DNS解析重试中 us.616049.xyz: [Errno -5] No address associated with hostname
2026-09-24 06:46:56,220 - DEBUG - DNS解析重试中 us.616049.xyz: [Errno -5] No address associated with hostname
2026-09-24 06:46:57,221 - WARNING - [us.616049.xyz (LAX)] ├─ 无有效DNS记录，触发紧急更新
2026-09-24 06:58:55,813 - ERROR - CFST更新失败: None
2026-09-24 06:58:55,813 - INFO - --------------------------------------------------
2026-09-24 06:58:55,813 - INFO - [de.616049.xyz (FRA)] 开始处理节点维护
2026-09-24 06:58:55,892 - DEBUG - DNS解析重试中 de.616049.xyz: [Errno -5] No address associated with hostname
2026-09-24 06:58:56,979 - DEBUG - DNS解析重试中 de.616049.xyz: [Errno -5] No address associated with hostname
2026-09-24 06:58:58,042 - DEBUG - DNS解析重试中 de.616049.xyz: [Errno -5] No address associated with hostname
2026-09-24 06:58:59,043 - WARNING - [de.616049.xyz (FRA)] ├─ 无有效DNS记录，触发紧急更新
2026-09-24 07:10:57,960 - ERROR - CFST更新失败: None
2026-09-24 07:10:57,962 - DEBUG - Starting new HTTPS connection (1): api.telegram.org:443
2026-09-24 07:10:58,315 - DEBUG - https://api.telegram.org:443 "POST /bot/sendMessage HTTP/1.1" 404 55
