2026-09-11 10:15:16,507 - INFO - 启动维护任务 | 协议类型: IPV4
2026-09-11 10:15:16,507 - INFO - --------------------------------------------------
2026-09-11 10:15:16,507 - INFO - [hk.616049.xyz (HKG)] 开始处理节点维护
2026-09-11 10:15:16,535 - DEBUG - DNS解析重试中 hk.616049.xyz: [Errno -5] No address associated with hostname
2026-09-11 10:15:17,559 - DEBUG - DNS解析重试中 hk.616049.xyz: [Errno -5] No address associated with hostname
2026-09-11 10:15:18,585 - DEBUG - DNS解析重试中 hk.616049.xyz: [Errno -5] No address associated with hostname
2026-09-11 10:15:19,586 - WARNING - [hk.616049.xyz (HKG)] ├─ 无有效DNS记录，触发紧急更新
2026-09-11 10:27:55,323 - ERROR - CFST更新失败: None
2026-09-11 10:27:55,324 - INFO - --------------------------------------------------
2026-09-11 10:27:55,324 - INFO - [us.616049.xyz (LAX)] 开始处理节点维护
2026-09-11 10:27:55,346 - DEBUG - DNS解析重试中 us.616049.xyz: [Errno -5] No address associated with hostname
2026-09-11 10:27:56,367 - DEBUG - DNS解析重试中 us.616049.xyz: [Errno -5] No address associated with hostname
2026-09-11 10:27:57,387 - DEBUG - DNS解析重试中 us.616049.xyz: [Errno -5] No address associated with hostname
2026-09-11 10:27:58,389 - WARNING - [us.616049.xyz (LAX)] ├─ 无有效DNS记录，触发紧急更新
2026-09-11 10:40:34,043 - ERROR - CFST更新失败: None
2026-09-11 10:40:34,044 - INFO - --------------------------------------------------
2026-09-11 10:40:34,044 - INFO - [de.616049.xyz (FRA)] 开始处理节点维护
2026-09-11 10:40:34,072 - DEBUG - DNS解析重试中 de.616049.xyz: [Errno -5] No address associated with hostname
2026-09-11 10:40:35,107 - DEBUG - DNS解析重试中 de.616049.xyz: [Errno -5] No address associated with hostname
2026-09-11 10:40:36,139 - DEBUG - DNS解析重试中 de.616049.xyz: [Errno -5] No address associated with hostname
2026-09-11 10:40:37,140 - WARNING - [de.616049.xyz (FRA)] ├─ 无有效DNS记录，触发紧急更新
2026-09-11 10:53:12,566 - ERROR - CFST更新失败: None
2026-09-11 10:53:12,569 - DEBUG - Starting new HTTPS connection (1): api.telegram.org:443
2026-09-11 10:53:12,863 - DEBUG - https://api.telegram.org:443 "POST /bot/sendMessage HTTP/1.1" 404 55
