2026-08-22 18:13:59,607 - INFO - 启动维护任务 | 协议类型: IPV4
2026-08-22 18:13:59,607 - INFO - --------------------------------------------------
2026-08-22 18:13:59,607 - INFO - [hk.616049.xyz (HKG)] 开始处理节点维护
2026-08-22 18:13:59,618 - DEBUG - DNS解析重试中 hk.616049.xyz: [Errno -5] No address associated with hostname
2026-08-22 18:14:00,624 - DEBUG - DNS解析重试中 hk.616049.xyz: [Errno -5] No address associated with hostname
2026-08-22 18:14:01,636 - DEBUG - DNS解析重试中 hk.616049.xyz: [Errno -5] No address associated with hostname
2026-08-22 18:14:02,637 - WARNING - [hk.616049.xyz (HKG)] ├─ 无有效DNS记录，触发紧急更新
2026-08-22 18:26:34,348 - ERROR - CFST更新失败: None
2026-08-22 18:26:34,349 - INFO - --------------------------------------------------
2026-08-22 18:26:34,349 - INFO - [us.616049.xyz (LAX)] 开始处理节点维护
2026-08-22 18:26:34,362 - DEBUG - DNS解析重试中 us.616049.xyz: [Errno -5] No address associated with hostname
2026-08-22 18:26:35,372 - DEBUG - DNS解析重试中 us.616049.xyz: [Errno -5] No address associated with hostname
2026-08-22 18:26:36,398 - DEBUG - DNS解析重试中 us.616049.xyz: [Errno -5] No address associated with hostname
2026-08-22 18:26:37,399 - WARNING - [us.616049.xyz (LAX)] ├─ 无有效DNS记录，触发紧急更新
2026-08-22 18:39:08,199 - ERROR - CFST更新失败: None
2026-08-22 18:39:08,199 - INFO - --------------------------------------------------
2026-08-22 18:39:08,199 - INFO - [de.616049.xyz (FRA)] 开始处理节点维护
2026-08-22 18:39:08,212 - DEBUG - DNS解析重试中 de.616049.xyz: [Errno -5] No address associated with hostname
2026-08-22 18:39:09,223 - DEBUG - DNS解析重试中 de.616049.xyz: [Errno -5] No address associated with hostname
2026-08-22 18:39:10,234 - DEBUG - DNS解析重试中 de.616049.xyz: [Errno -5] No address associated with hostname
2026-08-22 18:39:11,236 - WARNING - [de.616049.xyz (FRA)] ├─ 无有效DNS记录，触发紧急更新
2026-08-22 18:51:42,629 - ERROR - CFST更新失败: None
2026-08-22 18:51:42,633 - DEBUG - Starting new HTTPS connection (1): api.telegram.org:443
2026-08-22 18:51:43,097 - DEBUG - https://api.telegram.org:443 "POST /bot/sendMessage HTTP/1.1" 404 55
