2026-10-10 06:03:14,587 - INFO - 启动维护任务 | 协议类型: IPV4
2026-10-10 06:03:14,587 - INFO - --------------------------------------------------
2026-10-10 06:03:14,587 - INFO - [hk.616049.xyz (HKG)] 开始处理节点维护
2026-10-10 06:03:14,627 - DEBUG - DNS解析重试中 hk.616049.xyz: [Errno -5] No address associated with hostname
2026-10-10 06:03:15,667 - DEBUG - DNS解析重试中 hk.616049.xyz: [Errno -5] No address associated with hostname
2026-10-10 06:03:16,710 - DEBUG - DNS解析重试中 hk.616049.xyz: [Errno -5] No address associated with hostname
2026-10-10 06:03:17,711 - WARNING - [hk.616049.xyz (HKG)] ├─ 无有效DNS记录，触发紧急更新
2026-10-10 06:15:23,129 - ERROR - CFST更新失败: None
2026-10-10 06:15:23,129 - INFO - --------------------------------------------------
2026-10-10 06:15:23,129 - INFO - [us.616049.xyz (LAX)] 开始处理节点维护
2026-10-10 06:15:23,170 - DEBUG - DNS解析重试中 us.616049.xyz: [Errno -5] No address associated with hostname
2026-10-10 06:15:24,227 - DEBUG - DNS解析重试中 us.616049.xyz: [Errno -5] No address associated with hostname
2026-10-10 06:15:25,287 - DEBUG - DNS解析重试中 us.616049.xyz: [Errno -5] No address associated with hostname
2026-10-10 06:15:26,288 - WARNING - [us.616049.xyz (LAX)] ├─ 无有效DNS记录，触发紧急更新
2026-10-10 06:27:18,301 - ERROR - CFST更新失败: None
2026-10-10 06:27:18,302 - INFO - --------------------------------------------------
2026-10-10 06:27:18,302 - INFO - [de.616049.xyz (FRA)] 开始处理节点维护
2026-10-10 06:27:18,359 - DEBUG - DNS解析重试中 de.616049.xyz: [Errno -5] No address associated with hostname
2026-10-10 06:27:19,416 - DEBUG - DNS解析重试中 de.616049.xyz: [Errno -5] No address associated with hostname
2026-10-10 06:27:20,459 - DEBUG - DNS解析重试中 de.616049.xyz: [Errno -5] No address associated with hostname
2026-10-10 06:27:21,461 - WARNING - [de.616049.xyz (FRA)] ├─ 无有效DNS记录，触发紧急更新
2026-10-10 06:39:21,891 - ERROR - CFST更新失败: None
2026-10-10 06:39:21,893 - DEBUG - Starting new HTTPS connection (1): api.telegram.org:443
2026-10-10 06:39:22,239 - DEBUG - https://api.telegram.org:443 "POST /bot/sendMessage HTTP/1.1" 404 55
