2026-08-14 00:46:26,594 - INFO - 启动维护任务 | 协议类型: IPV4
2026-08-14 00:46:26,594 - INFO - --------------------------------------------------
2026-08-14 00:46:26,594 - INFO - [hk.616049.xyz (HKG)] 开始处理节点维护
2026-08-14 00:46:26,620 - DEBUG - DNS解析重试中 hk.616049.xyz: [Errno -5] No address associated with hostname
2026-08-14 00:46:27,647 - DEBUG - DNS解析重试中 hk.616049.xyz: [Errno -5] No address associated with hostname
2026-08-14 00:46:28,671 - DEBUG - DNS解析重试中 hk.616049.xyz: [Errno -5] No address associated with hostname
2026-08-14 00:46:29,672 - WARNING - [hk.616049.xyz (HKG)] ├─ 无有效DNS记录，触发紧急更新
2026-08-14 00:59:00,115 - ERROR - CFST更新失败: None
2026-08-14 00:59:00,115 - INFO - --------------------------------------------------
2026-08-14 00:59:00,115 - INFO - [us.616049.xyz (LAX)] 开始处理节点维护
2026-08-14 00:59:00,134 - DEBUG - DNS解析重试中 us.616049.xyz: [Errno -5] No address associated with hostname
2026-08-14 00:59:01,160 - DEBUG - DNS解析重试中 us.616049.xyz: [Errno -5] No address associated with hostname
2026-08-14 00:59:02,184 - DEBUG - DNS解析重试中 us.616049.xyz: [Errno -5] No address associated with hostname
2026-08-14 00:59:03,185 - WARNING - [us.616049.xyz (LAX)] ├─ 无有效DNS记录，触发紧急更新
2026-08-14 01:11:33,928 - ERROR - CFST更新失败: None
2026-08-14 01:11:33,928 - INFO - --------------------------------------------------
2026-08-14 01:11:33,929 - INFO - [de.616049.xyz (FRA)] 开始处理节点维护
2026-08-14 01:11:33,952 - DEBUG - DNS解析重试中 de.616049.xyz: [Errno -5] No address associated with hostname
2026-08-14 01:11:34,978 - DEBUG - DNS解析重试中 de.616049.xyz: [Errno -5] No address associated with hostname
2026-08-14 01:11:36,002 - DEBUG - DNS解析重试中 de.616049.xyz: [Errno -5] No address associated with hostname
2026-08-14 01:11:37,003 - WARNING - [de.616049.xyz (FRA)] ├─ 无有效DNS记录，触发紧急更新
2026-08-14 01:24:08,427 - ERROR - CFST更新失败: None
2026-08-14 01:24:08,431 - DEBUG - Starting new HTTPS connection (1): api.telegram.org:443
2026-08-14 01:24:08,729 - DEBUG - https://api.telegram.org:443 "POST /bot/sendMessage HTTP/1.1" 404 55
