2026-09-07 10:05:33,494 - INFO - 启动维护任务 | 协议类型: IPV4
2026-09-07 10:05:33,494 - INFO - --------------------------------------------------
2026-09-07 10:05:33,494 - INFO - [hk.616049.xyz (HKG)] 开始处理节点维护
2026-09-07 10:05:33,516 - DEBUG - DNS解析重试中 hk.616049.xyz: [Errno -5] No address associated with hostname
2026-09-07 10:05:34,558 - DEBUG - DNS解析重试中 hk.616049.xyz: [Errno -5] No address associated with hostname
2026-09-07 10:05:35,576 - DEBUG - DNS解析重试中 hk.616049.xyz: [Errno -5] No address associated with hostname
2026-09-07 10:05:36,577 - WARNING - [hk.616049.xyz (HKG)] ├─ 无有效DNS记录，触发紧急更新
2026-09-07 10:17:49,502 - ERROR - CFST更新失败: None
2026-09-07 10:17:49,503 - INFO - --------------------------------------------------
2026-09-07 10:17:49,503 - INFO - [us.616049.xyz (LAX)] 开始处理节点维护
2026-09-07 10:17:49,519 - DEBUG - DNS解析重试中 us.616049.xyz: [Errno -5] No address associated with hostname
2026-09-07 10:17:50,559 - DEBUG - DNS解析重试中 us.616049.xyz: [Errno -5] No address associated with hostname
2026-09-07 10:17:51,575 - DEBUG - DNS解析重试中 us.616049.xyz: [Errno -5] No address associated with hostname
2026-09-07 10:17:52,576 - WARNING - [us.616049.xyz (LAX)] ├─ 无有效DNS记录，触发紧急更新
2026-09-07 10:30:05,137 - ERROR - CFST更新失败: None
2026-09-07 10:30:05,138 - INFO - --------------------------------------------------
2026-09-07 10:30:05,138 - INFO - [de.616049.xyz (FRA)] 开始处理节点维护
2026-09-07 10:30:05,159 - DEBUG - DNS解析重试中 de.616049.xyz: [Errno -5] No address associated with hostname
2026-09-07 10:30:06,173 - DEBUG - DNS解析重试中 de.616049.xyz: [Errno -5] No address associated with hostname
2026-09-07 10:30:07,191 - DEBUG - DNS解析重试中 de.616049.xyz: [Errno -5] No address associated with hostname
2026-09-07 10:30:08,192 - WARNING - [de.616049.xyz (FRA)] ├─ 无有效DNS记录，触发紧急更新
2026-09-07 10:42:20,863 - ERROR - CFST更新失败: None
2026-09-07 10:42:20,866 - DEBUG - Starting new HTTPS connection (1): api.telegram.org:443
2026-09-07 10:42:21,147 - DEBUG - https://api.telegram.org:443 "POST /bot/sendMessage HTTP/1.1" 404 55
