2026-08-11 20:44:04,124 - INFO - 启动维护任务 | 协议类型: IPV4
2026-08-11 20:44:04,124 - INFO - --------------------------------------------------
2026-08-11 20:44:04,124 - INFO - [hk.616049.xyz (HKG)] 开始处理节点维护
2026-08-11 20:44:04,165 - DEBUG - DNS解析重试中 hk.616049.xyz: [Errno -5] No address associated with hostname
2026-08-11 20:44:05,204 - DEBUG - DNS解析重试中 hk.616049.xyz: [Errno -5] No address associated with hostname
2026-08-11 20:44:06,244 - DEBUG - DNS解析重试中 hk.616049.xyz: [Errno -5] No address associated with hostname
2026-08-11 20:44:07,246 - WARNING - [hk.616049.xyz (HKG)] ├─ 无有效DNS记录，触发紧急更新
2026-08-11 20:56:41,160 - ERROR - CFST更新失败: None
2026-08-11 20:56:41,160 - INFO - --------------------------------------------------
2026-08-11 20:56:41,160 - INFO - [us.616049.xyz (LAX)] 开始处理节点维护
2026-08-11 20:56:41,212 - DEBUG - DNS解析重试中 us.616049.xyz: [Errno -5] No address associated with hostname
2026-08-11 20:56:42,254 - DEBUG - DNS解析重试中 us.616049.xyz: [Errno -5] No address associated with hostname
2026-08-11 20:56:43,294 - DEBUG - DNS解析重试中 us.616049.xyz: [Errno -5] No address associated with hostname
2026-08-11 20:56:44,295 - WARNING - [us.616049.xyz (LAX)] ├─ 无有效DNS记录，触发紧急更新
2026-08-11 21:09:15,714 - ERROR - CFST更新失败: None
2026-08-11 21:09:15,714 - INFO - --------------------------------------------------
2026-08-11 21:09:15,714 - INFO - [de.616049.xyz (FRA)] 开始处理节点维护
2026-08-11 21:09:15,759 - DEBUG - DNS解析重试中 de.616049.xyz: [Errno -5] No address associated with hostname
2026-08-11 21:09:16,800 - DEBUG - DNS解析重试中 de.616049.xyz: [Errno -5] No address associated with hostname
2026-08-11 21:09:17,841 - DEBUG - DNS解析重试中 de.616049.xyz: [Errno -5] No address associated with hostname
2026-08-11 21:09:18,843 - WARNING - [de.616049.xyz (FRA)] ├─ 无有效DNS记录，触发紧急更新
2026-08-11 21:21:50,903 - ERROR - CFST更新失败: None
2026-08-11 21:21:50,907 - DEBUG - Starting new HTTPS connection (1): api.telegram.org:443
2026-08-11 21:21:51,353 - DEBUG - https://api.telegram.org:443 "POST /bot/sendMessage HTTP/1.1" 404 55
