2026-07-29 01:38:32,673 - INFO - 启动维护任务 | 协议类型: IPV4
2026-07-29 01:38:32,673 - INFO - --------------------------------------------------
2026-07-29 01:38:32,673 - INFO - [hk.616049.xyz (HKG)] 开始处理节点维护
2026-07-29 01:38:32,693 - DEBUG - DNS解析重试中 hk.616049.xyz: [Errno -5] No address associated with hostname
2026-07-29 01:38:33,728 - DEBUG - DNS解析重试中 hk.616049.xyz: [Errno -5] No address associated with hostname
2026-07-29 01:38:34,762 - DEBUG - DNS解析重试中 hk.616049.xyz: [Errno -5] No address associated with hostname
2026-07-29 01:38:35,763 - WARNING - [hk.616049.xyz (HKG)] ├─ 无有效DNS记录，触发紧急更新
2026-07-29 01:51:10,344 - ERROR - CFST更新失败: None
2026-07-29 01:51:10,345 - INFO - --------------------------------------------------
2026-07-29 01:51:10,345 - INFO - [us.616049.xyz (LAX)] 开始处理节点维护
2026-07-29 01:51:10,381 - DEBUG - DNS解析重试中 us.616049.xyz: [Errno -5] No address associated with hostname
2026-07-29 01:51:11,404 - DEBUG - DNS解析重试中 us.616049.xyz: [Errno -5] No address associated with hostname
2026-07-29 01:51:12,427 - DEBUG - DNS解析重试中 us.616049.xyz: [Errno -5] No address associated with hostname
2026-07-29 01:51:13,428 - WARNING - [us.616049.xyz (LAX)] ├─ 无有效DNS记录，触发紧急更新
2026-07-29 02:03:48,367 - ERROR - CFST更新失败: None
2026-07-29 02:03:48,367 - INFO - --------------------------------------------------
2026-07-29 02:03:48,367 - INFO - [de.616049.xyz (FRA)] 开始处理节点维护
2026-07-29 02:03:48,401 - DEBUG - DNS解析重试中 de.616049.xyz: [Errno -5] No address associated with hostname
2026-07-29 02:03:49,439 - DEBUG - DNS解析重试中 de.616049.xyz: [Errno -5] No address associated with hostname
2026-07-29 02:03:50,462 - DEBUG - DNS解析重试中 de.616049.xyz: [Errno -5] No address associated with hostname
2026-07-29 02:03:51,463 - WARNING - [de.616049.xyz (FRA)] ├─ 无有效DNS记录，触发紧急更新
2026-07-29 02:16:25,861 - ERROR - CFST更新失败: None
2026-07-29 02:16:25,865 - DEBUG - Starting new HTTPS connection (1): api.telegram.org:443
2026-07-29 02:16:26,172 - DEBUG - https://api.telegram.org:443 "POST /bot/sendMessage HTTP/1.1" 404 55
