2026-08-08 22:23:33,992 - INFO - 启动维护任务 | 协议类型: IPV4
2026-08-08 22:23:33,992 - INFO - --------------------------------------------------
2026-08-08 22:23:33,992 - INFO - [hk.616049.xyz (HKG)] 开始处理节点维护
2026-08-08 22:23:34,028 - DEBUG - DNS解析重试中 hk.616049.xyz: [Errno -5] No address associated with hostname
2026-08-08 22:23:35,084 - DEBUG - DNS解析重试中 hk.616049.xyz: [Errno -5] No address associated with hostname
2026-08-08 22:23:36,123 - DEBUG - DNS解析重试中 hk.616049.xyz: [Errno -5] No address associated with hostname
2026-08-08 22:23:37,124 - WARNING - [hk.616049.xyz (HKG)] ├─ 无有效DNS记录，触发紧急更新
2026-08-08 22:36:08,460 - ERROR - CFST更新失败: None
2026-08-08 22:36:08,461 - INFO - --------------------------------------------------
2026-08-08 22:36:08,461 - INFO - [us.616049.xyz (LAX)] 开始处理节点维护
2026-08-08 22:36:08,502 - DEBUG - DNS解析重试中 us.616049.xyz: [Errno -5] No address associated with hostname
2026-08-08 22:36:09,539 - DEBUG - DNS解析重试中 us.616049.xyz: [Errno -5] No address associated with hostname
2026-08-08 22:36:10,605 - DEBUG - DNS解析重试中 us.616049.xyz: [Errno -5] No address associated with hostname
2026-08-08 22:36:11,606 - WARNING - [us.616049.xyz (LAX)] ├─ 无有效DNS记录，触发紧急更新
2026-08-08 22:48:42,556 - ERROR - CFST更新失败: None
2026-08-08 22:48:42,556 - INFO - --------------------------------------------------
2026-08-08 22:48:42,556 - INFO - [de.616049.xyz (FRA)] 开始处理节点维护
2026-08-08 22:48:42,592 - DEBUG - DNS解析重试中 de.616049.xyz: [Errno -5] No address associated with hostname
2026-08-08 22:48:43,633 - DEBUG - DNS解析重试中 de.616049.xyz: [Errno -5] No address associated with hostname
2026-08-08 22:48:44,671 - DEBUG - DNS解析重试中 de.616049.xyz: [Errno -5] No address associated with hostname
2026-08-08 22:48:45,673 - WARNING - [de.616049.xyz (FRA)] ├─ 无有效DNS记录，触发紧急更新
2026-08-08 23:01:18,214 - ERROR - CFST更新失败: None
2026-08-08 23:01:18,218 - DEBUG - Starting new HTTPS connection (1): api.telegram.org:443
2026-08-08 23:01:18,658 - DEBUG - https://api.telegram.org:443 "POST /bot/sendMessage HTTP/1.1" 404 55
