2026-08-05 09:47:51,053 - INFO - 启动维护任务 | 协议类型: IPV4
2026-08-05 09:47:51,053 - INFO - --------------------------------------------------
2026-08-05 09:47:51,053 - INFO - [hk.616049.xyz (HKG)] 开始处理节点维护
2026-08-05 09:47:51,064 - DEBUG - DNS解析重试中 hk.616049.xyz: [Errno -5] No address associated with hostname
2026-08-05 09:47:52,088 - DEBUG - DNS解析重试中 hk.616049.xyz: [Errno -5] No address associated with hostname
2026-08-05 09:47:53,101 - DEBUG - DNS解析重试中 hk.616049.xyz: [Errno -5] No address associated with hostname
2026-08-05 09:47:54,103 - WARNING - [hk.616049.xyz (HKG)] ├─ 无有效DNS记录，触发紧急更新
2026-08-05 10:00:24,648 - ERROR - CFST更新失败: None
2026-08-05 10:00:24,648 - INFO - --------------------------------------------------
2026-08-05 10:00:24,648 - INFO - [us.616049.xyz (LAX)] 开始处理节点维护
2026-08-05 10:00:24,662 - DEBUG - DNS解析重试中 us.616049.xyz: [Errno -5] No address associated with hostname
2026-08-05 10:00:25,675 - DEBUG - DNS解析重试中 us.616049.xyz: [Errno -5] No address associated with hostname
2026-08-05 10:00:26,691 - DEBUG - DNS解析重试中 us.616049.xyz: [Errno -5] No address associated with hostname
2026-08-05 10:00:27,692 - WARNING - [us.616049.xyz (LAX)] ├─ 无有效DNS记录，触发紧急更新
2026-08-05 10:12:58,141 - ERROR - CFST更新失败: None
2026-08-05 10:12:58,142 - INFO - --------------------------------------------------
2026-08-05 10:12:58,142 - INFO - [de.616049.xyz (FRA)] 开始处理节点维护
2026-08-05 10:12:58,153 - DEBUG - DNS解析重试中 de.616049.xyz: [Errno -5] No address associated with hostname
2026-08-05 10:12:59,170 - DEBUG - DNS解析重试中 de.616049.xyz: [Errno -5] No address associated with hostname
2026-08-05 10:13:00,205 - DEBUG - DNS解析重试中 de.616049.xyz: [Errno -5] No address associated with hostname
2026-08-05 10:13:01,206 - WARNING - [de.616049.xyz (FRA)] ├─ 无有效DNS记录，触发紧急更新
2026-08-05 10:25:32,686 - ERROR - CFST更新失败: None
2026-08-05 10:25:32,689 - DEBUG - Starting new HTTPS connection (1): api.telegram.org:443
2026-08-05 10:25:32,984 - DEBUG - https://api.telegram.org:443 "POST /bot/sendMessage HTTP/1.1" 404 55
