2026-09-17 03:14:00,725 - INFO - 启动维护任务 | 协议类型: IPV4
2026-09-17 03:14:00,725 - INFO - --------------------------------------------------
2026-09-17 03:14:00,725 - INFO - [hk.616049.xyz (HKG)] 开始处理节点维护
2026-09-17 03:14:00,768 - DEBUG - DNS解析重试中 hk.616049.xyz: [Errno -5] No address associated with hostname
2026-09-17 03:14:01,789 - DEBUG - DNS解析重试中 hk.616049.xyz: [Errno -5] No address associated with hostname
2026-09-17 03:14:02,814 - DEBUG - DNS解析重试中 hk.616049.xyz: [Errno -5] No address associated with hostname
2026-09-17 03:14:03,816 - WARNING - [hk.616049.xyz (HKG)] ├─ 无有效DNS记录，触发紧急更新
2026-09-17 03:26:38,655 - ERROR - CFST更新失败: None
2026-09-17 03:26:38,655 - INFO - --------------------------------------------------
2026-09-17 03:26:38,655 - INFO - [us.616049.xyz (LAX)] 开始处理节点维护
2026-09-17 03:26:38,677 - DEBUG - DNS解析重试中 us.616049.xyz: [Errno -5] No address associated with hostname
2026-09-17 03:26:39,702 - DEBUG - DNS解析重试中 us.616049.xyz: [Errno -5] No address associated with hostname
2026-09-17 03:26:40,728 - DEBUG - DNS解析重试中 us.616049.xyz: [Errno -5] No address associated with hostname
2026-09-17 03:26:41,729 - WARNING - [us.616049.xyz (LAX)] ├─ 无有效DNS记录，触发紧急更新
2026-09-17 03:39:16,665 - ERROR - CFST更新失败: None
2026-09-17 03:39:16,665 - INFO - --------------------------------------------------
2026-09-17 03:39:16,665 - INFO - [de.616049.xyz (FRA)] 开始处理节点维护
2026-09-17 03:39:16,690 - DEBUG - DNS解析重试中 de.616049.xyz: [Errno -5] No address associated with hostname
2026-09-17 03:39:17,715 - DEBUG - DNS解析重试中 de.616049.xyz: [Errno -5] No address associated with hostname
2026-09-17 03:39:18,740 - DEBUG - DNS解析重试中 de.616049.xyz: [Errno -5] No address associated with hostname
2026-09-17 03:39:19,742 - WARNING - [de.616049.xyz (FRA)] ├─ 无有效DNS记录，触发紧急更新
2026-09-17 03:51:56,486 - ERROR - CFST更新失败: None
2026-09-17 03:51:56,490 - DEBUG - Starting new HTTPS connection (1): api.telegram.org:443
2026-09-17 03:51:56,791 - DEBUG - https://api.telegram.org:443 "POST /bot/sendMessage HTTP/1.1" 404 55
