2026-08-04 19:57:15,985 - INFO - 启动维护任务 | 协议类型: IPV4
2026-08-04 19:57:15,985 - INFO - --------------------------------------------------
2026-08-04 19:57:15,985 - INFO - [hk.616049.xyz (HKG)] 开始处理节点维护
2026-08-04 19:57:16,020 - DEBUG - DNS解析重试中 hk.616049.xyz: [Errno -5] No address associated with hostname
2026-08-04 19:57:17,058 - DEBUG - DNS解析重试中 hk.616049.xyz: [Errno -5] No address associated with hostname
2026-08-04 19:57:18,091 - DEBUG - DNS解析重试中 hk.616049.xyz: [Errno -5] No address associated with hostname
2026-08-04 19:57:19,092 - WARNING - [hk.616049.xyz (HKG)] ├─ 无有效DNS记录，触发紧急更新
2026-08-04 20:09:34,934 - ERROR - CFST更新失败: None
2026-08-04 20:09:34,934 - INFO - --------------------------------------------------
2026-08-04 20:09:34,934 - INFO - [us.616049.xyz (LAX)] 开始处理节点维护
2026-08-04 20:09:34,968 - DEBUG - DNS解析重试中 us.616049.xyz: [Errno -5] No address associated with hostname
2026-08-04 20:09:36,025 - DEBUG - DNS解析重试中 us.616049.xyz: [Errno -5] No address associated with hostname
2026-08-04 20:09:37,050 - DEBUG - DNS解析重试中 us.616049.xyz: [Errno -5] No address associated with hostname
2026-08-04 20:09:38,052 - WARNING - [us.616049.xyz (LAX)] ├─ 无有效DNS记录，触发紧急更新
2026-08-04 20:21:53,678 - ERROR - CFST更新失败: None
2026-08-04 20:21:53,679 - INFO - --------------------------------------------------
2026-08-04 20:21:53,679 - INFO - [de.616049.xyz (FRA)] 开始处理节点维护
2026-08-04 20:21:53,758 - DEBUG - DNS解析重试中 de.616049.xyz: [Errno -5] No address associated with hostname
2026-08-04 20:21:54,783 - DEBUG - DNS解析重试中 de.616049.xyz: [Errno -5] No address associated with hostname
2026-08-04 20:21:55,834 - DEBUG - DNS解析重试中 de.616049.xyz: [Errno -5] No address associated with hostname
2026-08-04 20:21:56,836 - WARNING - [de.616049.xyz (FRA)] ├─ 无有效DNS记录，触发紧急更新
2026-08-04 20:34:12,338 - ERROR - CFST更新失败: None
2026-08-04 20:34:12,341 - DEBUG - Starting new HTTPS connection (1): api.telegram.org:443
2026-08-04 20:34:12,768 - DEBUG - https://api.telegram.org:443 "POST /bot/sendMessage HTTP/1.1" 404 55
