2026-08-26 08:47:19,868 - INFO - 启动维护任务 | 协议类型: IPV4
2026-08-26 08:47:19,868 - INFO - --------------------------------------------------
2026-08-26 08:47:19,868 - INFO - [hk.616049.xyz (HKG)] 开始处理节点维护
2026-08-26 08:47:19,886 - DEBUG - DNS解析重试中 hk.616049.xyz: [Errno -5] No address associated with hostname
2026-08-26 08:47:20,905 - DEBUG - DNS解析重试中 hk.616049.xyz: [Errno -5] No address associated with hostname
2026-08-26 08:47:21,934 - DEBUG - DNS解析重试中 hk.616049.xyz: [Errno -5] No address associated with hostname
2026-08-26 08:47:22,935 - WARNING - [hk.616049.xyz (HKG)] ├─ 无有效DNS记录，触发紧急更新
2026-08-26 08:59:54,422 - ERROR - CFST更新失败: None
2026-08-26 08:59:54,422 - INFO - --------------------------------------------------
2026-08-26 08:59:54,422 - INFO - [us.616049.xyz (LAX)] 开始处理节点维护
2026-08-26 08:59:54,462 - DEBUG - DNS解析重试中 us.616049.xyz: [Errno -5] No address associated with hostname
2026-08-26 08:59:55,477 - DEBUG - DNS解析重试中 us.616049.xyz: [Errno -5] No address associated with hostname
2026-08-26 08:59:56,489 - DEBUG - DNS解析重试中 us.616049.xyz: [Errno -5] No address associated with hostname
2026-08-26 08:59:57,490 - WARNING - [us.616049.xyz (LAX)] ├─ 无有效DNS记录，触发紧急更新
2026-08-26 09:12:28,653 - ERROR - CFST更新失败: None
2026-08-26 09:12:28,653 - INFO - --------------------------------------------------
2026-08-26 09:12:28,653 - INFO - [de.616049.xyz (FRA)] 开始处理节点维护
2026-08-26 09:12:28,666 - DEBUG - DNS解析重试中 de.616049.xyz: [Errno -5] No address associated with hostname
2026-08-26 09:12:29,697 - DEBUG - DNS解析重试中 de.616049.xyz: [Errno -5] No address associated with hostname
2026-08-26 09:12:30,711 - DEBUG - DNS解析重试中 de.616049.xyz: [Errno -5] No address associated with hostname
2026-08-26 09:12:31,712 - WARNING - [de.616049.xyz (FRA)] ├─ 无有效DNS记录，触发紧急更新
2026-08-26 09:25:02,835 - ERROR - CFST更新失败: None
2026-08-26 09:25:02,838 - DEBUG - Starting new HTTPS connection (1): api.telegram.org:443
2026-08-26 09:25:03,117 - DEBUG - https://api.telegram.org:443 "POST /bot/sendMessage HTTP/1.1" 404 55
