2026-10-04 21:34:58,493 - INFO - 启动维护任务 | 协议类型: IPV4
2026-10-04 21:34:58,493 - INFO - --------------------------------------------------
2026-10-04 21:34:58,493 - INFO - [hk.616049.xyz (HKG)] 开始处理节点维护
2026-10-04 21:34:58,538 - DEBUG - DNS解析重试中 hk.616049.xyz: [Errno -5] No address associated with hostname
2026-10-04 21:34:59,593 - DEBUG - DNS解析重试中 hk.616049.xyz: [Errno -5] No address associated with hostname
2026-10-04 21:35:00,668 - DEBUG - DNS解析重试中 hk.616049.xyz: [Errno -5] No address associated with hostname
2026-10-04 21:35:01,669 - WARNING - [hk.616049.xyz (HKG)] ├─ 无有效DNS记录，触发紧急更新
2026-10-04 21:46:51,380 - ERROR - CFST更新失败: None
2026-10-04 21:46:51,380 - INFO - --------------------------------------------------
2026-10-04 21:46:51,380 - INFO - [us.616049.xyz (LAX)] 开始处理节点维护
2026-10-04 21:46:51,439 - DEBUG - DNS解析重试中 us.616049.xyz: [Errno -5] No address associated with hostname
2026-10-04 21:46:52,497 - DEBUG - DNS解析重试中 us.616049.xyz: [Errno -5] No address associated with hostname
2026-10-04 21:46:53,510 - DEBUG - DNS解析重试中 us.616049.xyz: [Errno -5] No address associated with hostname
2026-10-04 21:46:54,511 - WARNING - [us.616049.xyz (LAX)] ├─ 无有效DNS记录，触发紧急更新
2026-10-04 21:58:49,518 - ERROR - CFST更新失败: None
2026-10-04 21:58:49,519 - INFO - --------------------------------------------------
2026-10-04 21:58:49,519 - INFO - [de.616049.xyz (FRA)] 开始处理节点维护
2026-10-04 21:58:49,572 - DEBUG - DNS解析重试中 de.616049.xyz: [Errno -5] No address associated with hostname
2026-10-04 21:58:50,783 - DEBUG - DNS解析重试中 de.616049.xyz: [Errno -5] No address associated with hostname
2026-10-04 21:58:51,836 - DEBUG - DNS解析重试中 de.616049.xyz: [Errno -5] No address associated with hostname
2026-10-04 21:58:52,838 - WARNING - [de.616049.xyz (FRA)] ├─ 无有效DNS记录，触发紧急更新
2026-10-04 22:10:47,081 - ERROR - CFST更新失败: None
2026-10-04 22:10:47,083 - DEBUG - Starting new HTTPS connection (1): api.telegram.org:443
2026-10-04 22:10:47,431 - DEBUG - https://api.telegram.org:443 "POST /bot/sendMessage HTTP/1.1" 404 55
