2026-09-02 10:09:59,136 - INFO - 启动维护任务 | 协议类型: IPV4
2026-09-02 10:09:59,136 - INFO - --------------------------------------------------
2026-09-02 10:09:59,136 - INFO - [hk.616049.xyz (HKG)] 开始处理节点维护
2026-09-02 10:09:59,160 - DEBUG - DNS解析重试中 hk.616049.xyz: [Errno -5] No address associated with hostname
2026-09-02 10:10:00,178 - DEBUG - DNS解析重试中 hk.616049.xyz: [Errno -5] No address associated with hostname
2026-09-02 10:10:01,191 - DEBUG - DNS解析重试中 hk.616049.xyz: [Errno -5] No address associated with hostname
2026-09-02 10:10:02,193 - WARNING - [hk.616049.xyz (HKG)] ├─ 无有效DNS记录，触发紧急更新
2026-09-02 10:22:33,777 - ERROR - CFST更新失败: None
2026-09-02 10:22:33,777 - INFO - --------------------------------------------------
2026-09-02 10:22:33,777 - INFO - [us.616049.xyz (LAX)] 开始处理节点维护
2026-09-02 10:22:33,811 - DEBUG - DNS解析重试中 us.616049.xyz: [Errno -5] No address associated with hostname
2026-09-02 10:22:34,825 - DEBUG - DNS解析重试中 us.616049.xyz: [Errno -5] No address associated with hostname
2026-09-02 10:22:35,843 - DEBUG - DNS解析重试中 us.616049.xyz: [Errno -5] No address associated with hostname
2026-09-02 10:22:36,844 - WARNING - [us.616049.xyz (LAX)] ├─ 无有效DNS记录，触发紧急更新
2026-09-02 10:35:08,313 - ERROR - CFST更新失败: None
2026-09-02 10:35:08,313 - INFO - --------------------------------------------------
2026-09-02 10:35:08,313 - INFO - [de.616049.xyz (FRA)] 开始处理节点维护
2026-09-02 10:35:08,327 - DEBUG - DNS解析重试中 de.616049.xyz: [Errno -5] No address associated with hostname
2026-09-02 10:35:09,340 - DEBUG - DNS解析重试中 de.616049.xyz: [Errno -5] No address associated with hostname
2026-09-02 10:35:10,387 - DEBUG - DNS解析重试中 de.616049.xyz: [Errno -5] No address associated with hostname
2026-09-02 10:35:11,388 - WARNING - [de.616049.xyz (FRA)] ├─ 无有效DNS记录，触发紧急更新
2026-09-02 10:47:43,467 - ERROR - CFST更新失败: None
2026-09-02 10:47:43,470 - DEBUG - Starting new HTTPS connection (1): api.telegram.org:443
2026-09-02 10:47:43,925 - DEBUG - https://api.telegram.org:443 "POST /bot/sendMessage HTTP/1.1" 404 55
