2026-08-12 00:49:05,941 - INFO - 启动维护任务 | 协议类型: IPV4
2026-08-12 00:49:05,941 - INFO - --------------------------------------------------
2026-08-12 00:49:05,941 - INFO - [hk.616049.xyz (HKG)] 开始处理节点维护
2026-08-12 00:49:05,963 - DEBUG - DNS解析重试中 hk.616049.xyz: [Errno -5] No address associated with hostname
2026-08-12 00:49:06,985 - DEBUG - DNS解析重试中 hk.616049.xyz: [Errno -5] No address associated with hostname
2026-08-12 00:49:08,013 - DEBUG - DNS解析重试中 hk.616049.xyz: [Errno -5] No address associated with hostname
2026-08-12 00:49:09,015 - WARNING - [hk.616049.xyz (HKG)] ├─ 无有效DNS记录，触发紧急更新
2026-08-12 01:01:44,674 - ERROR - CFST更新失败: None
2026-08-12 01:01:44,675 - INFO - --------------------------------------------------
2026-08-12 01:01:44,675 - INFO - [us.616049.xyz (LAX)] 开始处理节点维护
2026-08-12 01:01:44,694 - DEBUG - DNS解析重试中 us.616049.xyz: [Errno -5] No address associated with hostname
2026-08-12 01:01:45,743 - DEBUG - DNS解析重试中 us.616049.xyz: [Errno -5] No address associated with hostname
2026-08-12 01:01:46,770 - DEBUG - DNS解析重试中 us.616049.xyz: [Errno -5] No address associated with hostname
2026-08-12 01:01:47,771 - WARNING - [us.616049.xyz (LAX)] ├─ 无有效DNS记录，触发紧急更新
2026-08-12 01:14:23,196 - ERROR - CFST更新失败: None
2026-08-12 01:14:23,196 - INFO - --------------------------------------------------
2026-08-12 01:14:23,197 - INFO - [de.616049.xyz (FRA)] 开始处理节点维护
2026-08-12 01:14:23,236 - DEBUG - DNS解析重试中 de.616049.xyz: [Errno -5] No address associated with hostname
2026-08-12 01:14:24,257 - DEBUG - DNS解析重试中 de.616049.xyz: [Errno -5] No address associated with hostname
2026-08-12 01:14:25,291 - DEBUG - DNS解析重试中 de.616049.xyz: [Errno -5] No address associated with hostname
2026-08-12 01:14:26,292 - WARNING - [de.616049.xyz (FRA)] ├─ 无有效DNS记录，触发紧急更新
2026-08-12 01:27:01,342 - ERROR - CFST更新失败: None
2026-08-12 01:27:01,346 - DEBUG - Starting new HTTPS connection (1): api.telegram.org:443
2026-08-12 01:27:01,638 - DEBUG - https://api.telegram.org:443 "POST /bot/sendMessage HTTP/1.1" 404 55
