2026-08-15 00:41:42,282 - INFO - 启动维护任务 | 协议类型: IPV4
2026-08-15 00:41:42,282 - INFO - --------------------------------------------------
2026-08-15 00:41:42,282 - INFO - [hk.616049.xyz (HKG)] 开始处理节点维护
2026-08-15 00:41:42,295 - DEBUG - DNS解析重试中 hk.616049.xyz: [Errno -5] No address associated with hostname
2026-08-15 00:41:43,309 - DEBUG - DNS解析重试中 hk.616049.xyz: [Errno -5] No address associated with hostname
2026-08-15 00:41:44,325 - DEBUG - DNS解析重试中 hk.616049.xyz: [Errno -5] No address associated with hostname
2026-08-15 00:41:45,327 - WARNING - [hk.616049.xyz (HKG)] ├─ 无有效DNS记录，触发紧急更新
2026-08-15 00:54:20,108 - ERROR - CFST更新失败: None
2026-08-15 00:54:20,108 - INFO - --------------------------------------------------
2026-08-15 00:54:20,108 - INFO - [us.616049.xyz (LAX)] 开始处理节点维护
2026-08-15 00:54:20,132 - DEBUG - DNS解析重试中 us.616049.xyz: [Errno -5] No address associated with hostname
2026-08-15 00:54:21,156 - DEBUG - DNS解析重试中 us.616049.xyz: [Errno -5] No address associated with hostname
2026-08-15 00:54:22,172 - DEBUG - DNS解析重试中 us.616049.xyz: [Errno -5] No address associated with hostname
2026-08-15 00:54:23,173 - WARNING - [us.616049.xyz (LAX)] ├─ 无有效DNS记录，触发紧急更新
2026-08-15 01:06:57,529 - ERROR - CFST更新失败: None
2026-08-15 01:06:57,529 - INFO - --------------------------------------------------
2026-08-15 01:06:57,529 - INFO - [de.616049.xyz (FRA)] 开始处理节点维护
2026-08-15 01:06:57,548 - DEBUG - DNS解析重试中 de.616049.xyz: [Errno -5] No address associated with hostname
2026-08-15 01:06:58,562 - DEBUG - DNS解析重试中 de.616049.xyz: [Errno -5] No address associated with hostname
2026-08-15 01:06:59,579 - DEBUG - DNS解析重试中 de.616049.xyz: [Errno -5] No address associated with hostname
2026-08-15 01:07:00,580 - WARNING - [de.616049.xyz (FRA)] ├─ 无有效DNS记录，触发紧急更新
2026-08-15 01:19:35,644 - ERROR - CFST更新失败: None
2026-08-15 01:19:35,648 - DEBUG - Starting new HTTPS connection (1): api.telegram.org:443
2026-08-15 01:19:35,941 - DEBUG - https://api.telegram.org:443 "POST /bot/sendMessage HTTP/1.1" 404 55
