2026-08-14 15:11:26,781 - INFO - 启动维护任务 | 协议类型: IPV4
2026-08-14 15:11:26,781 - INFO - --------------------------------------------------
2026-08-14 15:11:26,781 - INFO - [hk.616049.xyz (HKG)] 开始处理节点维护
2026-08-14 15:11:26,795 - DEBUG - DNS解析重试中 hk.616049.xyz: [Errno -5] No address associated with hostname
2026-08-14 15:11:27,815 - DEBUG - DNS解析重试中 hk.616049.xyz: [Errno -5] No address associated with hostname
2026-08-14 15:11:28,832 - DEBUG - DNS解析重试中 hk.616049.xyz: [Errno -5] No address associated with hostname
2026-08-14 15:11:29,833 - WARNING - [hk.616049.xyz (HKG)] ├─ 无有效DNS记录，触发紧急更新
2026-08-14 15:24:00,510 - ERROR - CFST更新失败: None
2026-08-14 15:24:00,511 - INFO - --------------------------------------------------
2026-08-14 15:24:00,511 - INFO - [us.616049.xyz (LAX)] 开始处理节点维护
2026-08-14 15:24:00,529 - DEBUG - DNS解析重试中 us.616049.xyz: [Errno -5] No address associated with hostname
2026-08-14 15:24:01,541 - DEBUG - DNS解析重试中 us.616049.xyz: [Errno -5] No address associated with hostname
2026-08-14 15:24:02,581 - DEBUG - DNS解析重试中 us.616049.xyz: [Errno -5] No address associated with hostname
2026-08-14 15:24:03,582 - WARNING - [us.616049.xyz (LAX)] ├─ 无有效DNS记录，触发紧急更新
2026-08-14 15:36:34,381 - ERROR - CFST更新失败: None
2026-08-14 15:36:34,381 - INFO - --------------------------------------------------
2026-08-14 15:36:34,381 - INFO - [de.616049.xyz (FRA)] 开始处理节点维护
2026-08-14 15:36:34,393 - DEBUG - DNS解析重试中 de.616049.xyz: [Errno -5] No address associated with hostname
2026-08-14 15:36:35,423 - DEBUG - DNS解析重试中 de.616049.xyz: [Errno -5] No address associated with hostname
2026-08-14 15:36:36,434 - DEBUG - DNS解析重试中 de.616049.xyz: [Errno -5] No address associated with hostname
2026-08-14 15:36:37,436 - WARNING - [de.616049.xyz (FRA)] ├─ 无有效DNS记录，触发紧急更新
2026-08-14 15:49:09,348 - ERROR - CFST更新失败: None
2026-08-14 15:49:09,352 - DEBUG - Starting new HTTPS connection (1): api.telegram.org:443
2026-08-14 15:49:09,634 - DEBUG - https://api.telegram.org:443 "POST /bot/sendMessage HTTP/1.1" 404 55
