2026-07-27 22:13:06,070 - INFO - 启动维护任务 | 协议类型: IPV4
2026-07-27 22:13:06,070 - INFO - --------------------------------------------------
2026-07-27 22:13:06,070 - INFO - [hk.616049.xyz (HKG)] 开始处理节点维护
2026-07-27 22:13:06,114 - DEBUG - DNS解析重试中 hk.616049.xyz: [Errno -5] No address associated with hostname
2026-07-27 22:13:07,149 - DEBUG - DNS解析重试中 hk.616049.xyz: [Errno -5] No address associated with hostname
2026-07-27 22:13:08,187 - DEBUG - DNS解析重试中 hk.616049.xyz: [Errno -5] No address associated with hostname
2026-07-27 22:13:09,189 - WARNING - [hk.616049.xyz (HKG)] ├─ 无有效DNS记录，触发紧急更新
2026-07-27 22:25:42,395 - ERROR - CFST更新失败: None
2026-07-27 22:25:42,395 - INFO - --------------------------------------------------
2026-07-27 22:25:42,395 - INFO - [us.616049.xyz (LAX)] 开始处理节点维护
2026-07-27 22:25:42,544 - DEBUG - DNS解析重试中 us.616049.xyz: [Errno -5] No address associated with hostname
2026-07-27 22:25:43,819 - DEBUG - DNS解析重试中 us.616049.xyz: [Errno -5] No address associated with hostname
2026-07-27 22:25:44,860 - DEBUG - DNS解析重试中 us.616049.xyz: [Errno -5] No address associated with hostname
2026-07-27 22:25:45,861 - WARNING - [us.616049.xyz (LAX)] ├─ 无有效DNS记录，触发紧急更新
2026-07-27 22:38:18,734 - ERROR - CFST更新失败: None
2026-07-27 22:38:18,734 - INFO - --------------------------------------------------
2026-07-27 22:38:18,734 - INFO - [de.616049.xyz (FRA)] 开始处理节点维护
2026-07-27 22:38:18,765 - DEBUG - DNS解析重试中 de.616049.xyz: [Errno -5] No address associated with hostname
2026-07-27 22:38:19,816 - DEBUG - DNS解析重试中 de.616049.xyz: [Errno -5] No address associated with hostname
2026-07-27 22:38:20,857 - DEBUG - DNS解析重试中 de.616049.xyz: [Errno -5] No address associated with hostname
2026-07-27 22:38:21,858 - WARNING - [de.616049.xyz (FRA)] ├─ 无有效DNS记录，触发紧急更新
2026-07-27 22:50:54,402 - ERROR - CFST更新失败: None
2026-07-27 22:50:54,405 - DEBUG - Starting new HTTPS connection (1): api.telegram.org:443
2026-07-27 22:50:54,837 - DEBUG - https://api.telegram.org:443 "POST /bot/sendMessage HTTP/1.1" 404 55
