2026-09-06 01:49:20,902 - INFO - 启动维护任务 | 协议类型: IPV4
2026-09-06 01:49:20,902 - INFO - --------------------------------------------------
2026-09-06 01:49:20,902 - INFO - [hk.616049.xyz (HKG)] 开始处理节点维护
2026-09-06 01:49:20,914 - DEBUG - DNS解析重试中 hk.616049.xyz: [Errno -5] No address associated with hostname
2026-09-06 01:49:21,928 - DEBUG - DNS解析重试中 hk.616049.xyz: [Errno -5] No address associated with hostname
2026-09-06 01:49:22,955 - DEBUG - DNS解析重试中 hk.616049.xyz: [Errno -5] No address associated with hostname
2026-09-06 01:49:23,956 - WARNING - [hk.616049.xyz (HKG)] ├─ 无有效DNS记录，触发紧急更新
2026-09-06 02:01:55,368 - ERROR - CFST更新失败: None
2026-09-06 02:01:55,368 - INFO - --------------------------------------------------
2026-09-06 02:01:55,368 - INFO - [us.616049.xyz (LAX)] 开始处理节点维护
2026-09-06 02:01:55,404 - DEBUG - DNS解析重试中 us.616049.xyz: [Errno -5] No address associated with hostname
2026-09-06 02:01:56,424 - DEBUG - DNS解析重试中 us.616049.xyz: [Errno -5] No address associated with hostname
2026-09-06 02:01:57,440 - DEBUG - DNS解析重试中 us.616049.xyz: [Errno -5] No address associated with hostname
2026-09-06 02:01:58,441 - WARNING - [us.616049.xyz (LAX)] ├─ 无有效DNS记录，触发紧急更新
2026-09-06 02:14:29,444 - ERROR - CFST更新失败: None
2026-09-06 02:14:29,445 - INFO - --------------------------------------------------
2026-09-06 02:14:29,445 - INFO - [de.616049.xyz (FRA)] 开始处理节点维护
2026-09-06 02:14:29,464 - DEBUG - DNS解析重试中 de.616049.xyz: [Errno -5] No address associated with hostname
2026-09-06 02:14:30,504 - DEBUG - DNS解析重试中 de.616049.xyz: [Errno -5] No address associated with hostname
2026-09-06 02:14:31,513 - DEBUG - DNS解析重试中 de.616049.xyz: [Errno -5] No address associated with hostname
2026-09-06 02:14:32,515 - WARNING - [de.616049.xyz (FRA)] ├─ 无有效DNS记录，触发紧急更新
2026-09-06 02:27:04,565 - ERROR - CFST更新失败: None
2026-09-06 02:27:04,569 - DEBUG - Starting new HTTPS connection (1): api.telegram.org:443
2026-09-06 02:27:04,871 - DEBUG - https://api.telegram.org:443 "POST /bot/sendMessage HTTP/1.1" 404 55
