2026-08-19 12:28:48,922 - INFO - 启动维护任务 | 协议类型: IPV4
2026-08-19 12:28:48,922 - INFO - --------------------------------------------------
2026-08-19 12:28:48,923 - INFO - [hk.616049.xyz (HKG)] 开始处理节点维护
2026-08-19 12:28:48,976 - DEBUG - DNS解析重试中 hk.616049.xyz: [Errno -5] No address associated with hostname
2026-08-19 12:28:50,030 - DEBUG - DNS解析重试中 hk.616049.xyz: [Errno -5] No address associated with hostname
2026-08-19 12:28:51,076 - DEBUG - DNS解析重试中 hk.616049.xyz: [Errno -5] No address associated with hostname
2026-08-19 12:28:52,077 - WARNING - [hk.616049.xyz (HKG)] ├─ 无有效DNS记录，触发紧急更新
2026-08-19 12:41:27,365 - ERROR - CFST更新失败: None
2026-08-19 12:41:27,365 - INFO - --------------------------------------------------
2026-08-19 12:41:27,366 - INFO - [us.616049.xyz (LAX)] 开始处理节点维护
2026-08-19 12:41:27,417 - DEBUG - DNS解析重试中 us.616049.xyz: [Errno -5] No address associated with hostname
2026-08-19 12:41:28,456 - DEBUG - DNS解析重试中 us.616049.xyz: [Errno -5] No address associated with hostname
2026-08-19 12:41:29,498 - DEBUG - DNS解析重试中 us.616049.xyz: [Errno -5] No address associated with hostname
2026-08-19 12:41:30,499 - WARNING - [us.616049.xyz (LAX)] ├─ 无有效DNS记录，触发紧急更新
2026-08-19 12:54:06,725 - ERROR - CFST更新失败: None
2026-08-19 12:54:06,725 - INFO - --------------------------------------------------
2026-08-19 12:54:06,725 - INFO - [de.616049.xyz (FRA)] 开始处理节点维护
2026-08-19 12:54:06,780 - DEBUG - DNS解析重试中 de.616049.xyz: [Errno -5] No address associated with hostname
2026-08-19 12:54:07,833 - DEBUG - DNS解析重试中 de.616049.xyz: [Errno -5] No address associated with hostname
2026-08-19 12:54:08,880 - DEBUG - DNS解析重试中 de.616049.xyz: [Errno -5] No address associated with hostname
2026-08-19 12:54:09,882 - WARNING - [de.616049.xyz (FRA)] ├─ 无有效DNS记录，触发紧急更新
2026-08-19 13:06:44,539 - ERROR - CFST更新失败: None
2026-08-19 13:06:44,543 - DEBUG - Starting new HTTPS connection (1): api.telegram.org:443
2026-08-19 13:06:44,881 - DEBUG - https://api.telegram.org:443 "POST /bot/sendMessage HTTP/1.1" 404 55
