2026-08-08 08:59:43,000 - INFO - 启动维护任务 | 协议类型: IPV4
2026-08-08 08:59:43,000 - INFO - --------------------------------------------------
2026-08-08 08:59:43,000 - INFO - [hk.616049.xyz (HKG)] 开始处理节点维护
2026-08-08 08:59:43,033 - DEBUG - DNS解析重试中 hk.616049.xyz: [Errno -5] No address associated with hostname
2026-08-08 08:59:44,065 - DEBUG - DNS解析重试中 hk.616049.xyz: [Errno -5] No address associated with hostname
2026-08-08 08:59:45,108 - DEBUG - DNS解析重试中 hk.616049.xyz: [Errno -5] No address associated with hostname
2026-08-08 08:59:46,109 - WARNING - [hk.616049.xyz (HKG)] ├─ 无有效DNS记录，触发紧急更新
2026-08-08 09:12:17,355 - ERROR - CFST更新失败: None
2026-08-08 09:12:17,355 - INFO - --------------------------------------------------
2026-08-08 09:12:17,355 - INFO - [us.616049.xyz (LAX)] 开始处理节点维护
2026-08-08 09:12:17,380 - DEBUG - DNS解析重试中 us.616049.xyz: [Errno -5] No address associated with hostname
2026-08-08 09:12:18,410 - DEBUG - DNS解析重试中 us.616049.xyz: [Errno -5] No address associated with hostname
2026-08-08 09:12:19,458 - DEBUG - DNS解析重试中 us.616049.xyz: [Errno -5] No address associated with hostname
2026-08-08 09:12:20,459 - WARNING - [us.616049.xyz (LAX)] ├─ 无有效DNS记录，触发紧急更新
2026-08-08 09:24:50,872 - ERROR - CFST更新失败: None
2026-08-08 09:24:50,873 - INFO - --------------------------------------------------
2026-08-08 09:24:50,873 - INFO - [de.616049.xyz (FRA)] 开始处理节点维护
2026-08-08 09:24:50,908 - DEBUG - DNS解析重试中 de.616049.xyz: [Errno -5] No address associated with hostname
2026-08-08 09:24:51,961 - DEBUG - DNS解析重试中 de.616049.xyz: [Errno -5] No address associated with hostname
2026-08-08 09:24:52,996 - DEBUG - DNS解析重试中 de.616049.xyz: [Errno -5] No address associated with hostname
2026-08-08 09:24:53,998 - WARNING - [de.616049.xyz (FRA)] ├─ 无有效DNS记录，触发紧急更新
2026-08-08 09:37:26,410 - ERROR - CFST更新失败: None
2026-08-08 09:37:26,414 - DEBUG - Starting new HTTPS connection (1): api.telegram.org:443
2026-08-08 09:37:26,740 - DEBUG - https://api.telegram.org:443 "POST /bot/sendMessage HTTP/1.1" 404 55
