2026-09-07 05:51:53,447 - INFO - 启动维护任务 | 协议类型: IPV4
2026-09-07 05:51:53,447 - INFO - --------------------------------------------------
2026-09-07 05:51:53,447 - INFO - [hk.616049.xyz (HKG)] 开始处理节点维护
2026-09-07 05:51:53,468 - DEBUG - DNS解析重试中 hk.616049.xyz: [Errno -5] No address associated with hostname
2026-09-07 05:51:54,498 - DEBUG - DNS解析重试中 hk.616049.xyz: [Errno -5] No address associated with hostname
2026-09-07 05:51:55,621 - DEBUG - DNS解析重试中 hk.616049.xyz: [Errno -5] No address associated with hostname
2026-09-07 05:51:56,622 - WARNING - [hk.616049.xyz (HKG)] ├─ 无有效DNS记录，触发紧急更新
2026-09-07 06:04:31,879 - ERROR - CFST更新失败: None
2026-09-07 06:04:31,879 - INFO - --------------------------------------------------
2026-09-07 06:04:31,879 - INFO - [us.616049.xyz (LAX)] 开始处理节点维护
2026-09-07 06:04:31,903 - DEBUG - DNS解析重试中 us.616049.xyz: [Errno -5] No address associated with hostname
2026-09-07 06:04:32,924 - DEBUG - DNS解析重试中 us.616049.xyz: [Errno -5] No address associated with hostname
2026-09-07 06:04:33,952 - DEBUG - DNS解析重试中 us.616049.xyz: [Errno -5] No address associated with hostname
2026-09-07 06:04:34,953 - WARNING - [us.616049.xyz (LAX)] ├─ 无有效DNS记录，触发紧急更新
2026-09-07 06:17:10,279 - ERROR - CFST更新失败: None
2026-09-07 06:17:10,280 - INFO - --------------------------------------------------
2026-09-07 06:17:10,280 - INFO - [de.616049.xyz (FRA)] 开始处理节点维护
2026-09-07 06:17:10,306 - DEBUG - DNS解析重试中 de.616049.xyz: [Errno -5] No address associated with hostname
2026-09-07 06:17:11,344 - DEBUG - DNS解析重试中 de.616049.xyz: [Errno -5] No address associated with hostname
2026-09-07 06:17:12,408 - DEBUG - DNS解析重试中 de.616049.xyz: [Errno -5] No address associated with hostname
2026-09-07 06:17:13,409 - WARNING - [de.616049.xyz (FRA)] ├─ 无有效DNS记录，触发紧急更新
2026-09-07 06:29:48,381 - ERROR - CFST更新失败: None
2026-09-07 06:29:48,385 - DEBUG - Starting new HTTPS connection (1): api.telegram.org:443
2026-09-07 06:29:48,675 - DEBUG - https://api.telegram.org:443 "POST /bot/sendMessage HTTP/1.1" 404 55
