2026-10-06 12:03:15,876 - INFO - 启动维护任务 | 协议类型: IPV4
2026-10-06 12:03:15,876 - INFO - --------------------------------------------------
2026-10-06 12:03:15,876 - INFO - [hk.616049.xyz (HKG)] 开始处理节点维护
2026-10-06 12:03:15,925 - DEBUG - DNS解析重试中 hk.616049.xyz: [Errno -5] No address associated with hostname
2026-10-06 12:03:16,968 - DEBUG - DNS解析重试中 hk.616049.xyz: [Errno -5] No address associated with hostname
2026-10-06 12:03:17,974 - DEBUG - DNS解析重试中 hk.616049.xyz: [Errno -5] No address associated with hostname
2026-10-06 12:03:18,976 - WARNING - [hk.616049.xyz (HKG)] ├─ 无有效DNS记录，触发紧急更新
2026-10-06 12:15:36,760 - ERROR - CFST更新失败: None
2026-10-06 12:15:36,760 - INFO - --------------------------------------------------
2026-10-06 12:15:36,760 - INFO - [us.616049.xyz (LAX)] 开始处理节点维护
2026-10-06 12:15:36,804 - DEBUG - DNS解析重试中 us.616049.xyz: [Errno -5] No address associated with hostname
2026-10-06 12:15:37,966 - DEBUG - DNS解析重试中 us.616049.xyz: [Errno -5] No address associated with hostname
2026-10-06 12:15:38,983 - DEBUG - DNS解析重试中 us.616049.xyz: [Errno -5] No address associated with hostname
2026-10-06 12:15:39,984 - WARNING - [us.616049.xyz (LAX)] ├─ 无有效DNS记录，触发紧急更新
2026-10-06 12:27:52,354 - ERROR - CFST更新失败: None
2026-10-06 12:27:52,354 - INFO - --------------------------------------------------
2026-10-06 12:27:52,354 - INFO - [de.616049.xyz (FRA)] 开始处理节点维护
2026-10-06 12:27:52,411 - DEBUG - DNS解析重试中 de.616049.xyz: [Errno -5] No address associated with hostname
2026-10-06 12:27:53,461 - DEBUG - DNS解析重试中 de.616049.xyz: [Errno -5] No address associated with hostname
2026-10-06 12:27:54,522 - DEBUG - DNS解析重试中 de.616049.xyz: [Errno -5] No address associated with hostname
2026-10-06 12:27:55,524 - WARNING - [de.616049.xyz (FRA)] ├─ 无有效DNS记录，触发紧急更新
2026-10-06 12:40:07,825 - ERROR - CFST更新失败: None
2026-10-06 12:40:07,828 - DEBUG - Starting new HTTPS connection (1): api.telegram.org:443
2026-10-06 12:40:08,240 - DEBUG - https://api.telegram.org:443 "POST /bot/sendMessage HTTP/1.1" 404 55
