2026-09-15 21:00:42,693 - INFO - 启动维护任务 | 协议类型: IPV4
2026-09-15 21:00:42,693 - INFO - --------------------------------------------------
2026-09-15 21:00:42,693 - INFO - [hk.616049.xyz (HKG)] 开始处理节点维护
2026-09-15 21:00:42,732 - DEBUG - DNS解析重试中 hk.616049.xyz: [Errno -5] No address associated with hostname
2026-09-15 21:00:43,776 - DEBUG - DNS解析重试中 hk.616049.xyz: [Errno -5] No address associated with hostname
2026-09-15 21:00:44,832 - DEBUG - DNS解析重试中 hk.616049.xyz: [Errno -5] No address associated with hostname
2026-09-15 21:00:45,834 - WARNING - [hk.616049.xyz (HKG)] ├─ 无有效DNS记录，触发紧急更新
2026-09-15 21:12:59,165 - ERROR - CFST更新失败: None
2026-09-15 21:12:59,165 - INFO - --------------------------------------------------
2026-09-15 21:12:59,165 - INFO - [us.616049.xyz (LAX)] 开始处理节点维护
2026-09-15 21:12:59,203 - DEBUG - DNS解析重试中 us.616049.xyz: [Errno -5] No address associated with hostname
2026-09-15 21:13:00,213 - DEBUG - DNS解析重试中 us.616049.xyz: [Errno -5] No address associated with hostname
2026-09-15 21:13:01,257 - DEBUG - DNS解析重试中 us.616049.xyz: [Errno -5] No address associated with hostname
2026-09-15 21:13:02,258 - WARNING - [us.616049.xyz (LAX)] ├─ 无有效DNS记录，触发紧急更新
2026-09-15 21:25:15,081 - ERROR - CFST更新失败: None
2026-09-15 21:25:15,081 - INFO - --------------------------------------------------
2026-09-15 21:25:15,081 - INFO - [de.616049.xyz (FRA)] 开始处理节点维护
2026-09-15 21:25:15,115 - DEBUG - DNS解析重试中 de.616049.xyz: [Errno -5] No address associated with hostname
2026-09-15 21:25:16,150 - DEBUG - DNS解析重试中 de.616049.xyz: [Errno -5] No address associated with hostname
2026-09-15 21:25:17,156 - DEBUG - DNS解析重试中 de.616049.xyz: [Errno -5] No address associated with hostname
2026-09-15 21:25:18,157 - WARNING - [de.616049.xyz (FRA)] ├─ 无有效DNS记录，触发紧急更新
2026-09-15 21:37:31,137 - ERROR - CFST更新失败: None
2026-09-15 21:37:31,140 - DEBUG - Starting new HTTPS connection (1): api.telegram.org:443
2026-09-15 21:37:31,550 - DEBUG - https://api.telegram.org:443 "POST /bot/sendMessage HTTP/1.1" 404 55
