2026-08-24 10:55:42,033 - INFO - 启动维护任务 | 协议类型: IPV4
2026-08-24 10:55:42,033 - INFO - --------------------------------------------------
2026-08-24 10:55:42,033 - INFO - [hk.616049.xyz (HKG)] 开始处理节点维护
2026-08-24 10:55:42,056 - DEBUG - DNS解析重试中 hk.616049.xyz: [Errno -5] No address associated with hostname
2026-08-24 10:55:43,088 - DEBUG - DNS解析重试中 hk.616049.xyz: [Errno -5] No address associated with hostname
2026-08-24 10:55:44,104 - DEBUG - DNS解析重试中 hk.616049.xyz: [Errno -5] No address associated with hostname
2026-08-24 10:55:45,105 - WARNING - [hk.616049.xyz (HKG)] ├─ 无有效DNS记录，触发紧急更新
2026-08-24 11:08:16,450 - ERROR - CFST更新失败: None
2026-08-24 11:08:16,450 - INFO - --------------------------------------------------
2026-08-24 11:08:16,450 - INFO - [us.616049.xyz (LAX)] 开始处理节点维护
2026-08-24 11:08:16,462 - DEBUG - DNS解析重试中 us.616049.xyz: [Errno -5] No address associated with hostname
2026-08-24 11:08:17,483 - DEBUG - DNS解析重试中 us.616049.xyz: [Errno -5] No address associated with hostname
2026-08-24 11:08:18,503 - DEBUG - DNS解析重试中 us.616049.xyz: [Errno -5] No address associated with hostname
2026-08-24 11:08:19,504 - WARNING - [us.616049.xyz (LAX)] ├─ 无有效DNS记录，触发紧急更新
2026-08-24 11:20:50,109 - ERROR - CFST更新失败: None
2026-08-24 11:20:50,109 - INFO - --------------------------------------------------
2026-08-24 11:20:50,109 - INFO - [de.616049.xyz (FRA)] 开始处理节点维护
2026-08-24 11:20:50,121 - DEBUG - DNS解析重试中 de.616049.xyz: [Errno -5] No address associated with hostname
2026-08-24 11:20:51,132 - DEBUG - DNS解析重试中 de.616049.xyz: [Errno -5] No address associated with hostname
2026-08-24 11:20:52,146 - DEBUG - DNS解析重试中 de.616049.xyz: [Errno -5] No address associated with hostname
2026-08-24 11:20:53,147 - WARNING - [de.616049.xyz (FRA)] ├─ 无有效DNS记录，触发紧急更新
2026-08-24 11:33:24,956 - ERROR - CFST更新失败: None
2026-08-24 11:33:24,960 - DEBUG - Starting new HTTPS connection (1): api.telegram.org:443
2026-08-24 11:33:25,456 - DEBUG - https://api.telegram.org:443 "POST /bot/sendMessage HTTP/1.1" 404 55
