2026-09-03 22:01:01,226 - INFO - 启动维护任务 | 协议类型: IPV4
2026-09-03 22:01:01,226 - INFO - --------------------------------------------------
2026-09-03 22:01:01,226 - INFO - [hk.616049.xyz (HKG)] 开始处理节点维护
2026-09-03 22:01:01,251 - DEBUG - DNS解析重试中 hk.616049.xyz: [Errno -5] No address associated with hostname
2026-09-03 22:01:02,289 - DEBUG - DNS解析重试中 hk.616049.xyz: [Errno -5] No address associated with hostname
2026-09-03 22:01:03,334 - DEBUG - DNS解析重试中 hk.616049.xyz: [Errno -5] No address associated with hostname
2026-09-03 22:01:04,335 - WARNING - [hk.616049.xyz (HKG)] ├─ 无有效DNS记录，触发紧急更新
2026-09-03 22:13:40,734 - ERROR - CFST更新失败: None
2026-09-03 22:13:40,735 - INFO - --------------------------------------------------
2026-09-03 22:13:40,735 - INFO - [us.616049.xyz (LAX)] 开始处理节点维护
2026-09-03 22:13:40,770 - DEBUG - DNS解析重试中 us.616049.xyz: [Errno -5] No address associated with hostname
2026-09-03 22:13:41,795 - DEBUG - DNS解析重试中 us.616049.xyz: [Errno -5] No address associated with hostname
2026-09-03 22:13:42,818 - DEBUG - DNS解析重试中 us.616049.xyz: [Errno -5] No address associated with hostname
2026-09-03 22:13:43,820 - WARNING - [us.616049.xyz (LAX)] ├─ 无有效DNS记录，触发紧急更新
2026-09-03 22:26:19,460 - ERROR - CFST更新失败: None
2026-09-03 22:26:19,460 - INFO - --------------------------------------------------
2026-09-03 22:26:19,460 - INFO - [de.616049.xyz (FRA)] 开始处理节点维护
2026-09-03 22:26:19,492 - DEBUG - DNS解析重试中 de.616049.xyz: [Errno -5] No address associated with hostname
2026-09-03 22:26:20,523 - DEBUG - DNS解析重试中 de.616049.xyz: [Errno -5] No address associated with hostname
2026-09-03 22:26:21,558 - DEBUG - DNS解析重试中 de.616049.xyz: [Errno -5] No address associated with hostname
2026-09-03 22:26:22,559 - WARNING - [de.616049.xyz (FRA)] ├─ 无有效DNS记录，触发紧急更新
2026-09-03 22:38:58,614 - ERROR - CFST更新失败: None
2026-09-03 22:38:58,618 - DEBUG - Starting new HTTPS connection (1): api.telegram.org:443
2026-09-03 22:38:58,910 - DEBUG - https://api.telegram.org:443 "POST /bot/sendMessage HTTP/1.1" 404 55
