2026-07-31 03:11:54,268 - INFO - 启动维护任务 | 协议类型: IPV4
2026-07-31 03:11:54,268 - INFO - --------------------------------------------------
2026-07-31 03:11:54,268 - INFO - [hk.616049.xyz (HKG)] 开始处理节点维护
2026-07-31 03:11:54,283 - DEBUG - DNS解析重试中 hk.616049.xyz: [Errno -5] No address associated with hostname
2026-07-31 03:11:55,302 - DEBUG - DNS解析重试中 hk.616049.xyz: [Errno -5] No address associated with hostname
2026-07-31 03:11:56,319 - DEBUG - DNS解析重试中 hk.616049.xyz: [Errno -5] No address associated with hostname
2026-07-31 03:11:57,321 - WARNING - [hk.616049.xyz (HKG)] ├─ 无有效DNS记录，触发紧急更新
2026-07-31 03:24:27,130 - ERROR - CFST更新失败: None
2026-07-31 03:24:27,130 - INFO - --------------------------------------------------
2026-07-31 03:24:27,130 - INFO - [us.616049.xyz (LAX)] 开始处理节点维护
2026-07-31 03:24:27,143 - DEBUG - DNS解析重试中 us.616049.xyz: [Errno -5] No address associated with hostname
2026-07-31 03:24:28,167 - DEBUG - DNS解析重试中 us.616049.xyz: [Errno -5] No address associated with hostname
2026-07-31 03:24:29,195 - DEBUG - DNS解析重试中 us.616049.xyz: [Errno -5] No address associated with hostname
2026-07-31 03:24:30,196 - WARNING - [us.616049.xyz (LAX)] ├─ 无有效DNS记录，触发紧急更新
2026-07-31 03:36:59,713 - ERROR - CFST更新失败: None
2026-07-31 03:36:59,713 - INFO - --------------------------------------------------
2026-07-31 03:36:59,713 - INFO - [de.616049.xyz (FRA)] 开始处理节点维护
2026-07-31 03:36:59,725 - DEBUG - DNS解析重试中 de.616049.xyz: [Errno -5] No address associated with hostname
2026-07-31 03:37:00,741 - DEBUG - DNS解析重试中 de.616049.xyz: [Errno -5] No address associated with hostname
2026-07-31 03:37:01,756 - DEBUG - DNS解析重试中 de.616049.xyz: [Errno -5] No address associated with hostname
2026-07-31 03:37:02,757 - WARNING - [de.616049.xyz (FRA)] ├─ 无有效DNS记录，触发紧急更新
2026-07-31 03:49:32,478 - ERROR - CFST更新失败: None
2026-07-31 03:49:32,482 - DEBUG - Starting new HTTPS connection (1): api.telegram.org:443
2026-07-31 03:49:32,771 - DEBUG - https://api.telegram.org:443 "POST /bot/sendMessage HTTP/1.1" 404 55
