2026-08-22 06:14:47,490 - INFO - 启动维护任务 | 协议类型: IPV4
2026-08-22 06:14:47,490 - INFO - --------------------------------------------------
2026-08-22 06:14:47,490 - INFO - [hk.616049.xyz (HKG)] 开始处理节点维护
2026-08-22 06:14:47,531 - DEBUG - DNS解析重试中 hk.616049.xyz: [Errno -5] No address associated with hostname
2026-08-22 06:14:48,577 - DEBUG - DNS解析重试中 hk.616049.xyz: [Errno -5] No address associated with hostname
2026-08-22 06:14:49,620 - DEBUG - DNS解析重试中 hk.616049.xyz: [Errno -5] No address associated with hostname
2026-08-22 06:14:50,622 - WARNING - [hk.616049.xyz (HKG)] ├─ 无有效DNS记录，触发紧急更新
2026-08-22 06:27:23,995 - ERROR - CFST更新失败: None
2026-08-22 06:27:23,995 - INFO - --------------------------------------------------
2026-08-22 06:27:23,995 - INFO - [us.616049.xyz (LAX)] 开始处理节点维护
2026-08-22 06:27:24,036 - DEBUG - DNS解析重试中 us.616049.xyz: [Errno -5] No address associated with hostname
2026-08-22 06:27:25,076 - DEBUG - DNS解析重试中 us.616049.xyz: [Errno -5] No address associated with hostname
2026-08-22 06:27:26,125 - DEBUG - DNS解析重试中 us.616049.xyz: [Errno -5] No address associated with hostname
2026-08-22 06:27:27,126 - WARNING - [us.616049.xyz (LAX)] ├─ 无有效DNS记录，触发紧急更新
2026-08-22 06:40:00,241 - ERROR - CFST更新失败: None
2026-08-22 06:40:00,242 - INFO - --------------------------------------------------
2026-08-22 06:40:00,242 - INFO - [de.616049.xyz (FRA)] 开始处理节点维护
2026-08-22 06:40:00,283 - DEBUG - DNS解析重试中 de.616049.xyz: [Errno -5] No address associated with hostname
2026-08-22 06:40:01,348 - DEBUG - DNS解析重试中 de.616049.xyz: [Errno -5] No address associated with hostname
2026-08-22 06:40:02,354 - DEBUG - DNS解析重试中 de.616049.xyz: [Errno -5] No address associated with hostname
2026-08-22 06:40:03,355 - WARNING - [de.616049.xyz (FRA)] ├─ 无有效DNS记录，触发紧急更新
2026-08-22 06:52:37,484 - ERROR - CFST更新失败: None
2026-08-22 06:52:37,488 - DEBUG - Starting new HTTPS connection (1): api.telegram.org:443
2026-08-22 06:52:37,850 - DEBUG - https://api.telegram.org:443 "POST /bot/sendMessage HTTP/1.1" 404 55
