2026-08-21 02:25:22,773 - INFO - 启动维护任务 | 协议类型: IPV4
2026-08-21 02:25:22,773 - INFO - --------------------------------------------------
2026-08-21 02:25:22,773 - INFO - [hk.616049.xyz (HKG)] 开始处理节点维护
2026-08-21 02:25:22,788 - DEBUG - DNS解析重试中 hk.616049.xyz: [Errno -5] No address associated with hostname
2026-08-21 02:25:23,807 - DEBUG - DNS解析重试中 hk.616049.xyz: [Errno -5] No address associated with hostname
2026-08-21 02:25:24,828 - DEBUG - DNS解析重试中 hk.616049.xyz: [Errno -5] No address associated with hostname
2026-08-21 02:25:25,829 - WARNING - [hk.616049.xyz (HKG)] ├─ 无有效DNS记录，触发紧急更新
2026-08-21 02:37:38,882 - ERROR - CFST更新失败: None
2026-08-21 02:37:38,882 - INFO - --------------------------------------------------
2026-08-21 02:37:38,882 - INFO - [us.616049.xyz (LAX)] 开始处理节点维护
2026-08-21 02:37:38,905 - DEBUG - DNS解析重试中 us.616049.xyz: [Errno -5] No address associated with hostname
2026-08-21 02:37:39,931 - DEBUG - DNS解析重试中 us.616049.xyz: [Errno -5] No address associated with hostname
2026-08-21 02:37:40,948 - DEBUG - DNS解析重试中 us.616049.xyz: [Errno -5] No address associated with hostname
2026-08-21 02:37:41,950 - WARNING - [us.616049.xyz (LAX)] ├─ 无有效DNS记录，触发紧急更新
2026-08-21 02:49:54,782 - ERROR - CFST更新失败: None
2026-08-21 02:49:54,782 - INFO - --------------------------------------------------
2026-08-21 02:49:54,782 - INFO - [de.616049.xyz (FRA)] 开始处理节点维护
2026-08-21 02:49:54,807 - DEBUG - DNS解析重试中 de.616049.xyz: [Errno -5] No address associated with hostname
2026-08-21 02:49:55,839 - DEBUG - DNS解析重试中 de.616049.xyz: [Errno -5] No address associated with hostname
2026-08-21 02:49:56,865 - DEBUG - DNS解析重试中 de.616049.xyz: [Errno -5] No address associated with hostname
2026-08-21 02:49:57,866 - WARNING - [de.616049.xyz (FRA)] ├─ 无有效DNS记录，触发紧急更新
2026-08-21 03:02:10,697 - ERROR - CFST更新失败: None
2026-08-21 03:02:10,700 - DEBUG - Starting new HTTPS connection (1): api.telegram.org:443
2026-08-21 03:02:10,989 - DEBUG - https://api.telegram.org:443 "POST /bot/sendMessage HTTP/1.1" 404 55
