2026-07-26 02:54:58,417 - INFO - 启动维护任务 | 协议类型: IPV4
2026-07-26 02:54:58,417 - INFO - --------------------------------------------------
2026-07-26 02:54:58,418 - INFO - [hk.616049.xyz (HKG)] 开始处理节点维护
2026-07-26 02:54:58,451 - DEBUG - DNS解析重试中 hk.616049.xyz: [Errno -5] No address associated with hostname
2026-07-26 02:54:59,477 - DEBUG - DNS解析重试中 hk.616049.xyz: [Errno -5] No address associated with hostname
2026-07-26 02:55:00,506 - DEBUG - DNS解析重试中 hk.616049.xyz: [Errno -5] No address associated with hostname
2026-07-26 02:55:01,507 - WARNING - [hk.616049.xyz (HKG)] ├─ 无有效DNS记录，触发紧急更新
2026-07-26 03:07:32,994 - ERROR - CFST更新失败: None
2026-07-26 03:07:32,994 - INFO - --------------------------------------------------
2026-07-26 03:07:32,994 - INFO - [us.616049.xyz (LAX)] 开始处理节点维护
2026-07-26 03:07:33,021 - DEBUG - DNS解析重试中 us.616049.xyz: [Errno -5] No address associated with hostname
2026-07-26 03:07:34,059 - DEBUG - DNS解析重试中 us.616049.xyz: [Errno -5] No address associated with hostname
2026-07-26 03:07:35,097 - DEBUG - DNS解析重试中 us.616049.xyz: [Errno -5] No address associated with hostname
2026-07-26 03:07:36,099 - WARNING - [us.616049.xyz (LAX)] ├─ 无有效DNS记录，触发紧急更新
2026-07-26 03:20:08,075 - ERROR - CFST更新失败: None
2026-07-26 03:20:08,075 - INFO - --------------------------------------------------
2026-07-26 03:20:08,075 - INFO - [de.616049.xyz (FRA)] 开始处理节点维护
2026-07-26 03:20:08,103 - DEBUG - DNS解析重试中 de.616049.xyz: [Errno -5] No address associated with hostname
2026-07-26 03:20:09,108 - DEBUG - DNS解析重试中 de.616049.xyz: [Errno -5] No address associated with hostname
2026-07-26 03:20:10,136 - DEBUG - DNS解析重试中 de.616049.xyz: [Errno -5] No address associated with hostname
2026-07-26 03:20:11,137 - WARNING - [de.616049.xyz (FRA)] ├─ 无有效DNS记录，触发紧急更新
2026-07-26 03:32:43,511 - ERROR - CFST更新失败: None
2026-07-26 03:32:43,515 - DEBUG - Starting new HTTPS connection (1): api.telegram.org:443
2026-07-26 03:32:43,836 - DEBUG - https://api.telegram.org:443 "POST /bot/sendMessage HTTP/1.1" 404 55
