2026-08-07 16:47:31,329 - INFO - 启动维护任务 | 协议类型: IPV4
2026-08-07 16:47:31,329 - INFO - --------------------------------------------------
2026-08-07 16:47:31,329 - INFO - [hk.616049.xyz (HKG)] 开始处理节点维护
2026-08-07 16:47:31,369 - DEBUG - DNS解析重试中 hk.616049.xyz: [Errno -5] No address associated with hostname
2026-08-07 16:47:32,416 - DEBUG - DNS解析重试中 hk.616049.xyz: [Errno -5] No address associated with hostname
2026-08-07 16:47:33,545 - DEBUG - DNS解析重试中 hk.616049.xyz: [Errno -5] No address associated with hostname
2026-08-07 16:47:34,547 - WARNING - [hk.616049.xyz (HKG)] ├─ 无有效DNS记录，触发紧急更新
2026-08-07 16:59:52,127 - ERROR - CFST更新失败: None
2026-08-07 16:59:52,127 - INFO - --------------------------------------------------
2026-08-07 16:59:52,127 - INFO - [us.616049.xyz (LAX)] 开始处理节点维护
2026-08-07 16:59:52,225 - DEBUG - DNS解析重试中 us.616049.xyz: [Errno -5] No address associated with hostname
2026-08-07 16:59:53,261 - DEBUG - DNS解析重试中 us.616049.xyz: [Errno -5] No address associated with hostname
2026-08-07 16:59:54,297 - DEBUG - DNS解析重试中 us.616049.xyz: [Errno -5] No address associated with hostname
2026-08-07 16:59:55,298 - WARNING - [us.616049.xyz (LAX)] ├─ 无有效DNS记录，触发紧急更新
2026-08-07 17:12:06,406 - ERROR - CFST更新失败: None
2026-08-07 17:12:06,406 - INFO - --------------------------------------------------
2026-08-07 17:12:06,406 - INFO - [de.616049.xyz (FRA)] 开始处理节点维护
2026-08-07 17:12:06,467 - DEBUG - DNS解析重试中 de.616049.xyz: [Errno -5] No address associated with hostname
2026-08-07 17:12:07,514 - DEBUG - DNS解析重试中 de.616049.xyz: [Errno -5] No address associated with hostname
2026-08-07 17:12:08,567 - DEBUG - DNS解析重试中 de.616049.xyz: [Errno -5] No address associated with hostname
2026-08-07 17:12:09,568 - WARNING - [de.616049.xyz (FRA)] ├─ 无有效DNS记录，触发紧急更新
2026-08-07 17:24:20,771 - ERROR - CFST更新失败: None
2026-08-07 17:24:20,773 - DEBUG - Starting new HTTPS connection (1): api.telegram.org:443
2026-08-07 17:24:21,197 - DEBUG - https://api.telegram.org:443 "POST /bot/sendMessage HTTP/1.1" 404 55
