2026-07-26 22:56:59,869 - INFO - 启动维护任务 | 协议类型: IPV4
2026-07-26 22:56:59,869 - INFO - --------------------------------------------------
2026-07-26 22:56:59,869 - INFO - [hk.616049.xyz (HKG)] 开始处理节点维护
2026-07-26 22:56:59,898 - DEBUG - DNS解析重试中 hk.616049.xyz: [Errno -5] No address associated with hostname
2026-07-26 22:57:00,937 - DEBUG - DNS解析重试中 hk.616049.xyz: [Errno -5] No address associated with hostname
2026-07-26 22:57:01,944 - DEBUG - DNS解析重试中 hk.616049.xyz: [Errno -5] No address associated with hostname
2026-07-26 22:57:02,945 - WARNING - [hk.616049.xyz (HKG)] ├─ 无有效DNS记录，触发紧急更新
2026-07-26 23:09:33,465 - ERROR - CFST更新失败: None
2026-07-26 23:09:33,465 - INFO - --------------------------------------------------
2026-07-26 23:09:33,465 - INFO - [us.616049.xyz (LAX)] 开始处理节点维护
2026-07-26 23:09:33,511 - DEBUG - DNS解析重试中 us.616049.xyz: [Errno -5] No address associated with hostname
2026-07-26 23:09:34,549 - DEBUG - DNS解析重试中 us.616049.xyz: [Errno -5] No address associated with hostname
2026-07-26 23:09:35,577 - DEBUG - DNS解析重试中 us.616049.xyz: [Errno -5] No address associated with hostname
2026-07-26 23:09:36,579 - WARNING - [us.616049.xyz (LAX)] ├─ 无有效DNS记录，触发紧急更新
2026-07-26 23:22:07,122 - ERROR - CFST更新失败: None
2026-07-26 23:22:07,122 - INFO - --------------------------------------------------
2026-07-26 23:22:07,122 - INFO - [de.616049.xyz (FRA)] 开始处理节点维护
2026-07-26 23:22:07,163 - DEBUG - DNS解析重试中 de.616049.xyz: [Errno -5] No address associated with hostname
2026-07-26 23:22:08,190 - DEBUG - DNS解析重试中 de.616049.xyz: [Errno -5] No address associated with hostname
2026-07-26 23:22:09,197 - DEBUG - DNS解析重试中 de.616049.xyz: [Errno -5] No address associated with hostname
2026-07-26 23:22:10,198 - WARNING - [de.616049.xyz (FRA)] ├─ 无有效DNS记录，触发紧急更新
2026-07-26 23:34:41,590 - ERROR - CFST更新失败: None
2026-07-26 23:34:41,594 - DEBUG - Starting new HTTPS connection (1): api.telegram.org:443
2026-07-26 23:34:41,923 - DEBUG - https://api.telegram.org:443 "POST /bot/sendMessage HTTP/1.1" 404 55
