2026-10-04 15:36:42,577 - INFO - 启动维护任务 | 协议类型: IPV4
2026-10-04 15:36:42,577 - INFO - --------------------------------------------------
2026-10-04 15:36:42,577 - INFO - [hk.616049.xyz (HKG)] 开始处理节点维护
2026-10-04 15:36:42,618 - DEBUG - DNS解析重试中 hk.616049.xyz: [Errno -5] No address associated with hostname
2026-10-04 15:36:43,653 - DEBUG - DNS解析重试中 hk.616049.xyz: [Errno -5] No address associated with hostname
2026-10-04 15:36:44,659 - DEBUG - DNS解析重试中 hk.616049.xyz: [Errno -5] No address associated with hostname
2026-10-04 15:36:45,660 - WARNING - [hk.616049.xyz (HKG)] ├─ 无有效DNS记录，触发紧急更新
2026-10-04 15:49:18,602 - ERROR - CFST更新失败: None
2026-10-04 15:49:18,602 - INFO - --------------------------------------------------
2026-10-04 15:49:18,602 - INFO - [us.616049.xyz (LAX)] 开始处理节点维护
2026-10-04 15:49:18,649 - DEBUG - DNS解析重试中 us.616049.xyz: [Errno -5] No address associated with hostname
2026-10-04 15:49:19,656 - DEBUG - DNS解析重试中 us.616049.xyz: [Errno -5] No address associated with hostname
2026-10-04 15:49:20,700 - DEBUG - DNS解析重试中 us.616049.xyz: [Errno -5] No address associated with hostname
2026-10-04 15:49:21,701 - WARNING - [us.616049.xyz (LAX)] ├─ 无有效DNS记录，触发紧急更新
2026-10-04 16:01:52,608 - ERROR - CFST更新失败: None
2026-10-04 16:01:52,609 - INFO - --------------------------------------------------
2026-10-04 16:01:52,609 - INFO - [de.616049.xyz (FRA)] 开始处理节点维护
2026-10-04 16:01:52,657 - DEBUG - DNS解析重试中 de.616049.xyz: [Errno -5] No address associated with hostname
2026-10-04 16:01:53,693 - DEBUG - DNS解析重试中 de.616049.xyz: [Errno -5] No address associated with hostname
2026-10-04 16:01:54,746 - DEBUG - DNS解析重试中 de.616049.xyz: [Errno -5] No address associated with hostname
2026-10-04 16:01:55,747 - WARNING - [de.616049.xyz (FRA)] ├─ 无有效DNS记录，触发紧急更新
2026-10-04 16:14:27,356 - ERROR - CFST更新失败: None
2026-10-04 16:14:27,359 - DEBUG - Starting new HTTPS connection (1): api.telegram.org:443
2026-10-04 16:14:27,797 - DEBUG - https://api.telegram.org:443 "POST /bot/sendMessage HTTP/1.1" 404 55
