2026-08-01 21:00:25,681 - INFO - 启动维护任务 | 协议类型: IPV4
2026-08-01 21:00:25,681 - INFO - --------------------------------------------------
2026-08-01 21:00:25,681 - INFO - [hk.616049.xyz (HKG)] 开始处理节点维护
2026-08-01 21:00:25,701 - DEBUG - DNS解析重试中 hk.616049.xyz: [Errno -5] No address associated with hostname
2026-08-01 21:00:26,714 - DEBUG - DNS解析重试中 hk.616049.xyz: [Errno -5] No address associated with hostname
2026-08-01 21:00:27,726 - DEBUG - DNS解析重试中 hk.616049.xyz: [Errno -5] No address associated with hostname
2026-08-01 21:00:28,727 - WARNING - [hk.616049.xyz (HKG)] ├─ 无有效DNS记录，触发紧急更新
2026-08-01 21:13:00,321 - ERROR - CFST更新失败: None
2026-08-01 21:13:00,321 - INFO - --------------------------------------------------
2026-08-01 21:13:00,321 - INFO - [us.616049.xyz (LAX)] 开始处理节点维护
2026-08-01 21:13:00,336 - DEBUG - DNS解析重试中 us.616049.xyz: [Errno -5] No address associated with hostname
2026-08-01 21:13:01,348 - DEBUG - DNS解析重试中 us.616049.xyz: [Errno -5] No address associated with hostname
2026-08-01 21:13:02,370 - DEBUG - DNS解析重试中 us.616049.xyz: [Errno -5] No address associated with hostname
2026-08-01 21:13:03,372 - WARNING - [us.616049.xyz (LAX)] ├─ 无有效DNS记录，触发紧急更新
2026-08-01 21:25:34,965 - ERROR - CFST更新失败: None
2026-08-01 21:25:34,965 - INFO - --------------------------------------------------
2026-08-01 21:25:34,965 - INFO - [de.616049.xyz (FRA)] 开始处理节点维护
2026-08-01 21:25:34,980 - DEBUG - DNS解析重试中 de.616049.xyz: [Errno -5] No address associated with hostname
2026-08-01 21:25:35,993 - DEBUG - DNS解析重试中 de.616049.xyz: [Errno -5] No address associated with hostname
2026-08-01 21:25:37,004 - DEBUG - DNS解析重试中 de.616049.xyz: [Errno -5] No address associated with hostname
2026-08-01 21:25:38,005 - WARNING - [de.616049.xyz (FRA)] ├─ 无有效DNS记录，触发紧急更新
2026-08-01 21:38:09,178 - ERROR - CFST更新失败: None
2026-08-01 21:38:09,182 - DEBUG - Starting new HTTPS connection (1): api.telegram.org:443
2026-08-01 21:38:09,456 - DEBUG - https://api.telegram.org:443 "POST /bot/sendMessage HTTP/1.1" 404 55
