2026-09-17 10:39:14,656 - INFO - 启动维护任务 | 协议类型: IPV4
2026-09-17 10:39:14,656 - INFO - --------------------------------------------------
2026-09-17 10:39:14,656 - INFO - [hk.616049.xyz (HKG)] 开始处理节点维护
2026-09-17 10:39:14,675 - DEBUG - DNS解析重试中 hk.616049.xyz: [Errno -5] No address associated with hostname
2026-09-17 10:39:15,707 - DEBUG - DNS解析重试中 hk.616049.xyz: [Errno -5] No address associated with hostname
2026-09-17 10:39:16,741 - DEBUG - DNS解析重试中 hk.616049.xyz: [Errno -5] No address associated with hostname
2026-09-17 10:39:17,743 - WARNING - [hk.616049.xyz (HKG)] ├─ 无有效DNS记录，触发紧急更新
2026-09-17 10:51:31,749 - ERROR - CFST更新失败: None
2026-09-17 10:51:31,749 - INFO - --------------------------------------------------
2026-09-17 10:51:31,749 - INFO - [us.616049.xyz (LAX)] 开始处理节点维护
2026-09-17 10:51:31,767 - DEBUG - DNS解析重试中 us.616049.xyz: [Errno -5] No address associated with hostname
2026-09-17 10:51:32,790 - DEBUG - DNS解析重试中 us.616049.xyz: [Errno -5] No address associated with hostname
2026-09-17 10:51:33,805 - DEBUG - DNS解析重试中 us.616049.xyz: [Errno -5] No address associated with hostname
2026-09-17 10:51:34,807 - WARNING - [us.616049.xyz (LAX)] ├─ 无有效DNS记录，触发紧急更新
2026-09-17 11:03:46,791 - ERROR - CFST更新失败: None
2026-09-17 11:03:46,791 - INFO - --------------------------------------------------
2026-09-17 11:03:46,791 - INFO - [de.616049.xyz (FRA)] 开始处理节点维护
2026-09-17 11:03:46,816 - DEBUG - DNS解析重试中 de.616049.xyz: [Errno -5] No address associated with hostname
2026-09-17 11:03:47,838 - DEBUG - DNS解析重试中 de.616049.xyz: [Errno -5] No address associated with hostname
2026-09-17 11:03:48,850 - DEBUG - DNS解析重试中 de.616049.xyz: [Errno -5] No address associated with hostname
2026-09-17 11:03:49,851 - WARNING - [de.616049.xyz (FRA)] ├─ 无有效DNS记录，触发紧急更新
2026-09-17 11:16:01,908 - ERROR - CFST更新失败: None
2026-09-17 11:16:01,911 - DEBUG - Starting new HTTPS connection (1): api.telegram.org:443
2026-09-17 11:16:02,196 - DEBUG - https://api.telegram.org:443 "POST /bot/sendMessage HTTP/1.1" 404 55
