2026-08-27 14:18:44,365 - INFO - 启动维护任务 | 协议类型: IPV4
2026-08-27 14:18:44,365 - INFO - --------------------------------------------------
2026-08-27 14:18:44,365 - INFO - [hk.616049.xyz (HKG)] 开始处理节点维护
2026-08-27 14:18:44,413 - DEBUG - DNS解析重试中 hk.616049.xyz: [Errno -5] No address associated with hostname
2026-08-27 14:18:45,421 - DEBUG - DNS解析重试中 hk.616049.xyz: [Errno -5] No address associated with hostname
2026-08-27 14:18:46,458 - DEBUG - DNS解析重试中 hk.616049.xyz: [Errno -5] No address associated with hostname
2026-08-27 14:18:47,460 - WARNING - [hk.616049.xyz (HKG)] ├─ 无有效DNS记录，触发紧急更新
2026-08-27 14:31:19,480 - ERROR - CFST更新失败: None
2026-08-27 14:31:19,480 - INFO - --------------------------------------------------
2026-08-27 14:31:19,480 - INFO - [us.616049.xyz (LAX)] 开始处理节点维护
2026-08-27 14:31:19,518 - DEBUG - DNS解析重试中 us.616049.xyz: [Errno -5] No address associated with hostname
2026-08-27 14:31:20,526 - DEBUG - DNS解析重试中 us.616049.xyz: [Errno -5] No address associated with hostname
2026-08-27 14:31:21,641 - DEBUG - DNS解析重试中 us.616049.xyz: [Errno -5] No address associated with hostname
2026-08-27 14:31:22,642 - WARNING - [us.616049.xyz (LAX)] ├─ 无有效DNS记录，触发紧急更新
2026-08-27 14:43:54,597 - ERROR - CFST更新失败: None
2026-08-27 14:43:54,597 - INFO - --------------------------------------------------
2026-08-27 14:43:54,597 - INFO - [de.616049.xyz (FRA)] 开始处理节点维护
2026-08-27 14:43:54,637 - DEBUG - DNS解析重试中 de.616049.xyz: [Errno -5] No address associated with hostname
2026-08-27 14:43:55,677 - DEBUG - DNS解析重试中 de.616049.xyz: [Errno -5] No address associated with hostname
2026-08-27 14:43:56,726 - DEBUG - DNS解析重试中 de.616049.xyz: [Errno -5] No address associated with hostname
2026-08-27 14:43:57,727 - WARNING - [de.616049.xyz (FRA)] ├─ 无有效DNS记录，触发紧急更新
2026-08-27 14:56:32,280 - ERROR - CFST更新失败: None
2026-08-27 14:56:32,284 - DEBUG - Starting new HTTPS connection (1): api.telegram.org:443
2026-08-27 14:56:32,788 - DEBUG - https://api.telegram.org:443 "POST /bot/sendMessage HTTP/1.1" 404 55
