2026-07-30 16:09:28,581 - INFO - 启动维护任务 | 协议类型: IPV4
2026-07-30 16:09:28,581 - INFO - --------------------------------------------------
2026-07-30 16:09:28,581 - INFO - [hk.616049.xyz (HKG)] 开始处理节点维护
2026-07-30 16:09:28,610 - DEBUG - DNS解析重试中 hk.616049.xyz: [Errno -5] No address associated with hostname
2026-07-30 16:09:29,638 - DEBUG - DNS解析重试中 hk.616049.xyz: [Errno -5] No address associated with hostname
2026-07-30 16:09:30,661 - DEBUG - DNS解析重试中 hk.616049.xyz: [Errno -5] No address associated with hostname
2026-07-30 16:09:31,663 - WARNING - [hk.616049.xyz (HKG)] ├─ 无有效DNS记录，触发紧急更新
2026-07-30 16:22:06,337 - ERROR - CFST更新失败: None
2026-07-30 16:22:06,337 - INFO - --------------------------------------------------
2026-07-30 16:22:06,337 - INFO - [us.616049.xyz (LAX)] 开始处理节点维护
2026-07-30 16:22:06,358 - DEBUG - DNS解析重试中 us.616049.xyz: [Errno -5] No address associated with hostname
2026-07-30 16:22:07,380 - DEBUG - DNS解析重试中 us.616049.xyz: [Errno -5] No address associated with hostname
2026-07-30 16:22:08,444 - DEBUG - DNS解析重试中 us.616049.xyz: [Errno -5] No address associated with hostname
2026-07-30 16:22:09,445 - WARNING - [us.616049.xyz (LAX)] ├─ 无有效DNS记录，触发紧急更新
2026-07-30 16:34:44,298 - ERROR - CFST更新失败: None
2026-07-30 16:34:44,298 - INFO - --------------------------------------------------
2026-07-30 16:34:44,298 - INFO - [de.616049.xyz (FRA)] 开始处理节点维护
2026-07-30 16:34:44,316 - DEBUG - DNS解析重试中 de.616049.xyz: [Errno -5] No address associated with hostname
2026-07-30 16:34:45,340 - DEBUG - DNS解析重试中 de.616049.xyz: [Errno -5] No address associated with hostname
2026-07-30 16:34:46,378 - DEBUG - DNS解析重试中 de.616049.xyz: [Errno -5] No address associated with hostname
2026-07-30 16:34:47,379 - WARNING - [de.616049.xyz (FRA)] ├─ 无有效DNS记录，触发紧急更新
2026-07-30 16:47:21,805 - ERROR - CFST更新失败: None
2026-07-30 16:47:21,809 - DEBUG - Starting new HTTPS connection (1): api.telegram.org:443
2026-07-30 16:47:22,100 - DEBUG - https://api.telegram.org:443 "POST /bot/sendMessage HTTP/1.1" 404 55
