2026-09-07 23:24:28,193 - INFO - 启动维护任务 | 协议类型: IPV4
2026-09-07 23:24:28,193 - INFO - --------------------------------------------------
2026-09-07 23:24:28,193 - INFO - [hk.616049.xyz (HKG)] 开始处理节点维护
2026-09-07 23:24:28,206 - DEBUG - DNS解析重试中 hk.616049.xyz: [Errno -5] No address associated with hostname
2026-09-07 23:24:29,246 - DEBUG - DNS解析重试中 hk.616049.xyz: [Errno -5] No address associated with hostname
2026-09-07 23:24:30,272 - DEBUG - DNS解析重试中 hk.616049.xyz: [Errno -5] No address associated with hostname
2026-09-07 23:24:31,273 - WARNING - [hk.616049.xyz (HKG)] ├─ 无有效DNS记录，触发紧急更新
2026-09-07 23:37:03,557 - ERROR - CFST更新失败: None
2026-09-07 23:37:03,557 - INFO - --------------------------------------------------
2026-09-07 23:37:03,557 - INFO - [us.616049.xyz (LAX)] 开始处理节点维护
2026-09-07 23:37:03,573 - DEBUG - DNS解析重试中 us.616049.xyz: [Errno -5] No address associated with hostname
2026-09-07 23:37:04,587 - DEBUG - DNS解析重试中 us.616049.xyz: [Errno -5] No address associated with hostname
2026-09-07 23:37:05,599 - DEBUG - DNS解析重试中 us.616049.xyz: [Errno -5] No address associated with hostname
2026-09-07 23:37:06,600 - WARNING - [us.616049.xyz (LAX)] ├─ 无有效DNS记录，触发紧急更新
2026-09-07 23:49:38,621 - ERROR - CFST更新失败: None
2026-09-07 23:49:38,621 - INFO - --------------------------------------------------
2026-09-07 23:49:38,622 - INFO - [de.616049.xyz (FRA)] 开始处理节点维护
2026-09-07 23:49:38,633 - DEBUG - DNS解析重试中 de.616049.xyz: [Errno -5] No address associated with hostname
2026-09-07 23:49:39,659 - DEBUG - DNS解析重试中 de.616049.xyz: [Errno -5] No address associated with hostname
2026-09-07 23:49:40,675 - DEBUG - DNS解析重试中 de.616049.xyz: [Errno -5] No address associated with hostname
2026-09-07 23:49:41,676 - WARNING - [de.616049.xyz (FRA)] ├─ 无有效DNS记录，触发紧急更新
2026-09-08 00:02:14,253 - ERROR - CFST更新失败: None
2026-09-08 00:02:14,256 - DEBUG - Starting new HTTPS connection (1): api.telegram.org:443
2026-09-08 00:02:14,722 - DEBUG - https://api.telegram.org:443 "POST /bot/sendMessage HTTP/1.1" 404 55
