2026-09-07 03:49:19,287 - INFO - 启动维护任务 | 协议类型: IPV4
2026-09-07 03:49:19,288 - INFO - --------------------------------------------------
2026-09-07 03:49:19,288 - INFO - [hk.616049.xyz (HKG)] 开始处理节点维护
2026-09-07 03:49:19,315 - DEBUG - DNS解析重试中 hk.616049.xyz: [Errno -5] No address associated with hostname
2026-09-07 03:49:20,363 - DEBUG - DNS解析重试中 hk.616049.xyz: [Errno -5] No address associated with hostname
2026-09-07 03:49:21,402 - DEBUG - DNS解析重试中 hk.616049.xyz: [Errno -5] No address associated with hostname
2026-09-07 03:49:22,403 - WARNING - [hk.616049.xyz (HKG)] ├─ 无有效DNS记录，触发紧急更新
2026-09-07 04:01:53,612 - ERROR - CFST更新失败: None
2026-09-07 04:01:53,612 - INFO - --------------------------------------------------
2026-09-07 04:01:53,612 - INFO - [us.616049.xyz (LAX)] 开始处理节点维护
2026-09-07 04:01:53,659 - DEBUG - DNS解析重试中 us.616049.xyz: [Errno -5] No address associated with hostname
2026-09-07 04:01:54,694 - DEBUG - DNS解析重试中 us.616049.xyz: [Errno -5] No address associated with hostname
2026-09-07 04:01:55,739 - DEBUG - DNS解析重试中 us.616049.xyz: [Errno -5] No address associated with hostname
2026-09-07 04:01:56,740 - WARNING - [us.616049.xyz (LAX)] ├─ 无有效DNS记录，触发紧急更新
2026-09-07 04:14:28,447 - ERROR - CFST更新失败: None
2026-09-07 04:14:28,447 - INFO - --------------------------------------------------
2026-09-07 04:14:28,447 - INFO - [de.616049.xyz (FRA)] 开始处理节点维护
2026-09-07 04:14:28,472 - DEBUG - DNS解析重试中 de.616049.xyz: [Errno -5] No address associated with hostname
2026-09-07 04:14:29,514 - DEBUG - DNS解析重试中 de.616049.xyz: [Errno -5] No address associated with hostname
2026-09-07 04:14:30,559 - DEBUG - DNS解析重试中 de.616049.xyz: [Errno -5] No address associated with hostname
2026-09-07 04:14:31,560 - WARNING - [de.616049.xyz (FRA)] ├─ 无有效DNS记录，触发紧急更新
2026-09-07 04:27:02,895 - ERROR - CFST更新失败: None
2026-09-07 04:27:02,899 - DEBUG - Starting new HTTPS connection (1): api.telegram.org:443
2026-09-07 04:27:03,207 - DEBUG - https://api.telegram.org:443 "POST /bot/sendMessage HTTP/1.1" 404 55
