2026-08-25 22:35:28,633 - INFO - 启动维护任务 | 协议类型: IPV4
2026-08-25 22:35:28,633 - INFO - --------------------------------------------------
2026-08-25 22:35:28,633 - INFO - [hk.616049.xyz (HKG)] 开始处理节点维护
2026-08-25 22:35:28,711 - DEBUG - DNS解析重试中 hk.616049.xyz: [Errno -5] No address associated with hostname
2026-08-25 22:35:29,767 - DEBUG - DNS解析重试中 hk.616049.xyz: [Errno -5] No address associated with hostname
2026-08-25 22:35:30,828 - DEBUG - DNS解析重试中 hk.616049.xyz: [Errno -5] No address associated with hostname
2026-08-25 22:35:31,830 - WARNING - [hk.616049.xyz (HKG)] ├─ 无有效DNS记录，触发紧急更新
2026-08-25 22:48:10,647 - ERROR - CFST更新失败: None
2026-08-25 22:48:10,647 - INFO - --------------------------------------------------
2026-08-25 22:48:10,647 - INFO - [us.616049.xyz (LAX)] 开始处理节点维护
2026-08-25 22:48:10,717 - DEBUG - DNS解析重试中 us.616049.xyz: [Errno -5] No address associated with hostname
2026-08-25 22:48:11,811 - DEBUG - DNS解析重试中 us.616049.xyz: [Errno -5] No address associated with hostname
2026-08-25 22:48:12,889 - DEBUG - DNS解析重试中 us.616049.xyz: [Errno -5] No address associated with hostname
2026-08-25 22:48:13,891 - WARNING - [us.616049.xyz (LAX)] ├─ 无有效DNS记录，触发紧急更新
2026-08-25 23:00:53,889 - ERROR - CFST更新失败: None
2026-08-25 23:00:53,889 - INFO - --------------------------------------------------
2026-08-25 23:00:53,889 - INFO - [de.616049.xyz (FRA)] 开始处理节点维护
2026-08-25 23:00:53,944 - DEBUG - DNS解析重试中 de.616049.xyz: [Errno -5] No address associated with hostname
2026-08-25 23:00:55,001 - DEBUG - DNS解析重试中 de.616049.xyz: [Errno -5] No address associated with hostname
2026-08-25 23:00:56,061 - DEBUG - DNS解析重试中 de.616049.xyz: [Errno -5] No address associated with hostname
2026-08-25 23:00:57,062 - WARNING - [de.616049.xyz (FRA)] ├─ 无有效DNS记录，触发紧急更新
2026-08-25 23:13:38,687 - ERROR - CFST更新失败: None
2026-08-25 23:13:38,691 - DEBUG - Starting new HTTPS connection (1): api.telegram.org:443
2026-08-25 23:13:39,072 - DEBUG - https://api.telegram.org:443 "POST /bot/sendMessage HTTP/1.1" 404 55
