2026-08-11 12:59:12,089 - INFO - 启动维护任务 | 协议类型: IPV4
2026-08-11 12:59:12,089 - INFO - --------------------------------------------------
2026-08-11 12:59:12,089 - INFO - [hk.616049.xyz (HKG)] 开始处理节点维护
2026-08-11 12:59:12,249 - DEBUG - DNS解析重试中 hk.616049.xyz: [Errno -5] No address associated with hostname
2026-08-11 12:59:13,264 - DEBUG - DNS解析重试中 hk.616049.xyz: [Errno -5] No address associated with hostname
2026-08-11 12:59:14,281 - DEBUG - DNS解析重试中 hk.616049.xyz: [Errno -5] No address associated with hostname
2026-08-11 12:59:15,283 - WARNING - [hk.616049.xyz (HKG)] ├─ 无有效DNS记录，触发紧急更新
2026-08-11 13:11:46,883 - ERROR - CFST更新失败: None
2026-08-11 13:11:46,883 - INFO - --------------------------------------------------
2026-08-11 13:11:46,883 - INFO - [us.616049.xyz (LAX)] 开始处理节点维护
2026-08-11 13:11:46,894 - DEBUG - DNS解析重试中 us.616049.xyz: [Errno -5] No address associated with hostname
2026-08-11 13:11:47,913 - DEBUG - DNS解析重试中 us.616049.xyz: [Errno -5] No address associated with hostname
2026-08-11 13:11:48,925 - DEBUG - DNS解析重试中 us.616049.xyz: [Errno -5] No address associated with hostname
2026-08-11 13:11:49,926 - WARNING - [us.616049.xyz (LAX)] ├─ 无有效DNS记录，触发紧急更新
2026-08-11 13:24:21,411 - ERROR - CFST更新失败: None
2026-08-11 13:24:21,412 - INFO - --------------------------------------------------
2026-08-11 13:24:21,412 - INFO - [de.616049.xyz (FRA)] 开始处理节点维护
2026-08-11 13:24:21,428 - DEBUG - DNS解析重试中 de.616049.xyz: [Errno -5] No address associated with hostname
2026-08-11 13:24:22,438 - DEBUG - DNS解析重试中 de.616049.xyz: [Errno -5] No address associated with hostname
2026-08-11 13:24:23,460 - DEBUG - DNS解析重试中 de.616049.xyz: [Errno -5] No address associated with hostname
2026-08-11 13:24:24,461 - WARNING - [de.616049.xyz (FRA)] ├─ 无有效DNS记录，触发紧急更新
2026-08-11 13:36:56,357 - ERROR - CFST更新失败: None
2026-08-11 13:36:56,361 - DEBUG - Starting new HTTPS connection (1): api.telegram.org:443
2026-08-11 13:36:56,846 - DEBUG - https://api.telegram.org:443 "POST /bot/sendMessage HTTP/1.1" 404 55
