2026-09-10 06:07:48,942 - INFO - 启动维护任务 | 协议类型: IPV4
2026-09-10 06:07:48,942 - INFO - --------------------------------------------------
2026-09-10 06:07:48,942 - INFO - [hk.616049.xyz (HKG)] 开始处理节点维护
2026-09-10 06:07:49,011 - DEBUG - DNS解析重试中 hk.616049.xyz: [Errno -5] No address associated with hostname
2026-09-10 06:07:50,106 - DEBUG - DNS解析重试中 hk.616049.xyz: [Errno -5] No address associated with hostname
2026-09-10 06:07:51,175 - DEBUG - DNS解析重试中 hk.616049.xyz: [Errno -5] No address associated with hostname
2026-09-10 06:07:52,177 - WARNING - [hk.616049.xyz (HKG)] ├─ 无有效DNS记录，触发紧急更新
2026-09-10 06:20:11,383 - ERROR - CFST更新失败: None
2026-09-10 06:20:11,383 - INFO - --------------------------------------------------
2026-09-10 06:20:11,383 - INFO - [us.616049.xyz (LAX)] 开始处理节点维护
2026-09-10 06:20:11,477 - DEBUG - DNS解析重试中 us.616049.xyz: [Errno -5] No address associated with hostname
2026-09-10 06:20:12,538 - DEBUG - DNS解析重试中 us.616049.xyz: [Errno -5] No address associated with hostname
2026-09-10 06:20:13,595 - DEBUG - DNS解析重试中 us.616049.xyz: [Errno -5] No address associated with hostname
2026-09-10 06:20:14,596 - WARNING - [us.616049.xyz (LAX)] ├─ 无有效DNS记录，触发紧急更新
2026-09-10 06:32:28,323 - ERROR - CFST更新失败: None
2026-09-10 06:32:28,323 - INFO - --------------------------------------------------
2026-09-10 06:32:28,323 - INFO - [de.616049.xyz (FRA)] 开始处理节点维护
2026-09-10 06:32:28,374 - DEBUG - DNS解析重试中 de.616049.xyz: [Errno -5] No address associated with hostname
2026-09-10 06:32:29,427 - DEBUG - DNS解析重试中 de.616049.xyz: [Errno -5] No address associated with hostname
2026-09-10 06:32:30,495 - DEBUG - DNS解析重试中 de.616049.xyz: [Errno -5] No address associated with hostname
2026-09-10 06:32:31,496 - WARNING - [de.616049.xyz (FRA)] ├─ 无有效DNS记录，触发紧急更新
2026-09-10 06:44:44,806 - ERROR - CFST更新失败: None
2026-09-10 06:44:44,809 - DEBUG - Starting new HTTPS connection (1): api.telegram.org:443
2026-09-10 06:44:45,153 - DEBUG - https://api.telegram.org:443 "POST /bot/sendMessage HTTP/1.1" 404 55
