2026-07-29 13:13:33,232 - INFO - 启动维护任务 | 协议类型: IPV4
2026-07-29 13:13:33,232 - INFO - --------------------------------------------------
2026-07-29 13:13:33,232 - INFO - [hk.616049.xyz (HKG)] 开始处理节点维护
2026-07-29 13:13:33,259 - DEBUG - DNS解析重试中 hk.616049.xyz: [Errno -5] No address associated with hostname
2026-07-29 13:13:34,266 - DEBUG - DNS解析重试中 hk.616049.xyz: [Errno -5] No address associated with hostname
2026-07-29 13:13:35,295 - DEBUG - DNS解析重试中 hk.616049.xyz: [Errno -5] No address associated with hostname
2026-07-29 13:13:36,296 - WARNING - [hk.616049.xyz (HKG)] ├─ 无有效DNS记录，触发紧急更新
2026-07-29 13:25:48,102 - ERROR - CFST更新失败: None
2026-07-29 13:25:48,102 - INFO - --------------------------------------------------
2026-07-29 13:25:48,103 - INFO - [us.616049.xyz (LAX)] 开始处理节点维护
2026-07-29 13:25:48,138 - DEBUG - DNS解析重试中 us.616049.xyz: [Errno -5] No address associated with hostname
2026-07-29 13:25:49,174 - DEBUG - DNS解析重试中 us.616049.xyz: [Errno -5] No address associated with hostname
2026-07-29 13:25:50,212 - DEBUG - DNS解析重试中 us.616049.xyz: [Errno -5] No address associated with hostname
2026-07-29 13:25:51,213 - WARNING - [us.616049.xyz (LAX)] ├─ 无有效DNS记录，触发紧急更新
2026-07-29 13:38:02,105 - ERROR - CFST更新失败: None
2026-07-29 13:38:02,105 - INFO - --------------------------------------------------
2026-07-29 13:38:02,105 - INFO - [de.616049.xyz (FRA)] 开始处理节点维护
2026-07-29 13:38:02,163 - DEBUG - DNS解析重试中 de.616049.xyz: [Errno -5] No address associated with hostname
2026-07-29 13:38:03,234 - DEBUG - DNS解析重试中 de.616049.xyz: [Errno -5] No address associated with hostname
2026-07-29 13:38:04,263 - DEBUG - DNS解析重试中 de.616049.xyz: [Errno -5] No address associated with hostname
2026-07-29 13:38:05,264 - WARNING - [de.616049.xyz (FRA)] ├─ 无有效DNS记录，触发紧急更新
2026-07-29 13:50:16,187 - ERROR - CFST更新失败: None
2026-07-29 13:50:16,190 - DEBUG - Starting new HTTPS connection (1): api.telegram.org:443
2026-07-29 13:50:16,495 - DEBUG - https://api.telegram.org:443 "POST /bot/sendMessage HTTP/1.1" 404 55
