2026-08-16 04:12:26,745 - INFO - 启动维护任务 | 协议类型: IPV4
2026-08-16 04:12:26,745 - INFO - --------------------------------------------------
2026-08-16 04:12:26,745 - INFO - [hk.616049.xyz (HKG)] 开始处理节点维护
2026-08-16 04:12:26,788 - DEBUG - DNS解析重试中 hk.616049.xyz: [Errno -5] No address associated with hostname
2026-08-16 04:12:27,828 - DEBUG - DNS解析重试中 hk.616049.xyz: [Errno -5] No address associated with hostname
2026-08-16 04:12:28,869 - DEBUG - DNS解析重试中 hk.616049.xyz: [Errno -5] No address associated with hostname
2026-08-16 04:12:29,870 - WARNING - [hk.616049.xyz (HKG)] ├─ 无有效DNS记录，触发紧急更新
2026-08-16 04:24:57,445 - ERROR - CFST更新失败: None
2026-08-16 04:24:57,446 - INFO - --------------------------------------------------
2026-08-16 04:24:57,446 - INFO - [us.616049.xyz (LAX)] 开始处理节点维护
2026-08-16 04:24:57,491 - DEBUG - DNS解析重试中 us.616049.xyz: [Errno -5] No address associated with hostname
2026-08-16 04:24:58,536 - DEBUG - DNS解析重试中 us.616049.xyz: [Errno -5] No address associated with hostname
2026-08-16 04:24:59,586 - DEBUG - DNS解析重试中 us.616049.xyz: [Errno -5] No address associated with hostname
2026-08-16 04:25:00,587 - WARNING - [us.616049.xyz (LAX)] ├─ 无有效DNS记录，触发紧急更新
2026-08-16 04:37:27,253 - ERROR - CFST更新失败: None
2026-08-16 04:37:27,253 - INFO - --------------------------------------------------
2026-08-16 04:37:27,253 - INFO - [de.616049.xyz (FRA)] 开始处理节点维护
2026-08-16 04:37:27,296 - DEBUG - DNS解析重试中 de.616049.xyz: [Errno -5] No address associated with hostname
2026-08-16 04:37:28,316 - DEBUG - DNS解析重试中 de.616049.xyz: [Errno -5] No address associated with hostname
2026-08-16 04:37:29,368 - DEBUG - DNS解析重试中 de.616049.xyz: [Errno -5] No address associated with hostname
2026-08-16 04:37:30,369 - WARNING - [de.616049.xyz (FRA)] ├─ 无有效DNS记录，触发紧急更新
2026-08-16 04:49:57,407 - ERROR - CFST更新失败: None
2026-08-16 04:49:57,410 - DEBUG - Starting new HTTPS connection (1): api.telegram.org:443
2026-08-16 04:49:57,834 - DEBUG - https://api.telegram.org:443 "POST /bot/sendMessage HTTP/1.1" 404 55
