2026-08-20 20:30:09,152 - INFO - 启动维护任务 | 协议类型: IPV4
2026-08-20 20:30:09,152 - INFO - --------------------------------------------------
2026-08-20 20:30:09,152 - INFO - [hk.616049.xyz (HKG)] 开始处理节点维护
2026-08-20 20:30:09,258 - DEBUG - DNS解析重试中 hk.616049.xyz: [Errno -5] No address associated with hostname
2026-08-20 20:30:10,312 - DEBUG - DNS解析重试中 hk.616049.xyz: [Errno -5] No address associated with hostname
2026-08-20 20:30:11,383 - DEBUG - DNS解析重试中 hk.616049.xyz: [Errno -5] No address associated with hostname
2026-08-20 20:30:12,385 - WARNING - [hk.616049.xyz (HKG)] ├─ 无有效DNS记录，触发紧急更新
2026-08-20 20:42:54,700 - ERROR - CFST更新失败: None
2026-08-20 20:42:54,700 - INFO - --------------------------------------------------
2026-08-20 20:42:54,700 - INFO - [us.616049.xyz (LAX)] 开始处理节点维护
2026-08-20 20:42:54,764 - DEBUG - DNS解析重试中 us.616049.xyz: [Errno -5] No address associated with hostname
2026-08-20 20:42:55,815 - DEBUG - DNS解析重试中 us.616049.xyz: [Errno -5] No address associated with hostname
2026-08-20 20:42:56,883 - DEBUG - DNS解析重试中 us.616049.xyz: [Errno -5] No address associated with hostname
2026-08-20 20:42:57,884 - WARNING - [us.616049.xyz (LAX)] ├─ 无有效DNS记录，触发紧急更新
2026-08-20 20:55:42,538 - ERROR - CFST更新失败: None
2026-08-20 20:55:42,538 - INFO - --------------------------------------------------
2026-08-20 20:55:42,538 - INFO - [de.616049.xyz (FRA)] 开始处理节点维护
2026-08-20 20:55:42,607 - DEBUG - DNS解析重试中 de.616049.xyz: [Errno -5] No address associated with hostname
2026-08-20 20:55:43,690 - DEBUG - DNS解析重试中 de.616049.xyz: [Errno -5] No address associated with hostname
2026-08-20 20:55:44,751 - DEBUG - DNS解析重试中 de.616049.xyz: [Errno -5] No address associated with hostname
2026-08-20 20:55:45,752 - WARNING - [de.616049.xyz (FRA)] ├─ 无有效DNS记录，触发紧急更新
2026-08-20 21:08:23,085 - ERROR - CFST更新失败: None
2026-08-20 21:08:23,089 - DEBUG - Starting new HTTPS connection (1): api.telegram.org:443
2026-08-20 21:08:23,467 - DEBUG - https://api.telegram.org:443 "POST /bot/sendMessage HTTP/1.1" 404 55
