2026-08-26 22:35:29,110 - INFO - 启动维护任务 | 协议类型: IPV4
2026-08-26 22:35:29,111 - INFO - --------------------------------------------------
2026-08-26 22:35:29,111 - INFO - [hk.616049.xyz (HKG)] 开始处理节点维护
2026-08-26 22:35:29,174 - DEBUG - DNS解析重试中 hk.616049.xyz: [Errno -5] No address associated with hostname
2026-08-26 22:35:30,214 - DEBUG - DNS解析重试中 hk.616049.xyz: [Errno -5] No address associated with hostname
2026-08-26 22:35:31,257 - DEBUG - DNS解析重试中 hk.616049.xyz: [Errno -5] No address associated with hostname
2026-08-26 22:35:32,258 - WARNING - [hk.616049.xyz (HKG)] ├─ 无有效DNS记录，触发紧急更新
2026-08-26 22:48:04,915 - ERROR - CFST更新失败: None
2026-08-26 22:48:04,915 - INFO - --------------------------------------------------
2026-08-26 22:48:04,916 - INFO - [us.616049.xyz (LAX)] 开始处理节点维护
2026-08-26 22:48:04,953 - DEBUG - DNS解析重试中 us.616049.xyz: [Errno -5] No address associated with hostname
2026-08-26 22:48:05,996 - DEBUG - DNS解析重试中 us.616049.xyz: [Errno -5] No address associated with hostname
2026-08-26 22:48:07,038 - DEBUG - DNS解析重试中 us.616049.xyz: [Errno -5] No address associated with hostname
2026-08-26 22:48:08,040 - WARNING - [us.616049.xyz (LAX)] ├─ 无有效DNS记录，触发紧急更新
2026-08-26 23:00:41,401 - ERROR - CFST更新失败: None
2026-08-26 23:00:41,401 - INFO - --------------------------------------------------
2026-08-26 23:00:41,401 - INFO - [de.616049.xyz (FRA)] 开始处理节点维护
2026-08-26 23:00:41,440 - DEBUG - DNS解析重试中 de.616049.xyz: [Errno -5] No address associated with hostname
2026-08-26 23:00:42,478 - DEBUG - DNS解析重试中 de.616049.xyz: [Errno -5] No address associated with hostname
2026-08-26 23:00:43,524 - DEBUG - DNS解析重试中 de.616049.xyz: [Errno -5] No address associated with hostname
2026-08-26 23:00:44,525 - WARNING - [de.616049.xyz (FRA)] ├─ 无有效DNS记录，触发紧急更新
2026-08-26 23:13:19,001 - ERROR - CFST更新失败: None
2026-08-26 23:13:19,005 - DEBUG - Starting new HTTPS connection (1): api.telegram.org:443
2026-08-26 23:13:19,453 - DEBUG - https://api.telegram.org:443 "POST /bot/sendMessage HTTP/1.1" 404 55
