2026-08-07 22:45:48,884 - INFO - 启动维护任务 | 协议类型: IPV4
2026-08-07 22:45:48,884 - INFO - --------------------------------------------------
2026-08-07 22:45:48,884 - INFO - [hk.616049.xyz (HKG)] 开始处理节点维护
2026-08-07 22:45:48,941 - DEBUG - DNS解析重试中 hk.616049.xyz: [Errno -5] No address associated with hostname
2026-08-07 22:45:49,996 - DEBUG - DNS解析重试中 hk.616049.xyz: [Errno -5] No address associated with hostname
2026-08-07 22:45:51,204 - DEBUG - DNS解析重试中 hk.616049.xyz: [Errno -5] No address associated with hostname
2026-08-07 22:45:52,205 - WARNING - [hk.616049.xyz (HKG)] ├─ 无有效DNS记录，触发紧急更新
2026-08-07 22:58:10,817 - ERROR - CFST更新失败: None
2026-08-07 22:58:10,817 - INFO - --------------------------------------------------
2026-08-07 22:58:10,817 - INFO - [us.616049.xyz (LAX)] 开始处理节点维护
2026-08-07 22:58:10,864 - DEBUG - DNS解析重试中 us.616049.xyz: [Errno -5] No address associated with hostname
2026-08-07 22:58:11,917 - DEBUG - DNS解析重试中 us.616049.xyz: [Errno -5] No address associated with hostname
2026-08-07 22:58:12,968 - DEBUG - DNS解析重试中 us.616049.xyz: [Errno -5] No address associated with hostname
2026-08-07 22:58:13,970 - WARNING - [us.616049.xyz (LAX)] ├─ 无有效DNS记录，触发紧急更新
2026-08-07 23:10:25,389 - ERROR - CFST更新失败: None
2026-08-07 23:10:25,389 - INFO - --------------------------------------------------
2026-08-07 23:10:25,389 - INFO - [de.616049.xyz (FRA)] 开始处理节点维护
2026-08-07 23:10:25,455 - DEBUG - DNS解析重试中 de.616049.xyz: [Errno -5] No address associated with hostname
2026-08-07 23:10:26,586 - DEBUG - DNS解析重试中 de.616049.xyz: [Errno -5] No address associated with hostname
2026-08-07 23:10:27,651 - DEBUG - DNS解析重试中 de.616049.xyz: [Errno -5] No address associated with hostname
2026-08-07 23:10:28,653 - WARNING - [de.616049.xyz (FRA)] ├─ 无有效DNS记录，触发紧急更新
2026-08-07 23:22:42,584 - ERROR - CFST更新失败: None
2026-08-07 23:22:42,587 - DEBUG - Starting new HTTPS connection (1): api.telegram.org:443
2026-08-07 23:22:42,981 - DEBUG - https://api.telegram.org:443 "POST /bot/sendMessage HTTP/1.1" 404 55
