2026-08-11 04:32:21,945 - INFO - 启动维护任务 | 协议类型: IPV4
2026-08-11 04:32:21,945 - INFO - --------------------------------------------------
2026-08-11 04:32:21,945 - INFO - [hk.616049.xyz (HKG)] 开始处理节点维护
2026-08-11 04:32:21,982 - DEBUG - DNS解析重试中 hk.616049.xyz: [Errno -5] No address associated with hostname
2026-08-11 04:32:23,020 - DEBUG - DNS解析重试中 hk.616049.xyz: [Errno -5] No address associated with hostname
2026-08-11 04:32:24,065 - DEBUG - DNS解析重试中 hk.616049.xyz: [Errno -5] No address associated with hostname
2026-08-11 04:32:25,066 - WARNING - [hk.616049.xyz (HKG)] ├─ 无有效DNS记录，触发紧急更新
2026-08-11 04:44:57,363 - ERROR - CFST更新失败: None
2026-08-11 04:44:57,363 - INFO - --------------------------------------------------
2026-08-11 04:44:57,363 - INFO - [us.616049.xyz (LAX)] 开始处理节点维护
2026-08-11 04:44:57,399 - DEBUG - DNS解析重试中 us.616049.xyz: [Errno -5] No address associated with hostname
2026-08-11 04:44:58,438 - DEBUG - DNS解析重试中 us.616049.xyz: [Errno -5] No address associated with hostname
2026-08-11 04:44:59,503 - DEBUG - DNS解析重试中 us.616049.xyz: [Errno -5] No address associated with hostname
2026-08-11 04:45:00,504 - WARNING - [us.616049.xyz (LAX)] ├─ 无有效DNS记录，触发紧急更新
2026-08-11 04:57:32,138 - ERROR - CFST更新失败: None
2026-08-11 04:57:32,138 - INFO - --------------------------------------------------
2026-08-11 04:57:32,138 - INFO - [de.616049.xyz (FRA)] 开始处理节点维护
2026-08-11 04:57:32,175 - DEBUG - DNS解析重试中 de.616049.xyz: [Errno -5] No address associated with hostname
2026-08-11 04:57:33,211 - DEBUG - DNS解析重试中 de.616049.xyz: [Errno -5] No address associated with hostname
2026-08-11 04:57:34,248 - DEBUG - DNS解析重试中 de.616049.xyz: [Errno -5] No address associated with hostname
2026-08-11 04:57:35,250 - WARNING - [de.616049.xyz (FRA)] ├─ 无有效DNS记录，触发紧急更新
2026-08-11 05:10:07,859 - ERROR - CFST更新失败: None
2026-08-11 05:10:07,863 - DEBUG - Starting new HTTPS connection (1): api.telegram.org:443
2026-08-11 05:10:08,311 - DEBUG - https://api.telegram.org:443 "POST /bot/sendMessage HTTP/1.1" 404 55
