2026-07-30 12:50:36,646 - INFO - 启动维护任务 | 协议类型: IPV4
2026-07-30 12:50:36,646 - INFO - --------------------------------------------------
2026-07-30 12:50:36,646 - INFO - [hk.616049.xyz (HKG)] 开始处理节点维护
2026-07-30 12:50:36,662 - DEBUG - DNS解析重试中 hk.616049.xyz: [Errno -5] No address associated with hostname
2026-07-30 12:50:37,675 - DEBUG - DNS解析重试中 hk.616049.xyz: [Errno -5] No address associated with hostname
2026-07-30 12:50:38,700 - DEBUG - DNS解析重试中 hk.616049.xyz: [Errno -5] No address associated with hostname
2026-07-30 12:50:39,701 - WARNING - [hk.616049.xyz (HKG)] ├─ 无有效DNS记录，触发紧急更新
2026-07-30 13:03:10,452 - ERROR - CFST更新失败: None
2026-07-30 13:03:10,452 - INFO - --------------------------------------------------
2026-07-30 13:03:10,452 - INFO - [us.616049.xyz (LAX)] 开始处理节点维护
2026-07-30 13:03:10,477 - DEBUG - DNS解析重试中 us.616049.xyz: [Errno -5] No address associated with hostname
2026-07-30 13:03:11,493 - DEBUG - DNS解析重试中 us.616049.xyz: [Errno -5] No address associated with hostname
2026-07-30 13:03:12,517 - DEBUG - DNS解析重试中 us.616049.xyz: [Errno -5] No address associated with hostname
2026-07-30 13:03:13,519 - WARNING - [us.616049.xyz (LAX)] ├─ 无有效DNS记录，触发紧急更新
2026-07-30 13:15:43,581 - ERROR - CFST更新失败: None
2026-07-30 13:15:43,581 - INFO - --------------------------------------------------
2026-07-30 13:15:43,581 - INFO - [de.616049.xyz (FRA)] 开始处理节点维护
2026-07-30 13:15:43,594 - DEBUG - DNS解析重试中 de.616049.xyz: [Errno -5] No address associated with hostname
2026-07-30 13:15:44,611 - DEBUG - DNS解析重试中 de.616049.xyz: [Errno -5] No address associated with hostname
2026-07-30 13:15:45,634 - DEBUG - DNS解析重试中 de.616049.xyz: [Errno -5] No address associated with hostname
2026-07-30 13:15:46,635 - WARNING - [de.616049.xyz (FRA)] ├─ 无有效DNS记录，触发紧急更新
2026-07-30 13:28:18,356 - ERROR - CFST更新失败: None
2026-07-30 13:28:18,360 - DEBUG - Starting new HTTPS connection (1): api.telegram.org:443
2026-07-30 13:28:18,653 - DEBUG - https://api.telegram.org:443 "POST /bot/sendMessage HTTP/1.1" 404 55
