2026-08-31 10:36:23,877 - INFO - 启动维护任务 | 协议类型: IPV4
2026-08-31 10:36:23,877 - INFO - --------------------------------------------------
2026-08-31 10:36:23,877 - INFO - [hk.616049.xyz (HKG)] 开始处理节点维护
2026-08-31 10:36:23,931 - DEBUG - DNS解析重试中 hk.616049.xyz: [Errno -5] No address associated with hostname
2026-08-31 10:36:24,989 - DEBUG - DNS解析重试中 hk.616049.xyz: [Errno -5] No address associated with hostname
2026-08-31 10:36:26,050 - DEBUG - DNS解析重试中 hk.616049.xyz: [Errno -5] No address associated with hostname
2026-08-31 10:36:27,051 - WARNING - [hk.616049.xyz (HKG)] ├─ 无有效DNS记录，触发紧急更新
2026-08-31 10:48:38,016 - ERROR - CFST更新失败: None
2026-08-31 10:48:38,016 - INFO - --------------------------------------------------
2026-08-31 10:48:38,016 - INFO - [us.616049.xyz (LAX)] 开始处理节点维护
2026-08-31 10:48:38,095 - DEBUG - DNS解析重试中 us.616049.xyz: [Errno -5] No address associated with hostname
2026-08-31 10:48:39,146 - DEBUG - DNS解析重试中 us.616049.xyz: [Errno -5] No address associated with hostname
2026-08-31 10:48:40,233 - DEBUG - DNS解析重试中 us.616049.xyz: [Errno -5] No address associated with hostname
2026-08-31 10:48:41,234 - WARNING - [us.616049.xyz (LAX)] ├─ 无有效DNS记录，触发紧急更新
2026-08-31 11:00:51,921 - ERROR - CFST更新失败: None
2026-08-31 11:00:51,921 - INFO - --------------------------------------------------
2026-08-31 11:00:51,921 - INFO - [de.616049.xyz (FRA)] 开始处理节点维护
2026-08-31 11:00:51,999 - DEBUG - DNS解析重试中 de.616049.xyz: [Errno -5] No address associated with hostname
2026-08-31 11:00:53,072 - DEBUG - DNS解析重试中 de.616049.xyz: [Errno -5] No address associated with hostname
2026-08-31 11:00:54,088 - DEBUG - DNS解析重试中 de.616049.xyz: [Errno -5] No address associated with hostname
2026-08-31 11:00:55,089 - WARNING - [de.616049.xyz (FRA)] ├─ 无有效DNS记录，触发紧急更新
2026-08-31 11:13:05,531 - ERROR - CFST更新失败: None
2026-08-31 11:13:05,534 - DEBUG - Starting new HTTPS connection (1): api.telegram.org:443
2026-08-31 11:13:05,903 - DEBUG - https://api.telegram.org:443 "POST /bot/sendMessage HTTP/1.1" 404 55
