2026-08-13 18:54:19,825 - INFO - 启动维护任务 | 协议类型: IPV4
2026-08-13 18:54:19,825 - INFO - --------------------------------------------------
2026-08-13 18:54:19,825 - INFO - [hk.616049.xyz (HKG)] 开始处理节点维护
2026-08-13 18:54:19,842 - DEBUG - DNS解析重试中 hk.616049.xyz: [Errno -5] No address associated with hostname
2026-08-13 18:54:20,867 - DEBUG - DNS解析重试中 hk.616049.xyz: [Errno -5] No address associated with hostname
2026-08-13 18:54:21,879 - DEBUG - DNS解析重试中 hk.616049.xyz: [Errno -5] No address associated with hostname
2026-08-13 18:54:22,881 - WARNING - [hk.616049.xyz (HKG)] ├─ 无有效DNS记录，触发紧急更新
2026-08-13 19:06:53,815 - ERROR - CFST更新失败: None
2026-08-13 19:06:53,815 - INFO - --------------------------------------------------
2026-08-13 19:06:53,815 - INFO - [us.616049.xyz (LAX)] 开始处理节点维护
2026-08-13 19:06:53,828 - DEBUG - DNS解析重试中 us.616049.xyz: [Errno -5] No address associated with hostname
2026-08-13 19:06:54,843 - DEBUG - DNS解析重试中 us.616049.xyz: [Errno -5] No address associated with hostname
2026-08-13 19:06:55,869 - DEBUG - DNS解析重试中 us.616049.xyz: [Errno -5] No address associated with hostname
2026-08-13 19:06:56,870 - WARNING - [us.616049.xyz (LAX)] ├─ 无有效DNS记录，触发紧急更新
2026-08-13 19:19:27,586 - ERROR - CFST更新失败: None
2026-08-13 19:19:27,586 - INFO - --------------------------------------------------
2026-08-13 19:19:27,586 - INFO - [de.616049.xyz (FRA)] 开始处理节点维护
2026-08-13 19:19:27,601 - DEBUG - DNS解析重试中 de.616049.xyz: [Errno -5] No address associated with hostname
2026-08-13 19:19:28,615 - DEBUG - DNS解析重试中 de.616049.xyz: [Errno -5] No address associated with hostname
2026-08-13 19:19:29,622 - DEBUG - DNS解析重试中 de.616049.xyz: [Errno -5] No address associated with hostname
2026-08-13 19:19:30,623 - WARNING - [de.616049.xyz (FRA)] ├─ 无有效DNS记录，触发紧急更新
2026-08-13 19:32:02,465 - ERROR - CFST更新失败: None
2026-08-13 19:32:02,469 - DEBUG - Starting new HTTPS connection (1): api.telegram.org:443
2026-08-13 19:32:02,746 - DEBUG - https://api.telegram.org:443 "POST /bot/sendMessage HTTP/1.1" 404 55
