2026-09-19 21:35:48,706 - INFO - 启动维护任务 | 协议类型: IPV4
2026-09-19 21:35:48,706 - INFO - --------------------------------------------------
2026-09-19 21:35:48,707 - INFO - [hk.616049.xyz (HKG)] 开始处理节点维护
2026-09-19 21:35:48,761 - DEBUG - DNS解析重试中 hk.616049.xyz: [Errno -5] No address associated with hostname
2026-09-19 21:35:49,779 - DEBUG - DNS解析重试中 hk.616049.xyz: [Errno -5] No address associated with hostname
2026-09-19 21:35:50,797 - DEBUG - DNS解析重试中 hk.616049.xyz: [Errno -5] No address associated with hostname
2026-09-19 21:35:51,799 - WARNING - [hk.616049.xyz (HKG)] ├─ 无有效DNS记录，触发紧急更新
2026-09-19 21:48:17,900 - ERROR - CFST更新失败: None
2026-09-19 21:48:17,900 - INFO - --------------------------------------------------
2026-09-19 21:48:17,900 - INFO - [us.616049.xyz (LAX)] 开始处理节点维护
2026-09-19 21:48:17,959 - DEBUG - DNS解析重试中 us.616049.xyz: [Errno -5] No address associated with hostname
2026-09-19 21:48:19,010 - DEBUG - DNS解析重试中 us.616049.xyz: [Errno -5] No address associated with hostname
2026-09-19 21:48:20,048 - DEBUG - DNS解析重试中 us.616049.xyz: [Errno -5] No address associated with hostname
2026-09-19 21:48:21,049 - WARNING - [us.616049.xyz (LAX)] ├─ 无有效DNS记录，触发紧急更新
2026-09-19 22:00:45,949 - ERROR - CFST更新失败: None
2026-09-19 22:00:45,950 - INFO - --------------------------------------------------
2026-09-19 22:00:45,950 - INFO - [de.616049.xyz (FRA)] 开始处理节点维护
2026-09-19 22:00:46,008 - DEBUG - DNS解析重试中 de.616049.xyz: [Errno -5] No address associated with hostname
2026-09-19 22:00:47,062 - DEBUG - DNS解析重试中 de.616049.xyz: [Errno -5] No address associated with hostname
2026-09-19 22:00:48,131 - DEBUG - DNS解析重试中 de.616049.xyz: [Errno -5] No address associated with hostname
2026-09-19 22:00:49,132 - WARNING - [de.616049.xyz (FRA)] ├─ 无有效DNS记录，触发紧急更新
2026-09-19 22:13:11,118 - ERROR - CFST更新失败: None
2026-09-19 22:13:11,121 - DEBUG - Starting new HTTPS connection (1): api.telegram.org:443
2026-09-19 22:13:11,542 - DEBUG - https://api.telegram.org:443 "POST /bot/sendMessage HTTP/1.1" 404 55
