2026-08-16 08:47:50,032 - INFO - 启动维护任务 | 协议类型: IPV4
2026-08-16 08:47:50,032 - INFO - --------------------------------------------------
2026-08-16 08:47:50,032 - INFO - [hk.616049.xyz (HKG)] 开始处理节点维护
2026-08-16 08:47:50,108 - DEBUG - DNS解析重试中 hk.616049.xyz: [Errno -5] No address associated with hostname
2026-08-16 08:47:51,155 - DEBUG - DNS解析重试中 hk.616049.xyz: [Errno -5] No address associated with hostname
2026-08-16 08:47:52,180 - DEBUG - DNS解析重试中 hk.616049.xyz: [Errno -5] No address associated with hostname
2026-08-16 08:47:53,181 - WARNING - [hk.616049.xyz (HKG)] ├─ 无有效DNS记录，触发紧急更新
2026-08-16 09:00:10,918 - ERROR - CFST更新失败: None
2026-08-16 09:00:10,918 - INFO - --------------------------------------------------
2026-08-16 09:00:10,918 - INFO - [us.616049.xyz (LAX)] 开始处理节点维护
2026-08-16 09:00:10,973 - DEBUG - DNS解析重试中 us.616049.xyz: [Errno -5] No address associated with hostname
2026-08-16 09:00:11,997 - DEBUG - DNS解析重试中 us.616049.xyz: [Errno -5] No address associated with hostname
2026-08-16 09:00:13,063 - DEBUG - DNS解析重试中 us.616049.xyz: [Errno -5] No address associated with hostname
2026-08-16 09:00:14,065 - WARNING - [us.616049.xyz (LAX)] ├─ 无有效DNS记录，触发紧急更新
2026-08-16 09:12:31,773 - ERROR - CFST更新失败: None
2026-08-16 09:12:31,773 - INFO - --------------------------------------------------
2026-08-16 09:12:31,773 - INFO - [de.616049.xyz (FRA)] 开始处理节点维护
2026-08-16 09:12:31,815 - DEBUG - DNS解析重试中 de.616049.xyz: [Errno -5] No address associated with hostname
2026-08-16 09:12:32,863 - DEBUG - DNS解析重试中 de.616049.xyz: [Errno -5] No address associated with hostname
2026-08-16 09:12:33,902 - DEBUG - DNS解析重试中 de.616049.xyz: [Errno -5] No address associated with hostname
2026-08-16 09:12:34,903 - WARNING - [de.616049.xyz (FRA)] ├─ 无有效DNS记录，触发紧急更新
2026-08-16 09:24:52,474 - ERROR - CFST更新失败: None
2026-08-16 09:24:52,477 - DEBUG - Starting new HTTPS connection (1): api.telegram.org:443
2026-08-16 09:24:52,890 - DEBUG - https://api.telegram.org:443 "POST /bot/sendMessage HTTP/1.1" 404 55
