2026-08-10 22:50:50,248 - INFO - 启动维护任务 | 协议类型: IPV4
2026-08-10 22:50:50,248 - INFO - --------------------------------------------------
2026-08-10 22:50:50,248 - INFO - [hk.616049.xyz (HKG)] 开始处理节点维护
2026-08-10 22:50:50,292 - DEBUG - DNS解析重试中 hk.616049.xyz: [Errno -5] No address associated with hostname
2026-08-10 22:50:51,334 - DEBUG - DNS解析重试中 hk.616049.xyz: [Errno -5] No address associated with hostname
2026-08-10 22:50:52,371 - DEBUG - DNS解析重试中 hk.616049.xyz: [Errno -5] No address associated with hostname
2026-08-10 22:50:53,372 - WARNING - [hk.616049.xyz (HKG)] ├─ 无有效DNS记录，触发紧急更新
2026-08-10 23:03:25,572 - ERROR - CFST更新失败: None
2026-08-10 23:03:25,573 - INFO - --------------------------------------------------
2026-08-10 23:03:25,573 - INFO - [us.616049.xyz (LAX)] 开始处理节点维护
2026-08-10 23:03:25,607 - DEBUG - DNS解析重试中 us.616049.xyz: [Errno -5] No address associated with hostname
2026-08-10 23:03:26,653 - DEBUG - DNS解析重试中 us.616049.xyz: [Errno -5] No address associated with hostname
2026-08-10 23:03:27,692 - DEBUG - DNS解析重试中 us.616049.xyz: [Errno -5] No address associated with hostname
2026-08-10 23:03:28,693 - WARNING - [us.616049.xyz (LAX)] ├─ 无有效DNS记录，触发紧急更新
2026-08-10 23:16:01,260 - ERROR - CFST更新失败: None
2026-08-10 23:16:01,261 - INFO - --------------------------------------------------
2026-08-10 23:16:01,261 - INFO - [de.616049.xyz (FRA)] 开始处理节点维护
2026-08-10 23:16:01,306 - DEBUG - DNS解析重试中 de.616049.xyz: [Errno -5] No address associated with hostname
2026-08-10 23:16:02,341 - DEBUG - DNS解析重试中 de.616049.xyz: [Errno -5] No address associated with hostname
2026-08-10 23:16:03,380 - DEBUG - DNS解析重试中 de.616049.xyz: [Errno -5] No address associated with hostname
2026-08-10 23:16:04,381 - WARNING - [de.616049.xyz (FRA)] ├─ 无有效DNS记录，触发紧急更新
2026-08-10 23:28:37,048 - ERROR - CFST更新失败: None
2026-08-10 23:28:37,051 - DEBUG - Starting new HTTPS connection (1): api.telegram.org:443
2026-08-10 23:28:37,554 - DEBUG - https://api.telegram.org:443 "POST /bot/sendMessage HTTP/1.1" 404 55
