2026-08-08 16:29:45,191 - INFO - 启动维护任务 | 协议类型: IPV4
2026-08-08 16:29:45,191 - INFO - --------------------------------------------------
2026-08-08 16:29:45,191 - INFO - [hk.616049.xyz (HKG)] 开始处理节点维护
2026-08-08 16:29:45,244 - DEBUG - DNS解析重试中 hk.616049.xyz: [Errno -5] No address associated with hostname
2026-08-08 16:29:46,250 - DEBUG - DNS解析重试中 hk.616049.xyz: [Errno -5] No address associated with hostname
2026-08-08 16:29:47,304 - DEBUG - DNS解析重试中 hk.616049.xyz: [Errno -5] No address associated with hostname
2026-08-08 16:29:48,306 - WARNING - [hk.616049.xyz (HKG)] ├─ 无有效DNS记录，触发紧急更新
2026-08-08 16:42:30,969 - ERROR - CFST更新失败: None
2026-08-08 16:42:30,970 - INFO - --------------------------------------------------
2026-08-08 16:42:30,970 - INFO - [us.616049.xyz (LAX)] 开始处理节点维护
2026-08-08 16:42:31,037 - DEBUG - DNS解析重试中 us.616049.xyz: [Errno -5] No address associated with hostname
2026-08-08 16:42:32,109 - DEBUG - DNS解析重试中 us.616049.xyz: [Errno -5] No address associated with hostname
2026-08-08 16:42:33,187 - DEBUG - DNS解析重试中 us.616049.xyz: [Errno -5] No address associated with hostname
2026-08-08 16:42:34,188 - WARNING - [us.616049.xyz (LAX)] ├─ 无有效DNS记录，触发紧急更新
2026-08-08 16:55:23,979 - ERROR - CFST更新失败: None
2026-08-08 16:55:23,979 - INFO - --------------------------------------------------
2026-08-08 16:55:23,979 - INFO - [de.616049.xyz (FRA)] 开始处理节点维护
2026-08-08 16:55:24,025 - DEBUG - DNS解析重试中 de.616049.xyz: [Errno -5] No address associated with hostname
2026-08-08 16:55:25,077 - DEBUG - DNS解析重试中 de.616049.xyz: [Errno -5] No address associated with hostname
2026-08-08 16:55:26,228 - DEBUG - DNS解析重试中 de.616049.xyz: [Errno -5] No address associated with hostname
2026-08-08 16:55:27,229 - WARNING - [de.616049.xyz (FRA)] ├─ 无有效DNS记录，触发紧急更新
2026-08-08 17:08:10,114 - ERROR - CFST更新失败: None
2026-08-08 17:08:10,118 - DEBUG - Starting new HTTPS connection (1): api.telegram.org:443
2026-08-08 17:08:10,497 - DEBUG - https://api.telegram.org:443 "POST /bot/sendMessage HTTP/1.1" 404 55
