2026-08-02 22:54:46,933 - INFO - 启动维护任务 | 协议类型: IPV4
2026-08-02 22:54:46,933 - INFO - --------------------------------------------------
2026-08-02 22:54:46,933 - INFO - [hk.616049.xyz (HKG)] 开始处理节点维护
2026-08-02 22:54:46,945 - DEBUG - DNS解析重试中 hk.616049.xyz: [Errno -5] No address associated with hostname
2026-08-02 22:54:47,959 - DEBUG - DNS解析重试中 hk.616049.xyz: [Errno -5] No address associated with hostname
2026-08-02 22:54:48,991 - DEBUG - DNS解析重试中 hk.616049.xyz: [Errno -5] No address associated with hostname
2026-08-02 22:54:49,993 - WARNING - [hk.616049.xyz (HKG)] ├─ 无有效DNS记录，触发紧急更新
2026-08-02 23:07:21,233 - ERROR - CFST更新失败: None
2026-08-02 23:07:21,233 - INFO - --------------------------------------------------
2026-08-02 23:07:21,233 - INFO - [us.616049.xyz (LAX)] 开始处理节点维护
2026-08-02 23:07:21,246 - DEBUG - DNS解析重试中 us.616049.xyz: [Errno -5] No address associated with hostname
2026-08-02 23:07:22,263 - DEBUG - DNS解析重试中 us.616049.xyz: [Errno -5] No address associated with hostname
2026-08-02 23:07:23,282 - DEBUG - DNS解析重试中 us.616049.xyz: [Errno -5] No address associated with hostname
2026-08-02 23:07:24,284 - WARNING - [us.616049.xyz (LAX)] ├─ 无有效DNS记录，触发紧急更新
2026-08-02 23:19:55,823 - ERROR - CFST更新失败: None
2026-08-02 23:19:55,823 - INFO - --------------------------------------------------
2026-08-02 23:19:55,823 - INFO - [de.616049.xyz (FRA)] 开始处理节点维护
2026-08-02 23:19:55,833 - DEBUG - DNS解析重试中 de.616049.xyz: [Errno -5] No address associated with hostname
2026-08-02 23:19:56,851 - DEBUG - DNS解析重试中 de.616049.xyz: [Errno -5] No address associated with hostname
2026-08-02 23:19:57,865 - DEBUG - DNS解析重试中 de.616049.xyz: [Errno -5] No address associated with hostname
2026-08-02 23:19:58,867 - WARNING - [de.616049.xyz (FRA)] ├─ 无有效DNS记录，触发紧急更新
2026-08-02 23:32:30,121 - ERROR - CFST更新失败: None
2026-08-02 23:32:30,124 - DEBUG - Starting new HTTPS connection (1): api.telegram.org:443
2026-08-02 23:32:30,412 - DEBUG - https://api.telegram.org:443 "POST /bot/sendMessage HTTP/1.1" 404 55
