2026-08-01 01:21:22,564 - INFO - 启动维护任务 | 协议类型: IPV4
2026-08-01 01:21:22,564 - INFO - --------------------------------------------------
2026-08-01 01:21:22,564 - INFO - [hk.616049.xyz (HKG)] 开始处理节点维护
2026-08-01 01:21:22,585 - DEBUG - DNS解析重试中 hk.616049.xyz: [Errno -5] No address associated with hostname
2026-08-01 01:21:23,598 - DEBUG - DNS解析重试中 hk.616049.xyz: [Errno -5] No address associated with hostname
2026-08-01 01:21:24,616 - DEBUG - DNS解析重试中 hk.616049.xyz: [Errno -5] No address associated with hostname
2026-08-01 01:21:25,617 - WARNING - [hk.616049.xyz (HKG)] ├─ 无有效DNS记录，触发紧急更新
2026-08-01 01:33:56,733 - ERROR - CFST更新失败: None
2026-08-01 01:33:56,733 - INFO - --------------------------------------------------
2026-08-01 01:33:56,733 - INFO - [us.616049.xyz (LAX)] 开始处理节点维护
2026-08-01 01:33:56,745 - DEBUG - DNS解析重试中 us.616049.xyz: [Errno -5] No address associated with hostname
2026-08-01 01:33:57,761 - DEBUG - DNS解析重试中 us.616049.xyz: [Errno -5] No address associated with hostname
2026-08-01 01:33:58,811 - DEBUG - DNS解析重试中 us.616049.xyz: [Errno -5] No address associated with hostname
2026-08-01 01:33:59,812 - WARNING - [us.616049.xyz (LAX)] ├─ 无有效DNS记录，触发紧急更新
2026-08-01 01:46:31,208 - ERROR - CFST更新失败: None
2026-08-01 01:46:31,208 - INFO - --------------------------------------------------
2026-08-01 01:46:31,208 - INFO - [de.616049.xyz (FRA)] 开始处理节点维护
2026-08-01 01:46:31,229 - DEBUG - DNS解析重试中 de.616049.xyz: [Errno -5] No address associated with hostname
2026-08-01 01:46:32,263 - DEBUG - DNS解析重试中 de.616049.xyz: [Errno -5] No address associated with hostname
2026-08-01 01:46:33,276 - DEBUG - DNS解析重试中 de.616049.xyz: [Errno -5] No address associated with hostname
2026-08-01 01:46:34,278 - WARNING - [de.616049.xyz (FRA)] ├─ 无有效DNS记录，触发紧急更新
2026-08-01 01:59:05,849 - ERROR - CFST更新失败: None
2026-08-01 01:59:05,852 - DEBUG - Starting new HTTPS connection (1): api.telegram.org:443
2026-08-01 01:59:06,145 - DEBUG - https://api.telegram.org:443 "POST /bot/sendMessage HTTP/1.1" 404 55
