2026-08-04 06:53:25,762 - INFO - 启动维护任务 | 协议类型: IPV4
2026-08-04 06:53:25,762 - INFO - --------------------------------------------------
2026-08-04 06:53:25,763 - INFO - [hk.616049.xyz (HKG)] 开始处理节点维护
2026-08-04 06:53:25,845 - DEBUG - DNS解析重试中 hk.616049.xyz: [Errno -5] No address associated with hostname
2026-08-04 06:53:27,003 - DEBUG - DNS解析重试中 hk.616049.xyz: [Errno -5] No address associated with hostname
2026-08-04 06:53:28,057 - DEBUG - DNS解析重试中 hk.616049.xyz: [Errno -5] No address associated with hostname
2026-08-04 06:53:29,058 - WARNING - [hk.616049.xyz (HKG)] ├─ 无有效DNS记录，触发紧急更新
2026-08-04 07:06:01,722 - ERROR - CFST更新失败: None
2026-08-04 07:06:01,722 - INFO - --------------------------------------------------
2026-08-04 07:06:01,722 - INFO - [us.616049.xyz (LAX)] 开始处理节点维护
2026-08-04 07:06:01,794 - DEBUG - DNS解析重试中 us.616049.xyz: [Errno -5] No address associated with hostname
2026-08-04 07:06:02,866 - DEBUG - DNS解析重试中 us.616049.xyz: [Errno -5] No address associated with hostname
2026-08-04 07:06:03,929 - DEBUG - DNS解析重试中 us.616049.xyz: [Errno -5] No address associated with hostname
2026-08-04 07:06:04,930 - WARNING - [us.616049.xyz (LAX)] ├─ 无有效DNS记录，触发紧急更新
2026-08-04 07:18:37,267 - ERROR - CFST更新失败: None
2026-08-04 07:18:37,267 - INFO - --------------------------------------------------
2026-08-04 07:18:37,267 - INFO - [de.616049.xyz (FRA)] 开始处理节点维护
2026-08-04 07:18:37,294 - DEBUG - DNS解析重试中 de.616049.xyz: [Errno -5] No address associated with hostname
2026-08-04 07:18:38,368 - DEBUG - DNS解析重试中 de.616049.xyz: [Errno -5] No address associated with hostname
2026-08-04 07:18:39,453 - DEBUG - DNS解析重试中 de.616049.xyz: [Errno -5] No address associated with hostname
2026-08-04 07:18:40,454 - WARNING - [de.616049.xyz (FRA)] ├─ 无有效DNS记录，触发紧急更新
2026-08-04 07:31:13,425 - ERROR - CFST更新失败: None
2026-08-04 07:31:13,429 - DEBUG - Starting new HTTPS connection (1): api.telegram.org:443
2026-08-04 07:31:13,815 - DEBUG - https://api.telegram.org:443 "POST /bot/sendMessage HTTP/1.1" 404 55
