2026-07-30 03:00:17,574 - INFO - 启动维护任务 | 协议类型: IPV4
2026-07-30 03:00:17,574 - INFO - --------------------------------------------------
2026-07-30 03:00:17,574 - INFO - [hk.616049.xyz (HKG)] 开始处理节点维护
2026-07-30 03:00:17,607 - DEBUG - DNS解析重试中 hk.616049.xyz: [Errno -5] No address associated with hostname
2026-07-30 03:00:18,646 - DEBUG - DNS解析重试中 hk.616049.xyz: [Errno -5] No address associated with hostname
2026-07-30 03:00:19,696 - DEBUG - DNS解析重试中 hk.616049.xyz: [Errno -5] No address associated with hostname
2026-07-30 03:00:20,697 - WARNING - [hk.616049.xyz (HKG)] ├─ 无有效DNS记录，触发紧急更新
2026-07-30 03:12:53,173 - ERROR - CFST更新失败: None
2026-07-30 03:12:53,174 - INFO - --------------------------------------------------
2026-07-30 03:12:53,174 - INFO - [us.616049.xyz (LAX)] 开始处理节点维护
2026-07-30 03:12:53,207 - DEBUG - DNS解析重试中 us.616049.xyz: [Errno -5] No address associated with hostname
2026-07-30 03:12:54,254 - DEBUG - DNS解析重试中 us.616049.xyz: [Errno -5] No address associated with hostname
2026-07-30 03:12:55,287 - DEBUG - DNS解析重试中 us.616049.xyz: [Errno -5] No address associated with hostname
2026-07-30 03:12:56,288 - WARNING - [us.616049.xyz (LAX)] ├─ 无有效DNS记录，触发紧急更新
2026-07-30 03:25:28,778 - ERROR - CFST更新失败: None
2026-07-30 03:25:28,779 - INFO - --------------------------------------------------
2026-07-30 03:25:28,779 - INFO - [de.616049.xyz (FRA)] 开始处理节点维护
2026-07-30 03:25:28,824 - DEBUG - DNS解析重试中 de.616049.xyz: [Errno -5] No address associated with hostname
2026-07-30 03:25:29,858 - DEBUG - DNS解析重试中 de.616049.xyz: [Errno -5] No address associated with hostname
2026-07-30 03:25:30,893 - DEBUG - DNS解析重试中 de.616049.xyz: [Errno -5] No address associated with hostname
2026-07-30 03:25:31,894 - WARNING - [de.616049.xyz (FRA)] ├─ 无有效DNS记录，触发紧急更新
2026-07-30 03:38:04,407 - ERROR - CFST更新失败: None
2026-07-30 03:38:04,410 - DEBUG - Starting new HTTPS connection (1): api.telegram.org:443
2026-07-30 03:38:04,849 - DEBUG - https://api.telegram.org:443 "POST /bot/sendMessage HTTP/1.1" 404 55
