2026-10-03 15:21:19,082 - INFO - 启动维护任务 | 协议类型: IPV4
2026-10-03 15:21:19,082 - INFO - --------------------------------------------------
2026-10-03 15:21:19,082 - INFO - [hk.616049.xyz (HKG)] 开始处理节点维护
2026-10-03 15:21:19,133 - DEBUG - DNS解析重试中 hk.616049.xyz: [Errno -5] No address associated with hostname
2026-10-03 15:21:20,209 - DEBUG - DNS解析重试中 hk.616049.xyz: [Errno -5] No address associated with hostname
2026-10-03 15:21:21,219 - DEBUG - DNS解析重试中 hk.616049.xyz: [Errno -5] No address associated with hostname
2026-10-03 15:21:22,221 - WARNING - [hk.616049.xyz (HKG)] ├─ 无有效DNS记录，触发紧急更新
2026-10-03 15:34:06,680 - ERROR - CFST更新失败: None
2026-10-03 15:34:06,680 - INFO - --------------------------------------------------
2026-10-03 15:34:06,680 - INFO - [us.616049.xyz (LAX)] 开始处理节点维护
2026-10-03 15:34:06,741 - DEBUG - DNS解析重试中 us.616049.xyz: [Errno -5] No address associated with hostname
2026-10-03 15:34:07,782 - DEBUG - DNS解析重试中 us.616049.xyz: [Errno -5] No address associated with hostname
2026-10-03 15:34:08,822 - DEBUG - DNS解析重试中 us.616049.xyz: [Errno -5] No address associated with hostname
2026-10-03 15:34:09,823 - WARNING - [us.616049.xyz (LAX)] ├─ 无有效DNS记录，触发紧急更新
2026-10-03 15:46:54,145 - ERROR - CFST更新失败: None
2026-10-03 15:46:54,145 - INFO - --------------------------------------------------
2026-10-03 15:46:54,145 - INFO - [de.616049.xyz (FRA)] 开始处理节点维护
2026-10-03 15:46:54,368 - DEBUG - DNS解析重试中 de.616049.xyz: [Errno -5] No address associated with hostname
2026-10-03 15:46:55,411 - DEBUG - DNS解析重试中 de.616049.xyz: [Errno -5] No address associated with hostname
2026-10-03 15:46:56,471 - DEBUG - DNS解析重试中 de.616049.xyz: [Errno -5] No address associated with hostname
2026-10-03 15:46:57,472 - WARNING - [de.616049.xyz (FRA)] ├─ 无有效DNS记录，触发紧急更新
2026-10-03 15:59:41,847 - ERROR - CFST更新失败: None
2026-10-03 15:59:41,850 - DEBUG - Starting new HTTPS connection (1): api.telegram.org:443
2026-10-03 15:59:42,269 - DEBUG - https://api.telegram.org:443 "POST /bot/sendMessage HTTP/1.1" 404 55
