2026-07-27 00:50:32,767 - INFO - 启动维护任务 | 协议类型: IPV4
2026-07-27 00:50:32,767 - INFO - --------------------------------------------------
2026-07-27 00:50:32,767 - INFO - [hk.616049.xyz (HKG)] 开始处理节点维护
2026-07-27 00:50:34,375 - DEBUG - DNS解析重试中 hk.616049.xyz: [Errno -5] No address associated with hostname
2026-07-27 00:50:35,393 - DEBUG - DNS解析重试中 hk.616049.xyz: [Errno -5] No address associated with hostname
2026-07-27 00:50:36,405 - DEBUG - DNS解析重试中 hk.616049.xyz: [Errno -5] No address associated with hostname
2026-07-27 00:50:37,406 - WARNING - [hk.616049.xyz (HKG)] ├─ 无有效DNS记录，触发紧急更新
2026-07-27 01:03:07,836 - ERROR - CFST更新失败: None
2026-07-27 01:03:07,836 - INFO - --------------------------------------------------
2026-07-27 01:03:07,836 - INFO - [us.616049.xyz (LAX)] 开始处理节点维护
2026-07-27 01:03:07,858 - DEBUG - DNS解析重试中 us.616049.xyz: [Errno -5] No address associated with hostname
2026-07-27 01:03:08,873 - DEBUG - DNS解析重试中 us.616049.xyz: [Errno -5] No address associated with hostname
2026-07-27 01:03:09,900 - DEBUG - DNS解析重试中 us.616049.xyz: [Errno -5] No address associated with hostname
2026-07-27 01:03:10,902 - WARNING - [us.616049.xyz (LAX)] ├─ 无有效DNS记录，触发紧急更新
2026-07-27 01:15:41,317 - ERROR - CFST更新失败: None
2026-07-27 01:15:41,317 - INFO - --------------------------------------------------
2026-07-27 01:15:41,317 - INFO - [de.616049.xyz (FRA)] 开始处理节点维护
2026-07-27 01:15:41,330 - DEBUG - DNS解析重试中 de.616049.xyz: [Errno -5] No address associated with hostname
2026-07-27 01:15:42,357 - DEBUG - DNS解析重试中 de.616049.xyz: [Errno -5] No address associated with hostname
2026-07-27 01:15:43,371 - DEBUG - DNS解析重试中 de.616049.xyz: [Errno -5] No address associated with hostname
2026-07-27 01:15:44,372 - WARNING - [de.616049.xyz (FRA)] ├─ 无有效DNS记录，触发紧急更新
2026-07-27 01:28:15,278 - ERROR - CFST更新失败: None
2026-07-27 01:28:15,281 - DEBUG - Starting new HTTPS connection (1): api.telegram.org:443
2026-07-27 01:28:15,579 - DEBUG - https://api.telegram.org:443 "POST /bot/sendMessage HTTP/1.1" 404 55
