2026-09-12 10:21:45,036 - INFO - 启动维护任务 | 协议类型: IPV4
2026-09-12 10:21:45,036 - INFO - --------------------------------------------------
2026-09-12 10:21:45,036 - INFO - [hk.616049.xyz (HKG)] 开始处理节点维护
2026-09-12 10:21:45,090 - DEBUG - DNS解析重试中 hk.616049.xyz: [Errno -5] No address associated with hostname
2026-09-12 10:21:46,160 - DEBUG - DNS解析重试中 hk.616049.xyz: [Errno -5] No address associated with hostname
2026-09-12 10:21:47,166 - DEBUG - DNS解析重试中 hk.616049.xyz: [Errno -5] No address associated with hostname
2026-09-12 10:21:48,167 - WARNING - [hk.616049.xyz (HKG)] ├─ 无有效DNS记录，触发紧急更新
2026-09-12 10:34:20,991 - ERROR - CFST更新失败: None
2026-09-12 10:34:20,992 - INFO - --------------------------------------------------
2026-09-12 10:34:20,992 - INFO - [us.616049.xyz (LAX)] 开始处理节点维护
2026-09-12 10:34:21,047 - DEBUG - DNS解析重试中 us.616049.xyz: [Errno -5] No address associated with hostname
2026-09-12 10:34:22,101 - DEBUG - DNS解析重试中 us.616049.xyz: [Errno -5] No address associated with hostname
2026-09-12 10:34:23,151 - DEBUG - DNS解析重试中 us.616049.xyz: [Errno -5] No address associated with hostname
2026-09-12 10:34:24,152 - WARNING - [us.616049.xyz (LAX)] ├─ 无有效DNS记录，触发紧急更新
2026-09-12 10:46:55,268 - ERROR - CFST更新失败: None
2026-09-12 10:46:55,269 - INFO - --------------------------------------------------
2026-09-12 10:46:55,269 - INFO - [de.616049.xyz (FRA)] 开始处理节点维护
2026-09-12 10:46:55,335 - DEBUG - DNS解析重试中 de.616049.xyz: [Errno -5] No address associated with hostname
2026-09-12 10:46:56,408 - DEBUG - DNS解析重试中 de.616049.xyz: [Errno -5] No address associated with hostname
2026-09-12 10:46:57,480 - DEBUG - DNS解析重试中 de.616049.xyz: [Errno -5] No address associated with hostname
2026-09-12 10:46:58,481 - WARNING - [de.616049.xyz (FRA)] ├─ 无有效DNS记录，触发紧急更新
2026-09-12 10:59:30,289 - ERROR - CFST更新失败: None
2026-09-12 10:59:30,293 - DEBUG - Starting new HTTPS connection (1): api.telegram.org:443
2026-09-12 10:59:30,671 - DEBUG - https://api.telegram.org:443 "POST /bot/sendMessage HTTP/1.1" 404 55
