2026-09-06 05:49:03,958 - INFO - 启动维护任务 | 协议类型: IPV4
2026-09-06 05:49:03,958 - INFO - --------------------------------------------------
2026-09-06 05:49:03,958 - INFO - [hk.616049.xyz (HKG)] 开始处理节点维护
2026-09-06 05:49:04,002 - DEBUG - DNS解析重试中 hk.616049.xyz: [Errno -5] No address associated with hostname
2026-09-06 05:49:05,046 - DEBUG - DNS解析重试中 hk.616049.xyz: [Errno -5] No address associated with hostname
2026-09-06 05:49:06,057 - DEBUG - DNS解析重试中 hk.616049.xyz: [Errno -5] No address associated with hostname
2026-09-06 05:49:07,058 - WARNING - [hk.616049.xyz (HKG)] ├─ 无有效DNS记录，触发紧急更新
2026-09-06 06:01:39,423 - ERROR - CFST更新失败: None
2026-09-06 06:01:39,423 - INFO - --------------------------------------------------
2026-09-06 06:01:39,423 - INFO - [us.616049.xyz (LAX)] 开始处理节点维护
2026-09-06 06:01:39,461 - DEBUG - DNS解析重试中 us.616049.xyz: [Errno -5] No address associated with hostname
2026-09-06 06:01:40,511 - DEBUG - DNS解析重试中 us.616049.xyz: [Errno -5] No address associated with hostname
2026-09-06 06:01:41,549 - DEBUG - DNS解析重试中 us.616049.xyz: [Errno -5] No address associated with hostname
2026-09-06 06:01:42,550 - WARNING - [us.616049.xyz (LAX)] ├─ 无有效DNS记录，触发紧急更新
2026-09-06 06:14:13,871 - ERROR - CFST更新失败: None
2026-09-06 06:14:13,871 - INFO - --------------------------------------------------
2026-09-06 06:14:13,871 - INFO - [de.616049.xyz (FRA)] 开始处理节点维护
2026-09-06 06:14:13,910 - DEBUG - DNS解析重试中 de.616049.xyz: [Errno -5] No address associated with hostname
2026-09-06 06:14:14,949 - DEBUG - DNS解析重试中 de.616049.xyz: [Errno -5] No address associated with hostname
2026-09-06 06:14:15,987 - DEBUG - DNS解析重试中 de.616049.xyz: [Errno -5] No address associated with hostname
2026-09-06 06:14:16,988 - WARNING - [de.616049.xyz (FRA)] ├─ 无有效DNS记录，触发紧急更新
2026-09-06 06:26:49,427 - ERROR - CFST更新失败: None
2026-09-06 06:26:49,431 - DEBUG - Starting new HTTPS connection (1): api.telegram.org:443
2026-09-06 06:26:49,877 - DEBUG - https://api.telegram.org:443 "POST /bot/sendMessage HTTP/1.1" 404 55
