2026-08-23 08:49:48,589 - INFO - 启动维护任务 | 协议类型: IPV4
2026-08-23 08:49:48,590 - INFO - --------------------------------------------------
2026-08-23 08:49:48,590 - INFO - [hk.616049.xyz (HKG)] 开始处理节点维护
2026-08-23 08:49:48,646 - DEBUG - DNS解析重试中 hk.616049.xyz: [Errno -5] No address associated with hostname
2026-08-23 08:49:49,724 - DEBUG - DNS解析重试中 hk.616049.xyz: [Errno -5] No address associated with hostname
2026-08-23 08:49:50,777 - DEBUG - DNS解析重试中 hk.616049.xyz: [Errno -5] No address associated with hostname
2026-08-23 08:49:51,778 - WARNING - [hk.616049.xyz (HKG)] ├─ 无有效DNS记录，触发紧急更新
2026-08-23 09:02:25,863 - ERROR - CFST更新失败: None
2026-08-23 09:02:25,863 - INFO - --------------------------------------------------
2026-08-23 09:02:25,863 - INFO - [us.616049.xyz (LAX)] 开始处理节点维护
2026-08-23 09:02:25,919 - DEBUG - DNS解析重试中 us.616049.xyz: [Errno -5] No address associated with hostname
2026-08-23 09:02:26,974 - DEBUG - DNS解析重试中 us.616049.xyz: [Errno -5] No address associated with hostname
2026-08-23 09:02:28,054 - DEBUG - DNS解析重试中 us.616049.xyz: [Errno -5] No address associated with hostname
2026-08-23 09:02:29,055 - WARNING - [us.616049.xyz (LAX)] ├─ 无有效DNS记录，触发紧急更新
2026-08-23 09:15:02,511 - ERROR - CFST更新失败: None
2026-08-23 09:15:02,512 - INFO - --------------------------------------------------
2026-08-23 09:15:02,512 - INFO - [de.616049.xyz (FRA)] 开始处理节点维护
2026-08-23 09:15:02,567 - DEBUG - DNS解析重试中 de.616049.xyz: [Errno -5] No address associated with hostname
2026-08-23 09:15:03,626 - DEBUG - DNS解析重试中 de.616049.xyz: [Errno -5] No address associated with hostname
2026-08-23 09:15:04,632 - DEBUG - DNS解析重试中 de.616049.xyz: [Errno -5] No address associated with hostname
2026-08-23 09:15:05,633 - WARNING - [de.616049.xyz (FRA)] ├─ 无有效DNS记录，触发紧急更新
2026-08-23 09:27:38,436 - ERROR - CFST更新失败: None
2026-08-23 09:27:38,439 - DEBUG - Starting new HTTPS connection (1): api.telegram.org:443
2026-08-23 09:27:38,817 - DEBUG - https://api.telegram.org:443 "POST /bot/sendMessage HTTP/1.1" 404 55
