2026-10-05 04:43:27,137 - INFO - 启动维护任务 | 协议类型: IPV4
2026-10-05 04:43:27,137 - INFO - --------------------------------------------------
2026-10-05 04:43:27,137 - INFO - [hk.616049.xyz (HKG)] 开始处理节点维护
2026-10-05 04:43:27,160 - DEBUG - DNS解析重试中 hk.616049.xyz: [Errno -5] No address associated with hostname
2026-10-05 04:43:28,202 - DEBUG - DNS解析重试中 hk.616049.xyz: [Errno -5] No address associated with hostname
2026-10-05 04:43:29,220 - DEBUG - DNS解析重试中 hk.616049.xyz: [Errno -5] No address associated with hostname
2026-10-05 04:43:30,222 - WARNING - [hk.616049.xyz (HKG)] ├─ 无有效DNS记录，触发紧急更新
2026-10-05 04:55:40,747 - ERROR - CFST更新失败: None
2026-10-05 04:55:40,748 - INFO - --------------------------------------------------
2026-10-05 04:55:40,748 - INFO - [us.616049.xyz (LAX)] 开始处理节点维护
2026-10-05 04:55:40,775 - DEBUG - DNS解析重试中 us.616049.xyz: [Errno -5] No address associated with hostname
2026-10-05 04:55:41,787 - DEBUG - DNS解析重试中 us.616049.xyz: [Errno -5] No address associated with hostname
2026-10-05 04:55:42,817 - DEBUG - DNS解析重试中 us.616049.xyz: [Errno -5] No address associated with hostname
2026-10-05 04:55:43,818 - WARNING - [us.616049.xyz (LAX)] ├─ 无有效DNS记录，触发紧急更新
2026-10-05 05:07:54,007 - ERROR - CFST更新失败: None
2026-10-05 05:07:54,008 - INFO - --------------------------------------------------
2026-10-05 05:07:54,008 - INFO - [de.616049.xyz (FRA)] 开始处理节点维护
2026-10-05 05:07:54,019 - DEBUG - DNS解析重试中 de.616049.xyz: [Errno -5] No address associated with hostname
2026-10-05 05:07:55,040 - DEBUG - DNS解析重试中 de.616049.xyz: [Errno -5] No address associated with hostname
2026-10-05 05:07:56,069 - DEBUG - DNS解析重试中 de.616049.xyz: [Errno -5] No address associated with hostname
2026-10-05 05:07:57,070 - WARNING - [de.616049.xyz (FRA)] ├─ 无有效DNS记录，触发紧急更新
2026-10-05 05:20:07,337 - ERROR - CFST更新失败: None
2026-10-05 05:20:07,340 - DEBUG - Starting new HTTPS connection (1): api.telegram.org:443
2026-10-05 05:20:07,635 - DEBUG - https://api.telegram.org:443 "POST /bot/sendMessage HTTP/1.1" 404 55
