2026-08-06 19:57:34,580 - INFO - 启动维护任务 | 协议类型: IPV4
2026-08-06 19:57:34,580 - INFO - --------------------------------------------------
2026-08-06 19:57:34,580 - INFO - [hk.616049.xyz (HKG)] 开始处理节点维护
2026-08-06 19:57:34,649 - DEBUG - DNS解析重试中 hk.616049.xyz: [Errno -5] No address associated with hostname
2026-08-06 19:57:35,704 - DEBUG - DNS解析重试中 hk.616049.xyz: [Errno -5] No address associated with hostname
2026-08-06 19:57:36,783 - DEBUG - DNS解析重试中 hk.616049.xyz: [Errno -5] No address associated with hostname
2026-08-06 19:57:37,784 - WARNING - [hk.616049.xyz (HKG)] ├─ 无有效DNS记录，触发紧急更新
2026-08-06 20:10:15,003 - ERROR - CFST更新失败: None
2026-08-06 20:10:15,003 - INFO - --------------------------------------------------
2026-08-06 20:10:15,003 - INFO - [us.616049.xyz (LAX)] 开始处理节点维护
2026-08-06 20:10:15,086 - DEBUG - DNS解析重试中 us.616049.xyz: [Errno -5] No address associated with hostname
2026-08-06 20:10:16,137 - DEBUG - DNS解析重试中 us.616049.xyz: [Errno -5] No address associated with hostname
2026-08-06 20:10:17,144 - DEBUG - DNS解析重试中 us.616049.xyz: [Errno -5] No address associated with hostname
2026-08-06 20:10:18,146 - WARNING - [us.616049.xyz (LAX)] ├─ 无有效DNS记录，触发紧急更新
2026-08-06 20:23:00,276 - ERROR - CFST更新失败: None
2026-08-06 20:23:00,276 - INFO - --------------------------------------------------
2026-08-06 20:23:00,276 - INFO - [de.616049.xyz (FRA)] 开始处理节点维护
2026-08-06 20:23:00,363 - DEBUG - DNS解析重试中 de.616049.xyz: [Errno -5] No address associated with hostname
2026-08-06 20:23:01,451 - DEBUG - DNS解析重试中 de.616049.xyz: [Errno -5] No address associated with hostname
2026-08-06 20:23:02,507 - DEBUG - DNS解析重试中 de.616049.xyz: [Errno -5] No address associated with hostname
2026-08-06 20:23:03,508 - WARNING - [de.616049.xyz (FRA)] ├─ 无有效DNS记录，触发紧急更新
2026-08-06 20:35:47,142 - ERROR - CFST更新失败: None
2026-08-06 20:35:47,146 - DEBUG - Starting new HTTPS connection (1): api.telegram.org:443
2026-08-06 20:35:47,566 - DEBUG - https://api.telegram.org:443 "POST /bot/sendMessage HTTP/1.1" 404 55
