2026-08-12 20:49:05,852 - INFO - 启动维护任务 | 协议类型: IPV4
2026-08-12 20:49:05,852 - INFO - --------------------------------------------------
2026-08-12 20:49:05,852 - INFO - [hk.616049.xyz (HKG)] 开始处理节点维护
2026-08-12 20:49:05,862 - DEBUG - DNS解析重试中 hk.616049.xyz: [Errno -5] No address associated with hostname
2026-08-12 20:49:06,886 - DEBUG - DNS解析重试中 hk.616049.xyz: [Errno -5] No address associated with hostname
2026-08-12 20:49:07,922 - DEBUG - DNS解析重试中 hk.616049.xyz: [Errno -5] No address associated with hostname
2026-08-12 20:49:08,923 - WARNING - [hk.616049.xyz (HKG)] ├─ 无有效DNS记录，触发紧急更新
2026-08-12 21:01:40,287 - ERROR - CFST更新失败: None
2026-08-12 21:01:40,287 - INFO - --------------------------------------------------
2026-08-12 21:01:40,287 - INFO - [us.616049.xyz (LAX)] 开始处理节点维护
2026-08-12 21:01:40,310 - DEBUG - DNS解析重试中 us.616049.xyz: [Errno -5] No address associated with hostname
2026-08-12 21:01:41,323 - DEBUG - DNS解析重试中 us.616049.xyz: [Errno -5] No address associated with hostname
2026-08-12 21:01:42,342 - DEBUG - DNS解析重试中 us.616049.xyz: [Errno -5] No address associated with hostname
2026-08-12 21:01:43,343 - WARNING - [us.616049.xyz (LAX)] ├─ 无有效DNS记录，触发紧急更新
2026-08-12 21:14:14,914 - ERROR - CFST更新失败: None
2026-08-12 21:14:14,914 - INFO - --------------------------------------------------
2026-08-12 21:14:14,914 - INFO - [de.616049.xyz (FRA)] 开始处理节点维护
2026-08-12 21:14:14,942 - DEBUG - DNS解析重试中 de.616049.xyz: [Errno -5] No address associated with hostname
2026-08-12 21:14:15,956 - DEBUG - DNS解析重试中 de.616049.xyz: [Errno -5] No address associated with hostname
2026-08-12 21:14:16,971 - DEBUG - DNS解析重试中 de.616049.xyz: [Errno -5] No address associated with hostname
2026-08-12 21:14:17,972 - WARNING - [de.616049.xyz (FRA)] ├─ 无有效DNS记录，触发紧急更新
2026-08-12 21:26:49,739 - ERROR - CFST更新失败: None
2026-08-12 21:26:49,742 - DEBUG - Starting new HTTPS connection (1): api.telegram.org:443
2026-08-12 21:26:50,038 - DEBUG - https://api.telegram.org:443 "POST /bot/sendMessage HTTP/1.1" 404 55
