2026-08-05 01:36:10,593 - INFO - 启动维护任务 | 协议类型: IPV4
2026-08-05 01:36:10,593 - INFO - --------------------------------------------------
2026-08-05 01:36:10,594 - INFO - [hk.616049.xyz (HKG)] 开始处理节点维护
2026-08-05 01:36:10,625 - DEBUG - DNS解析重试中 hk.616049.xyz: [Errno -5] No address associated with hostname
2026-08-05 01:36:11,677 - DEBUG - DNS解析重试中 hk.616049.xyz: [Errno -5] No address associated with hostname
2026-08-05 01:36:12,722 - DEBUG - DNS解析重试中 hk.616049.xyz: [Errno -5] No address associated with hostname
2026-08-05 01:36:13,724 - WARNING - [hk.616049.xyz (HKG)] ├─ 无有效DNS记录，触发紧急更新
2026-08-05 01:48:51,078 - ERROR - CFST更新失败: None
2026-08-05 01:48:51,078 - INFO - --------------------------------------------------
2026-08-05 01:48:51,078 - INFO - [us.616049.xyz (LAX)] 开始处理节点维护
2026-08-05 01:48:51,102 - DEBUG - DNS解析重试中 us.616049.xyz: [Errno -5] No address associated with hostname
2026-08-05 01:48:52,153 - DEBUG - DNS解析重试中 us.616049.xyz: [Errno -5] No address associated with hostname
2026-08-05 01:48:53,210 - DEBUG - DNS解析重试中 us.616049.xyz: [Errno -5] No address associated with hostname
2026-08-05 01:48:54,211 - WARNING - [us.616049.xyz (LAX)] ├─ 无有效DNS记录，触发紧急更新
2026-08-05 02:01:33,529 - ERROR - CFST更新失败: None
2026-08-05 02:01:33,530 - INFO - --------------------------------------------------
2026-08-05 02:01:33,530 - INFO - [de.616049.xyz (FRA)] 开始处理节点维护
2026-08-05 02:01:33,563 - DEBUG - DNS解析重试中 de.616049.xyz: [Errno -5] No address associated with hostname
2026-08-05 02:01:34,627 - DEBUG - DNS解析重试中 de.616049.xyz: [Errno -5] No address associated with hostname
2026-08-05 02:01:35,678 - DEBUG - DNS解析重试中 de.616049.xyz: [Errno -5] No address associated with hostname
2026-08-05 02:01:36,679 - WARNING - [de.616049.xyz (FRA)] ├─ 无有效DNS记录，触发紧急更新
2026-08-05 02:14:14,211 - ERROR - CFST更新失败: None
2026-08-05 02:14:14,214 - DEBUG - Starting new HTTPS connection (1): api.telegram.org:443
2026-08-05 02:14:14,647 - DEBUG - https://api.telegram.org:443 "POST /bot/sendMessage HTTP/1.1" 404 55
