2026-10-08 20:32:13,377 - INFO - 启动维护任务 | 协议类型: IPV4
2026-10-08 20:32:13,377 - INFO - --------------------------------------------------
2026-10-08 20:32:13,377 - INFO - [hk.616049.xyz (HKG)] 开始处理节点维护
2026-10-08 20:32:13,418 - DEBUG - DNS解析重试中 hk.616049.xyz: [Errno -5] No address associated with hostname
2026-10-08 20:32:14,458 - DEBUG - DNS解析重试中 hk.616049.xyz: [Errno -5] No address associated with hostname
2026-10-08 20:32:15,465 - DEBUG - DNS解析重试中 hk.616049.xyz: [Errno -5] No address associated with hostname
2026-10-08 20:32:16,466 - WARNING - [hk.616049.xyz (HKG)] ├─ 无有效DNS记录，触发紧急更新
2026-10-08 20:44:47,630 - ERROR - CFST更新失败: None
2026-10-08 20:44:47,630 - INFO - --------------------------------------------------
2026-10-08 20:44:47,630 - INFO - [us.616049.xyz (LAX)] 开始处理节点维护
2026-10-08 20:44:47,677 - DEBUG - DNS解析重试中 us.616049.xyz: [Errno -5] No address associated with hostname
2026-10-08 20:44:48,760 - DEBUG - DNS解析重试中 us.616049.xyz: [Errno -5] No address associated with hostname
2026-10-08 20:44:49,824 - DEBUG - DNS解析重试中 us.616049.xyz: [Errno -5] No address associated with hostname
2026-10-08 20:44:50,825 - WARNING - [us.616049.xyz (LAX)] ├─ 无有效DNS记录，触发紧急更新
2026-10-08 20:57:23,393 - ERROR - CFST更新失败: None
2026-10-08 20:57:23,393 - INFO - --------------------------------------------------
2026-10-08 20:57:23,393 - INFO - [de.616049.xyz (FRA)] 开始处理节点维护
2026-10-08 20:57:23,436 - DEBUG - DNS解析重试中 de.616049.xyz: [Errno -5] No address associated with hostname
2026-10-08 20:57:24,465 - DEBUG - DNS解析重试中 de.616049.xyz: [Errno -5] No address associated with hostname
2026-10-08 20:57:25,505 - DEBUG - DNS解析重试中 de.616049.xyz: [Errno -5] No address associated with hostname
2026-10-08 20:57:26,507 - WARNING - [de.616049.xyz (FRA)] ├─ 无有效DNS记录，触发紧急更新
2026-10-08 21:09:57,778 - ERROR - CFST更新失败: None
2026-10-08 21:09:57,781 - DEBUG - Starting new HTTPS connection (1): api.telegram.org:443
2026-10-08 21:09:58,101 - DEBUG - https://api.telegram.org:443 "POST /bot/sendMessage HTTP/1.1" 404 55
