2026-08-17 10:52:34,786 - INFO - 启动维护任务 | 协议类型: IPV4
2026-08-17 10:52:34,786 - INFO - --------------------------------------------------
2026-08-17 10:52:34,786 - INFO - [hk.616049.xyz (HKG)] 开始处理节点维护
2026-08-17 10:52:34,800 - DEBUG - DNS解析重试中 hk.616049.xyz: [Errno -5] No address associated with hostname
2026-08-17 10:52:35,817 - DEBUG - DNS解析重试中 hk.616049.xyz: [Errno -5] No address associated with hostname
2026-08-17 10:52:36,831 - DEBUG - DNS解析重试中 hk.616049.xyz: [Errno -5] No address associated with hostname
2026-08-17 10:52:37,832 - WARNING - [hk.616049.xyz (HKG)] ├─ 无有效DNS记录，触发紧急更新
2026-08-17 11:05:10,384 - ERROR - CFST更新失败: None
2026-08-17 11:05:10,384 - INFO - --------------------------------------------------
2026-08-17 11:05:10,384 - INFO - [us.616049.xyz (LAX)] 开始处理节点维护
2026-08-17 11:05:10,409 - DEBUG - DNS解析重试中 us.616049.xyz: [Errno -5] No address associated with hostname
2026-08-17 11:05:11,418 - DEBUG - DNS解析重试中 us.616049.xyz: [Errno -5] No address associated with hostname
2026-08-17 11:05:12,435 - DEBUG - DNS解析重试中 us.616049.xyz: [Errno -5] No address associated with hostname
2026-08-17 11:05:13,436 - WARNING - [us.616049.xyz (LAX)] ├─ 无有效DNS记录，触发紧急更新
2026-08-17 11:17:45,210 - ERROR - CFST更新失败: None
2026-08-17 11:17:45,210 - INFO - --------------------------------------------------
2026-08-17 11:17:45,210 - INFO - [de.616049.xyz (FRA)] 开始处理节点维护
2026-08-17 11:17:45,242 - DEBUG - DNS解析重试中 de.616049.xyz: [Errno -5] No address associated with hostname
2026-08-17 11:17:46,260 - DEBUG - DNS解析重试中 de.616049.xyz: [Errno -5] No address associated with hostname
2026-08-17 11:17:47,283 - DEBUG - DNS解析重试中 de.616049.xyz: [Errno -5] No address associated with hostname
2026-08-17 11:17:48,284 - WARNING - [de.616049.xyz (FRA)] ├─ 无有效DNS记录，触发紧急更新
2026-08-17 11:30:20,714 - ERROR - CFST更新失败: None
2026-08-17 11:30:20,717 - DEBUG - Starting new HTTPS connection (1): api.telegram.org:443
2026-08-17 11:30:20,994 - DEBUG - https://api.telegram.org:443 "POST /bot/sendMessage HTTP/1.1" 404 55
