2026-09-23 16:57:32,654 - INFO - 启动维护任务 | 协议类型: IPV4
2026-09-23 16:57:32,654 - INFO - --------------------------------------------------
2026-09-23 16:57:32,655 - INFO - [hk.616049.xyz (HKG)] 开始处理节点维护
2026-09-23 16:57:32,684 - DEBUG - DNS解析重试中 hk.616049.xyz: [Errno -5] No address associated with hostname
2026-09-23 16:57:33,754 - DEBUG - DNS解析重试中 hk.616049.xyz: [Errno -5] No address associated with hostname
2026-09-23 16:57:34,816 - DEBUG - DNS解析重试中 hk.616049.xyz: [Errno -5] No address associated with hostname
2026-09-23 16:57:35,817 - WARNING - [hk.616049.xyz (HKG)] ├─ 无有效DNS记录，触发紧急更新
2026-09-23 17:09:51,778 - ERROR - CFST更新失败: None
2026-09-23 17:09:51,779 - INFO - --------------------------------------------------
2026-09-23 17:09:51,779 - INFO - [us.616049.xyz (LAX)] 开始处理节点维护
2026-09-23 17:09:51,813 - DEBUG - DNS解析重试中 us.616049.xyz: [Errno -5] No address associated with hostname
2026-09-23 17:09:52,871 - DEBUG - DNS解析重试中 us.616049.xyz: [Errno -5] No address associated with hostname
2026-09-23 17:09:53,909 - DEBUG - DNS解析重试中 us.616049.xyz: [Errno -5] No address associated with hostname
2026-09-23 17:09:54,911 - WARNING - [us.616049.xyz (LAX)] ├─ 无有效DNS记录，触发紧急更新
2026-09-23 17:22:08,903 - ERROR - CFST更新失败: None
2026-09-23 17:22:08,903 - INFO - --------------------------------------------------
2026-09-23 17:22:08,903 - INFO - [de.616049.xyz (FRA)] 开始处理节点维护
2026-09-23 17:22:08,955 - DEBUG - DNS解析重试中 de.616049.xyz: [Errno -5] No address associated with hostname
2026-09-23 17:22:10,019 - DEBUG - DNS解析重试中 de.616049.xyz: [Errno -5] No address associated with hostname
2026-09-23 17:22:11,070 - DEBUG - DNS解析重试中 de.616049.xyz: [Errno -5] No address associated with hostname
2026-09-23 17:22:12,072 - WARNING - [de.616049.xyz (FRA)] ├─ 无有效DNS记录，触发紧急更新
2026-09-23 17:34:26,346 - ERROR - CFST更新失败: None
2026-09-23 17:34:26,349 - DEBUG - Starting new HTTPS connection (1): api.telegram.org:443
2026-09-23 17:34:26,758 - DEBUG - https://api.telegram.org:443 "POST /bot/sendMessage HTTP/1.1" 404 55
