2026-10-05 08:20:26,270 - INFO - 启动维护任务 | 协议类型: IPV4
2026-10-05 08:20:26,271 - INFO - --------------------------------------------------
2026-10-05 08:20:26,271 - INFO - [hk.616049.xyz (HKG)] 开始处理节点维护
2026-10-05 08:20:26,291 - DEBUG - DNS解析重试中 hk.616049.xyz: [Errno -5] No address associated with hostname
2026-10-05 08:20:27,306 - DEBUG - DNS解析重试中 hk.616049.xyz: [Errno -5] No address associated with hostname
2026-10-05 08:20:28,318 - DEBUG - DNS解析重试中 hk.616049.xyz: [Errno -5] No address associated with hostname
2026-10-05 08:20:29,319 - WARNING - [hk.616049.xyz (HKG)] ├─ 无有效DNS记录，触发紧急更新
2026-10-05 08:32:59,417 - ERROR - CFST更新失败: None
2026-10-05 08:32:59,417 - INFO - --------------------------------------------------
2026-10-05 08:32:59,417 - INFO - [us.616049.xyz (LAX)] 开始处理节点维护
2026-10-05 08:32:59,433 - DEBUG - DNS解析重试中 us.616049.xyz: [Errno -5] No address associated with hostname
2026-10-05 08:33:00,452 - DEBUG - DNS解析重试中 us.616049.xyz: [Errno -5] No address associated with hostname
2026-10-05 08:33:01,472 - DEBUG - DNS解析重试中 us.616049.xyz: [Errno -5] No address associated with hostname
2026-10-05 08:33:02,474 - WARNING - [us.616049.xyz (LAX)] ├─ 无有效DNS记录，触发紧急更新
2026-10-05 08:45:32,068 - ERROR - CFST更新失败: None
2026-10-05 08:45:32,068 - INFO - --------------------------------------------------
2026-10-05 08:45:32,068 - INFO - [de.616049.xyz (FRA)] 开始处理节点维护
2026-10-05 08:45:32,091 - DEBUG - DNS解析重试中 de.616049.xyz: [Errno -5] No address associated with hostname
2026-10-05 08:45:33,107 - DEBUG - DNS解析重试中 de.616049.xyz: [Errno -5] No address associated with hostname
2026-10-05 08:45:34,120 - DEBUG - DNS解析重试中 de.616049.xyz: [Errno -5] No address associated with hostname
2026-10-05 08:45:35,122 - WARNING - [de.616049.xyz (FRA)] ├─ 无有效DNS记录，触发紧急更新
2026-10-05 08:58:05,779 - ERROR - CFST更新失败: None
2026-10-05 08:58:05,783 - DEBUG - Starting new HTTPS connection (1): api.telegram.org:443
2026-10-05 08:58:06,077 - DEBUG - https://api.telegram.org:443 "POST /bot/sendMessage HTTP/1.1" 404 55
