2026-09-25 22:53:15,647 - INFO - 启动维护任务 | 协议类型: IPV4
2026-09-25 22:53:15,647 - INFO - --------------------------------------------------
2026-09-25 22:53:15,647 - INFO - [hk.616049.xyz (HKG)] 开始处理节点维护
2026-09-25 22:53:15,706 - DEBUG - DNS解析重试中 hk.616049.xyz: [Errno -5] No address associated with hostname
2026-09-25 22:53:16,760 - DEBUG - DNS解析重试中 hk.616049.xyz: [Errno -5] No address associated with hostname
2026-09-25 22:53:17,813 - DEBUG - DNS解析重试中 hk.616049.xyz: [Errno -5] No address associated with hostname
2026-09-25 22:53:18,815 - WARNING - [hk.616049.xyz (HKG)] ├─ 无有效DNS记录，触发紧急更新
2026-09-25 23:05:54,267 - ERROR - CFST更新失败: None
2026-09-25 23:05:54,267 - INFO - --------------------------------------------------
2026-09-25 23:05:54,267 - INFO - [us.616049.xyz (LAX)] 开始处理节点维护
2026-09-25 23:05:54,314 - DEBUG - DNS解析重试中 us.616049.xyz: [Errno -5] No address associated with hostname
2026-09-25 23:05:55,369 - DEBUG - DNS解析重试中 us.616049.xyz: [Errno -5] No address associated with hostname
2026-09-25 23:05:56,430 - DEBUG - DNS解析重试中 us.616049.xyz: [Errno -5] No address associated with hostname
2026-09-25 23:05:57,431 - WARNING - [us.616049.xyz (LAX)] ├─ 无有效DNS记录，触发紧急更新
2026-09-25 23:18:32,181 - ERROR - CFST更新失败: None
2026-09-25 23:18:32,182 - INFO - --------------------------------------------------
2026-09-25 23:18:32,182 - INFO - [de.616049.xyz (FRA)] 开始处理节点维护
2026-09-25 23:18:32,249 - DEBUG - DNS解析重试中 de.616049.xyz: [Errno -5] No address associated with hostname
2026-09-25 23:18:33,301 - DEBUG - DNS解析重试中 de.616049.xyz: [Errno -5] No address associated with hostname
2026-09-25 23:18:34,352 - DEBUG - DNS解析重试中 de.616049.xyz: [Errno -5] No address associated with hostname
2026-09-25 23:18:35,354 - WARNING - [de.616049.xyz (FRA)] ├─ 无有效DNS记录，触发紧急更新
2026-09-25 23:31:14,849 - ERROR - CFST更新失败: None
2026-09-25 23:31:14,852 - DEBUG - Starting new HTTPS connection (1): api.telegram.org:443
2026-09-25 23:31:15,199 - DEBUG - https://api.telegram.org:443 "POST /bot/sendMessage HTTP/1.1" 404 55
