2026-09-03 07:42:51,184 - INFO - 启动维护任务 | 协议类型: IPV4
2026-09-03 07:42:51,184 - INFO - --------------------------------------------------
2026-09-03 07:42:51,184 - INFO - [hk.616049.xyz (HKG)] 开始处理节点维护
2026-09-03 07:42:51,231 - DEBUG - DNS解析重试中 hk.616049.xyz: [Errno -5] No address associated with hostname
2026-09-03 07:42:52,298 - DEBUG - DNS解析重试中 hk.616049.xyz: [Errno -5] No address associated with hostname
2026-09-03 07:42:53,359 - DEBUG - DNS解析重试中 hk.616049.xyz: [Errno -5] No address associated with hostname
2026-09-03 07:42:54,360 - WARNING - [hk.616049.xyz (HKG)] ├─ 无有效DNS记录，触发紧急更新
2026-09-03 07:55:26,231 - ERROR - CFST更新失败: None
2026-09-03 07:55:26,231 - INFO - --------------------------------------------------
2026-09-03 07:55:26,231 - INFO - [us.616049.xyz (LAX)] 开始处理节点维护
2026-09-03 07:55:26,268 - DEBUG - DNS解析重试中 us.616049.xyz: [Errno -5] No address associated with hostname
2026-09-03 07:55:27,275 - DEBUG - DNS解析重试中 us.616049.xyz: [Errno -5] No address associated with hostname
2026-09-03 07:55:28,320 - DEBUG - DNS解析重试中 us.616049.xyz: [Errno -5] No address associated with hostname
2026-09-03 07:55:29,322 - WARNING - [us.616049.xyz (LAX)] ├─ 无有效DNS记录，触发紧急更新
2026-09-03 08:08:00,735 - ERROR - CFST更新失败: None
2026-09-03 08:08:00,736 - INFO - --------------------------------------------------
2026-09-03 08:08:00,736 - INFO - [de.616049.xyz (FRA)] 开始处理节点维护
2026-09-03 08:08:00,773 - DEBUG - DNS解析重试中 de.616049.xyz: [Errno -5] No address associated with hostname
2026-09-03 08:08:01,810 - DEBUG - DNS解析重试中 de.616049.xyz: [Errno -5] No address associated with hostname
2026-09-03 08:08:02,845 - DEBUG - DNS解析重试中 de.616049.xyz: [Errno -5] No address associated with hostname
2026-09-03 08:08:03,847 - WARNING - [de.616049.xyz (FRA)] ├─ 无有效DNS记录，触发紧急更新
2026-09-03 08:20:36,045 - ERROR - CFST更新失败: None
2026-09-03 08:20:36,048 - DEBUG - Starting new HTTPS connection (1): api.telegram.org:443
2026-09-03 08:20:36,544 - DEBUG - https://api.telegram.org:443 "POST /bot/sendMessage HTTP/1.1" 404 55
