2026-08-17 20:25:52,934 - INFO - 启动维护任务 | 协议类型: IPV4
2026-08-17 20:25:52,934 - INFO - --------------------------------------------------
2026-08-17 20:25:52,934 - INFO - [hk.616049.xyz (HKG)] 开始处理节点维护
2026-08-17 20:25:52,986 - DEBUG - DNS解析重试中 hk.616049.xyz: [Errno -5] No address associated with hostname
2026-08-17 20:25:54,037 - DEBUG - DNS解析重试中 hk.616049.xyz: [Errno -5] No address associated with hostname
2026-08-17 20:25:55,095 - DEBUG - DNS解析重试中 hk.616049.xyz: [Errno -5] No address associated with hostname
2026-08-17 20:25:56,097 - WARNING - [hk.616049.xyz (HKG)] ├─ 无有效DNS记录，触发紧急更新
2026-08-17 20:38:37,908 - ERROR - CFST更新失败: None
2026-08-17 20:38:37,909 - INFO - --------------------------------------------------
2026-08-17 20:38:37,909 - INFO - [us.616049.xyz (LAX)] 开始处理节点维护
2026-08-17 20:38:37,961 - DEBUG - DNS解析重试中 us.616049.xyz: [Errno -5] No address associated with hostname
2026-08-17 20:38:39,049 - DEBUG - DNS解析重试中 us.616049.xyz: [Errno -5] No address associated with hostname
2026-08-17 20:38:40,102 - DEBUG - DNS解析重试中 us.616049.xyz: [Errno -5] No address associated with hostname
2026-08-17 20:38:41,104 - WARNING - [us.616049.xyz (LAX)] ├─ 无有效DNS记录，触发紧急更新
2026-08-17 20:51:27,673 - ERROR - CFST更新失败: None
2026-08-17 20:51:27,673 - INFO - --------------------------------------------------
2026-08-17 20:51:27,673 - INFO - [de.616049.xyz (FRA)] 开始处理节点维护
2026-08-17 20:51:27,758 - DEBUG - DNS解析重试中 de.616049.xyz: [Errno -5] No address associated with hostname
2026-08-17 20:51:28,828 - DEBUG - DNS解析重试中 de.616049.xyz: [Errno -5] No address associated with hostname
2026-08-17 20:51:29,885 - DEBUG - DNS解析重试中 de.616049.xyz: [Errno -5] No address associated with hostname
2026-08-17 20:51:30,886 - WARNING - [de.616049.xyz (FRA)] ├─ 无有效DNS记录，触发紧急更新
2026-08-17 21:04:17,995 - ERROR - CFST更新失败: None
2026-08-17 21:04:17,998 - DEBUG - Starting new HTTPS connection (1): api.telegram.org:443
2026-08-17 21:04:18,385 - DEBUG - https://api.telegram.org:443 "POST /bot/sendMessage HTTP/1.1" 404 55
