2026-10-04 04:24:19,193 - INFO - 启动维护任务 | 协议类型: IPV4
2026-10-04 04:24:19,193 - INFO - --------------------------------------------------
2026-10-04 04:24:19,193 - INFO - [hk.616049.xyz (HKG)] 开始处理节点维护
2026-10-04 04:24:19,231 - DEBUG - DNS解析重试中 hk.616049.xyz: [Errno -5] No address associated with hostname
2026-10-04 04:24:20,248 - DEBUG - DNS解析重试中 hk.616049.xyz: [Errno -5] No address associated with hostname
2026-10-04 04:24:21,266 - DEBUG - DNS解析重试中 hk.616049.xyz: [Errno -5] No address associated with hostname
2026-10-04 04:24:22,268 - WARNING - [hk.616049.xyz (HKG)] ├─ 无有效DNS记录，触发紧急更新
2026-10-04 04:36:37,004 - ERROR - CFST更新失败: None
2026-10-04 04:36:37,004 - INFO - --------------------------------------------------
2026-10-04 04:36:37,004 - INFO - [us.616049.xyz (LAX)] 开始处理节点维护
2026-10-04 04:36:37,025 - DEBUG - DNS解析重试中 us.616049.xyz: [Errno -5] No address associated with hostname
2026-10-04 04:36:38,039 - DEBUG - DNS解析重试中 us.616049.xyz: [Errno -5] No address associated with hostname
2026-10-04 04:36:39,069 - DEBUG - DNS解析重试中 us.616049.xyz: [Errno -5] No address associated with hostname
2026-10-04 04:36:40,070 - WARNING - [us.616049.xyz (LAX)] ├─ 无有效DNS记录，触发紧急更新
2026-10-04 04:48:55,025 - ERROR - CFST更新失败: None
2026-10-04 04:48:55,025 - INFO - --------------------------------------------------
2026-10-04 04:48:55,025 - INFO - [de.616049.xyz (FRA)] 开始处理节点维护
2026-10-04 04:48:55,040 - DEBUG - DNS解析重试中 de.616049.xyz: [Errno -5] No address associated with hostname
2026-10-04 04:48:56,064 - DEBUG - DNS解析重试中 de.616049.xyz: [Errno -5] No address associated with hostname
2026-10-04 04:48:57,081 - DEBUG - DNS解析重试中 de.616049.xyz: [Errno -5] No address associated with hostname
2026-10-04 04:48:58,082 - WARNING - [de.616049.xyz (FRA)] ├─ 无有效DNS记录，触发紧急更新
2026-10-04 05:01:11,112 - ERROR - CFST更新失败: None
2026-10-04 05:01:11,116 - DEBUG - Starting new HTTPS connection (1): api.telegram.org:443
2026-10-04 05:01:11,409 - DEBUG - https://api.telegram.org:443 "POST /bot/sendMessage HTTP/1.1" 404 55
