2026-10-11 00:40:22,729 - INFO - 启动维护任务 | 协议类型: IPV4
2026-10-11 00:40:22,729 - INFO - --------------------------------------------------
2026-10-11 00:40:22,729 - INFO - [hk.616049.xyz (HKG)] 开始处理节点维护
2026-10-11 00:40:22,748 - DEBUG - DNS解析重试中 hk.616049.xyz: [Errno -5] No address associated with hostname
2026-10-11 00:40:23,783 - DEBUG - DNS解析重试中 hk.616049.xyz: [Errno -5] No address associated with hostname
2026-10-11 00:40:24,800 - DEBUG - DNS解析重试中 hk.616049.xyz: [Errno -5] No address associated with hostname
2026-10-11 00:40:25,802 - WARNING - [hk.616049.xyz (HKG)] ├─ 无有效DNS记录，触发紧急更新
2026-10-11 00:52:38,999 - ERROR - CFST更新失败: None
2026-10-11 00:52:38,999 - INFO - --------------------------------------------------
2026-10-11 00:52:38,999 - INFO - [us.616049.xyz (LAX)] 开始处理节点维护
2026-10-11 00:52:39,030 - DEBUG - DNS解析重试中 us.616049.xyz: [Errno -5] No address associated with hostname
2026-10-11 00:52:40,078 - DEBUG - DNS解析重试中 us.616049.xyz: [Errno -5] No address associated with hostname
2026-10-11 00:52:41,108 - DEBUG - DNS解析重试中 us.616049.xyz: [Errno -5] No address associated with hostname
2026-10-11 00:52:42,109 - WARNING - [us.616049.xyz (LAX)] ├─ 无有效DNS记录，触发紧急更新
2026-10-11 01:04:53,629 - ERROR - CFST更新失败: None
2026-10-11 01:04:53,629 - INFO - --------------------------------------------------
2026-10-11 01:04:53,629 - INFO - [de.616049.xyz (FRA)] 开始处理节点维护
2026-10-11 01:04:53,641 - DEBUG - DNS解析重试中 de.616049.xyz: [Errno -5] No address associated with hostname
2026-10-11 01:04:54,655 - DEBUG - DNS解析重试中 de.616049.xyz: [Errno -5] No address associated with hostname
2026-10-11 01:04:55,672 - DEBUG - DNS解析重试中 de.616049.xyz: [Errno -5] No address associated with hostname
2026-10-11 01:04:56,674 - WARNING - [de.616049.xyz (FRA)] ├─ 无有效DNS记录，触发紧急更新
2026-10-11 01:17:09,053 - ERROR - CFST更新失败: None
2026-10-11 01:17:09,056 - DEBUG - Starting new HTTPS connection (1): api.telegram.org:443
2026-10-11 01:17:09,509 - DEBUG - https://api.telegram.org:443 "POST /bot/sendMessage HTTP/1.1" 404 55
