2026-09-03 01:38:50,692 - INFO - 启动维护任务 | 协议类型: IPV4
2026-09-03 01:38:50,692 - INFO - --------------------------------------------------
2026-09-03 01:38:50,692 - INFO - [hk.616049.xyz (HKG)] 开始处理节点维护
2026-09-03 01:38:50,748 - DEBUG - DNS解析重试中 hk.616049.xyz: [Errno -5] No address associated with hostname
2026-09-03 01:38:51,794 - DEBUG - DNS解析重试中 hk.616049.xyz: [Errno -5] No address associated with hostname
2026-09-03 01:38:52,849 - DEBUG - DNS解析重试中 hk.616049.xyz: [Errno -5] No address associated with hostname
2026-09-03 01:38:53,850 - WARNING - [hk.616049.xyz (HKG)] ├─ 无有效DNS记录，触发紧急更新
2026-09-03 01:51:06,158 - ERROR - CFST更新失败: None
2026-09-03 01:51:06,158 - INFO - --------------------------------------------------
2026-09-03 01:51:06,159 - INFO - [us.616049.xyz (LAX)] 开始处理节点维护
2026-09-03 01:51:06,203 - DEBUG - DNS解析重试中 us.616049.xyz: [Errno -5] No address associated with hostname
2026-09-03 01:51:07,266 - DEBUG - DNS解析重试中 us.616049.xyz: [Errno -5] No address associated with hostname
2026-09-03 01:51:08,315 - DEBUG - DNS解析重试中 us.616049.xyz: [Errno -5] No address associated with hostname
2026-09-03 01:51:09,316 - WARNING - [us.616049.xyz (LAX)] ├─ 无有效DNS记录，触发紧急更新
2026-09-03 02:03:22,864 - ERROR - CFST更新失败: None
2026-09-03 02:03:22,864 - INFO - --------------------------------------------------
2026-09-03 02:03:22,864 - INFO - [de.616049.xyz (FRA)] 开始处理节点维护
2026-09-03 02:03:22,930 - DEBUG - DNS解析重试中 de.616049.xyz: [Errno -5] No address associated with hostname
2026-09-03 02:03:23,981 - DEBUG - DNS解析重试中 de.616049.xyz: [Errno -5] No address associated with hostname
2026-09-03 02:03:24,987 - DEBUG - DNS解析重试中 de.616049.xyz: [Errno -5] No address associated with hostname
2026-09-03 02:03:25,988 - WARNING - [de.616049.xyz (FRA)] ├─ 无有效DNS记录，触发紧急更新
2026-09-03 02:15:37,070 - ERROR - CFST更新失败: None
2026-09-03 02:15:37,073 - DEBUG - Starting new HTTPS connection (1): api.telegram.org:443
2026-09-03 02:15:37,438 - DEBUG - https://api.telegram.org:443 "POST /bot/sendMessage HTTP/1.1" 404 55
