2026-08-29 08:16:43,647 - INFO - 启动维护任务 | 协议类型: IPV4
2026-08-29 08:16:43,647 - INFO - --------------------------------------------------
2026-08-29 08:16:43,647 - INFO - [hk.616049.xyz (HKG)] 开始处理节点维护
2026-08-29 08:16:43,672 - DEBUG - DNS解析重试中 hk.616049.xyz: [Errno -5] No address associated with hostname
2026-08-29 08:16:44,696 - DEBUG - DNS解析重试中 hk.616049.xyz: [Errno -5] No address associated with hostname
2026-08-29 08:16:45,726 - DEBUG - DNS解析重试中 hk.616049.xyz: [Errno -5] No address associated with hostname
2026-08-29 08:16:46,727 - WARNING - [hk.616049.xyz (HKG)] ├─ 无有效DNS记录，触发紧急更新
2026-08-29 08:29:16,800 - ERROR - CFST更新失败: None
2026-08-29 08:29:16,800 - INFO - --------------------------------------------------
2026-08-29 08:29:16,800 - INFO - [us.616049.xyz (LAX)] 开始处理节点维护
2026-08-29 08:29:16,826 - DEBUG - DNS解析重试中 us.616049.xyz: [Errno -5] No address associated with hostname
2026-08-29 08:29:17,860 - DEBUG - DNS解析重试中 us.616049.xyz: [Errno -5] No address associated with hostname
2026-08-29 08:29:18,901 - DEBUG - DNS解析重试中 us.616049.xyz: [Errno -5] No address associated with hostname
2026-08-29 08:29:19,902 - WARNING - [us.616049.xyz (LAX)] ├─ 无有效DNS记录，触发紧急更新
2026-08-29 08:41:49,565 - ERROR - CFST更新失败: None
2026-08-29 08:41:49,566 - INFO - --------------------------------------------------
2026-08-29 08:41:49,566 - INFO - [de.616049.xyz (FRA)] 开始处理节点维护
2026-08-29 08:41:49,584 - DEBUG - DNS解析重试中 de.616049.xyz: [Errno -5] No address associated with hostname
2026-08-29 08:41:50,607 - DEBUG - DNS解析重试中 de.616049.xyz: [Errno -5] No address associated with hostname
2026-08-29 08:41:51,625 - DEBUG - DNS解析重试中 de.616049.xyz: [Errno -5] No address associated with hostname
2026-08-29 08:41:52,626 - WARNING - [de.616049.xyz (FRA)] ├─ 无有效DNS记录，触发紧急更新
2026-08-29 08:54:22,684 - ERROR - CFST更新失败: None
2026-08-29 08:54:22,687 - DEBUG - Starting new HTTPS connection (1): api.telegram.org:443
2026-08-29 08:54:22,963 - DEBUG - https://api.telegram.org:443 "POST /bot/sendMessage HTTP/1.1" 404 55
