2026-09-11 16:26:11,623 - INFO - 启动维护任务 | 协议类型: IPV4
2026-09-11 16:26:11,623 - INFO - --------------------------------------------------
2026-09-11 16:26:11,623 - INFO - [hk.616049.xyz (HKG)] 开始处理节点维护
2026-09-11 16:26:11,681 - DEBUG - DNS解析重试中 hk.616049.xyz: [Errno -5] No address associated with hostname
2026-09-11 16:26:12,747 - DEBUG - DNS解析重试中 hk.616049.xyz: [Errno -5] No address associated with hostname
2026-09-11 16:26:13,801 - DEBUG - DNS解析重试中 hk.616049.xyz: [Errno -5] No address associated with hostname
2026-09-11 16:26:14,802 - WARNING - [hk.616049.xyz (HKG)] ├─ 无有效DNS记录，触发紧急更新
2026-09-11 16:38:18,101 - ERROR - CFST更新失败: None
2026-09-11 16:38:18,101 - INFO - --------------------------------------------------
2026-09-11 16:38:18,101 - INFO - [us.616049.xyz (LAX)] 开始处理节点维护
2026-09-11 16:38:18,199 - DEBUG - DNS解析重试中 us.616049.xyz: [Errno -5] No address associated with hostname
2026-09-11 16:38:19,267 - DEBUG - DNS解析重试中 us.616049.xyz: [Errno -5] No address associated with hostname
2026-09-11 16:38:20,337 - DEBUG - DNS解析重试中 us.616049.xyz: [Errno -5] No address associated with hostname
2026-09-11 16:38:21,338 - WARNING - [us.616049.xyz (LAX)] ├─ 无有效DNS记录，触发紧急更新
2026-09-11 16:50:25,038 - ERROR - CFST更新失败: None
2026-09-11 16:50:25,038 - INFO - --------------------------------------------------
2026-09-11 16:50:25,038 - INFO - [de.616049.xyz (FRA)] 开始处理节点维护
2026-09-11 16:50:25,099 - DEBUG - DNS解析重试中 de.616049.xyz: [Errno -5] No address associated with hostname
2026-09-11 16:50:26,186 - DEBUG - DNS解析重试中 de.616049.xyz: [Errno -5] No address associated with hostname
2026-09-11 16:50:27,258 - DEBUG - DNS解析重试中 de.616049.xyz: [Errno -5] No address associated with hostname
2026-09-11 16:50:28,260 - WARNING - [de.616049.xyz (FRA)] ├─ 无有效DNS记录，触发紧急更新
2026-09-11 17:02:31,480 - ERROR - CFST更新失败: None
2026-09-11 17:02:31,483 - DEBUG - Starting new HTTPS connection (1): api.telegram.org:443
2026-09-11 17:02:31,843 - DEBUG - https://api.telegram.org:443 "POST /bot/sendMessage HTTP/1.1" 404 55
