2026-08-10 00:23:48,348 - INFO - 启动维护任务 | 协议类型: IPV4
2026-08-10 00:23:48,348 - INFO - --------------------------------------------------
2026-08-10 00:23:48,348 - INFO - [hk.616049.xyz (HKG)] 开始处理节点维护
2026-08-10 00:23:48,387 - DEBUG - DNS解析重试中 hk.616049.xyz: [Errno -5] No address associated with hostname
2026-08-10 00:23:49,563 - DEBUG - DNS解析重试中 hk.616049.xyz: [Errno -5] No address associated with hostname
2026-08-10 00:23:50,608 - DEBUG - DNS解析重试中 hk.616049.xyz: [Errno -5] No address associated with hostname
2026-08-10 00:23:51,610 - WARNING - [hk.616049.xyz (HKG)] ├─ 无有效DNS记录，触发紧急更新
2026-08-10 00:36:23,156 - ERROR - CFST更新失败: None
2026-08-10 00:36:23,157 - INFO - --------------------------------------------------
2026-08-10 00:36:23,157 - INFO - [us.616049.xyz (LAX)] 开始处理节点维护
2026-08-10 00:36:23,202 - DEBUG - DNS解析重试中 us.616049.xyz: [Errno -5] No address associated with hostname
2026-08-10 00:36:24,242 - DEBUG - DNS解析重试中 us.616049.xyz: [Errno -5] No address associated with hostname
2026-08-10 00:36:25,287 - DEBUG - DNS解析重试中 us.616049.xyz: [Errno -5] No address associated with hostname
2026-08-10 00:36:26,288 - WARNING - [us.616049.xyz (LAX)] ├─ 无有效DNS记录，触发紧急更新
2026-08-10 00:48:57,160 - ERROR - CFST更新失败: None
2026-08-10 00:48:57,161 - INFO - --------------------------------------------------
2026-08-10 00:48:57,161 - INFO - [de.616049.xyz (FRA)] 开始处理节点维护
2026-08-10 00:48:57,200 - DEBUG - DNS解析重试中 de.616049.xyz: [Errno -5] No address associated with hostname
2026-08-10 00:48:58,244 - DEBUG - DNS解析重试中 de.616049.xyz: [Errno -5] No address associated with hostname
2026-08-10 00:48:59,286 - DEBUG - DNS解析重试中 de.616049.xyz: [Errno -5] No address associated with hostname
2026-08-10 00:49:00,288 - WARNING - [de.616049.xyz (FRA)] ├─ 无有效DNS记录，触发紧急更新
2026-08-10 01:01:31,900 - ERROR - CFST更新失败: None
2026-08-10 01:01:31,903 - DEBUG - Starting new HTTPS connection (1): api.telegram.org:443
2026-08-10 01:01:32,352 - DEBUG - https://api.telegram.org:443 "POST /bot/sendMessage HTTP/1.1" 404 55
