2026-08-25 04:19:55,210 - INFO - 启动维护任务 | 协议类型: IPV4
2026-08-25 04:19:55,210 - INFO - --------------------------------------------------
2026-08-25 04:19:55,210 - INFO - [hk.616049.xyz (HKG)] 开始处理节点维护
2026-08-25 04:19:55,248 - DEBUG - DNS解析重试中 hk.616049.xyz: [Errno -5] No address associated with hostname
2026-08-25 04:19:56,286 - DEBUG - DNS解析重试中 hk.616049.xyz: [Errno -5] No address associated with hostname
2026-08-25 04:19:57,318 - DEBUG - DNS解析重试中 hk.616049.xyz: [Errno -5] No address associated with hostname
2026-08-25 04:19:58,319 - WARNING - [hk.616049.xyz (HKG)] ├─ 无有效DNS记录，触发紧急更新
2026-08-25 04:32:30,232 - ERROR - CFST更新失败: None
2026-08-25 04:32:30,232 - INFO - --------------------------------------------------
2026-08-25 04:32:30,233 - INFO - [us.616049.xyz (LAX)] 开始处理节点维护
2026-08-25 04:32:30,265 - DEBUG - DNS解析重试中 us.616049.xyz: [Errno -5] No address associated with hostname
2026-08-25 04:32:31,271 - DEBUG - DNS解析重试中 us.616049.xyz: [Errno -5] No address associated with hostname
2026-08-25 04:32:32,307 - DEBUG - DNS解析重试中 us.616049.xyz: [Errno -5] No address associated with hostname
2026-08-25 04:32:33,308 - WARNING - [us.616049.xyz (LAX)] ├─ 无有效DNS记录，触发紧急更新
2026-08-25 04:45:08,686 - ERROR - CFST更新失败: None
2026-08-25 04:45:08,686 - INFO - --------------------------------------------------
2026-08-25 04:45:08,686 - INFO - [de.616049.xyz (FRA)] 开始处理节点维护
2026-08-25 04:45:08,719 - DEBUG - DNS解析重试中 de.616049.xyz: [Errno -5] No address associated with hostname
2026-08-25 04:45:09,756 - DEBUG - DNS解析重试中 de.616049.xyz: [Errno -5] No address associated with hostname
2026-08-25 04:45:10,800 - DEBUG - DNS解析重试中 de.616049.xyz: [Errno -5] No address associated with hostname
2026-08-25 04:45:11,802 - WARNING - [de.616049.xyz (FRA)] ├─ 无有效DNS记录，触发紧急更新
2026-08-25 04:57:45,047 - ERROR - CFST更新失败: None
2026-08-25 04:57:45,050 - DEBUG - Starting new HTTPS connection (1): api.telegram.org:443
2026-08-25 04:57:45,359 - DEBUG - https://api.telegram.org:443 "POST /bot/sendMessage HTTP/1.1" 404 55
