2026-07-29 03:10:32,737 - INFO - 启动维护任务 | 协议类型: IPV4
2026-07-29 03:10:32,737 - INFO - --------------------------------------------------
2026-07-29 03:10:32,737 - INFO - [hk.616049.xyz (HKG)] 开始处理节点维护
2026-07-29 03:10:32,757 - DEBUG - DNS解析重试中 hk.616049.xyz: [Errno -5] No address associated with hostname
2026-07-29 03:10:33,785 - DEBUG - DNS解析重试中 hk.616049.xyz: [Errno -5] No address associated with hostname
2026-07-29 03:10:34,811 - DEBUG - DNS解析重试中 hk.616049.xyz: [Errno -5] No address associated with hostname
2026-07-29 03:10:35,812 - WARNING - [hk.616049.xyz (HKG)] ├─ 无有效DNS记录，触发紧急更新
2026-07-29 03:23:15,730 - ERROR - CFST更新失败: None
2026-07-29 03:23:15,731 - INFO - --------------------------------------------------
2026-07-29 03:23:15,731 - INFO - [us.616049.xyz (LAX)] 开始处理节点维护
2026-07-29 03:23:15,754 - DEBUG - DNS解析重试中 us.616049.xyz: [Errno -5] No address associated with hostname
2026-07-29 03:23:16,799 - DEBUG - DNS解析重试中 us.616049.xyz: [Errno -5] No address associated with hostname
2026-07-29 03:23:17,823 - DEBUG - DNS解析重试中 us.616049.xyz: [Errno -5] No address associated with hostname
2026-07-29 03:23:18,824 - WARNING - [us.616049.xyz (LAX)] ├─ 无有效DNS记录，触发紧急更新
2026-07-29 03:35:53,522 - ERROR - CFST更新失败: None
2026-07-29 03:35:53,522 - INFO - --------------------------------------------------
2026-07-29 03:35:53,522 - INFO - [de.616049.xyz (FRA)] 开始处理节点维护
2026-07-29 03:35:53,545 - DEBUG - DNS解析重试中 de.616049.xyz: [Errno -5] No address associated with hostname
2026-07-29 03:35:54,586 - DEBUG - DNS解析重试中 de.616049.xyz: [Errno -5] No address associated with hostname
2026-07-29 03:35:55,609 - DEBUG - DNS解析重试中 de.616049.xyz: [Errno -5] No address associated with hostname
2026-07-29 03:35:56,610 - WARNING - [de.616049.xyz (FRA)] ├─ 无有效DNS记录，触发紧急更新
2026-07-29 03:48:31,390 - ERROR - CFST更新失败: None
2026-07-29 03:48:31,394 - DEBUG - Starting new HTTPS connection (1): api.telegram.org:443
2026-07-29 03:48:31,707 - DEBUG - https://api.telegram.org:443 "POST /bot/sendMessage HTTP/1.1" 404 55
