2026-09-26 06:58:58,170 - INFO - 启动维护任务 | 协议类型: IPV4
2026-09-26 06:58:58,170 - INFO - --------------------------------------------------
2026-09-26 06:58:58,171 - INFO - [hk.616049.xyz (HKG)] 开始处理节点维护
2026-09-26 06:58:58,245 - DEBUG - DNS解析重试中 hk.616049.xyz: [Errno -5] No address associated with hostname
2026-09-26 06:58:59,303 - DEBUG - DNS解析重试中 hk.616049.xyz: [Errno -5] No address associated with hostname
2026-09-26 06:59:00,317 - DEBUG - DNS解析重试中 hk.616049.xyz: [Errno -5] No address associated with hostname
2026-09-26 06:59:01,318 - WARNING - [hk.616049.xyz (HKG)] ├─ 无有效DNS记录，触发紧急更新
2026-09-26 07:10:58,313 - ERROR - CFST更新失败: None
2026-09-26 07:10:58,314 - INFO - --------------------------------------------------
2026-09-26 07:10:58,314 - INFO - [us.616049.xyz (LAX)] 开始处理节点维护
2026-09-26 07:10:58,360 - DEBUG - DNS解析重试中 us.616049.xyz: [Errno -5] No address associated with hostname
2026-09-26 07:10:59,436 - DEBUG - DNS解析重试中 us.616049.xyz: [Errno -5] No address associated with hostname
2026-09-26 07:11:00,497 - DEBUG - DNS解析重试中 us.616049.xyz: [Errno -5] No address associated with hostname
2026-09-26 07:11:01,498 - WARNING - [us.616049.xyz (LAX)] ├─ 无有效DNS记录，触发紧急更新
2026-09-26 07:22:58,455 - ERROR - CFST更新失败: None
2026-09-26 07:22:58,455 - INFO - --------------------------------------------------
2026-09-26 07:22:58,455 - INFO - [de.616049.xyz (FRA)] 开始处理节点维护
2026-09-26 07:22:58,536 - DEBUG - DNS解析重试中 de.616049.xyz: [Errno -5] No address associated with hostname
2026-09-26 07:22:59,618 - DEBUG - DNS解析重试中 de.616049.xyz: [Errno -5] No address associated with hostname
2026-09-26 07:23:00,684 - DEBUG - DNS解析重试中 de.616049.xyz: [Errno -5] No address associated with hostname
2026-09-26 07:23:01,685 - WARNING - [de.616049.xyz (FRA)] ├─ 无有效DNS记录，触发紧急更新
2026-09-26 07:34:57,862 - ERROR - CFST更新失败: None
2026-09-26 07:34:57,864 - DEBUG - Starting new HTTPS connection (1): api.telegram.org:443
2026-09-26 07:34:58,210 - DEBUG - https://api.telegram.org:443 "POST /bot/sendMessage HTTP/1.1" 404 55
