2026-10-08 07:56:54,116 - INFO - 启动维护任务 | 协议类型: IPV4
2026-10-08 07:56:54,116 - INFO - --------------------------------------------------
2026-10-08 07:56:54,116 - INFO - [hk.616049.xyz (HKG)] 开始处理节点维护
2026-10-08 07:56:54,127 - DEBUG - DNS解析重试中 hk.616049.xyz: [Errno -5] No address associated with hostname
2026-10-08 07:56:55,137 - DEBUG - DNS解析重试中 hk.616049.xyz: [Errno -5] No address associated with hostname
2026-10-08 07:56:56,167 - DEBUG - DNS解析重试中 hk.616049.xyz: [Errno -5] No address associated with hostname
2026-10-08 07:56:57,168 - WARNING - [hk.616049.xyz (HKG)] ├─ 无有效DNS记录，触发紧急更新
2026-10-08 08:09:27,481 - ERROR - CFST更新失败: None
2026-10-08 08:09:27,481 - INFO - --------------------------------------------------
2026-10-08 08:09:27,481 - INFO - [us.616049.xyz (LAX)] 开始处理节点维护
2026-10-08 08:09:27,512 - DEBUG - DNS解析重试中 us.616049.xyz: [Errno -5] No address associated with hostname
2026-10-08 08:09:28,518 - DEBUG - DNS解析重试中 us.616049.xyz: [Errno -5] No address associated with hostname
2026-10-08 08:09:29,539 - DEBUG - DNS解析重试中 us.616049.xyz: [Errno -5] No address associated with hostname
2026-10-08 08:09:30,540 - WARNING - [us.616049.xyz (LAX)] ├─ 无有效DNS记录，触发紧急更新
2026-10-08 08:22:00,534 - ERROR - CFST更新失败: None
2026-10-08 08:22:00,534 - INFO - --------------------------------------------------
2026-10-08 08:22:00,534 - INFO - [de.616049.xyz (FRA)] 开始处理节点维护
2026-10-08 08:22:00,545 - DEBUG - DNS解析重试中 de.616049.xyz: [Errno -5] No address associated with hostname
2026-10-08 08:22:01,562 - DEBUG - DNS解析重试中 de.616049.xyz: [Errno -5] No address associated with hostname
2026-10-08 08:22:02,578 - DEBUG - DNS解析重试中 de.616049.xyz: [Errno -5] No address associated with hostname
2026-10-08 08:22:03,580 - WARNING - [de.616049.xyz (FRA)] ├─ 无有效DNS记录，触发紧急更新
2026-10-08 08:34:33,580 - ERROR - CFST更新失败: None
2026-10-08 08:34:33,583 - DEBUG - Starting new HTTPS connection (1): api.telegram.org:443
2026-10-08 08:34:34,035 - DEBUG - https://api.telegram.org:443 "POST /bot/sendMessage HTTP/1.1" 404 55
