2026-09-08 06:24:38,665 - INFO - 启动维护任务 | 协议类型: IPV4
2026-09-08 06:24:38,666 - INFO - --------------------------------------------------
2026-09-08 06:24:38,666 - INFO - [hk.616049.xyz (HKG)] 开始处理节点维护
2026-09-08 06:24:38,710 - DEBUG - DNS解析重试中 hk.616049.xyz: [Errno -5] No address associated with hostname
2026-09-08 06:24:39,751 - DEBUG - DNS解析重试中 hk.616049.xyz: [Errno -5] No address associated with hostname
2026-09-08 06:24:40,783 - DEBUG - DNS解析重试中 hk.616049.xyz: [Errno -5] No address associated with hostname
2026-09-08 06:24:41,785 - WARNING - [hk.616049.xyz (HKG)] ├─ 无有效DNS记录，触发紧急更新
2026-09-08 06:37:16,325 - ERROR - CFST更新失败: None
2026-09-08 06:37:16,326 - INFO - --------------------------------------------------
2026-09-08 06:37:16,326 - INFO - [us.616049.xyz (LAX)] 开始处理节点维护
2026-09-08 06:37:16,365 - DEBUG - DNS解析重试中 us.616049.xyz: [Errno -5] No address associated with hostname
2026-09-08 06:37:17,404 - DEBUG - DNS解析重试中 us.616049.xyz: [Errno -5] No address associated with hostname
2026-09-08 06:37:18,438 - DEBUG - DNS解析重试中 us.616049.xyz: [Errno -5] No address associated with hostname
2026-09-08 06:37:19,439 - WARNING - [us.616049.xyz (LAX)] ├─ 无有效DNS记录，触发紧急更新
2026-09-08 06:49:53,823 - ERROR - CFST更新失败: None
2026-09-08 06:49:53,824 - INFO - --------------------------------------------------
2026-09-08 06:49:53,824 - INFO - [de.616049.xyz (FRA)] 开始处理节点维护
2026-09-08 06:49:53,858 - DEBUG - DNS解析重试中 de.616049.xyz: [Errno -5] No address associated with hostname
2026-09-08 06:49:54,893 - DEBUG - DNS解析重试中 de.616049.xyz: [Errno -5] No address associated with hostname
2026-09-08 06:49:55,910 - DEBUG - DNS解析重试中 de.616049.xyz: [Errno -5] No address associated with hostname
2026-09-08 06:49:56,912 - WARNING - [de.616049.xyz (FRA)] ├─ 无有效DNS记录，触发紧急更新
2026-09-08 07:02:32,039 - ERROR - CFST更新失败: None
2026-09-08 07:02:32,043 - DEBUG - Starting new HTTPS connection (1): api.telegram.org:443
2026-09-08 07:02:32,352 - DEBUG - https://api.telegram.org:443 "POST /bot/sendMessage HTTP/1.1" 404 55
