2026-08-21 10:55:15,318 - INFO - 启动维护任务 | 协议类型: IPV4
2026-08-21 10:55:15,318 - INFO - --------------------------------------------------
2026-08-21 10:55:15,318 - INFO - [hk.616049.xyz (HKG)] 开始处理节点维护
2026-08-21 10:55:15,363 - DEBUG - DNS解析重试中 hk.616049.xyz: [Errno -5] No address associated with hostname
2026-08-21 10:55:16,409 - DEBUG - DNS解析重试中 hk.616049.xyz: [Errno -5] No address associated with hostname
2026-08-21 10:55:17,467 - DEBUG - DNS解析重试中 hk.616049.xyz: [Errno -5] No address associated with hostname
2026-08-21 10:55:18,469 - WARNING - [hk.616049.xyz (HKG)] ├─ 无有效DNS记录，触发紧急更新
2026-08-21 11:07:42,995 - ERROR - CFST更新失败: None
2026-08-21 11:07:42,995 - INFO - --------------------------------------------------
2026-08-21 11:07:42,995 - INFO - [us.616049.xyz (LAX)] 开始处理节点维护
2026-08-21 11:07:43,033 - DEBUG - DNS解析重试中 us.616049.xyz: [Errno -5] No address associated with hostname
2026-08-21 11:07:44,084 - DEBUG - DNS解析重试中 us.616049.xyz: [Errno -5] No address associated with hostname
2026-08-21 11:07:45,118 - DEBUG - DNS解析重试中 us.616049.xyz: [Errno -5] No address associated with hostname
2026-08-21 11:07:46,119 - WARNING - [us.616049.xyz (LAX)] ├─ 无有效DNS记录，触发紧急更新
2026-08-21 11:20:11,091 - ERROR - CFST更新失败: None
2026-08-21 11:20:11,092 - INFO - --------------------------------------------------
2026-08-21 11:20:11,092 - INFO - [de.616049.xyz (FRA)] 开始处理节点维护
2026-08-21 11:20:11,122 - DEBUG - DNS解析重试中 de.616049.xyz: [Errno -5] No address associated with hostname
2026-08-21 11:20:12,173 - DEBUG - DNS解析重试中 de.616049.xyz: [Errno -5] No address associated with hostname
2026-08-21 11:20:13,218 - DEBUG - DNS解析重试中 de.616049.xyz: [Errno -5] No address associated with hostname
2026-08-21 11:20:14,219 - WARNING - [de.616049.xyz (FRA)] ├─ 无有效DNS记录，触发紧急更新
2026-08-21 11:32:39,036 - ERROR - CFST更新失败: None
2026-08-21 11:32:39,039 - DEBUG - Starting new HTTPS connection (1): api.telegram.org:443
2026-08-21 11:32:39,345 - DEBUG - https://api.telegram.org:443 "POST /bot/sendMessage HTTP/1.1" 404 55
