2026-08-21 06:17:41,198 - INFO - 启动维护任务 | 协议类型: IPV4
2026-08-21 06:17:41,198 - INFO - --------------------------------------------------
2026-08-21 06:17:41,198 - INFO - [hk.616049.xyz (HKG)] 开始处理节点维护
2026-08-21 06:17:41,231 - DEBUG - DNS解析重试中 hk.616049.xyz: [Errno -5] No address associated with hostname
2026-08-21 06:17:42,267 - DEBUG - DNS解析重试中 hk.616049.xyz: [Errno -5] No address associated with hostname
2026-08-21 06:17:43,307 - DEBUG - DNS解析重试中 hk.616049.xyz: [Errno -5] No address associated with hostname
2026-08-21 06:17:44,308 - WARNING - [hk.616049.xyz (HKG)] ├─ 无有效DNS记录，触发紧急更新
2026-08-21 06:30:26,708 - ERROR - CFST更新失败: None
2026-08-21 06:30:26,708 - INFO - --------------------------------------------------
2026-08-21 06:30:26,708 - INFO - [us.616049.xyz (LAX)] 开始处理节点维护
2026-08-21 06:30:26,747 - DEBUG - DNS解析重试中 us.616049.xyz: [Errno -5] No address associated with hostname
2026-08-21 06:30:27,784 - DEBUG - DNS解析重试中 us.616049.xyz: [Errno -5] No address associated with hostname
2026-08-21 06:30:28,828 - DEBUG - DNS解析重试中 us.616049.xyz: [Errno -5] No address associated with hostname
2026-08-21 06:30:29,829 - WARNING - [us.616049.xyz (LAX)] ├─ 无有效DNS记录，触发紧急更新
2026-08-21 06:43:12,476 - ERROR - CFST更新失败: None
2026-08-21 06:43:12,477 - INFO - --------------------------------------------------
2026-08-21 06:43:12,477 - INFO - [de.616049.xyz (FRA)] 开始处理节点维护
2026-08-21 06:43:12,519 - DEBUG - DNS解析重试中 de.616049.xyz: [Errno -5] No address associated with hostname
2026-08-21 06:43:13,551 - DEBUG - DNS解析重试中 de.616049.xyz: [Errno -5] No address associated with hostname
2026-08-21 06:43:14,561 - DEBUG - DNS解析重试中 de.616049.xyz: [Errno -5] No address associated with hostname
2026-08-21 06:43:15,562 - WARNING - [de.616049.xyz (FRA)] ├─ 无有效DNS记录，触发紧急更新
2026-08-21 06:55:56,200 - ERROR - CFST更新失败: None
2026-08-21 06:55:56,203 - DEBUG - Starting new HTTPS connection (1): api.telegram.org:443
2026-08-21 06:55:56,623 - DEBUG - https://api.telegram.org:443 "POST /bot/sendMessage HTTP/1.1" 404 55
