2026-08-26 10:57:02,401 - INFO - 启动维护任务 | 协议类型: IPV4
2026-08-26 10:57:02,401 - INFO - --------------------------------------------------
2026-08-26 10:57:02,401 - INFO - [hk.616049.xyz (HKG)] 开始处理节点维护
2026-08-26 10:57:02,431 - DEBUG - DNS解析重试中 hk.616049.xyz: [Errno -5] No address associated with hostname
2026-08-26 10:57:03,455 - DEBUG - DNS解析重试中 hk.616049.xyz: [Errno -5] No address associated with hostname
2026-08-26 10:57:04,476 - DEBUG - DNS解析重试中 hk.616049.xyz: [Errno -5] No address associated with hostname
2026-08-26 10:57:05,478 - WARNING - [hk.616049.xyz (HKG)] ├─ 无有效DNS记录，触发紧急更新
2026-08-26 11:09:36,259 - ERROR - CFST更新失败: None
2026-08-26 11:09:36,259 - INFO - --------------------------------------------------
2026-08-26 11:09:36,259 - INFO - [us.616049.xyz (LAX)] 开始处理节点维护
2026-08-26 11:09:36,275 - DEBUG - DNS解析重试中 us.616049.xyz: [Errno -5] No address associated with hostname
2026-08-26 11:09:37,294 - DEBUG - DNS解析重试中 us.616049.xyz: [Errno -5] No address associated with hostname
2026-08-26 11:09:38,310 - DEBUG - DNS解析重试中 us.616049.xyz: [Errno -5] No address associated with hostname
2026-08-26 11:09:39,311 - WARNING - [us.616049.xyz (LAX)] ├─ 无有效DNS记录，触发紧急更新
2026-08-26 11:22:11,026 - ERROR - CFST更新失败: None
2026-08-26 11:22:11,027 - INFO - --------------------------------------------------
2026-08-26 11:22:11,027 - INFO - [de.616049.xyz (FRA)] 开始处理节点维护
2026-08-26 11:22:11,042 - DEBUG - DNS解析重试中 de.616049.xyz: [Errno -5] No address associated with hostname
2026-08-26 11:22:12,061 - DEBUG - DNS解析重试中 de.616049.xyz: [Errno -5] No address associated with hostname
2026-08-26 11:22:13,081 - DEBUG - DNS解析重试中 de.616049.xyz: [Errno -5] No address associated with hostname
2026-08-26 11:22:14,082 - WARNING - [de.616049.xyz (FRA)] ├─ 无有效DNS记录，触发紧急更新
2026-08-26 11:34:47,813 - ERROR - CFST更新失败: None
2026-08-26 11:34:47,817 - DEBUG - Starting new HTTPS connection (1): api.telegram.org:443
2026-08-26 11:34:48,109 - DEBUG - https://api.telegram.org:443 "POST /bot/sendMessage HTTP/1.1" 404 55
