2026-10-03 05:38:01,537 - INFO - 启动维护任务 | 协议类型: IPV4
2026-10-03 05:38:01,537 - INFO - --------------------------------------------------
2026-10-03 05:38:01,537 - INFO - [hk.616049.xyz (HKG)] 开始处理节点维护
2026-10-03 05:38:01,549 - DEBUG - DNS解析重试中 hk.616049.xyz: [Errno -5] No address associated with hostname
2026-10-03 05:38:02,586 - DEBUG - DNS解析重试中 hk.616049.xyz: [Errno -5] No address associated with hostname
2026-10-03 05:38:03,608 - DEBUG - DNS解析重试中 hk.616049.xyz: [Errno -5] No address associated with hostname
2026-10-03 05:38:04,609 - WARNING - [hk.616049.xyz (HKG)] ├─ 无有效DNS记录，触发紧急更新
2026-10-03 05:50:36,357 - ERROR - CFST更新失败: None
2026-10-03 05:50:36,357 - INFO - --------------------------------------------------
2026-10-03 05:50:36,357 - INFO - [us.616049.xyz (LAX)] 开始处理节点维护
2026-10-03 05:50:36,372 - DEBUG - DNS解析重试中 us.616049.xyz: [Errno -5] No address associated with hostname
2026-10-03 05:50:37,404 - DEBUG - DNS解析重试中 us.616049.xyz: [Errno -5] No address associated with hostname
2026-10-03 05:50:38,431 - DEBUG - DNS解析重试中 us.616049.xyz: [Errno -5] No address associated with hostname
2026-10-03 05:50:39,433 - WARNING - [us.616049.xyz (LAX)] ├─ 无有效DNS记录，触发紧急更新
2026-10-03 06:03:09,486 - ERROR - CFST更新失败: None
2026-10-03 06:03:09,486 - INFO - --------------------------------------------------
2026-10-03 06:03:09,487 - INFO - [de.616049.xyz (FRA)] 开始处理节点维护
2026-10-03 06:03:09,634 - DEBUG - DNS解析重试中 de.616049.xyz: [Errno -5] No address associated with hostname
2026-10-03 06:03:10,654 - DEBUG - DNS解析重试中 de.616049.xyz: [Errno -5] No address associated with hostname
2026-10-03 06:03:11,678 - DEBUG - DNS解析重试中 de.616049.xyz: [Errno -5] No address associated with hostname
2026-10-03 06:03:12,679 - WARNING - [de.616049.xyz (FRA)] ├─ 无有效DNS记录，触发紧急更新
2026-10-03 06:15:43,505 - ERROR - CFST更新失败: None
2026-10-03 06:15:43,509 - DEBUG - Starting new HTTPS connection (1): api.telegram.org:443
2026-10-03 06:15:43,783 - DEBUG - https://api.telegram.org:443 "POST /bot/sendMessage HTTP/1.1" 404 55
