2026-08-02 16:07:58,241 - INFO - 启动维护任务 | 协议类型: IPV4
2026-08-02 16:07:58,241 - INFO - --------------------------------------------------
2026-08-02 16:07:58,241 - INFO - [hk.616049.xyz (HKG)] 开始处理节点维护
2026-08-02 16:07:58,289 - DEBUG - DNS解析重试中 hk.616049.xyz: [Errno -5] No address associated with hostname
2026-08-02 16:07:59,340 - DEBUG - DNS解析重试中 hk.616049.xyz: [Errno -5] No address associated with hostname
2026-08-02 16:08:00,382 - DEBUG - DNS解析重试中 hk.616049.xyz: [Errno -5] No address associated with hostname
2026-08-02 16:08:01,384 - WARNING - [hk.616049.xyz (HKG)] ├─ 无有效DNS记录，触发紧急更新
2026-08-02 16:20:33,534 - ERROR - CFST更新失败: None
2026-08-02 16:20:33,534 - INFO - --------------------------------------------------
2026-08-02 16:20:33,534 - INFO - [us.616049.xyz (LAX)] 开始处理节点维护
2026-08-02 16:20:33,569 - DEBUG - DNS解析重试中 us.616049.xyz: [Errno -5] No address associated with hostname
2026-08-02 16:20:34,608 - DEBUG - DNS解析重试中 us.616049.xyz: [Errno -5] No address associated with hostname
2026-08-02 16:20:35,650 - DEBUG - DNS解析重试中 us.616049.xyz: [Errno -5] No address associated with hostname
2026-08-02 16:20:36,651 - WARNING - [us.616049.xyz (LAX)] ├─ 无有效DNS记录，触发紧急更新
2026-08-02 16:33:08,154 - ERROR - CFST更新失败: None
2026-08-02 16:33:08,154 - INFO - --------------------------------------------------
2026-08-02 16:33:08,154 - INFO - [de.616049.xyz (FRA)] 开始处理节点维护
2026-08-02 16:33:08,190 - DEBUG - DNS解析重试中 de.616049.xyz: [Errno -5] No address associated with hostname
2026-08-02 16:33:09,231 - DEBUG - DNS解析重试中 de.616049.xyz: [Errno -5] No address associated with hostname
2026-08-02 16:33:10,277 - DEBUG - DNS解析重试中 de.616049.xyz: [Errno -5] No address associated with hostname
2026-08-02 16:33:11,278 - WARNING - [de.616049.xyz (FRA)] ├─ 无有效DNS记录，触发紧急更新
2026-08-02 16:45:43,582 - ERROR - CFST更新失败: None
2026-08-02 16:45:43,586 - DEBUG - Starting new HTTPS connection (1): api.telegram.org:443
2026-08-02 16:45:44,033 - DEBUG - https://api.telegram.org:443 "POST /bot/sendMessage HTTP/1.1" 404 55
