2026-08-06 03:17:00,702 - INFO - 启动维护任务 | 协议类型: IPV4
2026-08-06 03:17:00,702 - INFO - --------------------------------------------------
2026-08-06 03:17:00,703 - INFO - [hk.616049.xyz (HKG)] 开始处理节点维护
2026-08-06 03:17:00,739 - DEBUG - DNS解析重试中 hk.616049.xyz: [Errno -5] No address associated with hostname
2026-08-06 03:17:01,777 - DEBUG - DNS解析重试中 hk.616049.xyz: [Errno -5] No address associated with hostname
2026-08-06 03:17:02,826 - DEBUG - DNS解析重试中 hk.616049.xyz: [Errno -5] No address associated with hostname
2026-08-06 03:17:03,827 - WARNING - [hk.616049.xyz (HKG)] ├─ 无有效DNS记录，触发紧急更新
2026-08-06 03:29:36,054 - ERROR - CFST更新失败: None
2026-08-06 03:29:36,054 - INFO - --------------------------------------------------
2026-08-06 03:29:36,055 - INFO - [us.616049.xyz (LAX)] 开始处理节点维护
2026-08-06 03:29:36,119 - DEBUG - DNS解析重试中 us.616049.xyz: [Errno -5] No address associated with hostname
2026-08-06 03:29:37,156 - DEBUG - DNS解析重试中 us.616049.xyz: [Errno -5] No address associated with hostname
2026-08-06 03:29:38,196 - DEBUG - DNS解析重试中 us.616049.xyz: [Errno -5] No address associated with hostname
2026-08-06 03:29:39,197 - WARNING - [us.616049.xyz (LAX)] ├─ 无有效DNS记录，触发紧急更新
2026-08-06 03:42:12,039 - ERROR - CFST更新失败: None
2026-08-06 03:42:12,039 - INFO - --------------------------------------------------
2026-08-06 03:42:12,039 - INFO - [de.616049.xyz (FRA)] 开始处理节点维护
2026-08-06 03:42:12,092 - DEBUG - DNS解析重试中 de.616049.xyz: [Errno -5] No address associated with hostname
2026-08-06 03:42:13,135 - DEBUG - DNS解析重试中 de.616049.xyz: [Errno -5] No address associated with hostname
2026-08-06 03:42:14,263 - DEBUG - DNS解析重试中 de.616049.xyz: [Errno -5] No address associated with hostname
2026-08-06 03:42:15,265 - WARNING - [de.616049.xyz (FRA)] ├─ 无有效DNS记录，触发紧急更新
2026-08-06 03:54:46,877 - ERROR - CFST更新失败: None
2026-08-06 03:54:46,880 - DEBUG - Starting new HTTPS connection (1): api.telegram.org:443
2026-08-06 03:54:47,388 - DEBUG - https://api.telegram.org:443 "POST /bot/sendMessage HTTP/1.1" 404 55
