2026-07-29 09:50:22,217 - INFO - 启动维护任务 | 协议类型: IPV4
2026-07-29 09:50:22,217 - INFO - --------------------------------------------------
2026-07-29 09:50:22,217 - INFO - [hk.616049.xyz (HKG)] 开始处理节点维护
2026-07-29 09:50:22,285 - DEBUG - DNS解析重试中 hk.616049.xyz: [Errno -5] No address associated with hostname
2026-07-29 09:50:23,357 - DEBUG - DNS解析重试中 hk.616049.xyz: [Errno -5] No address associated with hostname
2026-07-29 09:50:24,396 - DEBUG - DNS解析重试中 hk.616049.xyz: [Errno -5] No address associated with hostname
2026-07-29 09:50:25,397 - WARNING - [hk.616049.xyz (HKG)] ├─ 无有效DNS记录，触发紧急更新
2026-07-29 10:02:38,439 - ERROR - CFST更新失败: None
2026-07-29 10:02:38,439 - INFO - --------------------------------------------------
2026-07-29 10:02:38,439 - INFO - [us.616049.xyz (LAX)] 开始处理节点维护
2026-07-29 10:02:38,473 - DEBUG - DNS解析重试中 us.616049.xyz: [Errno -5] No address associated with hostname
2026-07-29 10:02:39,571 - DEBUG - DNS解析重试中 us.616049.xyz: [Errno -5] No address associated with hostname
2026-07-29 10:02:40,637 - DEBUG - DNS解析重试中 us.616049.xyz: [Errno -5] No address associated with hostname
2026-07-29 10:02:41,638 - WARNING - [us.616049.xyz (LAX)] ├─ 无有效DNS记录，触发紧急更新
2026-07-29 10:14:54,366 - ERROR - CFST更新失败: None
2026-07-29 10:14:54,366 - INFO - --------------------------------------------------
2026-07-29 10:14:54,366 - INFO - [de.616049.xyz (FRA)] 开始处理节点维护
2026-07-29 10:14:54,403 - DEBUG - DNS解析重试中 de.616049.xyz: [Errno -5] No address associated with hostname
2026-07-29 10:14:55,471 - DEBUG - DNS解析重试中 de.616049.xyz: [Errno -5] No address associated with hostname
2026-07-29 10:14:56,515 - DEBUG - DNS解析重试中 de.616049.xyz: [Errno -5] No address associated with hostname
2026-07-29 10:14:57,517 - WARNING - [de.616049.xyz (FRA)] ├─ 无有效DNS记录，触发紧急更新
2026-07-29 10:27:15,741 - ERROR - CFST更新失败: None
2026-07-29 10:27:15,744 - DEBUG - Starting new HTTPS connection (1): api.telegram.org:443
2026-07-29 10:27:16,151 - DEBUG - https://api.telegram.org:443 "POST /bot/sendMessage HTTP/1.1" 404 55
