2026-09-15 00:04:31,854 - INFO - 启动维护任务 | 协议类型: IPV4
2026-09-15 00:04:31,854 - INFO - --------------------------------------------------
2026-09-15 00:04:31,854 - INFO - [hk.616049.xyz (HKG)] 开始处理节点维护
2026-09-15 00:04:31,872 - DEBUG - DNS解析重试中 hk.616049.xyz: [Errno -5] No address associated with hostname
2026-09-15 00:04:32,898 - DEBUG - DNS解析重试中 hk.616049.xyz: [Errno -5] No address associated with hostname
2026-09-15 00:04:33,923 - DEBUG - DNS解析重试中 hk.616049.xyz: [Errno -5] No address associated with hostname
2026-09-15 00:04:34,924 - WARNING - [hk.616049.xyz (HKG)] ├─ 无有效DNS记录，触发紧急更新
2026-09-15 00:17:08,051 - ERROR - CFST更新失败: None
2026-09-15 00:17:08,051 - INFO - --------------------------------------------------
2026-09-15 00:17:08,051 - INFO - [us.616049.xyz (LAX)] 开始处理节点维护
2026-09-15 00:17:08,068 - DEBUG - DNS解析重试中 us.616049.xyz: [Errno -5] No address associated with hostname
2026-09-15 00:17:09,089 - DEBUG - DNS解析重试中 us.616049.xyz: [Errno -5] No address associated with hostname
2026-09-15 00:17:10,117 - DEBUG - DNS解析重试中 us.616049.xyz: [Errno -5] No address associated with hostname
2026-09-15 00:17:11,119 - WARNING - [us.616049.xyz (LAX)] ├─ 无有效DNS记录，触发紧急更新
2026-09-15 00:29:43,267 - ERROR - CFST更新失败: None
2026-09-15 00:29:43,267 - INFO - --------------------------------------------------
2026-09-15 00:29:43,267 - INFO - [de.616049.xyz (FRA)] 开始处理节点维护
2026-09-15 00:29:43,289 - DEBUG - DNS解析重试中 de.616049.xyz: [Errno -5] No address associated with hostname
2026-09-15 00:29:44,306 - DEBUG - DNS解析重试中 de.616049.xyz: [Errno -5] No address associated with hostname
2026-09-15 00:29:45,323 - DEBUG - DNS解析重试中 de.616049.xyz: [Errno -5] No address associated with hostname
2026-09-15 00:29:46,324 - WARNING - [de.616049.xyz (FRA)] ├─ 无有效DNS记录，触发紧急更新
2026-09-15 00:42:19,307 - ERROR - CFST更新失败: None
2026-09-15 00:42:19,310 - DEBUG - Starting new HTTPS connection (1): api.telegram.org:443
2026-09-15 00:42:19,621 - DEBUG - https://api.telegram.org:443 "POST /bot/sendMessage HTTP/1.1" 404 55
