2026-08-24 02:17:03,441 - INFO - 启动维护任务 | 协议类型: IPV4
2026-08-24 02:17:03,441 - INFO - --------------------------------------------------
2026-08-24 02:17:03,441 - INFO - [hk.616049.xyz (HKG)] 开始处理节点维护
2026-08-24 02:17:03,511 - DEBUG - DNS解析重试中 hk.616049.xyz: [Errno -5] No address associated with hostname
2026-08-24 02:17:04,590 - DEBUG - DNS解析重试中 hk.616049.xyz: [Errno -5] No address associated with hostname
2026-08-24 02:17:05,663 - DEBUG - DNS解析重试中 hk.616049.xyz: [Errno -5] No address associated with hostname
2026-08-24 02:17:06,664 - WARNING - [hk.616049.xyz (HKG)] ├─ 无有效DNS记录，触发紧急更新
2026-08-24 02:29:49,227 - ERROR - CFST更新失败: None
2026-08-24 02:29:49,227 - INFO - --------------------------------------------------
2026-08-24 02:29:49,227 - INFO - [us.616049.xyz (LAX)] 开始处理节点维护
2026-08-24 02:29:49,259 - DEBUG - DNS解析重试中 us.616049.xyz: [Errno -5] No address associated with hostname
2026-08-24 02:29:50,275 - DEBUG - DNS解析重试中 us.616049.xyz: [Errno -5] No address associated with hostname
2026-08-24 02:29:51,335 - DEBUG - DNS解析重试中 us.616049.xyz: [Errno -5] No address associated with hostname
2026-08-24 02:29:52,337 - WARNING - [us.616049.xyz (LAX)] ├─ 无有效DNS记录，触发紧急更新
2026-08-24 02:42:35,196 - ERROR - CFST更新失败: None
2026-08-24 02:42:35,196 - INFO - --------------------------------------------------
2026-08-24 02:42:35,196 - INFO - [de.616049.xyz (FRA)] 开始处理节点维护
2026-08-24 02:42:35,254 - DEBUG - DNS解析重试中 de.616049.xyz: [Errno -5] No address associated with hostname
2026-08-24 02:42:36,348 - DEBUG - DNS解析重试中 de.616049.xyz: [Errno -5] No address associated with hostname
2026-08-24 02:42:37,403 - DEBUG - DNS解析重试中 de.616049.xyz: [Errno -5] No address associated with hostname
2026-08-24 02:42:38,404 - WARNING - [de.616049.xyz (FRA)] ├─ 无有效DNS记录，触发紧急更新
2026-08-24 02:55:20,842 - ERROR - CFST更新失败: None
2026-08-24 02:55:20,845 - DEBUG - Starting new HTTPS connection (1): api.telegram.org:443
2026-08-24 02:55:21,217 - DEBUG - https://api.telegram.org:443 "POST /bot/sendMessage HTTP/1.1" 404 55
