2026-09-05 07:35:12,399 - INFO - 启动维护任务 | 协议类型: IPV4
2026-09-05 07:35:12,399 - INFO - --------------------------------------------------
2026-09-05 07:35:12,399 - INFO - [hk.616049.xyz (HKG)] 开始处理节点维护
2026-09-05 07:35:12,451 - DEBUG - DNS解析重试中 hk.616049.xyz: [Errno -5] No address associated with hostname
2026-09-05 07:35:13,514 - DEBUG - DNS解析重试中 hk.616049.xyz: [Errno -5] No address associated with hostname
2026-09-05 07:35:14,566 - DEBUG - DNS解析重试中 hk.616049.xyz: [Errno -5] No address associated with hostname
2026-09-05 07:35:15,568 - WARNING - [hk.616049.xyz (HKG)] ├─ 无有效DNS记录，触发紧急更新
2026-09-05 07:47:27,222 - ERROR - CFST更新失败: None
2026-09-05 07:47:27,222 - INFO - --------------------------------------------------
2026-09-05 07:47:27,222 - INFO - [us.616049.xyz (LAX)] 开始处理节点维护
2026-09-05 07:47:27,282 - DEBUG - DNS解析重试中 us.616049.xyz: [Errno -5] No address associated with hostname
2026-09-05 07:47:28,321 - DEBUG - DNS解析重试中 us.616049.xyz: [Errno -5] No address associated with hostname
2026-09-05 07:47:29,338 - DEBUG - DNS解析重试中 us.616049.xyz: [Errno -5] No address associated with hostname
2026-09-05 07:47:30,339 - WARNING - [us.616049.xyz (LAX)] ├─ 无有效DNS记录，触发紧急更新
2026-09-05 07:59:42,156 - ERROR - CFST更新失败: None
2026-09-05 07:59:42,156 - INFO - --------------------------------------------------
2026-09-05 07:59:42,157 - INFO - [de.616049.xyz (FRA)] 开始处理节点维护
2026-09-05 07:59:42,201 - DEBUG - DNS解析重试中 de.616049.xyz: [Errno -5] No address associated with hostname
2026-09-05 07:59:43,260 - DEBUG - DNS解析重试中 de.616049.xyz: [Errno -5] No address associated with hostname
2026-09-05 07:59:44,316 - DEBUG - DNS解析重试中 de.616049.xyz: [Errno -5] No address associated with hostname
2026-09-05 07:59:45,317 - WARNING - [de.616049.xyz (FRA)] ├─ 无有效DNS记录，触发紧急更新
2026-09-05 08:11:57,162 - ERROR - CFST更新失败: None
2026-09-05 08:11:57,165 - DEBUG - Starting new HTTPS connection (1): api.telegram.org:443
2026-09-05 08:11:57,587 - DEBUG - https://api.telegram.org:443 "POST /bot/sendMessage HTTP/1.1" 404 55
