2026-08-19 18:19:52,652 - INFO - 启动维护任务 | 协议类型: IPV4
2026-08-19 18:19:52,652 - INFO - --------------------------------------------------
2026-08-19 18:19:52,652 - INFO - [hk.616049.xyz (HKG)] 开始处理节点维护
2026-08-19 18:19:52,687 - DEBUG - DNS解析重试中 hk.616049.xyz: [Errno -5] No address associated with hostname
2026-08-19 18:19:53,725 - DEBUG - DNS解析重试中 hk.616049.xyz: [Errno -5] No address associated with hostname
2026-08-19 18:19:54,760 - DEBUG - DNS解析重试中 hk.616049.xyz: [Errno -5] No address associated with hostname
2026-08-19 18:19:55,762 - WARNING - [hk.616049.xyz (HKG)] ├─ 无有效DNS记录，触发紧急更新
2026-08-19 18:32:27,245 - ERROR - CFST更新失败: None
2026-08-19 18:32:27,245 - INFO - --------------------------------------------------
2026-08-19 18:32:27,245 - INFO - [us.616049.xyz (LAX)] 开始处理节点维护
2026-08-19 18:32:27,279 - DEBUG - DNS解析重试中 us.616049.xyz: [Errno -5] No address associated with hostname
2026-08-19 18:32:28,311 - DEBUG - DNS解析重试中 us.616049.xyz: [Errno -5] No address associated with hostname
2026-08-19 18:32:29,355 - DEBUG - DNS解析重试中 us.616049.xyz: [Errno -5] No address associated with hostname
2026-08-19 18:32:30,357 - WARNING - [us.616049.xyz (LAX)] ├─ 无有效DNS记录，触发紧急更新
2026-08-19 18:45:01,972 - ERROR - CFST更新失败: None
2026-08-19 18:45:01,972 - INFO - --------------------------------------------------
2026-08-19 18:45:01,972 - INFO - [de.616049.xyz (FRA)] 开始处理节点维护
2026-08-19 18:45:02,013 - DEBUG - DNS解析重试中 de.616049.xyz: [Errno -5] No address associated with hostname
2026-08-19 18:45:03,053 - DEBUG - DNS解析重试中 de.616049.xyz: [Errno -5] No address associated with hostname
2026-08-19 18:45:04,085 - DEBUG - DNS解析重试中 de.616049.xyz: [Errno -5] No address associated with hostname
2026-08-19 18:45:05,087 - WARNING - [de.616049.xyz (FRA)] ├─ 无有效DNS记录，触发紧急更新
2026-08-19 18:57:37,132 - ERROR - CFST更新失败: None
2026-08-19 18:57:37,135 - DEBUG - Starting new HTTPS connection (1): api.telegram.org:443
2026-08-19 18:57:37,561 - DEBUG - https://api.telegram.org:443 "POST /bot/sendMessage HTTP/1.1" 404 55
