2026-08-18 02:25:33,742 - INFO - 启动维护任务 | 协议类型: IPV4
2026-08-18 02:25:33,742 - INFO - --------------------------------------------------
2026-08-18 02:25:33,742 - INFO - [hk.616049.xyz (HKG)] 开始处理节点维护
2026-08-18 02:25:33,773 - DEBUG - DNS解析重试中 hk.616049.xyz: [Errno -5] No address associated with hostname
2026-08-18 02:25:34,805 - DEBUG - DNS解析重试中 hk.616049.xyz: [Errno -5] No address associated with hostname
2026-08-18 02:25:35,826 - DEBUG - DNS解析重试中 hk.616049.xyz: [Errno -5] No address associated with hostname
2026-08-18 02:25:36,827 - WARNING - [hk.616049.xyz (HKG)] ├─ 无有效DNS记录，触发紧急更新
2026-08-18 02:38:11,860 - ERROR - CFST更新失败: None
2026-08-18 02:38:11,860 - INFO - --------------------------------------------------
2026-08-18 02:38:11,860 - INFO - [us.616049.xyz (LAX)] 开始处理节点维护
2026-08-18 02:38:11,878 - DEBUG - DNS解析重试中 us.616049.xyz: [Errno -5] No address associated with hostname
2026-08-18 02:38:12,896 - DEBUG - DNS解析重试中 us.616049.xyz: [Errno -5] No address associated with hostname
2026-08-18 02:38:13,922 - DEBUG - DNS解析重试中 us.616049.xyz: [Errno -5] No address associated with hostname
2026-08-18 02:38:14,923 - WARNING - [us.616049.xyz (LAX)] ├─ 无有效DNS记录，触发紧急更新
2026-08-18 02:50:50,008 - ERROR - CFST更新失败: None
2026-08-18 02:50:50,009 - INFO - --------------------------------------------------
2026-08-18 02:50:50,009 - INFO - [de.616049.xyz (FRA)] 开始处理节点维护
2026-08-18 02:50:50,024 - DEBUG - DNS解析重试中 de.616049.xyz: [Errno -5] No address associated with hostname
2026-08-18 02:50:51,057 - DEBUG - DNS解析重试中 de.616049.xyz: [Errno -5] No address associated with hostname
2026-08-18 02:50:52,076 - DEBUG - DNS解析重试中 de.616049.xyz: [Errno -5] No address associated with hostname
2026-08-18 02:50:53,077 - WARNING - [de.616049.xyz (FRA)] ├─ 无有效DNS记录，触发紧急更新
2026-08-18 03:03:27,706 - ERROR - CFST更新失败: None
2026-08-18 03:03:27,710 - DEBUG - Starting new HTTPS connection (1): api.telegram.org:443
2026-08-18 03:03:28,008 - DEBUG - https://api.telegram.org:443 "POST /bot/sendMessage HTTP/1.1" 404 55
