2026-08-24 14:38:53,847 - INFO - 启动维护任务 | 协议类型: IPV4
2026-08-24 14:38:53,847 - INFO - --------------------------------------------------
2026-08-24 14:38:53,847 - INFO - [hk.616049.xyz (HKG)] 开始处理节点维护
2026-08-24 14:38:53,858 - DEBUG - DNS解析重试中 hk.616049.xyz: [Errno -5] No address associated with hostname
2026-08-24 14:38:54,870 - DEBUG - DNS解析重试中 hk.616049.xyz: [Errno -5] No address associated with hostname
2026-08-24 14:38:55,880 - DEBUG - DNS解析重试中 hk.616049.xyz: [Errno -5] No address associated with hostname
2026-08-24 14:38:56,881 - WARNING - [hk.616049.xyz (HKG)] ├─ 无有效DNS记录，触发紧急更新
2026-08-24 14:51:27,808 - ERROR - CFST更新失败: None
2026-08-24 14:51:27,808 - INFO - --------------------------------------------------
2026-08-24 14:51:27,808 - INFO - [us.616049.xyz (LAX)] 开始处理节点维护
2026-08-24 14:51:27,821 - DEBUG - DNS解析重试中 us.616049.xyz: [Errno -5] No address associated with hostname
2026-08-24 14:51:28,833 - DEBUG - DNS解析重试中 us.616049.xyz: [Errno -5] No address associated with hostname
2026-08-24 14:51:29,845 - DEBUG - DNS解析重试中 us.616049.xyz: [Errno -5] No address associated with hostname
2026-08-24 14:51:30,846 - WARNING - [us.616049.xyz (LAX)] ├─ 无有效DNS记录，触发紧急更新
2026-08-24 15:04:01,581 - ERROR - CFST更新失败: None
2026-08-24 15:04:01,581 - INFO - --------------------------------------------------
2026-08-24 15:04:01,581 - INFO - [de.616049.xyz (FRA)] 开始处理节点维护
2026-08-24 15:04:01,592 - DEBUG - DNS解析重试中 de.616049.xyz: [Errno -5] No address associated with hostname
2026-08-24 15:04:02,602 - DEBUG - DNS解析重试中 de.616049.xyz: [Errno -5] No address associated with hostname
2026-08-24 15:04:03,613 - DEBUG - DNS解析重试中 de.616049.xyz: [Errno -5] No address associated with hostname
2026-08-24 15:04:04,615 - WARNING - [de.616049.xyz (FRA)] ├─ 无有效DNS记录，触发紧急更新
2026-08-24 15:16:35,602 - ERROR - CFST更新失败: None
2026-08-24 15:16:35,606 - DEBUG - Starting new HTTPS connection (1): api.telegram.org:443
2026-08-24 15:16:36,094 - DEBUG - https://api.telegram.org:443 "POST /bot/sendMessage HTTP/1.1" 404 55
