2026-09-27 21:25:58,857 - INFO - 启动维护任务 | 协议类型: IPV4
2026-09-27 21:25:58,857 - INFO - --------------------------------------------------
2026-09-27 21:25:58,857 - INFO - [hk.616049.xyz (HKG)] 开始处理节点维护
2026-09-27 21:25:58,870 - DEBUG - DNS解析重试中 hk.616049.xyz: [Errno -5] No address associated with hostname
2026-09-27 21:25:59,887 - DEBUG - DNS解析重试中 hk.616049.xyz: [Errno -5] No address associated with hostname
2026-09-27 21:26:00,904 - DEBUG - DNS解析重试中 hk.616049.xyz: [Errno -5] No address associated with hostname
2026-09-27 21:26:01,906 - WARNING - [hk.616049.xyz (HKG)] ├─ 无有效DNS记录，触发紧急更新
2026-09-27 21:38:32,504 - ERROR - CFST更新失败: None
2026-09-27 21:38:32,504 - INFO - --------------------------------------------------
2026-09-27 21:38:32,504 - INFO - [us.616049.xyz (LAX)] 开始处理节点维护
2026-09-27 21:38:32,531 - DEBUG - DNS解析重试中 us.616049.xyz: [Errno -5] No address associated with hostname
2026-09-27 21:38:33,563 - DEBUG - DNS解析重试中 us.616049.xyz: [Errno -5] No address associated with hostname
2026-09-27 21:38:34,586 - DEBUG - DNS解析重试中 us.616049.xyz: [Errno -5] No address associated with hostname
2026-09-27 21:38:35,588 - WARNING - [us.616049.xyz (LAX)] ├─ 无有效DNS记录，触发紧急更新
2026-09-27 21:51:05,559 - ERROR - CFST更新失败: None
2026-09-27 21:51:05,559 - INFO - --------------------------------------------------
2026-09-27 21:51:05,559 - INFO - [de.616049.xyz (FRA)] 开始处理节点维护
2026-09-27 21:51:05,578 - DEBUG - DNS解析重试中 de.616049.xyz: [Errno -5] No address associated with hostname
2026-09-27 21:51:06,610 - DEBUG - DNS解析重试中 de.616049.xyz: [Errno -5] No address associated with hostname
2026-09-27 21:51:07,629 - DEBUG - DNS解析重试中 de.616049.xyz: [Errno -5] No address associated with hostname
2026-09-27 21:51:08,630 - WARNING - [de.616049.xyz (FRA)] ├─ 无有效DNS记录，触发紧急更新
2026-09-27 22:03:39,330 - ERROR - CFST更新失败: None
2026-09-27 22:03:39,333 - DEBUG - Starting new HTTPS connection (1): api.telegram.org:443
2026-09-27 22:03:39,634 - DEBUG - https://api.telegram.org:443 "POST /bot/sendMessage HTTP/1.1" 404 55
