2026-09-06 10:08:26,458 - INFO - 启动维护任务 | 协议类型: IPV4
2026-09-06 10:08:26,458 - INFO - --------------------------------------------------
2026-09-06 10:08:26,458 - INFO - [hk.616049.xyz (HKG)] 开始处理节点维护
2026-09-06 10:08:26,507 - DEBUG - DNS解析重试中 hk.616049.xyz: [Errno -5] No address associated with hostname
2026-09-06 10:08:27,516 - DEBUG - DNS解析重试中 hk.616049.xyz: [Errno -5] No address associated with hostname
2026-09-06 10:08:28,564 - DEBUG - DNS解析重试中 hk.616049.xyz: [Errno -5] No address associated with hostname
2026-09-06 10:08:29,566 - WARNING - [hk.616049.xyz (HKG)] ├─ 无有效DNS记录，触发紧急更新
2026-09-06 10:20:41,909 - ERROR - CFST更新失败: None
2026-09-06 10:20:41,910 - INFO - --------------------------------------------------
2026-09-06 10:20:41,910 - INFO - [us.616049.xyz (LAX)] 开始处理节点维护
2026-09-06 10:20:41,950 - DEBUG - DNS解析重试中 us.616049.xyz: [Errno -5] No address associated with hostname
2026-09-06 10:20:42,996 - DEBUG - DNS解析重试中 us.616049.xyz: [Errno -5] No address associated with hostname
2026-09-06 10:20:44,100 - DEBUG - DNS解析重试中 us.616049.xyz: [Errno -5] No address associated with hostname
2026-09-06 10:20:45,101 - WARNING - [us.616049.xyz (LAX)] ├─ 无有效DNS记录，触发紧急更新
2026-09-06 10:32:56,299 - ERROR - CFST更新失败: None
2026-09-06 10:32:56,299 - INFO - --------------------------------------------------
2026-09-06 10:32:56,299 - INFO - [de.616049.xyz (FRA)] 开始处理节点维护
2026-09-06 10:32:56,342 - DEBUG - DNS解析重试中 de.616049.xyz: [Errno -5] No address associated with hostname
2026-09-06 10:32:57,387 - DEBUG - DNS解析重试中 de.616049.xyz: [Errno -5] No address associated with hostname
2026-09-06 10:32:58,445 - DEBUG - DNS解析重试中 de.616049.xyz: [Errno -5] No address associated with hostname
2026-09-06 10:32:59,446 - WARNING - [de.616049.xyz (FRA)] ├─ 无有效DNS记录，触发紧急更新
2026-09-06 10:45:10,357 - ERROR - CFST更新失败: None
2026-09-06 10:45:10,360 - DEBUG - Starting new HTTPS connection (1): api.telegram.org:443
2026-09-06 10:45:10,772 - DEBUG - https://api.telegram.org:443 "POST /bot/sendMessage HTTP/1.1" 404 55
