2026-09-27 01:38:15,394 - INFO - 启动维护任务 | 协议类型: IPV4
2026-09-27 01:38:15,394 - INFO - --------------------------------------------------
2026-09-27 01:38:15,394 - INFO - [hk.616049.xyz (HKG)] 开始处理节点维护
2026-09-27 01:38:15,423 - DEBUG - DNS解析重试中 hk.616049.xyz: [Errno -5] No address associated with hostname
2026-09-27 01:38:16,551 - DEBUG - DNS解析重试中 hk.616049.xyz: [Errno -5] No address associated with hostname
2026-09-27 01:38:17,580 - DEBUG - DNS解析重试中 hk.616049.xyz: [Errno -5] No address associated with hostname
2026-09-27 01:38:18,582 - WARNING - [hk.616049.xyz (HKG)] ├─ 无有效DNS记录，触发紧急更新
2026-09-27 01:50:48,956 - ERROR - CFST更新失败: None
2026-09-27 01:50:48,956 - INFO - --------------------------------------------------
2026-09-27 01:50:48,957 - INFO - [us.616049.xyz (LAX)] 开始处理节点维护
2026-09-27 01:50:48,987 - DEBUG - DNS解析重试中 us.616049.xyz: [Errno -5] No address associated with hostname
2026-09-27 01:50:50,011 - DEBUG - DNS解析重试中 us.616049.xyz: [Errno -5] No address associated with hostname
2026-09-27 01:50:51,040 - DEBUG - DNS解析重试中 us.616049.xyz: [Errno -5] No address associated with hostname
2026-09-27 01:50:52,041 - WARNING - [us.616049.xyz (LAX)] ├─ 无有效DNS记录，触发紧急更新
2026-09-27 02:03:23,298 - ERROR - CFST更新失败: None
2026-09-27 02:03:23,299 - INFO - --------------------------------------------------
2026-09-27 02:03:23,299 - INFO - [de.616049.xyz (FRA)] 开始处理节点维护
2026-09-27 02:03:23,320 - DEBUG - DNS解析重试中 de.616049.xyz: [Errno -5] No address associated with hostname
2026-09-27 02:03:24,339 - DEBUG - DNS解析重试中 de.616049.xyz: [Errno -5] No address associated with hostname
2026-09-27 02:03:25,364 - DEBUG - DNS解析重试中 de.616049.xyz: [Errno -5] No address associated with hostname
2026-09-27 02:03:26,365 - WARNING - [de.616049.xyz (FRA)] ├─ 无有效DNS记录，触发紧急更新
2026-09-27 02:15:57,170 - ERROR - CFST更新失败: None
2026-09-27 02:15:57,173 - DEBUG - Starting new HTTPS connection (1): api.telegram.org:443
2026-09-27 02:15:57,465 - DEBUG - https://api.telegram.org:443 "POST /bot/sendMessage HTTP/1.1" 404 55
