2026-09-22 08:26:03,616 - INFO - 启动维护任务 | 协议类型: IPV4
2026-09-22 08:26:03,616 - INFO - --------------------------------------------------
2026-09-22 08:26:03,616 - INFO - [hk.616049.xyz (HKG)] 开始处理节点维护
2026-09-22 08:26:03,644 - DEBUG - DNS解析重试中 hk.616049.xyz: [Errno -5] No address associated with hostname
2026-09-22 08:26:04,670 - DEBUG - DNS解析重试中 hk.616049.xyz: [Errno -5] No address associated with hostname
2026-09-22 08:26:05,702 - DEBUG - DNS解析重试中 hk.616049.xyz: [Errno -5] No address associated with hostname
2026-09-22 08:26:06,703 - WARNING - [hk.616049.xyz (HKG)] ├─ 无有效DNS记录，触发紧急更新
2026-09-22 08:38:38,012 - ERROR - CFST更新失败: None
2026-09-22 08:38:38,013 - INFO - --------------------------------------------------
2026-09-22 08:38:38,013 - INFO - [us.616049.xyz (LAX)] 开始处理节点维护
2026-09-22 08:38:38,036 - DEBUG - DNS解析重试中 us.616049.xyz: [Errno -5] No address associated with hostname
2026-09-22 08:38:39,065 - DEBUG - DNS解析重试中 us.616049.xyz: [Errno -5] No address associated with hostname
2026-09-22 08:38:40,097 - DEBUG - DNS解析重试中 us.616049.xyz: [Errno -5] No address associated with hostname
2026-09-22 08:38:41,099 - WARNING - [us.616049.xyz (LAX)] ├─ 无有效DNS记录，触发紧急更新
2026-09-22 08:51:11,948 - ERROR - CFST更新失败: None
2026-09-22 08:51:11,948 - INFO - --------------------------------------------------
2026-09-22 08:51:11,948 - INFO - [de.616049.xyz (FRA)] 开始处理节点维护
2026-09-22 08:51:11,976 - DEBUG - DNS解析重试中 de.616049.xyz: [Errno -5] No address associated with hostname
2026-09-22 08:51:13,001 - DEBUG - DNS解析重试中 de.616049.xyz: [Errno -5] No address associated with hostname
2026-09-22 08:51:14,027 - DEBUG - DNS解析重试中 de.616049.xyz: [Errno -5] No address associated with hostname
2026-09-22 08:51:15,028 - WARNING - [de.616049.xyz (FRA)] ├─ 无有效DNS记录，触发紧急更新
2026-09-22 09:03:46,777 - ERROR - CFST更新失败: None
2026-09-22 09:03:46,781 - DEBUG - Starting new HTTPS connection (1): api.telegram.org:443
2026-09-22 09:03:47,069 - DEBUG - https://api.telegram.org:443 "POST /bot/sendMessage HTTP/1.1" 404 55
