2026-09-21 17:27:16,242 - INFO - 启动维护任务 | 协议类型: IPV4
2026-09-21 17:27:16,242 - INFO - --------------------------------------------------
2026-09-21 17:27:16,242 - INFO - [hk.616049.xyz (HKG)] 开始处理节点维护
2026-09-21 17:27:16,316 - DEBUG - DNS解析重试中 hk.616049.xyz: [Errno -5] No address associated with hostname
2026-09-21 17:27:17,389 - DEBUG - DNS解析重试中 hk.616049.xyz: [Errno -5] No address associated with hostname
2026-09-21 17:27:18,451 - DEBUG - DNS解析重试中 hk.616049.xyz: [Errno -5] No address associated with hostname
2026-09-21 17:27:19,452 - WARNING - [hk.616049.xyz (HKG)] ├─ 无有效DNS记录，触发紧急更新
2026-09-21 17:39:30,433 - ERROR - CFST更新失败: None
2026-09-21 17:39:30,434 - INFO - --------------------------------------------------
2026-09-21 17:39:30,434 - INFO - [us.616049.xyz (LAX)] 开始处理节点维护
2026-09-21 17:39:30,486 - DEBUG - DNS解析重试中 us.616049.xyz: [Errno -5] No address associated with hostname
2026-09-21 17:39:31,555 - DEBUG - DNS解析重试中 us.616049.xyz: [Errno -5] No address associated with hostname
2026-09-21 17:39:32,635 - DEBUG - DNS解析重试中 us.616049.xyz: [Errno -5] No address associated with hostname
2026-09-21 17:39:33,636 - WARNING - [us.616049.xyz (LAX)] ├─ 无有效DNS记录，触发紧急更新
2026-09-21 17:51:44,065 - ERROR - CFST更新失败: None
2026-09-21 17:51:44,065 - INFO - --------------------------------------------------
2026-09-21 17:51:44,065 - INFO - [de.616049.xyz (FRA)] 开始处理节点维护
2026-09-21 17:51:44,131 - DEBUG - DNS解析重试中 de.616049.xyz: [Errno -5] No address associated with hostname
2026-09-21 17:51:45,198 - DEBUG - DNS解析重试中 de.616049.xyz: [Errno -5] No address associated with hostname
2026-09-21 17:51:46,267 - DEBUG - DNS解析重试中 de.616049.xyz: [Errno -5] No address associated with hostname
2026-09-21 17:51:47,268 - WARNING - [de.616049.xyz (FRA)] ├─ 无有效DNS记录，触发紧急更新
2026-09-21 18:03:58,111 - ERROR - CFST更新失败: None
2026-09-21 18:03:58,114 - DEBUG - Starting new HTTPS connection (1): api.telegram.org:443
2026-09-21 18:03:58,472 - DEBUG - https://api.telegram.org:443 "POST /bot/sendMessage HTTP/1.1" 404 55
