2026-09-04 02:59:30,896 - INFO - 启动维护任务 | 协议类型: IPV4
2026-09-04 02:59:30,896 - INFO - --------------------------------------------------
2026-09-04 02:59:30,896 - INFO - [hk.616049.xyz (HKG)] 开始处理节点维护
2026-09-04 02:59:30,988 - DEBUG - DNS解析重试中 hk.616049.xyz: [Errno -5] No address associated with hostname
2026-09-04 02:59:32,005 - DEBUG - DNS解析重试中 hk.616049.xyz: [Errno -5] No address associated with hostname
2026-09-04 02:59:33,023 - DEBUG - DNS解析重试中 hk.616049.xyz: [Errno -5] No address associated with hostname
2026-09-04 02:59:34,024 - WARNING - [hk.616049.xyz (HKG)] ├─ 无有效DNS记录，触发紧急更新
2026-09-04 03:11:47,123 - ERROR - CFST更新失败: None
2026-09-04 03:11:47,124 - INFO - --------------------------------------------------
2026-09-04 03:11:47,124 - INFO - [us.616049.xyz (LAX)] 开始处理节点维护
2026-09-04 03:11:47,158 - DEBUG - DNS解析重试中 us.616049.xyz: [Errno -5] No address associated with hostname
2026-09-04 03:11:48,177 - DEBUG - DNS解析重试中 us.616049.xyz: [Errno -5] No address associated with hostname
2026-09-04 03:11:49,194 - DEBUG - DNS解析重试中 us.616049.xyz: [Errno -5] No address associated with hostname
2026-09-04 03:11:50,196 - WARNING - [us.616049.xyz (LAX)] ├─ 无有效DNS记录，触发紧急更新
2026-09-04 03:24:03,194 - ERROR - CFST更新失败: None
2026-09-04 03:24:03,194 - INFO - --------------------------------------------------
2026-09-04 03:24:03,194 - INFO - [de.616049.xyz (FRA)] 开始处理节点维护
2026-09-04 03:24:03,215 - DEBUG - DNS解析重试中 de.616049.xyz: [Errno -5] No address associated with hostname
2026-09-04 03:24:04,227 - DEBUG - DNS解析重试中 de.616049.xyz: [Errno -5] No address associated with hostname
2026-09-04 03:24:05,241 - DEBUG - DNS解析重试中 de.616049.xyz: [Errno -5] No address associated with hostname
2026-09-04 03:24:06,243 - WARNING - [de.616049.xyz (FRA)] ├─ 无有效DNS记录，触发紧急更新
2026-09-04 03:36:18,326 - ERROR - CFST更新失败: None
2026-09-04 03:36:18,329 - DEBUG - Starting new HTTPS connection (1): api.telegram.org:443
2026-09-04 03:36:18,798 - DEBUG - https://api.telegram.org:443 "POST /bot/sendMessage HTTP/1.1" 404 55
