2026-08-17 12:32:37,740 - INFO - 启动维护任务 | 协议类型: IPV4
2026-08-17 12:32:37,740 - INFO - --------------------------------------------------
2026-08-17 12:32:37,740 - INFO - [hk.616049.xyz (HKG)] 开始处理节点维护
2026-08-17 12:32:37,750 - DEBUG - DNS解析重试中 hk.616049.xyz: [Errno -5] No address associated with hostname
2026-08-17 12:32:38,761 - DEBUG - DNS解析重试中 hk.616049.xyz: [Errno -5] No address associated with hostname
2026-08-17 12:32:39,777 - DEBUG - DNS解析重试中 hk.616049.xyz: [Errno -5] No address associated with hostname
2026-08-17 12:32:40,778 - WARNING - [hk.616049.xyz (HKG)] ├─ 无有效DNS记录，触发紧急更新
2026-08-17 12:45:12,738 - ERROR - CFST更新失败: None
2026-08-17 12:45:12,739 - INFO - --------------------------------------------------
2026-08-17 12:45:12,739 - INFO - [us.616049.xyz (LAX)] 开始处理节点维护
2026-08-17 12:45:12,772 - DEBUG - DNS解析重试中 us.616049.xyz: [Errno -5] No address associated with hostname
2026-08-17 12:45:13,785 - DEBUG - DNS解析重试中 us.616049.xyz: [Errno -5] No address associated with hostname
2026-08-17 12:45:14,797 - DEBUG - DNS解析重试中 us.616049.xyz: [Errno -5] No address associated with hostname
2026-08-17 12:45:15,799 - WARNING - [us.616049.xyz (LAX)] ├─ 无有效DNS记录，触发紧急更新
2026-08-17 12:57:47,174 - ERROR - CFST更新失败: None
2026-08-17 12:57:47,174 - INFO - --------------------------------------------------
2026-08-17 12:57:47,174 - INFO - [de.616049.xyz (FRA)] 开始处理节点维护
2026-08-17 12:57:47,193 - DEBUG - DNS解析重试中 de.616049.xyz: [Errno -5] No address associated with hostname
2026-08-17 12:57:48,205 - DEBUG - DNS解析重试中 de.616049.xyz: [Errno -5] No address associated with hostname
2026-08-17 12:57:49,231 - DEBUG - DNS解析重试中 de.616049.xyz: [Errno -5] No address associated with hostname
2026-08-17 12:57:50,232 - WARNING - [de.616049.xyz (FRA)] ├─ 无有效DNS记录，触发紧急更新
2026-08-17 13:10:23,063 - ERROR - CFST更新失败: None
2026-08-17 13:10:23,066 - DEBUG - Starting new HTTPS connection (1): api.telegram.org:443
2026-08-17 13:10:23,536 - DEBUG - https://api.telegram.org:443 "POST /bot/sendMessage HTTP/1.1" 404 55
