2026-07-26 21:01:39,572 - INFO - 启动维护任务 | 协议类型: IPV4
2026-07-26 21:01:39,572 - INFO - --------------------------------------------------
2026-07-26 21:01:39,572 - INFO - [hk.616049.xyz (HKG)] 开始处理节点维护
2026-07-26 21:01:39,597 - DEBUG - DNS解析重试中 hk.616049.xyz: [Errno -5] No address associated with hostname
2026-07-26 21:01:40,634 - DEBUG - DNS解析重试中 hk.616049.xyz: [Errno -5] No address associated with hostname
2026-07-26 21:01:41,650 - DEBUG - DNS解析重试中 hk.616049.xyz: [Errno -5] No address associated with hostname
2026-07-26 21:01:42,651 - WARNING - [hk.616049.xyz (HKG)] ├─ 无有效DNS记录，触发紧急更新
2026-07-26 21:14:17,232 - ERROR - CFST更新失败: None
2026-07-26 21:14:17,232 - INFO - --------------------------------------------------
2026-07-26 21:14:17,233 - INFO - [us.616049.xyz (LAX)] 开始处理节点维护
2026-07-26 21:14:17,262 - DEBUG - DNS解析重试中 us.616049.xyz: [Errno -5] No address associated with hostname
2026-07-26 21:14:18,320 - DEBUG - DNS解析重试中 us.616049.xyz: [Errno -5] No address associated with hostname
2026-07-26 21:14:19,351 - DEBUG - DNS解析重试中 us.616049.xyz: [Errno -5] No address associated with hostname
2026-07-26 21:14:20,353 - WARNING - [us.616049.xyz (LAX)] ├─ 无有效DNS记录，触发紧急更新
2026-07-26 21:26:54,334 - ERROR - CFST更新失败: None
2026-07-26 21:26:54,335 - INFO - --------------------------------------------------
2026-07-26 21:26:54,335 - INFO - [de.616049.xyz (FRA)] 开始处理节点维护
2026-07-26 21:26:54,371 - DEBUG - DNS解析重试中 de.616049.xyz: [Errno -5] No address associated with hostname
2026-07-26 21:26:55,412 - DEBUG - DNS解析重试中 de.616049.xyz: [Errno -5] No address associated with hostname
2026-07-26 21:26:56,454 - DEBUG - DNS解析重试中 de.616049.xyz: [Errno -5] No address associated with hostname
2026-07-26 21:26:57,456 - WARNING - [de.616049.xyz (FRA)] ├─ 无有效DNS记录，触发紧急更新
2026-07-26 21:39:31,435 - ERROR - CFST更新失败: None
2026-07-26 21:39:31,438 - DEBUG - Starting new HTTPS connection (1): api.telegram.org:443
2026-07-26 21:39:31,767 - DEBUG - https://api.telegram.org:443 "POST /bot/sendMessage HTTP/1.1" 404 55
