2026-08-10 20:49:18,947 - INFO - 启动维护任务 | 协议类型: IPV4
2026-08-10 20:49:18,947 - INFO - --------------------------------------------------
2026-08-10 20:49:18,947 - INFO - [hk.616049.xyz (HKG)] 开始处理节点维护
2026-08-10 20:49:19,003 - DEBUG - DNS解析重试中 hk.616049.xyz: [Errno -5] No address associated with hostname
2026-08-10 20:49:20,060 - DEBUG - DNS解析重试中 hk.616049.xyz: [Errno -5] No address associated with hostname
2026-08-10 20:49:21,099 - DEBUG - DNS解析重试中 hk.616049.xyz: [Errno -5] No address associated with hostname
2026-08-10 20:49:22,101 - WARNING - [hk.616049.xyz (HKG)] ├─ 无有效DNS记录，触发紧急更新
2026-08-10 21:02:07,843 - ERROR - CFST更新失败: None
2026-08-10 21:02:07,843 - INFO - --------------------------------------------------
2026-08-10 21:02:07,843 - INFO - [us.616049.xyz (LAX)] 开始处理节点维护
2026-08-10 21:02:07,896 - DEBUG - DNS解析重试中 us.616049.xyz: [Errno -5] No address associated with hostname
2026-08-10 21:02:08,957 - DEBUG - DNS解析重试中 us.616049.xyz: [Errno -5] No address associated with hostname
2026-08-10 21:02:10,005 - DEBUG - DNS解析重试中 us.616049.xyz: [Errno -5] No address associated with hostname
2026-08-10 21:02:11,007 - WARNING - [us.616049.xyz (LAX)] ├─ 无有效DNS记录，触发紧急更新
2026-08-10 21:14:58,515 - ERROR - CFST更新失败: None
2026-08-10 21:14:58,515 - INFO - --------------------------------------------------
2026-08-10 21:14:58,515 - INFO - [de.616049.xyz (FRA)] 开始处理节点维护
2026-08-10 21:14:58,554 - DEBUG - DNS解析重试中 de.616049.xyz: [Errno -5] No address associated with hostname
2026-08-10 21:14:59,607 - DEBUG - DNS解析重试中 de.616049.xyz: [Errno -5] No address associated with hostname
2026-08-10 21:15:00,651 - DEBUG - DNS解析重试中 de.616049.xyz: [Errno -5] No address associated with hostname
2026-08-10 21:15:01,652 - WARNING - [de.616049.xyz (FRA)] ├─ 无有效DNS记录，触发紧急更新
2026-08-10 21:27:48,170 - ERROR - CFST更新失败: None
2026-08-10 21:27:48,174 - DEBUG - Starting new HTTPS connection (1): api.telegram.org:443
2026-08-10 21:27:48,535 - DEBUG - https://api.telegram.org:443 "POST /bot/sendMessage HTTP/1.1" 404 55
