2026-09-05 22:17:59,953 - INFO - 启动维护任务 | 协议类型: IPV4
2026-09-05 22:17:59,953 - INFO - --------------------------------------------------
2026-09-05 22:17:59,953 - INFO - [hk.616049.xyz (HKG)] 开始处理节点维护
2026-09-05 22:17:59,981 - DEBUG - DNS解析重试中 hk.616049.xyz: [Errno -5] No address associated with hostname
2026-09-05 22:18:01,021 - DEBUG - DNS解析重试中 hk.616049.xyz: [Errno -5] No address associated with hostname
2026-09-05 22:18:02,055 - DEBUG - DNS解析重试中 hk.616049.xyz: [Errno -5] No address associated with hostname
2026-09-05 22:18:03,057 - WARNING - [hk.616049.xyz (HKG)] ├─ 无有效DNS记录，触发紧急更新
2026-09-05 22:30:50,127 - ERROR - CFST更新失败: None
2026-09-05 22:30:50,127 - INFO - --------------------------------------------------
2026-09-05 22:30:50,127 - INFO - [us.616049.xyz (LAX)] 开始处理节点维护
2026-09-05 22:30:50,327 - DEBUG - DNS解析重试中 us.616049.xyz: [Errno -5] No address associated with hostname
2026-09-05 22:30:51,380 - DEBUG - DNS解析重试中 us.616049.xyz: [Errno -5] No address associated with hostname
2026-09-05 22:30:52,420 - DEBUG - DNS解析重试中 us.616049.xyz: [Errno -5] No address associated with hostname
2026-09-05 22:30:53,421 - WARNING - [us.616049.xyz (LAX)] ├─ 无有效DNS记录，触发紧急更新
2026-09-05 22:43:40,852 - ERROR - CFST更新失败: None
2026-09-05 22:43:40,853 - INFO - --------------------------------------------------
2026-09-05 22:43:40,853 - INFO - [de.616049.xyz (FRA)] 开始处理节点维护
2026-09-05 22:43:40,894 - DEBUG - DNS解析重试中 de.616049.xyz: [Errno -5] No address associated with hostname
2026-09-05 22:43:41,949 - DEBUG - DNS解析重试中 de.616049.xyz: [Errno -5] No address associated with hostname
2026-09-05 22:43:43,005 - DEBUG - DNS解析重试中 de.616049.xyz: [Errno -5] No address associated with hostname
2026-09-05 22:43:44,006 - WARNING - [de.616049.xyz (FRA)] ├─ 无有效DNS记录，触发紧急更新
2026-09-05 22:56:25,934 - ERROR - CFST更新失败: None
2026-09-05 22:56:25,938 - DEBUG - Starting new HTTPS connection (1): api.telegram.org:443
2026-09-05 22:56:26,358 - DEBUG - https://api.telegram.org:443 "POST /bot/sendMessage HTTP/1.1" 404 55
