2026-07-30 23:45:41,430 - INFO - 启动维护任务 | 协议类型: IPV4
2026-07-30 23:45:41,430 - INFO - --------------------------------------------------
2026-07-30 23:45:41,430 - INFO - [hk.616049.xyz (HKG)] 开始处理节点维护
2026-07-30 23:45:41,454 - DEBUG - DNS解析重试中 hk.616049.xyz: [Errno -5] No address associated with hostname
2026-07-30 23:45:42,477 - DEBUG - DNS解析重试中 hk.616049.xyz: [Errno -5] No address associated with hostname
2026-07-30 23:45:43,509 - DEBUG - DNS解析重试中 hk.616049.xyz: [Errno -5] No address associated with hostname
2026-07-30 23:45:44,510 - WARNING - [hk.616049.xyz (HKG)] ├─ 无有效DNS记录，触发紧急更新
2026-07-30 23:58:20,229 - ERROR - CFST更新失败: None
2026-07-30 23:58:20,229 - INFO - --------------------------------------------------
2026-07-30 23:58:20,229 - INFO - [us.616049.xyz (LAX)] 开始处理节点维护
2026-07-30 23:58:20,258 - DEBUG - DNS解析重试中 us.616049.xyz: [Errno -5] No address associated with hostname
2026-07-30 23:58:21,279 - DEBUG - DNS解析重试中 us.616049.xyz: [Errno -5] No address associated with hostname
2026-07-30 23:58:22,300 - DEBUG - DNS解析重试中 us.616049.xyz: [Errno -5] No address associated with hostname
2026-07-30 23:58:23,302 - WARNING - [us.616049.xyz (LAX)] ├─ 无有效DNS记录，触发紧急更新
2026-07-31 00:10:58,487 - ERROR - CFST更新失败: None
2026-07-31 00:10:58,487 - INFO - --------------------------------------------------
2026-07-31 00:10:58,487 - INFO - [de.616049.xyz (FRA)] 开始处理节点维护
2026-07-31 00:10:58,509 - DEBUG - DNS解析重试中 de.616049.xyz: [Errno -5] No address associated with hostname
2026-07-31 00:10:59,545 - DEBUG - DNS解析重试中 de.616049.xyz: [Errno -5] No address associated with hostname
2026-07-31 00:11:00,567 - DEBUG - DNS解析重试中 de.616049.xyz: [Errno -5] No address associated with hostname
2026-07-31 00:11:01,568 - WARNING - [de.616049.xyz (FRA)] ├─ 无有效DNS记录，触发紧急更新
2026-07-31 00:23:41,461 - ERROR - CFST更新失败: None
2026-07-31 00:23:41,464 - DEBUG - Starting new HTTPS connection (1): api.telegram.org:443
2026-07-31 00:23:41,766 - DEBUG - https://api.telegram.org:443 "POST /bot/sendMessage HTTP/1.1" 404 55
