2026-09-28 01:59:38,465 - INFO - 启动维护任务 | 协议类型: IPV4
2026-09-28 01:59:38,465 - INFO - --------------------------------------------------
2026-09-28 01:59:38,465 - INFO - [hk.616049.xyz (HKG)] 开始处理节点维护
2026-09-28 01:59:38,491 - DEBUG - DNS解析重试中 hk.616049.xyz: [Errno -5] No address associated with hostname
2026-09-28 01:59:39,666 - DEBUG - DNS解析重试中 hk.616049.xyz: [Errno -5] No address associated with hostname
2026-09-28 01:59:40,691 - DEBUG - DNS解析重试中 hk.616049.xyz: [Errno -5] No address associated with hostname
2026-09-28 01:59:41,692 - WARNING - [hk.616049.xyz (HKG)] ├─ 无有效DNS记录，触发紧急更新
2026-09-28 02:12:12,370 - ERROR - CFST更新失败: None
2026-09-28 02:12:12,370 - INFO - --------------------------------------------------
2026-09-28 02:12:12,370 - INFO - [us.616049.xyz (LAX)] 开始处理节点维护
2026-09-28 02:12:12,385 - DEBUG - DNS解析重试中 us.616049.xyz: [Errno -5] No address associated with hostname
2026-09-28 02:12:13,403 - DEBUG - DNS解析重试中 us.616049.xyz: [Errno -5] No address associated with hostname
2026-09-28 02:12:14,443 - DEBUG - DNS解析重试中 us.616049.xyz: [Errno -5] No address associated with hostname
2026-09-28 02:12:15,445 - WARNING - [us.616049.xyz (LAX)] ├─ 无有效DNS记录，触发紧急更新
2026-09-28 02:24:45,694 - ERROR - CFST更新失败: None
2026-09-28 02:24:45,694 - INFO - --------------------------------------------------
2026-09-28 02:24:45,694 - INFO - [de.616049.xyz (FRA)] 开始处理节点维护
2026-09-28 02:24:45,726 - DEBUG - DNS解析重试中 de.616049.xyz: [Errno -5] No address associated with hostname
2026-09-28 02:24:46,754 - DEBUG - DNS解析重试中 de.616049.xyz: [Errno -5] No address associated with hostname
2026-09-28 02:24:47,773 - DEBUG - DNS解析重试中 de.616049.xyz: [Errno -5] No address associated with hostname
2026-09-28 02:24:48,774 - WARNING - [de.616049.xyz (FRA)] ├─ 无有效DNS记录，触发紧急更新
2026-09-28 02:37:19,236 - ERROR - CFST更新失败: None
2026-09-28 02:37:19,239 - DEBUG - Starting new HTTPS connection (1): api.telegram.org:443
2026-09-28 02:37:19,513 - DEBUG - https://api.telegram.org:443 "POST /bot/sendMessage HTTP/1.1" 404 55
