2026-08-19 22:24:09,180 - INFO - 启动维护任务 | 协议类型: IPV4
2026-08-19 22:24:09,180 - INFO - --------------------------------------------------
2026-08-19 22:24:09,180 - INFO - [hk.616049.xyz (HKG)] 开始处理节点维护
2026-08-19 22:24:09,245 - DEBUG - DNS解析重试中 hk.616049.xyz: [Errno -5] No address associated with hostname
2026-08-19 22:24:10,297 - DEBUG - DNS解析重试中 hk.616049.xyz: [Errno -5] No address associated with hostname
2026-08-19 22:24:11,336 - DEBUG - DNS解析重试中 hk.616049.xyz: [Errno -5] No address associated with hostname
2026-08-19 22:24:12,337 - WARNING - [hk.616049.xyz (HKG)] ├─ 无有效DNS记录，触发紧急更新
2026-08-19 22:36:37,203 - ERROR - CFST更新失败: None
2026-08-19 22:36:37,203 - INFO - --------------------------------------------------
2026-08-19 22:36:37,203 - INFO - [us.616049.xyz (LAX)] 开始处理节点维护
2026-08-19 22:36:37,270 - DEBUG - DNS解析重试中 us.616049.xyz: [Errno -5] No address associated with hostname
2026-08-19 22:36:38,299 - DEBUG - DNS解析重试中 us.616049.xyz: [Errno -5] No address associated with hostname
2026-08-19 22:36:39,359 - DEBUG - DNS解析重试中 us.616049.xyz: [Errno -5] No address associated with hostname
2026-08-19 22:36:40,361 - WARNING - [us.616049.xyz (LAX)] ├─ 无有效DNS记录，触发紧急更新
2026-08-19 22:49:03,236 - ERROR - CFST更新失败: None
2026-08-19 22:49:03,237 - INFO - --------------------------------------------------
2026-08-19 22:49:03,237 - INFO - [de.616049.xyz (FRA)] 开始处理节点维护
2026-08-19 22:49:03,285 - DEBUG - DNS解析重试中 de.616049.xyz: [Errno -5] No address associated with hostname
2026-08-19 22:49:04,330 - DEBUG - DNS解析重试中 de.616049.xyz: [Errno -5] No address associated with hostname
2026-08-19 22:49:05,385 - DEBUG - DNS解析重试中 de.616049.xyz: [Errno -5] No address associated with hostname
2026-08-19 22:49:06,386 - WARNING - [de.616049.xyz (FRA)] ├─ 无有效DNS记录，触发紧急更新
2026-08-19 23:01:29,163 - ERROR - CFST更新失败: None
2026-08-19 23:01:29,166 - DEBUG - Starting new HTTPS connection (1): api.telegram.org:443
2026-08-19 23:01:29,595 - DEBUG - https://api.telegram.org:443 "POST /bot/sendMessage HTTP/1.1" 404 55
