2026-08-25 02:27:30,864 - INFO - 启动维护任务 | 协议类型: IPV4
2026-08-25 02:27:30,864 - INFO - --------------------------------------------------
2026-08-25 02:27:30,864 - INFO - [hk.616049.xyz (HKG)] 开始处理节点维护
2026-08-25 02:27:30,884 - DEBUG - DNS解析重试中 hk.616049.xyz: [Errno -5] No address associated with hostname
2026-08-25 02:27:31,902 - DEBUG - DNS解析重试中 hk.616049.xyz: [Errno -5] No address associated with hostname
2026-08-25 02:27:32,918 - DEBUG - DNS解析重试中 hk.616049.xyz: [Errno -5] No address associated with hostname
2026-08-25 02:27:33,919 - WARNING - [hk.616049.xyz (HKG)] ├─ 无有效DNS记录，触发紧急更新
2026-08-25 02:40:09,286 - ERROR - CFST更新失败: None
2026-08-25 02:40:09,286 - INFO - --------------------------------------------------
2026-08-25 02:40:09,286 - INFO - [us.616049.xyz (LAX)] 开始处理节点维护
2026-08-25 02:40:09,303 - DEBUG - DNS解析重试中 us.616049.xyz: [Errno -5] No address associated with hostname
2026-08-25 02:40:10,337 - DEBUG - DNS解析重试中 us.616049.xyz: [Errno -5] No address associated with hostname
2026-08-25 02:40:11,351 - DEBUG - DNS解析重试中 us.616049.xyz: [Errno -5] No address associated with hostname
2026-08-25 02:40:12,353 - WARNING - [us.616049.xyz (LAX)] ├─ 无有效DNS记录，触发紧急更新
2026-08-25 02:52:47,774 - ERROR - CFST更新失败: None
2026-08-25 02:52:47,775 - INFO - --------------------------------------------------
2026-08-25 02:52:47,775 - INFO - [de.616049.xyz (FRA)] 开始处理节点维护
2026-08-25 02:52:47,787 - DEBUG - DNS解析重试中 de.616049.xyz: [Errno -5] No address associated with hostname
2026-08-25 02:52:48,802 - DEBUG - DNS解析重试中 de.616049.xyz: [Errno -5] No address associated with hostname
2026-08-25 02:52:49,842 - DEBUG - DNS解析重试中 de.616049.xyz: [Errno -5] No address associated with hostname
2026-08-25 02:52:50,843 - WARNING - [de.616049.xyz (FRA)] ├─ 无有效DNS记录，触发紧急更新
2026-08-25 03:05:26,983 - ERROR - CFST更新失败: None
2026-08-25 03:05:26,987 - DEBUG - Starting new HTTPS connection (1): api.telegram.org:443
2026-08-25 03:05:27,279 - DEBUG - https://api.telegram.org:443 "POST /bot/sendMessage HTTP/1.1" 404 55
