2026-08-12 06:33:00,737 - INFO - 启动维护任务 | 协议类型: IPV4
2026-08-12 06:33:00,737 - INFO - --------------------------------------------------
2026-08-12 06:33:00,737 - INFO - [hk.616049.xyz (HKG)] 开始处理节点维护
2026-08-12 06:33:00,786 - DEBUG - DNS解析重试中 hk.616049.xyz: [Errno -5] No address associated with hostname
2026-08-12 06:33:01,834 - DEBUG - DNS解析重试中 hk.616049.xyz: [Errno -5] No address associated with hostname
2026-08-12 06:33:02,871 - DEBUG - DNS解析重试中 hk.616049.xyz: [Errno -5] No address associated with hostname
2026-08-12 06:33:03,872 - WARNING - [hk.616049.xyz (HKG)] ├─ 无有效DNS记录，触发紧急更新
2026-08-12 06:45:34,420 - ERROR - CFST更新失败: None
2026-08-12 06:45:34,420 - INFO - --------------------------------------------------
2026-08-12 06:45:34,420 - INFO - [us.616049.xyz (LAX)] 开始处理节点维护
2026-08-12 06:45:34,465 - DEBUG - DNS解析重试中 us.616049.xyz: [Errno -5] No address associated with hostname
2026-08-12 06:45:35,513 - DEBUG - DNS解析重试中 us.616049.xyz: [Errno -5] No address associated with hostname
2026-08-12 06:45:36,545 - DEBUG - DNS解析重试中 us.616049.xyz: [Errno -5] No address associated with hostname
2026-08-12 06:45:37,547 - WARNING - [us.616049.xyz (LAX)] ├─ 无有效DNS记录，触发紧急更新
2026-08-12 06:58:09,279 - ERROR - CFST更新失败: None
2026-08-12 06:58:09,279 - INFO - --------------------------------------------------
2026-08-12 06:58:09,279 - INFO - [de.616049.xyz (FRA)] 开始处理节点维护
2026-08-12 06:58:09,315 - DEBUG - DNS解析重试中 de.616049.xyz: [Errno -5] No address associated with hostname
2026-08-12 06:58:10,345 - DEBUG - DNS解析重试中 de.616049.xyz: [Errno -5] No address associated with hostname
2026-08-12 06:58:11,357 - DEBUG - DNS解析重试中 de.616049.xyz: [Errno -5] No address associated with hostname
2026-08-12 06:58:12,359 - WARNING - [de.616049.xyz (FRA)] ├─ 无有效DNS记录，触发紧急更新
2026-08-12 07:10:44,609 - ERROR - CFST更新失败: None
2026-08-12 07:10:44,612 - DEBUG - Starting new HTTPS connection (1): api.telegram.org:443
2026-08-12 07:10:44,932 - DEBUG - https://api.telegram.org:443 "POST /bot/sendMessage HTTP/1.1" 404 55
