2026-08-20 04:17:04,263 - INFO - 启动维护任务 | 协议类型: IPV4
2026-08-20 04:17:04,263 - INFO - --------------------------------------------------
2026-08-20 04:17:04,263 - INFO - [hk.616049.xyz (HKG)] 开始处理节点维护
2026-08-20 04:17:04,288 - DEBUG - DNS解析重试中 hk.616049.xyz: [Errno -5] No address associated with hostname
2026-08-20 04:17:05,340 - DEBUG - DNS解析重试中 hk.616049.xyz: [Errno -5] No address associated with hostname
2026-08-20 04:17:06,375 - DEBUG - DNS解析重试中 hk.616049.xyz: [Errno -5] No address associated with hostname
2026-08-20 04:17:07,377 - WARNING - [hk.616049.xyz (HKG)] ├─ 无有效DNS记录，触发紧急更新
2026-08-20 04:29:43,466 - ERROR - CFST更新失败: None
2026-08-20 04:29:43,466 - INFO - --------------------------------------------------
2026-08-20 04:29:43,466 - INFO - [us.616049.xyz (LAX)] 开始处理节点维护
2026-08-20 04:29:43,491 - DEBUG - DNS解析重试中 us.616049.xyz: [Errno -5] No address associated with hostname
2026-08-20 04:29:44,552 - DEBUG - DNS解析重试中 us.616049.xyz: [Errno -5] No address associated with hostname
2026-08-20 04:29:45,573 - DEBUG - DNS解析重试中 us.616049.xyz: [Errno -5] No address associated with hostname
2026-08-20 04:29:46,575 - WARNING - [us.616049.xyz (LAX)] ├─ 无有效DNS记录，触发紧急更新
2026-08-20 04:42:22,340 - ERROR - CFST更新失败: None
2026-08-20 04:42:22,340 - INFO - --------------------------------------------------
2026-08-20 04:42:22,340 - INFO - [de.616049.xyz (FRA)] 开始处理节点维护
2026-08-20 04:42:22,370 - DEBUG - DNS解析重试中 de.616049.xyz: [Errno -5] No address associated with hostname
2026-08-20 04:42:23,433 - DEBUG - DNS解析重试中 de.616049.xyz: [Errno -5] No address associated with hostname
2026-08-20 04:42:24,449 - DEBUG - DNS解析重试中 de.616049.xyz: [Errno -5] No address associated with hostname
2026-08-20 04:42:25,450 - WARNING - [de.616049.xyz (FRA)] ├─ 无有效DNS记录，触发紧急更新
2026-08-20 04:55:01,511 - ERROR - CFST更新失败: None
2026-08-20 04:55:01,514 - DEBUG - Starting new HTTPS connection (1): api.telegram.org:443
2026-08-20 04:55:01,804 - DEBUG - https://api.telegram.org:443 "POST /bot/sendMessage HTTP/1.1" 404 55
