2026-09-20 16:56:02,447 - INFO - 启动维护任务 | 协议类型: IPV4
2026-09-20 16:56:02,447 - INFO - --------------------------------------------------
2026-09-20 16:56:02,447 - INFO - [hk.616049.xyz (HKG)] 开始处理节点维护
2026-09-20 16:56:02,498 - DEBUG - DNS解析重试中 hk.616049.xyz: [Errno -5] No address associated with hostname
2026-09-20 16:56:03,551 - DEBUG - DNS解析重试中 hk.616049.xyz: [Errno -5] No address associated with hostname
2026-09-20 16:56:04,609 - DEBUG - DNS解析重试中 hk.616049.xyz: [Errno -5] No address associated with hostname
2026-09-20 16:56:05,611 - WARNING - [hk.616049.xyz (HKG)] ├─ 无有效DNS记录，触发紧急更新
2026-09-20 17:08:25,807 - ERROR - CFST更新失败: None
2026-09-20 17:08:25,807 - INFO - --------------------------------------------------
2026-09-20 17:08:25,807 - INFO - [us.616049.xyz (LAX)] 开始处理节点维护
2026-09-20 17:08:25,852 - DEBUG - DNS解析重试中 us.616049.xyz: [Errno -5] No address associated with hostname
2026-09-20 17:08:26,899 - DEBUG - DNS解析重试中 us.616049.xyz: [Errno -5] No address associated with hostname
2026-09-20 17:08:27,961 - DEBUG - DNS解析重试中 us.616049.xyz: [Errno -5] No address associated with hostname
2026-09-20 17:08:28,962 - WARNING - [us.616049.xyz (LAX)] ├─ 无有效DNS记录，触发紧急更新
2026-09-20 17:20:49,200 - ERROR - CFST更新失败: None
2026-09-20 17:20:49,200 - INFO - --------------------------------------------------
2026-09-20 17:20:49,200 - INFO - [de.616049.xyz (FRA)] 开始处理节点维护
2026-09-20 17:20:49,257 - DEBUG - DNS解析重试中 de.616049.xyz: [Errno -5] No address associated with hostname
2026-09-20 17:20:50,318 - DEBUG - DNS解析重试中 de.616049.xyz: [Errno -5] No address associated with hostname
2026-09-20 17:20:51,379 - DEBUG - DNS解析重试中 de.616049.xyz: [Errno -5] No address associated with hostname
2026-09-20 17:20:52,380 - WARNING - [de.616049.xyz (FRA)] ├─ 无有效DNS记录，触发紧急更新
2026-09-20 17:33:11,756 - ERROR - CFST更新失败: None
2026-09-20 17:33:11,759 - DEBUG - Starting new HTTPS connection (1): api.telegram.org:443
2026-09-20 17:33:12,095 - DEBUG - https://api.telegram.org:443 "POST /bot/sendMessage HTTP/1.1" 404 55
