2026-09-05 15:57:05,866 - INFO - 启动维护任务 | 协议类型: IPV4
2026-09-05 15:57:05,866 - INFO - --------------------------------------------------
2026-09-05 15:57:05,866 - INFO - [hk.616049.xyz (HKG)] 开始处理节点维护
2026-09-05 15:57:05,927 - DEBUG - DNS解析重试中 hk.616049.xyz: [Errno -5] No address associated with hostname
2026-09-05 15:57:07,006 - DEBUG - DNS解析重试中 hk.616049.xyz: [Errno -5] No address associated with hostname
2026-09-05 15:57:08,055 - DEBUG - DNS解析重试中 hk.616049.xyz: [Errno -5] No address associated with hostname
2026-09-05 15:57:09,057 - WARNING - [hk.616049.xyz (HKG)] ├─ 无有效DNS记录，触发紧急更新
2026-09-05 16:09:45,604 - ERROR - CFST更新失败: None
2026-09-05 16:09:45,605 - INFO - --------------------------------------------------
2026-09-05 16:09:45,605 - INFO - [us.616049.xyz (LAX)] 开始处理节点维护
2026-09-05 16:09:45,663 - DEBUG - DNS解析重试中 us.616049.xyz: [Errno -5] No address associated with hostname
2026-09-05 16:09:46,715 - DEBUG - DNS解析重试中 us.616049.xyz: [Errno -5] No address associated with hostname
2026-09-05 16:09:47,765 - DEBUG - DNS解析重试中 us.616049.xyz: [Errno -5] No address associated with hostname
2026-09-05 16:09:48,767 - WARNING - [us.616049.xyz (LAX)] ├─ 无有效DNS记录，触发紧急更新
2026-09-05 16:22:26,015 - ERROR - CFST更新失败: None
2026-09-05 16:22:26,016 - INFO - --------------------------------------------------
2026-09-05 16:22:26,016 - INFO - [de.616049.xyz (FRA)] 开始处理节点维护
2026-09-05 16:22:26,065 - DEBUG - DNS解析重试中 de.616049.xyz: [Errno -5] No address associated with hostname
2026-09-05 16:22:27,123 - DEBUG - DNS解析重试中 de.616049.xyz: [Errno -5] No address associated with hostname
2026-09-05 16:22:28,197 - DEBUG - DNS解析重试中 de.616049.xyz: [Errno -5] No address associated with hostname
2026-09-05 16:22:29,197 - WARNING - [de.616049.xyz (FRA)] ├─ 无有效DNS记录，触发紧急更新
2026-09-05 16:35:05,193 - ERROR - CFST更新失败: None
2026-09-05 16:35:05,197 - DEBUG - Starting new HTTPS connection (1): api.telegram.org:443
2026-09-05 16:35:05,590 - DEBUG - https://api.telegram.org:443 "POST /bot/sendMessage HTTP/1.1" 404 55
