2026-07-25 06:54:12,991 - INFO - 启动维护任务 | 协议类型: IPV4
2026-07-25 06:54:12,991 - INFO - --------------------------------------------------
2026-07-25 06:54:12,991 - INFO - [hk.616049.xyz (HKG)] 开始处理节点维护
2026-07-25 06:54:13,006 - DEBUG - DNS解析重试中 hk.616049.xyz: [Errno -5] No address associated with hostname
2026-07-25 06:54:14,021 - DEBUG - DNS解析重试中 hk.616049.xyz: [Errno -5] No address associated with hostname
2026-07-25 06:54:15,036 - DEBUG - DNS解析重试中 hk.616049.xyz: [Errno -5] No address associated with hostname
2026-07-25 06:54:16,038 - WARNING - [hk.616049.xyz (HKG)] ├─ 无有效DNS记录，触发紧急更新
2026-07-25 07:06:46,823 - ERROR - CFST更新失败: None
2026-07-25 07:06:46,824 - INFO - --------------------------------------------------
2026-07-25 07:06:46,824 - INFO - [us.616049.xyz (LAX)] 开始处理节点维护
2026-07-25 07:06:46,841 - DEBUG - DNS解析重试中 us.616049.xyz: [Errno -5] No address associated with hostname
2026-07-25 07:06:47,854 - DEBUG - DNS解析重试中 us.616049.xyz: [Errno -5] No address associated with hostname
2026-07-25 07:06:48,882 - DEBUG - DNS解析重试中 us.616049.xyz: [Errno -5] No address associated with hostname
2026-07-25 07:06:49,884 - WARNING - [us.616049.xyz (LAX)] ├─ 无有效DNS记录，触发紧急更新
2026-07-25 07:19:19,429 - ERROR - CFST更新失败: None
2026-07-25 07:19:19,430 - INFO - --------------------------------------------------
2026-07-25 07:19:19,430 - INFO - [de.616049.xyz (FRA)] 开始处理节点维护
2026-07-25 07:19:19,456 - DEBUG - DNS解析重试中 de.616049.xyz: [Errno -5] No address associated with hostname
2026-07-25 07:19:20,468 - DEBUG - DNS解析重试中 de.616049.xyz: [Errno -5] No address associated with hostname
2026-07-25 07:19:21,481 - DEBUG - DNS解析重试中 de.616049.xyz: [Errno -5] No address associated with hostname
2026-07-25 07:19:22,482 - WARNING - [de.616049.xyz (FRA)] ├─ 无有效DNS记录，触发紧急更新
2026-07-25 07:31:52,271 - ERROR - CFST更新失败: None
2026-07-25 07:31:52,274 - DEBUG - Starting new HTTPS connection (1): api.telegram.org:443
2026-07-25 07:31:52,570 - DEBUG - https://api.telegram.org:443 "POST /bot/sendMessage HTTP/1.1" 404 55
