2026-07-27 04:47:16,889 - INFO - 启动维护任务 | 协议类型: IPV4
2026-07-27 04:47:16,889 - INFO - --------------------------------------------------
2026-07-27 04:47:16,889 - INFO - [hk.616049.xyz (HKG)] 开始处理节点维护
2026-07-27 04:47:16,932 - DEBUG - DNS解析重试中 hk.616049.xyz: [Errno -5] No address associated with hostname
2026-07-27 04:47:17,986 - DEBUG - DNS解析重试中 hk.616049.xyz: [Errno -5] No address associated with hostname
2026-07-27 04:47:19,032 - DEBUG - DNS解析重试中 hk.616049.xyz: [Errno -5] No address associated with hostname
2026-07-27 04:47:20,034 - WARNING - [hk.616049.xyz (HKG)] ├─ 无有效DNS记录，触发紧急更新
2026-07-27 04:59:55,229 - ERROR - CFST更新失败: None
2026-07-27 04:59:55,229 - INFO - --------------------------------------------------
2026-07-27 04:59:55,229 - INFO - [us.616049.xyz (LAX)] 开始处理节点维护
2026-07-27 04:59:55,279 - DEBUG - DNS解析重试中 us.616049.xyz: [Errno -5] No address associated with hostname
2026-07-27 04:59:56,326 - DEBUG - DNS解析重试中 us.616049.xyz: [Errno -5] No address associated with hostname
2026-07-27 04:59:57,379 - DEBUG - DNS解析重试中 us.616049.xyz: [Errno -5] No address associated with hostname
2026-07-27 04:59:58,381 - WARNING - [us.616049.xyz (LAX)] ├─ 无有效DNS记录，触发紧急更新
2026-07-27 05:12:33,255 - ERROR - CFST更新失败: None
2026-07-27 05:12:33,256 - INFO - --------------------------------------------------
2026-07-27 05:12:33,256 - INFO - [de.616049.xyz (FRA)] 开始处理节点维护
2026-07-27 05:12:33,319 - DEBUG - DNS解析重试中 de.616049.xyz: [Errno -5] No address associated with hostname
2026-07-27 05:12:34,367 - DEBUG - DNS解析重试中 de.616049.xyz: [Errno -5] No address associated with hostname
2026-07-27 05:12:35,416 - DEBUG - DNS解析重试中 de.616049.xyz: [Errno -5] No address associated with hostname
2026-07-27 05:12:36,418 - WARNING - [de.616049.xyz (FRA)] ├─ 无有效DNS记录，触发紧急更新
2026-07-27 05:25:11,319 - ERROR - CFST更新失败: None
2026-07-27 05:25:11,322 - DEBUG - Starting new HTTPS connection (1): api.telegram.org:443
2026-07-27 05:25:11,681 - DEBUG - https://api.telegram.org:443 "POST /bot/sendMessage HTTP/1.1" 404 55
