2026-09-03 04:19:43,687 - INFO - 启动维护任务 | 协议类型: IPV4
2026-09-03 04:19:43,687 - INFO - --------------------------------------------------
2026-09-03 04:19:43,687 - INFO - [hk.616049.xyz (HKG)] 开始处理节点维护
2026-09-03 04:19:43,725 - DEBUG - DNS解析重试中 hk.616049.xyz: [Errno -5] No address associated with hostname
2026-09-03 04:19:44,732 - DEBUG - DNS解析重试中 hk.616049.xyz: [Errno -5] No address associated with hostname
2026-09-03 04:19:45,775 - DEBUG - DNS解析重试中 hk.616049.xyz: [Errno -5] No address associated with hostname
2026-09-03 04:19:46,776 - WARNING - [hk.616049.xyz (HKG)] ├─ 无有效DNS记录，触发紧急更新
2026-09-03 04:32:00,107 - ERROR - CFST更新失败: None
2026-09-03 04:32:00,107 - INFO - --------------------------------------------------
2026-09-03 04:32:00,107 - INFO - [us.616049.xyz (LAX)] 开始处理节点维护
2026-09-03 04:32:00,155 - DEBUG - DNS解析重试中 us.616049.xyz: [Errno -5] No address associated with hostname
2026-09-03 04:32:01,198 - DEBUG - DNS解析重试中 us.616049.xyz: [Errno -5] No address associated with hostname
2026-09-03 04:32:02,244 - DEBUG - DNS解析重试中 us.616049.xyz: [Errno -5] No address associated with hostname
2026-09-03 04:32:03,245 - WARNING - [us.616049.xyz (LAX)] ├─ 无有效DNS记录，触发紧急更新
2026-09-03 04:44:16,770 - ERROR - CFST更新失败: None
2026-09-03 04:44:16,770 - INFO - --------------------------------------------------
2026-09-03 04:44:16,770 - INFO - [de.616049.xyz (FRA)] 开始处理节点维护
2026-09-03 04:44:16,805 - DEBUG - DNS解析重试中 de.616049.xyz: [Errno -5] No address associated with hostname
2026-09-03 04:44:17,870 - DEBUG - DNS解析重试中 de.616049.xyz: [Errno -5] No address associated with hostname
2026-09-03 04:44:18,916 - DEBUG - DNS解析重试中 de.616049.xyz: [Errno -5] No address associated with hostname
2026-09-03 04:44:19,917 - WARNING - [de.616049.xyz (FRA)] ├─ 无有效DNS记录，触发紧急更新
2026-09-03 04:56:38,595 - ERROR - CFST更新失败: None
2026-09-03 04:56:38,599 - DEBUG - Starting new HTTPS connection (1): api.telegram.org:443
2026-09-03 04:56:39,059 - DEBUG - https://api.telegram.org:443 "POST /bot/sendMessage HTTP/1.1" 404 55
