2026-09-23 04:41:37,762 - INFO - 启动维护任务 | 协议类型: IPV4
2026-09-23 04:41:37,762 - INFO - --------------------------------------------------
2026-09-23 04:41:37,762 - INFO - [hk.616049.xyz (HKG)] 开始处理节点维护
2026-09-23 04:41:37,852 - DEBUG - DNS解析重试中 hk.616049.xyz: [Errno -5] No address associated with hostname
2026-09-23 04:41:38,928 - DEBUG - DNS解析重试中 hk.616049.xyz: [Errno -5] No address associated with hostname
2026-09-23 04:41:39,984 - DEBUG - DNS解析重试中 hk.616049.xyz: [Errno -5] No address associated with hostname
2026-09-23 04:41:40,986 - WARNING - [hk.616049.xyz (HKG)] ├─ 无有效DNS记录，触发紧急更新
2026-09-23 04:54:14,875 - ERROR - CFST更新失败: None
2026-09-23 04:54:14,875 - INFO - --------------------------------------------------
2026-09-23 04:54:14,875 - INFO - [us.616049.xyz (LAX)] 开始处理节点维护
2026-09-23 04:54:15,090 - DEBUG - DNS解析重试中 us.616049.xyz: [Errno -5] No address associated with hostname
2026-09-23 04:54:16,147 - DEBUG - DNS解析重试中 us.616049.xyz: [Errno -5] No address associated with hostname
2026-09-23 04:54:17,152 - DEBUG - DNS解析重试中 us.616049.xyz: [Errno -5] No address associated with hostname
2026-09-23 04:54:18,153 - WARNING - [us.616049.xyz (LAX)] ├─ 无有效DNS记录，触发紧急更新
2026-09-23 05:06:51,079 - ERROR - CFST更新失败: None
2026-09-23 05:06:51,079 - INFO - --------------------------------------------------
2026-09-23 05:06:51,079 - INFO - [de.616049.xyz (FRA)] 开始处理节点维护
2026-09-23 05:06:51,131 - DEBUG - DNS解析重试中 de.616049.xyz: [Errno -5] No address associated with hostname
2026-09-23 05:06:52,136 - DEBUG - DNS解析重试中 de.616049.xyz: [Errno -5] No address associated with hostname
2026-09-23 05:06:53,144 - DEBUG - DNS解析重试中 de.616049.xyz: [Errno -5] No address associated with hostname
2026-09-23 05:06:54,145 - WARNING - [de.616049.xyz (FRA)] ├─ 无有效DNS记录，触发紧急更新
2026-09-23 05:19:27,136 - ERROR - CFST更新失败: None
2026-09-23 05:19:27,140 - DEBUG - Starting new HTTPS connection (1): api.telegram.org:443
2026-09-23 05:19:27,521 - DEBUG - https://api.telegram.org:443 "POST /bot/sendMessage HTTP/1.1" 404 55
