2026-08-20 06:15:36,661 - INFO - 启动维护任务 | 协议类型: IPV4
2026-08-20 06:15:36,661 - INFO - --------------------------------------------------
2026-08-20 06:15:36,661 - INFO - [hk.616049.xyz (HKG)] 开始处理节点维护
2026-08-20 06:15:36,747 - DEBUG - DNS解析重试中 hk.616049.xyz: [Errno -5] No address associated with hostname
2026-08-20 06:15:37,831 - DEBUG - DNS解析重试中 hk.616049.xyz: [Errno -5] No address associated with hostname
2026-08-20 06:15:38,905 - DEBUG - DNS解析重试中 hk.616049.xyz: [Errno -5] No address associated with hostname
2026-08-20 06:15:39,906 - WARNING - [hk.616049.xyz (HKG)] ├─ 无有效DNS记录，触发紧急更新
2026-08-20 06:28:09,750 - ERROR - CFST更新失败: None
2026-08-20 06:28:09,751 - INFO - --------------------------------------------------
2026-08-20 06:28:09,751 - INFO - [us.616049.xyz (LAX)] 开始处理节点维护
2026-08-20 06:28:09,850 - DEBUG - DNS解析重试中 us.616049.xyz: [Errno -5] No address associated with hostname
2026-08-20 06:28:10,875 - DEBUG - DNS解析重试中 us.616049.xyz: [Errno -5] No address associated with hostname
2026-08-20 06:28:11,895 - DEBUG - DNS解析重试中 us.616049.xyz: [Errno -5] No address associated with hostname
2026-08-20 06:28:12,896 - WARNING - [us.616049.xyz (LAX)] ├─ 无有效DNS记录，触发紧急更新
2026-08-20 06:40:39,370 - ERROR - CFST更新失败: None
2026-08-20 06:40:39,371 - INFO - --------------------------------------------------
2026-08-20 06:40:39,371 - INFO - [de.616049.xyz (FRA)] 开始处理节点维护
2026-08-20 06:40:39,444 - DEBUG - DNS解析重试中 de.616049.xyz: [Errno -5] No address associated with hostname
2026-08-20 06:40:40,530 - DEBUG - DNS解析重试中 de.616049.xyz: [Errno -5] No address associated with hostname
2026-08-20 06:40:41,546 - DEBUG - DNS解析重试中 de.616049.xyz: [Errno -5] No address associated with hostname
2026-08-20 06:40:42,547 - WARNING - [de.616049.xyz (FRA)] ├─ 无有效DNS记录，触发紧急更新
2026-08-20 06:53:07,347 - ERROR - CFST更新失败: None
2026-08-20 06:53:07,350 - DEBUG - Starting new HTTPS connection (1): api.telegram.org:443
2026-08-20 06:53:07,737 - DEBUG - https://api.telegram.org:443 "POST /bot/sendMessage HTTP/1.1" 404 55
