2026-07-31 21:44:15,997 - INFO - 启动维护任务 | 协议类型: IPV4
2026-07-31 21:44:15,997 - INFO - --------------------------------------------------
2026-07-31 21:44:15,997 - INFO - [hk.616049.xyz (HKG)] 开始处理节点维护
2026-07-31 21:44:16,028 - DEBUG - DNS解析重试中 hk.616049.xyz: [Errno -5] No address associated with hostname
2026-07-31 21:44:17,035 - DEBUG - DNS解析重试中 hk.616049.xyz: [Errno -5] No address associated with hostname
2026-07-31 21:44:18,050 - DEBUG - DNS解析重试中 hk.616049.xyz: [Errno -5] No address associated with hostname
2026-07-31 21:44:19,051 - WARNING - [hk.616049.xyz (HKG)] ├─ 无有效DNS记录，触发紧急更新
2026-07-31 21:56:36,506 - ERROR - CFST更新失败: None
2026-07-31 21:56:36,506 - INFO - --------------------------------------------------
2026-07-31 21:56:36,506 - INFO - [us.616049.xyz (LAX)] 开始处理节点维护
2026-07-31 21:56:36,668 - DEBUG - DNS解析重试中 us.616049.xyz: [Errno -5] No address associated with hostname
2026-07-31 21:56:38,135 - DEBUG - DNS解析重试中 us.616049.xyz: [Errno -5] No address associated with hostname
2026-07-31 21:56:39,141 - DEBUG - DNS解析重试中 us.616049.xyz: [Errno -5] No address associated with hostname
2026-07-31 21:56:40,143 - WARNING - [us.616049.xyz (LAX)] ├─ 无有效DNS记录，触发紧急更新
2026-07-31 22:08:52,092 - ERROR - CFST更新失败: None
2026-07-31 22:08:52,092 - INFO - --------------------------------------------------
2026-07-31 22:08:52,092 - INFO - [de.616049.xyz (FRA)] 开始处理节点维护
2026-07-31 22:08:52,116 - DEBUG - DNS解析重试中 de.616049.xyz: [Errno -5] No address associated with hostname
2026-07-31 22:08:53,145 - DEBUG - DNS解析重试中 de.616049.xyz: [Errno -5] No address associated with hostname
2026-07-31 22:08:54,153 - DEBUG - DNS解析重试中 de.616049.xyz: [Errno -5] No address associated with hostname
2026-07-31 22:08:55,154 - WARNING - [de.616049.xyz (FRA)] ├─ 无有效DNS记录，触发紧急更新
2026-07-31 22:21:07,291 - ERROR - CFST更新失败: None
2026-07-31 22:21:07,294 - DEBUG - Starting new HTTPS connection (1): api.telegram.org:443
2026-07-31 22:21:07,756 - DEBUG - https://api.telegram.org:443 "POST /bot/sendMessage HTTP/1.1" 404 55
