2026-08-04 09:46:13,766 - INFO - 启动维护任务 | 协议类型: IPV4
2026-08-04 09:46:13,766 - INFO - --------------------------------------------------
2026-08-04 09:46:13,766 - INFO - [hk.616049.xyz (HKG)] 开始处理节点维护
2026-08-04 09:46:13,800 - DEBUG - DNS解析重试中 hk.616049.xyz: [Errno -5] No address associated with hostname
2026-08-04 09:46:14,844 - DEBUG - DNS解析重试中 hk.616049.xyz: [Errno -5] No address associated with hostname
2026-08-04 09:46:15,881 - DEBUG - DNS解析重试中 hk.616049.xyz: [Errno -5] No address associated with hostname
2026-08-04 09:46:16,882 - WARNING - [hk.616049.xyz (HKG)] ├─ 无有效DNS记录，触发紧急更新
2026-08-04 09:58:49,318 - ERROR - CFST更新失败: None
2026-08-04 09:58:49,319 - INFO - --------------------------------------------------
2026-08-04 09:58:49,319 - INFO - [us.616049.xyz (LAX)] 开始处理节点维护
2026-08-04 09:58:49,355 - DEBUG - DNS解析重试中 us.616049.xyz: [Errno -5] No address associated with hostname
2026-08-04 09:58:50,393 - DEBUG - DNS解析重试中 us.616049.xyz: [Errno -5] No address associated with hostname
2026-08-04 09:58:51,431 - DEBUG - DNS解析重试中 us.616049.xyz: [Errno -5] No address associated with hostname
2026-08-04 09:58:52,433 - WARNING - [us.616049.xyz (LAX)] ├─ 无有效DNS记录，触发紧急更新
2026-08-04 10:11:23,876 - ERROR - CFST更新失败: None
2026-08-04 10:11:23,877 - INFO - --------------------------------------------------
2026-08-04 10:11:23,877 - INFO - [de.616049.xyz (FRA)] 开始处理节点维护
2026-08-04 10:11:23,913 - DEBUG - DNS解析重试中 de.616049.xyz: [Errno -5] No address associated with hostname
2026-08-04 10:11:24,958 - DEBUG - DNS解析重试中 de.616049.xyz: [Errno -5] No address associated with hostname
2026-08-04 10:11:25,997 - DEBUG - DNS解析重试中 de.616049.xyz: [Errno -5] No address associated with hostname
2026-08-04 10:11:26,998 - WARNING - [de.616049.xyz (FRA)] ├─ 无有效DNS记录，触发紧急更新
2026-08-04 10:23:58,954 - ERROR - CFST更新失败: None
2026-08-04 10:23:58,957 - DEBUG - Starting new HTTPS connection (1): api.telegram.org:443
2026-08-04 10:23:59,407 - DEBUG - https://api.telegram.org:443 "POST /bot/sendMessage HTTP/1.1" 404 55
