2026-08-28 23:50:33,420 - INFO - 启动维护任务 | 协议类型: IPV4
2026-08-28 23:50:33,420 - INFO - --------------------------------------------------
2026-08-28 23:50:33,420 - INFO - [hk.616049.xyz (HKG)] 开始处理节点维护
2026-08-28 23:50:33,431 - DEBUG - DNS解析重试中 hk.616049.xyz: [Errno -5] No address associated with hostname
2026-08-28 23:50:34,444 - DEBUG - DNS解析重试中 hk.616049.xyz: [Errno -5] No address associated with hostname
2026-08-28 23:50:35,460 - DEBUG - DNS解析重试中 hk.616049.xyz: [Errno -5] No address associated with hostname
2026-08-28 23:50:36,461 - WARNING - [hk.616049.xyz (HKG)] ├─ 无有效DNS记录，触发紧急更新
2026-08-29 00:03:10,267 - ERROR - CFST更新失败: None
2026-08-29 00:03:10,267 - INFO - --------------------------------------------------
2026-08-29 00:03:10,267 - INFO - [us.616049.xyz (LAX)] 开始处理节点维护
2026-08-29 00:03:10,282 - DEBUG - DNS解析重试中 us.616049.xyz: [Errno -5] No address associated with hostname
2026-08-29 00:03:11,304 - DEBUG - DNS解析重试中 us.616049.xyz: [Errno -5] No address associated with hostname
2026-08-29 00:03:12,322 - DEBUG - DNS解析重试中 us.616049.xyz: [Errno -5] No address associated with hostname
2026-08-29 00:03:13,323 - WARNING - [us.616049.xyz (LAX)] ├─ 无有效DNS记录，触发紧急更新
2026-08-29 00:15:46,677 - ERROR - CFST更新失败: None
2026-08-29 00:15:46,678 - INFO - --------------------------------------------------
2026-08-29 00:15:46,678 - INFO - [de.616049.xyz (FRA)] 开始处理节点维护
2026-08-29 00:15:46,696 - DEBUG - DNS解析重试中 de.616049.xyz: [Errno -5] No address associated with hostname
2026-08-29 00:15:47,723 - DEBUG - DNS解析重试中 de.616049.xyz: [Errno -5] No address associated with hostname
2026-08-29 00:15:48,737 - DEBUG - DNS解析重试中 de.616049.xyz: [Errno -5] No address associated with hostname
2026-08-29 00:15:49,739 - WARNING - [de.616049.xyz (FRA)] ├─ 无有效DNS记录，触发紧急更新
2026-08-29 00:28:23,189 - ERROR - CFST更新失败: None
2026-08-29 00:28:23,193 - DEBUG - Starting new HTTPS connection (1): api.telegram.org:443
2026-08-29 00:28:23,651 - DEBUG - https://api.telegram.org:443 "POST /bot/sendMessage HTTP/1.1" 404 55
