2026-08-25 08:45:55,197 - INFO - 启动维护任务 | 协议类型: IPV4
2026-08-25 08:45:55,197 - INFO - --------------------------------------------------
2026-08-25 08:45:55,197 - INFO - [hk.616049.xyz (HKG)] 开始处理节点维护
2026-08-25 08:45:55,247 - DEBUG - DNS解析重试中 hk.616049.xyz: [Errno -5] No address associated with hostname
2026-08-25 08:45:56,285 - DEBUG - DNS解析重试中 hk.616049.xyz: [Errno -5] No address associated with hostname
2026-08-25 08:45:57,333 - DEBUG - DNS解析重试中 hk.616049.xyz: [Errno -5] No address associated with hostname
2026-08-25 08:45:58,335 - WARNING - [hk.616049.xyz (HKG)] ├─ 无有效DNS记录，触发紧急更新
2026-08-25 08:58:29,499 - ERROR - CFST更新失败: None
2026-08-25 08:58:29,499 - INFO - --------------------------------------------------
2026-08-25 08:58:29,499 - INFO - [us.616049.xyz (LAX)] 开始处理节点维护
2026-08-25 08:58:29,545 - DEBUG - DNS解析重试中 us.616049.xyz: [Errno -5] No address associated with hostname
2026-08-25 08:58:30,581 - DEBUG - DNS解析重试中 us.616049.xyz: [Errno -5] No address associated with hostname
2026-08-25 08:58:31,618 - DEBUG - DNS解析重试中 us.616049.xyz: [Errno -5] No address associated with hostname
2026-08-25 08:58:32,619 - WARNING - [us.616049.xyz (LAX)] ├─ 无有效DNS记录，触发紧急更新
2026-08-25 09:11:04,175 - ERROR - CFST更新失败: None
2026-08-25 09:11:04,175 - INFO - --------------------------------------------------
2026-08-25 09:11:04,175 - INFO - [de.616049.xyz (FRA)] 开始处理节点维护
2026-08-25 09:11:04,226 - DEBUG - DNS解析重试中 de.616049.xyz: [Errno -5] No address associated with hostname
2026-08-25 09:11:05,267 - DEBUG - DNS解析重试中 de.616049.xyz: [Errno -5] No address associated with hostname
2026-08-25 09:11:06,310 - DEBUG - DNS解析重试中 de.616049.xyz: [Errno -5] No address associated with hostname
2026-08-25 09:11:07,311 - WARNING - [de.616049.xyz (FRA)] ├─ 无有效DNS记录，触发紧急更新
2026-08-25 09:23:38,587 - ERROR - CFST更新失败: None
2026-08-25 09:23:38,590 - DEBUG - Starting new HTTPS connection (1): api.telegram.org:443
2026-08-25 09:23:39,048 - DEBUG - https://api.telegram.org:443 "POST /bot/sendMessage HTTP/1.1" 404 55
