2026-07-31 10:00:45,023 - INFO - 启动维护任务 | 协议类型: IPV4
2026-07-31 10:00:45,023 - INFO - --------------------------------------------------
2026-07-31 10:00:45,023 - INFO - [hk.616049.xyz (HKG)] 开始处理节点维护
2026-07-31 10:00:45,037 - DEBUG - DNS解析重试中 hk.616049.xyz: [Errno -5] No address associated with hostname
2026-07-31 10:00:46,053 - DEBUG - DNS解析重试中 hk.616049.xyz: [Errno -5] No address associated with hostname
2026-07-31 10:00:47,067 - DEBUG - DNS解析重试中 hk.616049.xyz: [Errno -5] No address associated with hostname
2026-07-31 10:00:48,068 - WARNING - [hk.616049.xyz (HKG)] ├─ 无有效DNS记录，触发紧急更新
2026-07-31 10:13:19,452 - ERROR - CFST更新失败: None
2026-07-31 10:13:19,453 - INFO - --------------------------------------------------
2026-07-31 10:13:19,453 - INFO - [us.616049.xyz (LAX)] 开始处理节点维护
2026-07-31 10:13:19,465 - DEBUG - DNS解析重试中 us.616049.xyz: [Errno -5] No address associated with hostname
2026-07-31 10:13:20,481 - DEBUG - DNS解析重试中 us.616049.xyz: [Errno -5] No address associated with hostname
2026-07-31 10:13:21,508 - DEBUG - DNS解析重试中 us.616049.xyz: [Errno -5] No address associated with hostname
2026-07-31 10:13:22,510 - WARNING - [us.616049.xyz (LAX)] ├─ 无有效DNS记录，触发紧急更新
2026-07-31 10:25:53,957 - ERROR - CFST更新失败: None
2026-07-31 10:25:53,957 - INFO - --------------------------------------------------
2026-07-31 10:25:53,957 - INFO - [de.616049.xyz (FRA)] 开始处理节点维护
2026-07-31 10:25:53,981 - DEBUG - DNS解析重试中 de.616049.xyz: [Errno -5] No address associated with hostname
2026-07-31 10:25:54,998 - DEBUG - DNS解析重试中 de.616049.xyz: [Errno -5] No address associated with hostname
2026-07-31 10:25:56,118 - DEBUG - DNS解析重试中 de.616049.xyz: [Errno -5] No address associated with hostname
2026-07-31 10:25:57,119 - WARNING - [de.616049.xyz (FRA)] ├─ 无有效DNS记录，触发紧急更新
2026-07-31 10:38:29,284 - ERROR - CFST更新失败: None
2026-07-31 10:38:29,287 - DEBUG - Starting new HTTPS connection (1): api.telegram.org:443
2026-07-31 10:38:29,569 - DEBUG - https://api.telegram.org:443 "POST /bot/sendMessage HTTP/1.1" 404 55
