2026-08-09 11:25:02,296 - INFO - 启动维护任务 | 协议类型: IPV4
2026-08-09 11:25:02,296 - INFO - --------------------------------------------------
2026-08-09 11:25:02,296 - INFO - [hk.616049.xyz (HKG)] 开始处理节点维护
2026-08-09 11:25:02,332 - DEBUG - DNS解析重试中 hk.616049.xyz: [Errno -5] No address associated with hostname
2026-08-09 11:25:03,372 - DEBUG - DNS解析重试中 hk.616049.xyz: [Errno -5] No address associated with hostname
2026-08-09 11:25:04,422 - DEBUG - DNS解析重试中 hk.616049.xyz: [Errno -5] No address associated with hostname
2026-08-09 11:25:05,424 - WARNING - [hk.616049.xyz (HKG)] ├─ 无有效DNS记录，触发紧急更新
2026-08-09 11:37:38,447 - ERROR - CFST更新失败: None
2026-08-09 11:37:38,448 - INFO - --------------------------------------------------
2026-08-09 11:37:38,448 - INFO - [us.616049.xyz (LAX)] 开始处理节点维护
2026-08-09 11:37:38,477 - DEBUG - DNS解析重试中 us.616049.xyz: [Errno -5] No address associated with hostname
2026-08-09 11:37:39,511 - DEBUG - DNS解析重试中 us.616049.xyz: [Errno -5] No address associated with hostname
2026-08-09 11:37:40,568 - DEBUG - DNS解析重试中 us.616049.xyz: [Errno -5] No address associated with hostname
2026-08-09 11:37:41,570 - WARNING - [us.616049.xyz (LAX)] ├─ 无有效DNS记录，触发紧急更新
2026-08-09 11:50:14,702 - ERROR - CFST更新失败: None
2026-08-09 11:50:14,702 - INFO - --------------------------------------------------
2026-08-09 11:50:14,703 - INFO - [de.616049.xyz (FRA)] 开始处理节点维护
2026-08-09 11:50:14,759 - DEBUG - DNS解析重试中 de.616049.xyz: [Errno -5] No address associated with hostname
2026-08-09 11:50:15,795 - DEBUG - DNS解析重试中 de.616049.xyz: [Errno -5] No address associated with hostname
2026-08-09 11:50:16,829 - DEBUG - DNS解析重试中 de.616049.xyz: [Errno -5] No address associated with hostname
2026-08-09 11:50:17,830 - WARNING - [de.616049.xyz (FRA)] ├─ 无有效DNS记录，触发紧急更新
2026-08-09 12:02:50,720 - ERROR - CFST更新失败: None
2026-08-09 12:02:50,724 - DEBUG - Starting new HTTPS connection (1): api.telegram.org:443
2026-08-09 12:02:51,146 - DEBUG - https://api.telegram.org:443 "POST /bot/sendMessage HTTP/1.1" 404 55
