2026-08-03 10:00:44,094 - INFO - 启动维护任务 | 协议类型: IPV4
2026-08-03 10:00:44,095 - INFO - --------------------------------------------------
2026-08-03 10:00:44,095 - INFO - [hk.616049.xyz (HKG)] 开始处理节点维护
2026-08-03 10:00:44,115 - DEBUG - DNS解析重试中 hk.616049.xyz: [Errno -5] No address associated with hostname
2026-08-03 10:00:45,139 - DEBUG - DNS解析重试中 hk.616049.xyz: [Errno -5] No address associated with hostname
2026-08-03 10:00:46,159 - DEBUG - DNS解析重试中 hk.616049.xyz: [Errno -5] No address associated with hostname
2026-08-03 10:00:47,160 - WARNING - [hk.616049.xyz (HKG)] ├─ 无有效DNS记录，触发紧急更新
2026-08-03 10:13:39,793 - ERROR - CFST更新失败: None
2026-08-03 10:13:39,794 - INFO - --------------------------------------------------
2026-08-03 10:13:39,794 - INFO - [us.616049.xyz (LAX)] 开始处理节点维护
2026-08-03 10:13:39,815 - DEBUG - DNS解析重试中 us.616049.xyz: [Errno -5] No address associated with hostname
2026-08-03 10:13:40,868 - DEBUG - DNS解析重试中 us.616049.xyz: [Errno -5] No address associated with hostname
2026-08-03 10:13:41,905 - DEBUG - DNS解析重试中 us.616049.xyz: [Errno -5] No address associated with hostname
2026-08-03 10:13:42,906 - WARNING - [us.616049.xyz (LAX)] ├─ 无有效DNS记录，触发紧急更新
2026-08-03 10:26:36,488 - ERROR - CFST更新失败: None
2026-08-03 10:26:36,488 - INFO - --------------------------------------------------
2026-08-03 10:26:36,488 - INFO - [de.616049.xyz (FRA)] 开始处理节点维护
2026-08-03 10:26:36,520 - DEBUG - DNS解析重试中 de.616049.xyz: [Errno -5] No address associated with hostname
2026-08-03 10:26:37,537 - DEBUG - DNS解析重试中 de.616049.xyz: [Errno -5] No address associated with hostname
2026-08-03 10:26:38,544 - DEBUG - DNS解析重试中 de.616049.xyz: [Errno -5] No address associated with hostname
2026-08-03 10:26:39,545 - WARNING - [de.616049.xyz (FRA)] ├─ 无有效DNS记录，触发紧急更新
2026-08-03 10:39:32,387 - ERROR - CFST更新失败: None
2026-08-03 10:39:32,391 - DEBUG - Starting new HTTPS connection (1): api.telegram.org:443
2026-08-03 10:39:32,685 - DEBUG - https://api.telegram.org:443 "POST /bot/sendMessage HTTP/1.1" 404 55
