2026-08-25 10:51:16,055 - INFO - 启动维护任务 | 协议类型: IPV4
2026-08-25 10:51:16,055 - INFO - --------------------------------------------------
2026-08-25 10:51:16,055 - INFO - [hk.616049.xyz (HKG)] 开始处理节点维护
2026-08-25 10:51:16,084 - DEBUG - DNS解析重试中 hk.616049.xyz: [Errno -5] No address associated with hostname
2026-08-25 10:51:17,100 - DEBUG - DNS解析重试中 hk.616049.xyz: [Errno -5] No address associated with hostname
2026-08-25 10:51:18,116 - DEBUG - DNS解析重试中 hk.616049.xyz: [Errno -5] No address associated with hostname
2026-08-25 10:51:19,118 - WARNING - [hk.616049.xyz (HKG)] ├─ 无有效DNS记录，触发紧急更新
2026-08-25 11:03:53,409 - ERROR - CFST更新失败: None
2026-08-25 11:03:53,409 - INFO - --------------------------------------------------
2026-08-25 11:03:53,409 - INFO - [us.616049.xyz (LAX)] 开始处理节点维护
2026-08-25 11:03:53,433 - DEBUG - DNS解析重试中 us.616049.xyz: [Errno -5] No address associated with hostname
2026-08-25 11:03:54,446 - DEBUG - DNS解析重试中 us.616049.xyz: [Errno -5] No address associated with hostname
2026-08-25 11:03:55,460 - DEBUG - DNS解析重试中 us.616049.xyz: [Errno -5] No address associated with hostname
2026-08-25 11:03:56,461 - WARNING - [us.616049.xyz (LAX)] ├─ 无有效DNS记录，触发紧急更新
2026-08-25 11:16:30,728 - ERROR - CFST更新失败: None
2026-08-25 11:16:30,729 - INFO - --------------------------------------------------
2026-08-25 11:16:30,729 - INFO - [de.616049.xyz (FRA)] 开始处理节点维护
2026-08-25 11:16:30,746 - DEBUG - DNS解析重试中 de.616049.xyz: [Errno -5] No address associated with hostname
2026-08-25 11:16:31,763 - DEBUG - DNS解析重试中 de.616049.xyz: [Errno -5] No address associated with hostname
2026-08-25 11:16:32,900 - DEBUG - DNS解析重试中 de.616049.xyz: [Errno -5] No address associated with hostname
2026-08-25 11:16:33,901 - WARNING - [de.616049.xyz (FRA)] ├─ 无有效DNS记录，触发紧急更新
2026-08-25 11:29:08,287 - ERROR - CFST更新失败: None
2026-08-25 11:29:08,290 - DEBUG - Starting new HTTPS connection (1): api.telegram.org:443
2026-08-25 11:29:08,571 - DEBUG - https://api.telegram.org:443 "POST /bot/sendMessage HTTP/1.1" 404 55
