2026-08-06 16:18:34,117 - INFO - 启动维护任务 | 协议类型: IPV4
2026-08-06 16:18:34,117 - INFO - --------------------------------------------------
2026-08-06 16:18:34,117 - INFO - [hk.616049.xyz (HKG)] 开始处理节点维护
2026-08-06 16:18:34,149 - DEBUG - DNS解析重试中 hk.616049.xyz: [Errno -5] No address associated with hostname
2026-08-06 16:18:35,345 - DEBUG - DNS解析重试中 hk.616049.xyz: [Errno -5] No address associated with hostname
2026-08-06 16:18:36,379 - DEBUG - DNS解析重试中 hk.616049.xyz: [Errno -5] No address associated with hostname
2026-08-06 16:18:37,380 - WARNING - [hk.616049.xyz (HKG)] ├─ 无有效DNS记录，触发紧急更新
2026-08-06 16:31:09,442 - ERROR - CFST更新失败: None
2026-08-06 16:31:09,443 - INFO - --------------------------------------------------
2026-08-06 16:31:09,443 - INFO - [us.616049.xyz (LAX)] 开始处理节点维护
2026-08-06 16:31:09,479 - DEBUG - DNS解析重试中 us.616049.xyz: [Errno -5] No address associated with hostname
2026-08-06 16:31:10,485 - DEBUG - DNS解析重试中 us.616049.xyz: [Errno -5] No address associated with hostname
2026-08-06 16:31:11,517 - DEBUG - DNS解析重试中 us.616049.xyz: [Errno -5] No address associated with hostname
2026-08-06 16:31:12,518 - WARNING - [us.616049.xyz (LAX)] ├─ 无有效DNS记录，触发紧急更新
2026-08-06 16:43:44,580 - ERROR - CFST更新失败: None
2026-08-06 16:43:44,580 - INFO - --------------------------------------------------
2026-08-06 16:43:44,580 - INFO - [de.616049.xyz (FRA)] 开始处理节点维护
2026-08-06 16:43:44,615 - DEBUG - DNS解析重试中 de.616049.xyz: [Errno -5] No address associated with hostname
2026-08-06 16:43:45,661 - DEBUG - DNS解析重试中 de.616049.xyz: [Errno -5] No address associated with hostname
2026-08-06 16:43:46,665 - DEBUG - DNS解析重试中 de.616049.xyz: [Errno -5] No address associated with hostname
2026-08-06 16:43:47,667 - WARNING - [de.616049.xyz (FRA)] ├─ 无有效DNS记录，触发紧急更新
2026-08-06 16:56:19,619 - ERROR - CFST更新失败: None
2026-08-06 16:56:19,622 - DEBUG - Starting new HTTPS connection (1): api.telegram.org:443
2026-08-06 16:56:20,056 - DEBUG - https://api.telegram.org:443 "POST /bot/sendMessage HTTP/1.1" 404 55
