2026-08-22 16:18:30,298 - INFO - 启动维护任务 | 协议类型: IPV4
2026-08-22 16:18:30,298 - INFO - --------------------------------------------------
2026-08-22 16:18:30,298 - INFO - [hk.616049.xyz (HKG)] 开始处理节点维护
2026-08-22 16:18:30,337 - DEBUG - DNS解析重试中 hk.616049.xyz: [Errno -5] No address associated with hostname
2026-08-22 16:18:31,382 - DEBUG - DNS解析重试中 hk.616049.xyz: [Errno -5] No address associated with hostname
2026-08-22 16:18:32,430 - DEBUG - DNS解析重试中 hk.616049.xyz: [Errno -5] No address associated with hostname
2026-08-22 16:18:33,432 - WARNING - [hk.616049.xyz (HKG)] ├─ 无有效DNS记录，触发紧急更新
2026-08-22 16:31:10,166 - ERROR - CFST更新失败: None
2026-08-22 16:31:10,166 - INFO - --------------------------------------------------
2026-08-22 16:31:10,166 - INFO - [us.616049.xyz (LAX)] 开始处理节点维护
2026-08-22 16:31:10,206 - DEBUG - DNS解析重试中 us.616049.xyz: [Errno -5] No address associated with hostname
2026-08-22 16:31:11,257 - DEBUG - DNS解析重试中 us.616049.xyz: [Errno -5] No address associated with hostname
2026-08-22 16:31:12,319 - DEBUG - DNS解析重试中 us.616049.xyz: [Errno -5] No address associated with hostname
2026-08-22 16:31:13,320 - WARNING - [us.616049.xyz (LAX)] ├─ 无有效DNS记录，触发紧急更新
2026-08-22 16:43:48,891 - ERROR - CFST更新失败: None
2026-08-22 16:43:48,891 - INFO - --------------------------------------------------
2026-08-22 16:43:48,891 - INFO - [de.616049.xyz (FRA)] 开始处理节点维护
2026-08-22 16:43:48,944 - DEBUG - DNS解析重试中 de.616049.xyz: [Errno -5] No address associated with hostname
2026-08-22 16:43:49,990 - DEBUG - DNS解析重试中 de.616049.xyz: [Errno -5] No address associated with hostname
2026-08-22 16:43:51,037 - DEBUG - DNS解析重试中 de.616049.xyz: [Errno -5] No address associated with hostname
2026-08-22 16:43:52,038 - WARNING - [de.616049.xyz (FRA)] ├─ 无有效DNS记录，触发紧急更新
2026-08-22 16:56:27,862 - ERROR - CFST更新失败: None
2026-08-22 16:56:27,866 - DEBUG - Starting new HTTPS connection (1): api.telegram.org:443
2026-08-22 16:56:28,222 - DEBUG - https://api.telegram.org:443 "POST /bot/sendMessage HTTP/1.1" 404 55
