2026-08-16 12:27:06,194 - INFO - 启动维护任务 | 协议类型: IPV4
2026-08-16 12:27:06,194 - INFO - --------------------------------------------------
2026-08-16 12:27:06,195 - INFO - [hk.616049.xyz (HKG)] 开始处理节点维护
2026-08-16 12:27:06,209 - DEBUG - DNS解析重试中 hk.616049.xyz: [Errno -5] No address associated with hostname
2026-08-16 12:27:07,221 - DEBUG - DNS解析重试中 hk.616049.xyz: [Errno -5] No address associated with hostname
2026-08-16 12:27:08,239 - DEBUG - DNS解析重试中 hk.616049.xyz: [Errno -5] No address associated with hostname
2026-08-16 12:27:09,240 - WARNING - [hk.616049.xyz (HKG)] ├─ 无有效DNS记录，触发紧急更新
2026-08-16 12:39:40,227 - ERROR - CFST更新失败: None
2026-08-16 12:39:40,227 - INFO - --------------------------------------------------
2026-08-16 12:39:40,227 - INFO - [us.616049.xyz (LAX)] 开始处理节点维护
2026-08-16 12:39:40,247 - DEBUG - DNS解析重试中 us.616049.xyz: [Errno -5] No address associated with hostname
2026-08-16 12:39:41,263 - DEBUG - DNS解析重试中 us.616049.xyz: [Errno -5] No address associated with hostname
2026-08-16 12:39:42,275 - DEBUG - DNS解析重试中 us.616049.xyz: [Errno -5] No address associated with hostname
2026-08-16 12:39:43,276 - WARNING - [us.616049.xyz (LAX)] ├─ 无有效DNS记录，触发紧急更新
2026-08-16 12:52:13,743 - ERROR - CFST更新失败: None
2026-08-16 12:52:13,743 - INFO - --------------------------------------------------
2026-08-16 12:52:13,743 - INFO - [de.616049.xyz (FRA)] 开始处理节点维护
2026-08-16 12:52:13,757 - DEBUG - DNS解析重试中 de.616049.xyz: [Errno -5] No address associated with hostname
2026-08-16 12:52:14,773 - DEBUG - DNS解析重试中 de.616049.xyz: [Errno -5] No address associated with hostname
2026-08-16 12:52:15,796 - DEBUG - DNS解析重试中 de.616049.xyz: [Errno -5] No address associated with hostname
2026-08-16 12:52:16,797 - WARNING - [de.616049.xyz (FRA)] ├─ 无有效DNS记录，触发紧急更新
2026-08-16 13:04:47,853 - ERROR - CFST更新失败: None
2026-08-16 13:04:47,856 - DEBUG - Starting new HTTPS connection (1): api.telegram.org:443
2026-08-16 13:04:48,131 - DEBUG - https://api.telegram.org:443 "POST /bot/sendMessage HTTP/1.1" 404 55
