2026-09-25 06:51:49,630 - INFO - 启动维护任务 | 协议类型: IPV4
2026-09-25 06:51:49,630 - INFO - --------------------------------------------------
2026-09-25 06:51:49,630 - INFO - [hk.616049.xyz (HKG)] 开始处理节点维护
2026-09-25 06:51:49,675 - DEBUG - DNS解析重试中 hk.616049.xyz: [Errno -5] No address associated with hostname
2026-09-25 06:51:50,726 - DEBUG - DNS解析重试中 hk.616049.xyz: [Errno -5] No address associated with hostname
2026-09-25 06:51:51,766 - DEBUG - DNS解析重试中 hk.616049.xyz: [Errno -5] No address associated with hostname
2026-09-25 06:51:52,767 - WARNING - [hk.616049.xyz (HKG)] ├─ 无有效DNS记录，触发紧急更新
2026-09-25 07:04:07,389 - ERROR - CFST更新失败: None
2026-09-25 07:04:07,389 - INFO - --------------------------------------------------
2026-09-25 07:04:07,389 - INFO - [us.616049.xyz (LAX)] 开始处理节点维护
2026-09-25 07:04:07,429 - DEBUG - DNS解析重试中 us.616049.xyz: [Errno -5] No address associated with hostname
2026-09-25 07:04:08,501 - DEBUG - DNS解析重试中 us.616049.xyz: [Errno -5] No address associated with hostname
2026-09-25 07:04:09,578 - DEBUG - DNS解析重试中 us.616049.xyz: [Errno -5] No address associated with hostname
2026-09-25 07:04:10,579 - WARNING - [us.616049.xyz (LAX)] ├─ 无有效DNS记录，触发紧急更新
2026-09-25 07:16:19,969 - ERROR - CFST更新失败: None
2026-09-25 07:16:19,970 - INFO - --------------------------------------------------
2026-09-25 07:16:19,970 - INFO - [de.616049.xyz (FRA)] 开始处理节点维护
2026-09-25 07:16:20,034 - DEBUG - DNS解析重试中 de.616049.xyz: [Errno -5] No address associated with hostname
2026-09-25 07:16:21,055 - DEBUG - DNS解析重试中 de.616049.xyz: [Errno -5] No address associated with hostname
2026-09-25 07:16:22,127 - DEBUG - DNS解析重试中 de.616049.xyz: [Errno -5] No address associated with hostname
2026-09-25 07:16:23,128 - WARNING - [de.616049.xyz (FRA)] ├─ 无有效DNS记录，触发紧急更新
2026-09-25 07:28:32,494 - ERROR - CFST更新失败: None
2026-09-25 07:28:32,496 - DEBUG - Starting new HTTPS connection (1): api.telegram.org:443
2026-09-25 07:28:32,848 - DEBUG - https://api.telegram.org:443 "POST /bot/sendMessage HTTP/1.1" 404 55
