2026-07-26 13:34:08,640 - INFO - 启动维护任务 | 协议类型: IPV4
2026-07-26 13:34:08,640 - INFO - --------------------------------------------------
2026-07-26 13:34:08,640 - INFO - [hk.616049.xyz (HKG)] 开始处理节点维护
2026-07-26 13:34:08,679 - DEBUG - DNS解析重试中 hk.616049.xyz: [Errno -5] No address associated with hostname
2026-07-26 13:34:09,709 - DEBUG - DNS解析重试中 hk.616049.xyz: [Errno -5] No address associated with hostname
2026-07-26 13:34:10,744 - DEBUG - DNS解析重试中 hk.616049.xyz: [Errno -5] No address associated with hostname
2026-07-26 13:34:11,746 - WARNING - [hk.616049.xyz (HKG)] ├─ 无有效DNS记录，触发紧急更新
2026-07-26 13:46:43,996 - ERROR - CFST更新失败: None
2026-07-26 13:46:43,996 - INFO - --------------------------------------------------
2026-07-26 13:46:43,996 - INFO - [us.616049.xyz (LAX)] 开始处理节点维护
2026-07-26 13:46:44,022 - DEBUG - DNS解析重试中 us.616049.xyz: [Errno -5] No address associated with hostname
2026-07-26 13:46:45,054 - DEBUG - DNS解析重试中 us.616049.xyz: [Errno -5] No address associated with hostname
2026-07-26 13:46:46,061 - DEBUG - DNS解析重试中 us.616049.xyz: [Errno -5] No address associated with hostname
2026-07-26 13:46:47,062 - WARNING - [us.616049.xyz (LAX)] ├─ 无有效DNS记录，触发紧急更新
2026-07-26 13:59:19,609 - ERROR - CFST更新失败: None
2026-07-26 13:59:19,610 - INFO - --------------------------------------------------
2026-07-26 13:59:19,610 - INFO - [de.616049.xyz (FRA)] 开始处理节点维护
2026-07-26 13:59:19,636 - DEBUG - DNS解析重试中 de.616049.xyz: [Errno -5] No address associated with hostname
2026-07-26 13:59:20,674 - DEBUG - DNS解析重试中 de.616049.xyz: [Errno -5] No address associated with hostname
2026-07-26 13:59:21,710 - DEBUG - DNS解析重试中 de.616049.xyz: [Errno -5] No address associated with hostname
2026-07-26 13:59:22,712 - WARNING - [de.616049.xyz (FRA)] ├─ 无有效DNS记录，触发紧急更新
2026-07-26 14:11:54,331 - ERROR - CFST更新失败: None
2026-07-26 14:11:54,334 - DEBUG - Starting new HTTPS connection (1): api.telegram.org:443
2026-07-26 14:11:54,648 - DEBUG - https://api.telegram.org:443 "POST /bot/sendMessage HTTP/1.1" 404 55
