2026-08-18 14:27:47,761 - INFO - 启动维护任务 | 协议类型: IPV4
2026-08-18 14:27:47,761 - INFO - --------------------------------------------------
2026-08-18 14:27:47,761 - INFO - [hk.616049.xyz (HKG)] 开始处理节点维护
2026-08-18 14:27:47,799 - DEBUG - DNS解析重试中 hk.616049.xyz: [Errno -5] No address associated with hostname
2026-08-18 14:27:48,861 - DEBUG - DNS解析重试中 hk.616049.xyz: [Errno -5] No address associated with hostname
2026-08-18 14:27:49,899 - DEBUG - DNS解析重试中 hk.616049.xyz: [Errno -5] No address associated with hostname
2026-08-18 14:27:50,900 - WARNING - [hk.616049.xyz (HKG)] ├─ 无有效DNS记录，触发紧急更新
2026-08-18 14:40:08,560 - ERROR - CFST更新失败: None
2026-08-18 14:40:08,560 - INFO - --------------------------------------------------
2026-08-18 14:40:08,560 - INFO - [us.616049.xyz (LAX)] 开始处理节点维护
2026-08-18 14:40:08,607 - DEBUG - DNS解析重试中 us.616049.xyz: [Errno -5] No address associated with hostname
2026-08-18 14:40:09,673 - DEBUG - DNS解析重试中 us.616049.xyz: [Errno -5] No address associated with hostname
2026-08-18 14:40:10,724 - DEBUG - DNS解析重试中 us.616049.xyz: [Errno -5] No address associated with hostname
2026-08-18 14:40:11,725 - WARNING - [us.616049.xyz (LAX)] ├─ 无有效DNS记录，触发紧急更新
2026-08-18 14:52:23,242 - ERROR - CFST更新失败: None
2026-08-18 14:52:23,243 - INFO - --------------------------------------------------
2026-08-18 14:52:23,243 - INFO - [de.616049.xyz (FRA)] 开始处理节点维护
2026-08-18 14:52:23,285 - DEBUG - DNS解析重试中 de.616049.xyz: [Errno -5] No address associated with hostname
2026-08-18 14:52:24,326 - DEBUG - DNS解析重试中 de.616049.xyz: [Errno -5] No address associated with hostname
2026-08-18 14:52:25,380 - DEBUG - DNS解析重试中 de.616049.xyz: [Errno -5] No address associated with hostname
2026-08-18 14:52:26,381 - WARNING - [de.616049.xyz (FRA)] ├─ 无有效DNS记录，触发紧急更新
2026-08-18 15:04:38,247 - ERROR - CFST更新失败: None
2026-08-18 15:04:38,250 - DEBUG - Starting new HTTPS connection (1): api.telegram.org:443
2026-08-18 15:04:38,669 - DEBUG - https://api.telegram.org:443 "POST /bot/sendMessage HTTP/1.1" 404 55
