2026-09-03 10:16:47,766 - INFO - 启动维护任务 | 协议类型: IPV4
2026-09-03 10:16:47,766 - INFO - --------------------------------------------------
2026-09-03 10:16:47,766 - INFO - [hk.616049.xyz (HKG)] 开始处理节点维护
2026-09-03 10:16:47,792 - DEBUG - DNS解析重试中 hk.616049.xyz: [Errno -5] No address associated with hostname
2026-09-03 10:16:48,835 - DEBUG - DNS解析重试中 hk.616049.xyz: [Errno -5] No address associated with hostname
2026-09-03 10:16:49,858 - DEBUG - DNS解析重试中 hk.616049.xyz: [Errno -5] No address associated with hostname
2026-09-03 10:16:50,858 - WARNING - [hk.616049.xyz (HKG)] ├─ 无有效DNS记录，触发紧急更新
2026-09-03 10:29:22,202 - ERROR - CFST更新失败: None
2026-09-03 10:29:22,202 - INFO - --------------------------------------------------
2026-09-03 10:29:22,202 - INFO - [us.616049.xyz (LAX)] 开始处理节点维护
2026-09-03 10:29:22,220 - DEBUG - DNS解析重试中 us.616049.xyz: [Errno -5] No address associated with hostname
2026-09-03 10:29:23,241 - DEBUG - DNS解析重试中 us.616049.xyz: [Errno -5] No address associated with hostname
2026-09-03 10:29:24,272 - DEBUG - DNS解析重试中 us.616049.xyz: [Errno -5] No address associated with hostname
2026-09-03 10:29:25,273 - WARNING - [us.616049.xyz (LAX)] ├─ 无有效DNS记录，触发紧急更新
2026-09-03 10:41:56,169 - ERROR - CFST更新失败: None
2026-09-03 10:41:56,169 - INFO - --------------------------------------------------
2026-09-03 10:41:56,169 - INFO - [de.616049.xyz (FRA)] 开始处理节点维护
2026-09-03 10:41:56,187 - DEBUG - DNS解析重试中 de.616049.xyz: [Errno -5] No address associated with hostname
2026-09-03 10:41:57,214 - DEBUG - DNS解析重试中 de.616049.xyz: [Errno -5] No address associated with hostname
2026-09-03 10:41:58,219 - DEBUG - DNS解析重试中 de.616049.xyz: [Errno -5] No address associated with hostname
2026-09-03 10:41:59,220 - WARNING - [de.616049.xyz (FRA)] ├─ 无有效DNS记录，触发紧急更新
2026-09-03 10:54:30,456 - ERROR - CFST更新失败: None
2026-09-03 10:54:30,459 - DEBUG - Starting new HTTPS connection (1): api.telegram.org:443
2026-09-03 10:54:30,918 - DEBUG - https://api.telegram.org:443 "POST /bot/sendMessage HTTP/1.1" 404 55
