2026-08-06 04:58:40,808 - INFO - 启动维护任务 | 协议类型: IPV4
2026-08-06 04:58:40,808 - INFO - --------------------------------------------------
2026-08-06 04:58:40,808 - INFO - [hk.616049.xyz (HKG)] 开始处理节点维护
2026-08-06 04:58:40,835 - DEBUG - DNS解析重试中 hk.616049.xyz: [Errno -5] No address associated with hostname
2026-08-06 04:58:41,971 - DEBUG - DNS解析重试中 hk.616049.xyz: [Errno -5] No address associated with hostname
2026-08-06 04:58:42,992 - DEBUG - DNS解析重试中 hk.616049.xyz: [Errno -5] No address associated with hostname
2026-08-06 04:58:43,993 - WARNING - [hk.616049.xyz (HKG)] ├─ 无有效DNS记录，触发紧急更新
2026-08-06 05:11:18,798 - ERROR - CFST更新失败: None
2026-08-06 05:11:18,799 - INFO - --------------------------------------------------
2026-08-06 05:11:18,799 - INFO - [us.616049.xyz (LAX)] 开始处理节点维护
2026-08-06 05:11:18,811 - DEBUG - DNS解析重试中 us.616049.xyz: [Errno -5] No address associated with hostname
2026-08-06 05:11:19,833 - DEBUG - DNS解析重试中 us.616049.xyz: [Errno -5] No address associated with hostname
2026-08-06 05:11:20,862 - DEBUG - DNS解析重试中 us.616049.xyz: [Errno -5] No address associated with hostname
2026-08-06 05:11:21,863 - WARNING - [us.616049.xyz (LAX)] ├─ 无有效DNS记录，触发紧急更新
2026-08-06 05:23:56,006 - ERROR - CFST更新失败: None
2026-08-06 05:23:56,006 - INFO - --------------------------------------------------
2026-08-06 05:23:56,006 - INFO - [de.616049.xyz (FRA)] 开始处理节点维护
2026-08-06 05:23:56,019 - DEBUG - DNS解析重试中 de.616049.xyz: [Errno -5] No address associated with hostname
2026-08-06 05:23:57,038 - DEBUG - DNS解析重试中 de.616049.xyz: [Errno -5] No address associated with hostname
2026-08-06 05:23:58,067 - DEBUG - DNS解析重试中 de.616049.xyz: [Errno -5] No address associated with hostname
2026-08-06 05:23:59,069 - WARNING - [de.616049.xyz (FRA)] ├─ 无有效DNS记录，触发紧急更新
2026-08-06 05:36:33,303 - ERROR - CFST更新失败: None
2026-08-06 05:36:33,307 - DEBUG - Starting new HTTPS connection (1): api.telegram.org:443
2026-08-06 05:36:33,601 - DEBUG - https://api.telegram.org:443 "POST /bot/sendMessage HTTP/1.1" 404 55
