2026-08-06 01:21:48,343 - INFO - 启动维护任务 | 协议类型: IPV4
2026-08-06 01:21:48,343 - INFO - --------------------------------------------------
2026-08-06 01:21:48,343 - INFO - [hk.616049.xyz (HKG)] 开始处理节点维护
2026-08-06 01:21:48,356 - DEBUG - DNS解析重试中 hk.616049.xyz: [Errno -5] No address associated with hostname
2026-08-06 01:21:49,371 - DEBUG - DNS解析重试中 hk.616049.xyz: [Errno -5] No address associated with hostname
2026-08-06 01:21:50,393 - DEBUG - DNS解析重试中 hk.616049.xyz: [Errno -5] No address associated with hostname
2026-08-06 01:21:51,394 - WARNING - [hk.616049.xyz (HKG)] ├─ 无有效DNS记录，触发紧急更新
2026-08-06 01:34:23,729 - ERROR - CFST更新失败: None
2026-08-06 01:34:23,730 - INFO - --------------------------------------------------
2026-08-06 01:34:23,730 - INFO - [us.616049.xyz (LAX)] 开始处理节点维护
2026-08-06 01:34:23,741 - DEBUG - DNS解析重试中 us.616049.xyz: [Errno -5] No address associated with hostname
2026-08-06 01:34:24,755 - DEBUG - DNS解析重试中 us.616049.xyz: [Errno -5] No address associated with hostname
2026-08-06 01:34:25,761 - DEBUG - DNS解析重试中 us.616049.xyz: [Errno -5] No address associated with hostname
2026-08-06 01:34:26,762 - WARNING - [us.616049.xyz (LAX)] ├─ 无有效DNS记录，触发紧急更新
2026-08-06 01:46:58,099 - ERROR - CFST更新失败: None
2026-08-06 01:46:58,099 - INFO - --------------------------------------------------
2026-08-06 01:46:58,099 - INFO - [de.616049.xyz (FRA)] 开始处理节点维护
2026-08-06 01:46:58,109 - DEBUG - DNS解析重试中 de.616049.xyz: [Errno -5] No address associated with hostname
2026-08-06 01:46:59,121 - DEBUG - DNS解析重试中 de.616049.xyz: [Errno -5] No address associated with hostname
2026-08-06 01:47:00,136 - DEBUG - DNS解析重试中 de.616049.xyz: [Errno -5] No address associated with hostname
2026-08-06 01:47:01,137 - WARNING - [de.616049.xyz (FRA)] ├─ 无有效DNS记录，触发紧急更新
2026-08-06 01:59:32,754 - ERROR - CFST更新失败: None
2026-08-06 01:59:32,758 - DEBUG - Starting new HTTPS connection (1): api.telegram.org:443
2026-08-06 01:59:33,230 - DEBUG - https://api.telegram.org:443 "POST /bot/sendMessage HTTP/1.1" 404 55
