2026-08-10 18:59:29,707 - INFO - 启动维护任务 | 协议类型: IPV4
2026-08-10 18:59:29,707 - INFO - --------------------------------------------------
2026-08-10 18:59:29,707 - INFO - [hk.616049.xyz (HKG)] 开始处理节点维护
2026-08-10 18:59:29,741 - DEBUG - DNS解析重试中 hk.616049.xyz: [Errno -5] No address associated with hostname
2026-08-10 18:59:30,780 - DEBUG - DNS解析重试中 hk.616049.xyz: [Errno -5] No address associated with hostname
2026-08-10 18:59:31,812 - DEBUG - DNS解析重试中 hk.616049.xyz: [Errno -5] No address associated with hostname
2026-08-10 18:59:32,813 - WARNING - [hk.616049.xyz (HKG)] ├─ 无有效DNS记录，触发紧急更新
2026-08-10 19:12:03,713 - ERROR - CFST更新失败: None
2026-08-10 19:12:03,713 - INFO - --------------------------------------------------
2026-08-10 19:12:03,713 - INFO - [us.616049.xyz (LAX)] 开始处理节点维护
2026-08-10 19:12:03,751 - DEBUG - DNS解析重试中 us.616049.xyz: [Errno -5] No address associated with hostname
2026-08-10 19:12:04,781 - DEBUG - DNS解析重试中 us.616049.xyz: [Errno -5] No address associated with hostname
2026-08-10 19:12:05,808 - DEBUG - DNS解析重试中 us.616049.xyz: [Errno -5] No address associated with hostname
2026-08-10 19:12:06,810 - WARNING - [us.616049.xyz (LAX)] ├─ 无有效DNS记录，触发紧急更新
2026-08-10 19:24:37,576 - ERROR - CFST更新失败: None
2026-08-10 19:24:37,576 - INFO - --------------------------------------------------
2026-08-10 19:24:37,577 - INFO - [de.616049.xyz (FRA)] 开始处理节点维护
2026-08-10 19:24:37,608 - DEBUG - DNS解析重试中 de.616049.xyz: [Errno -5] No address associated with hostname
2026-08-10 19:24:38,655 - DEBUG - DNS解析重试中 de.616049.xyz: [Errno -5] No address associated with hostname
2026-08-10 19:24:39,661 - DEBUG - DNS解析重试中 de.616049.xyz: [Errno -5] No address associated with hostname
2026-08-10 19:24:40,663 - WARNING - [de.616049.xyz (FRA)] ├─ 无有效DNS记录，触发紧急更新
2026-08-10 19:37:12,087 - ERROR - CFST更新失败: None
2026-08-10 19:37:12,090 - DEBUG - Starting new HTTPS connection (1): api.telegram.org:443
2026-08-10 19:37:12,415 - DEBUG - https://api.telegram.org:443 "POST /bot/sendMessage HTTP/1.1" 404 55
