2026-08-06 12:58:24,380 - INFO - 启动维护任务 | 协议类型: IPV4
2026-08-06 12:58:24,380 - INFO - --------------------------------------------------
2026-08-06 12:58:24,380 - INFO - [hk.616049.xyz (HKG)] 开始处理节点维护
2026-08-06 12:58:24,404 - DEBUG - DNS解析重试中 hk.616049.xyz: [Errno -5] No address associated with hostname
2026-08-06 12:58:25,422 - DEBUG - DNS解析重试中 hk.616049.xyz: [Errno -5] No address associated with hostname
2026-08-06 12:58:26,435 - DEBUG - DNS解析重试中 hk.616049.xyz: [Errno -5] No address associated with hostname
2026-08-06 12:58:27,437 - WARNING - [hk.616049.xyz (HKG)] ├─ 无有效DNS记录，触发紧急更新
2026-08-06 13:11:04,107 - ERROR - CFST更新失败: None
2026-08-06 13:11:04,108 - INFO - --------------------------------------------------
2026-08-06 13:11:04,108 - INFO - [us.616049.xyz (LAX)] 开始处理节点维护
2026-08-06 13:11:04,140 - DEBUG - DNS解析重试中 us.616049.xyz: [Errno -5] No address associated with hostname
2026-08-06 13:11:05,166 - DEBUG - DNS解析重试中 us.616049.xyz: [Errno -5] No address associated with hostname
2026-08-06 13:11:06,187 - DEBUG - DNS解析重试中 us.616049.xyz: [Errno -5] No address associated with hostname
2026-08-06 13:11:07,188 - WARNING - [us.616049.xyz (LAX)] ├─ 无有效DNS记录，触发紧急更新
2026-08-06 13:23:44,446 - ERROR - CFST更新失败: None
2026-08-06 13:23:44,446 - INFO - --------------------------------------------------
2026-08-06 13:23:44,446 - INFO - [de.616049.xyz (FRA)] 开始处理节点维护
2026-08-06 13:23:44,463 - DEBUG - DNS解析重试中 de.616049.xyz: [Errno -5] No address associated with hostname
2026-08-06 13:23:45,486 - DEBUG - DNS解析重试中 de.616049.xyz: [Errno -5] No address associated with hostname
2026-08-06 13:23:46,504 - DEBUG - DNS解析重试中 de.616049.xyz: [Errno -5] No address associated with hostname
2026-08-06 13:23:47,506 - WARNING - [de.616049.xyz (FRA)] ├─ 无有效DNS记录，触发紧急更新
2026-08-06 13:36:24,931 - ERROR - CFST更新失败: None
2026-08-06 13:36:24,934 - DEBUG - Starting new HTTPS connection (1): api.telegram.org:443
2026-08-06 13:36:25,240 - DEBUG - https://api.telegram.org:443 "POST /bot/sendMessage HTTP/1.1" 404 55
