2026-08-20 18:20:39,724 - INFO - 启动维护任务 | 协议类型: IPV4
2026-08-20 18:20:39,724 - INFO - --------------------------------------------------
2026-08-20 18:20:39,724 - INFO - [hk.616049.xyz (HKG)] 开始处理节点维护
2026-08-20 18:20:39,771 - DEBUG - DNS解析重试中 hk.616049.xyz: [Errno -5] No address associated with hostname
2026-08-20 18:20:40,837 - DEBUG - DNS解析重试中 hk.616049.xyz: [Errno -5] No address associated with hostname
2026-08-20 18:20:41,899 - DEBUG - DNS解析重试中 hk.616049.xyz: [Errno -5] No address associated with hostname
2026-08-20 18:20:42,900 - WARNING - [hk.616049.xyz (HKG)] ├─ 无有效DNS记录，触发紧急更新
2026-08-20 18:32:40,194 - ERROR - CFST更新失败: None
2026-08-20 18:32:40,195 - INFO - --------------------------------------------------
2026-08-20 18:32:40,195 - INFO - [us.616049.xyz (LAX)] 开始处理节点维护
2026-08-20 18:32:40,262 - DEBUG - DNS解析重试中 us.616049.xyz: [Errno -5] No address associated with hostname
2026-08-20 18:32:41,281 - DEBUG - DNS解析重试中 us.616049.xyz: [Errno -5] No address associated with hostname
2026-08-20 18:32:42,340 - DEBUG - DNS解析重试中 us.616049.xyz: [Errno -5] No address associated with hostname
2026-08-20 18:32:43,342 - WARNING - [us.616049.xyz (LAX)] ├─ 无有效DNS记录，触发紧急更新
2026-08-20 18:44:45,549 - ERROR - CFST更新失败: None
2026-08-20 18:44:45,549 - INFO - --------------------------------------------------
2026-08-20 18:44:45,549 - INFO - [de.616049.xyz (FRA)] 开始处理节点维护
2026-08-20 18:44:45,602 - DEBUG - DNS解析重试中 de.616049.xyz: [Errno -5] No address associated with hostname
2026-08-20 18:44:46,670 - DEBUG - DNS解析重试中 de.616049.xyz: [Errno -5] No address associated with hostname
2026-08-20 18:44:47,687 - DEBUG - DNS解析重试中 de.616049.xyz: [Errno -5] No address associated with hostname
2026-08-20 18:44:48,689 - WARNING - [de.616049.xyz (FRA)] ├─ 无有效DNS记录，触发紧急更新
2026-08-20 18:56:45,810 - ERROR - CFST更新失败: None
2026-08-20 18:56:45,812 - DEBUG - Starting new HTTPS connection (1): api.telegram.org:443
2026-08-20 18:56:46,159 - DEBUG - https://api.telegram.org:443 "POST /bot/sendMessage HTTP/1.1" 404 55
