2026-08-09 00:21:52,041 - INFO - 启动维护任务 | 协议类型: IPV4
2026-08-09 00:21:52,041 - INFO - --------------------------------------------------
2026-08-09 00:21:52,041 - INFO - [hk.616049.xyz (HKG)] 开始处理节点维护
2026-08-09 00:21:52,088 - DEBUG - DNS解析重试中 hk.616049.xyz: [Errno -5] No address associated with hostname
2026-08-09 00:21:53,239 - DEBUG - DNS解析重试中 hk.616049.xyz: [Errno -5] No address associated with hostname
2026-08-09 00:21:54,290 - DEBUG - DNS解析重试中 hk.616049.xyz: [Errno -5] No address associated with hostname
2026-08-09 00:21:55,291 - WARNING - [hk.616049.xyz (HKG)] ├─ 无有效DNS记录，触发紧急更新
2026-08-09 00:33:53,344 - ERROR - CFST更新失败: None
2026-08-09 00:33:53,344 - INFO - --------------------------------------------------
2026-08-09 00:33:53,344 - INFO - [us.616049.xyz (LAX)] 开始处理节点维护
2026-08-09 00:33:53,402 - DEBUG - DNS解析重试中 us.616049.xyz: [Errno -5] No address associated with hostname
2026-08-09 00:33:54,413 - DEBUG - DNS解析重试中 us.616049.xyz: [Errno -5] No address associated with hostname
2026-08-09 00:33:55,442 - DEBUG - DNS解析重试中 us.616049.xyz: [Errno -5] No address associated with hostname
2026-08-09 00:33:56,443 - WARNING - [us.616049.xyz (LAX)] ├─ 无有效DNS记录，触发紧急更新
2026-08-09 00:45:54,825 - ERROR - CFST更新失败: None
2026-08-09 00:45:54,825 - INFO - --------------------------------------------------
2026-08-09 00:45:54,825 - INFO - [de.616049.xyz (FRA)] 开始处理节点维护
2026-08-09 00:45:54,877 - DEBUG - DNS解析重试中 de.616049.xyz: [Errno -5] No address associated with hostname
2026-08-09 00:45:55,944 - DEBUG - DNS解析重试中 de.616049.xyz: [Errno -5] No address associated with hostname
2026-08-09 00:45:57,020 - DEBUG - DNS解析重试中 de.616049.xyz: [Errno -5] No address associated with hostname
2026-08-09 00:45:58,022 - WARNING - [de.616049.xyz (FRA)] ├─ 无有效DNS记录，触发紧急更新
2026-08-09 00:57:56,537 - ERROR - CFST更新失败: None
2026-08-09 00:57:56,540 - DEBUG - Starting new HTTPS connection (1): api.telegram.org:443
2026-08-09 00:57:56,893 - DEBUG - https://api.telegram.org:443 "POST /bot/sendMessage HTTP/1.1" 404 55
