2026-08-12 09:12:11,143 - INFO - 启动维护任务 | 协议类型: IPV4
2026-08-12 09:12:11,143 - INFO - --------------------------------------------------
2026-08-12 09:12:11,143 - INFO - [hk.616049.xyz (HKG)] 开始处理节点维护
2026-08-12 09:12:11,180 - DEBUG - DNS解析重试中 hk.616049.xyz: [Errno -5] No address associated with hostname
2026-08-12 09:12:12,219 - DEBUG - DNS解析重试中 hk.616049.xyz: [Errno -5] No address associated with hostname
2026-08-12 09:12:13,258 - DEBUG - DNS解析重试中 hk.616049.xyz: [Errno -5] No address associated with hostname
2026-08-12 09:12:14,259 - WARNING - [hk.616049.xyz (HKG)] ├─ 无有效DNS记录，触发紧急更新
2026-08-12 09:24:46,330 - ERROR - CFST更新失败: None
2026-08-12 09:24:46,331 - INFO - --------------------------------------------------
2026-08-12 09:24:46,331 - INFO - [us.616049.xyz (LAX)] 开始处理节点维护
2026-08-12 09:24:46,377 - DEBUG - DNS解析重试中 us.616049.xyz: [Errno -5] No address associated with hostname
2026-08-12 09:24:47,425 - DEBUG - DNS解析重试中 us.616049.xyz: [Errno -5] No address associated with hostname
2026-08-12 09:24:48,466 - DEBUG - DNS解析重试中 us.616049.xyz: [Errno -5] No address associated with hostname
2026-08-12 09:24:49,467 - WARNING - [us.616049.xyz (LAX)] ├─ 无有效DNS记录，触发紧急更新
2026-08-12 09:37:20,816 - ERROR - CFST更新失败: None
2026-08-12 09:37:20,817 - INFO - --------------------------------------------------
2026-08-12 09:37:20,817 - INFO - [de.616049.xyz (FRA)] 开始处理节点维护
2026-08-12 09:37:20,857 - DEBUG - DNS解析重试中 de.616049.xyz: [Errno -5] No address associated with hostname
2026-08-12 09:37:21,896 - DEBUG - DNS解析重试中 de.616049.xyz: [Errno -5] No address associated with hostname
2026-08-12 09:37:22,934 - DEBUG - DNS解析重试中 de.616049.xyz: [Errno -5] No address associated with hostname
2026-08-12 09:37:23,935 - WARNING - [de.616049.xyz (FRA)] ├─ 无有效DNS记录，触发紧急更新
2026-08-12 09:49:55,583 - ERROR - CFST更新失败: None
2026-08-12 09:49:55,586 - DEBUG - Starting new HTTPS connection (1): api.telegram.org:443
2026-08-12 09:49:56,038 - DEBUG - https://api.telegram.org:443 "POST /bot/sendMessage HTTP/1.1" 404 55
