2026-09-06 03:44:54,366 - INFO - 启动维护任务 | 协议类型: IPV4
2026-09-06 03:44:54,366 - INFO - --------------------------------------------------
2026-09-06 03:44:54,366 - INFO - [hk.616049.xyz (HKG)] 开始处理节点维护
2026-09-06 03:44:54,382 - DEBUG - DNS解析重试中 hk.616049.xyz: [Errno -5] No address associated with hostname
2026-09-06 03:44:55,397 - DEBUG - DNS解析重试中 hk.616049.xyz: [Errno -5] No address associated with hostname
2026-09-06 03:44:56,418 - DEBUG - DNS解析重试中 hk.616049.xyz: [Errno -5] No address associated with hostname
2026-09-06 03:44:57,419 - WARNING - [hk.616049.xyz (HKG)] ├─ 无有效DNS记录，触发紧急更新
2026-09-06 03:57:32,242 - ERROR - CFST更新失败: None
2026-09-06 03:57:32,242 - INFO - --------------------------------------------------
2026-09-06 03:57:32,242 - INFO - [us.616049.xyz (LAX)] 开始处理节点维护
2026-09-06 03:57:32,255 - DEBUG - DNS解析重试中 us.616049.xyz: [Errno -5] No address associated with hostname
2026-09-06 03:57:33,274 - DEBUG - DNS解析重试中 us.616049.xyz: [Errno -5] No address associated with hostname
2026-09-06 03:57:34,289 - DEBUG - DNS解析重试中 us.616049.xyz: [Errno -5] No address associated with hostname
2026-09-06 03:57:35,290 - WARNING - [us.616049.xyz (LAX)] ├─ 无有效DNS记录，触发紧急更新
2026-09-06 04:10:10,324 - ERROR - CFST更新失败: None
2026-09-06 04:10:10,324 - INFO - --------------------------------------------------
2026-09-06 04:10:10,324 - INFO - [de.616049.xyz (FRA)] 开始处理节点维护
2026-09-06 04:10:10,356 - DEBUG - DNS解析重试中 de.616049.xyz: [Errno -5] No address associated with hostname
2026-09-06 04:10:11,385 - DEBUG - DNS解析重试中 de.616049.xyz: [Errno -5] No address associated with hostname
2026-09-06 04:10:12,414 - DEBUG - DNS解析重试中 de.616049.xyz: [Errno -5] No address associated with hostname
2026-09-06 04:10:13,416 - WARNING - [de.616049.xyz (FRA)] ├─ 无有效DNS记录，触发紧急更新
2026-09-06 04:22:48,083 - ERROR - CFST更新失败: None
2026-09-06 04:22:48,087 - DEBUG - Starting new HTTPS connection (1): api.telegram.org:443
2026-09-06 04:22:48,381 - DEBUG - https://api.telegram.org:443 "POST /bot/sendMessage HTTP/1.1" 404 55
