2026-09-06 21:18:34,981 - INFO - 启动维护任务 | 协议类型: IPV4
2026-09-06 21:18:34,981 - INFO - --------------------------------------------------
2026-09-06 21:18:34,981 - INFO - [hk.616049.xyz (HKG)] 开始处理节点维护
2026-09-06 21:18:35,005 - DEBUG - DNS解析重试中 hk.616049.xyz: [Errno -5] No address associated with hostname
2026-09-06 21:18:36,020 - DEBUG - DNS解析重试中 hk.616049.xyz: [Errno -5] No address associated with hostname
2026-09-06 21:18:37,039 - DEBUG - DNS解析重试中 hk.616049.xyz: [Errno -5] No address associated with hostname
2026-09-06 21:18:38,041 - WARNING - [hk.616049.xyz (HKG)] ├─ 无有效DNS记录，触发紧急更新
2026-09-06 21:31:09,923 - ERROR - CFST更新失败: None
2026-09-06 21:31:09,923 - INFO - --------------------------------------------------
2026-09-06 21:31:09,923 - INFO - [us.616049.xyz (LAX)] 开始处理节点维护
2026-09-06 21:31:09,941 - DEBUG - DNS解析重试中 us.616049.xyz: [Errno -5] No address associated with hostname
2026-09-06 21:31:10,956 - DEBUG - DNS解析重试中 us.616049.xyz: [Errno -5] No address associated with hostname
2026-09-06 21:31:11,969 - DEBUG - DNS解析重试中 us.616049.xyz: [Errno -5] No address associated with hostname
2026-09-06 21:31:12,971 - WARNING - [us.616049.xyz (LAX)] ├─ 无有效DNS记录，触发紧急更新
2026-09-06 21:43:44,480 - ERROR - CFST更新失败: None
2026-09-06 21:43:44,480 - INFO - --------------------------------------------------
2026-09-06 21:43:44,480 - INFO - [de.616049.xyz (FRA)] 开始处理节点维护
2026-09-06 21:43:44,493 - DEBUG - DNS解析重试中 de.616049.xyz: [Errno -5] No address associated with hostname
2026-09-06 21:43:45,522 - DEBUG - DNS解析重试中 de.616049.xyz: [Errno -5] No address associated with hostname
2026-09-06 21:43:46,536 - DEBUG - DNS解析重试中 de.616049.xyz: [Errno -5] No address associated with hostname
2026-09-06 21:43:47,537 - WARNING - [de.616049.xyz (FRA)] ├─ 无有效DNS记录，触发紧急更新
2026-09-06 21:56:20,065 - ERROR - CFST更新失败: None
2026-09-06 21:56:20,069 - DEBUG - Starting new HTTPS connection (1): api.telegram.org:443
2026-09-06 21:56:20,368 - DEBUG - https://api.telegram.org:443 "POST /bot/sendMessage HTTP/1.1" 404 55
