2026-09-26 21:58:42,431 - INFO - 启动维护任务 | 协议类型: IPV4
2026-09-26 21:58:42,431 - INFO - --------------------------------------------------
2026-09-26 21:58:42,431 - INFO - [hk.616049.xyz (HKG)] 开始处理节点维护
2026-09-26 21:58:42,495 - DEBUG - DNS解析重试中 hk.616049.xyz: [Errno -5] No address associated with hostname
2026-09-26 21:58:43,565 - DEBUG - DNS解析重试中 hk.616049.xyz: [Errno -5] No address associated with hostname
2026-09-26 21:58:44,614 - DEBUG - DNS解析重试中 hk.616049.xyz: [Errno -5] No address associated with hostname
2026-09-26 21:58:45,616 - WARNING - [hk.616049.xyz (HKG)] ├─ 无有效DNS记录，触发紧急更新
2026-09-26 22:10:36,082 - ERROR - CFST更新失败: None
2026-09-26 22:10:36,082 - INFO - --------------------------------------------------
2026-09-26 22:10:36,082 - INFO - [us.616049.xyz (LAX)] 开始处理节点维护
2026-09-26 22:10:36,137 - DEBUG - DNS解析重试中 us.616049.xyz: [Errno -5] No address associated with hostname
2026-09-26 22:10:37,194 - DEBUG - DNS解析重试中 us.616049.xyz: [Errno -5] No address associated with hostname
2026-09-26 22:10:38,263 - DEBUG - DNS解析重试中 us.616049.xyz: [Errno -5] No address associated with hostname
2026-09-26 22:10:39,264 - WARNING - [us.616049.xyz (LAX)] ├─ 无有效DNS记录，触发紧急更新
2026-09-26 22:22:31,581 - ERROR - CFST更新失败: None
2026-09-26 22:22:31,581 - INFO - --------------------------------------------------
2026-09-26 22:22:31,581 - INFO - [de.616049.xyz (FRA)] 开始处理节点维护
2026-09-26 22:22:31,640 - DEBUG - DNS解析重试中 de.616049.xyz: [Errno -5] No address associated with hostname
2026-09-26 22:22:32,700 - DEBUG - DNS解析重试中 de.616049.xyz: [Errno -5] No address associated with hostname
2026-09-26 22:22:33,717 - DEBUG - DNS解析重试中 de.616049.xyz: [Errno -5] No address associated with hostname
2026-09-26 22:22:34,718 - WARNING - [de.616049.xyz (FRA)] ├─ 无有效DNS记录，触发紧急更新
2026-09-26 22:34:23,662 - ERROR - CFST更新失败: None
2026-09-26 22:34:23,665 - DEBUG - Starting new HTTPS connection (1): api.telegram.org:443
2026-09-26 22:34:24,009 - DEBUG - https://api.telegram.org:443 "POST /bot/sendMessage HTTP/1.1" 404 55
