2026-10-07 11:30:59,116 - INFO - 启动维护任务 | 协议类型: IPV4
2026-10-07 11:30:59,116 - INFO - --------------------------------------------------
2026-10-07 11:30:59,116 - INFO - [hk.616049.xyz (HKG)] 开始处理节点维护
2026-10-07 11:30:59,161 - DEBUG - DNS解析重试中 hk.616049.xyz: [Errno -5] No address associated with hostname
2026-10-07 11:31:00,223 - DEBUG - DNS解析重试中 hk.616049.xyz: [Errno -5] No address associated with hostname
2026-10-07 11:31:01,244 - DEBUG - DNS解析重试中 hk.616049.xyz: [Errno -5] No address associated with hostname
2026-10-07 11:31:02,245 - WARNING - [hk.616049.xyz (HKG)] ├─ 无有效DNS记录，触发紧急更新
2026-10-07 11:42:53,158 - ERROR - CFST更新失败: None
2026-10-07 11:42:53,159 - INFO - --------------------------------------------------
2026-10-07 11:42:53,159 - INFO - [us.616049.xyz (LAX)] 开始处理节点维护
2026-10-07 11:42:53,209 - DEBUG - DNS解析重试中 us.616049.xyz: [Errno -5] No address associated with hostname
2026-10-07 11:42:54,250 - DEBUG - DNS解析重试中 us.616049.xyz: [Errno -5] No address associated with hostname
2026-10-07 11:42:55,286 - DEBUG - DNS解析重试中 us.616049.xyz: [Errno -5] No address associated with hostname
2026-10-07 11:42:56,287 - WARNING - [us.616049.xyz (LAX)] ├─ 无有效DNS记录，触发紧急更新
2026-10-07 11:54:44,723 - ERROR - CFST更新失败: None
2026-10-07 11:54:44,723 - INFO - --------------------------------------------------
2026-10-07 11:54:44,723 - INFO - [de.616049.xyz (FRA)] 开始处理节点维护
2026-10-07 11:54:44,788 - DEBUG - DNS解析重试中 de.616049.xyz: [Errno -5] No address associated with hostname
2026-10-07 11:54:45,867 - DEBUG - DNS解析重试中 de.616049.xyz: [Errno -5] No address associated with hostname
2026-10-07 11:54:46,912 - DEBUG - DNS解析重试中 de.616049.xyz: [Errno -5] No address associated with hostname
2026-10-07 11:54:47,913 - WARNING - [de.616049.xyz (FRA)] ├─ 无有效DNS记录，触发紧急更新
2026-10-07 12:06:41,708 - ERROR - CFST更新失败: None
2026-10-07 12:06:41,711 - DEBUG - Starting new HTTPS connection (1): api.telegram.org:443
2026-10-07 12:06:42,132 - DEBUG - https://api.telegram.org:443 "POST /bot/sendMessage HTTP/1.1" 404 55
