2026-08-19 14:28:35,017 - INFO - 启动维护任务 | 协议类型: IPV4
2026-08-19 14:28:35,017 - INFO - --------------------------------------------------
2026-08-19 14:28:35,017 - INFO - [hk.616049.xyz (HKG)] 开始处理节点维护
2026-08-19 14:28:35,059 - DEBUG - DNS解析重试中 hk.616049.xyz: [Errno -5] No address associated with hostname
2026-08-19 14:28:36,105 - DEBUG - DNS解析重试中 hk.616049.xyz: [Errno -5] No address associated with hostname
2026-08-19 14:28:37,144 - DEBUG - DNS解析重试中 hk.616049.xyz: [Errno -5] No address associated with hostname
2026-08-19 14:28:38,145 - WARNING - [hk.616049.xyz (HKG)] ├─ 无有效DNS记录，触发紧急更新
2026-08-19 14:41:09,831 - ERROR - CFST更新失败: None
2026-08-19 14:41:09,831 - INFO - --------------------------------------------------
2026-08-19 14:41:09,831 - INFO - [us.616049.xyz (LAX)] 开始处理节点维护
2026-08-19 14:41:09,889 - DEBUG - DNS解析重试中 us.616049.xyz: [Errno -5] No address associated with hostname
2026-08-19 14:41:10,936 - DEBUG - DNS解析重试中 us.616049.xyz: [Errno -5] No address associated with hostname
2026-08-19 14:41:11,978 - DEBUG - DNS解析重试中 us.616049.xyz: [Errno -5] No address associated with hostname
2026-08-19 14:41:12,979 - WARNING - [us.616049.xyz (LAX)] ├─ 无有效DNS记录，触发紧急更新
2026-08-19 14:53:43,963 - ERROR - CFST更新失败: None
2026-08-19 14:53:43,963 - INFO - --------------------------------------------------
2026-08-19 14:53:43,963 - INFO - [de.616049.xyz (FRA)] 开始处理节点维护
2026-08-19 14:53:43,999 - DEBUG - DNS解析重试中 de.616049.xyz: [Errno -5] No address associated with hostname
2026-08-19 14:53:45,168 - DEBUG - DNS解析重试中 de.616049.xyz: [Errno -5] No address associated with hostname
2026-08-19 14:53:46,233 - DEBUG - DNS解析重试中 de.616049.xyz: [Errno -5] No address associated with hostname
2026-08-19 14:53:47,235 - WARNING - [de.616049.xyz (FRA)] ├─ 无有效DNS记录，触发紧急更新
2026-08-19 15:06:19,530 - ERROR - CFST更新失败: None
2026-08-19 15:06:19,534 - DEBUG - Starting new HTTPS connection (1): api.telegram.org:443
2026-08-19 15:06:19,985 - DEBUG - https://api.telegram.org:443 "POST /bot/sendMessage HTTP/1.1" 404 55
