2026-07-27 10:06:41,080 - INFO - 启动维护任务 | 协议类型: IPV4
2026-07-27 10:06:41,081 - INFO - --------------------------------------------------
2026-07-27 10:06:41,081 - INFO - [hk.616049.xyz (HKG)] 开始处理节点维护
2026-07-27 10:06:41,092 - DEBUG - DNS解析重试中 hk.616049.xyz: [Errno -5] No address associated with hostname
2026-07-27 10:06:42,104 - DEBUG - DNS解析重试中 hk.616049.xyz: [Errno -5] No address associated with hostname
2026-07-27 10:06:43,116 - DEBUG - DNS解析重试中 hk.616049.xyz: [Errno -5] No address associated with hostname
2026-07-27 10:06:44,117 - WARNING - [hk.616049.xyz (HKG)] ├─ 无有效DNS记录，触发紧急更新
2026-07-27 10:19:14,999 - ERROR - CFST更新失败: None
2026-07-27 10:19:15,000 - INFO - --------------------------------------------------
2026-07-27 10:19:15,000 - INFO - [us.616049.xyz (LAX)] 开始处理节点维护
2026-07-27 10:19:15,011 - DEBUG - DNS解析重试中 us.616049.xyz: [Errno -5] No address associated with hostname
2026-07-27 10:19:16,024 - DEBUG - DNS解析重试中 us.616049.xyz: [Errno -5] No address associated with hostname
2026-07-27 10:19:17,048 - DEBUG - DNS解析重试中 us.616049.xyz: [Errno -5] No address associated with hostname
2026-07-27 10:19:18,049 - WARNING - [us.616049.xyz (LAX)] ├─ 无有效DNS记录，触发紧急更新
2026-07-27 10:31:48,592 - ERROR - CFST更新失败: None
2026-07-27 10:31:48,593 - INFO - --------------------------------------------------
2026-07-27 10:31:48,593 - INFO - [de.616049.xyz (FRA)] 开始处理节点维护
2026-07-27 10:31:48,605 - DEBUG - DNS解析重试中 de.616049.xyz: [Errno -5] No address associated with hostname
2026-07-27 10:31:49,622 - DEBUG - DNS解析重试中 de.616049.xyz: [Errno -5] No address associated with hostname
2026-07-27 10:31:50,651 - DEBUG - DNS解析重试中 de.616049.xyz: [Errno -5] No address associated with hostname
2026-07-27 10:31:51,652 - WARNING - [de.616049.xyz (FRA)] ├─ 无有效DNS记录，触发紧急更新
2026-07-27 10:44:23,023 - ERROR - CFST更新失败: None
2026-07-27 10:44:23,026 - DEBUG - Starting new HTTPS connection (1): api.telegram.org:443
2026-07-27 10:44:23,484 - DEBUG - https://api.telegram.org:443 "POST /bot/sendMessage HTTP/1.1" 404 55
