2026-08-20 12:28:17,753 - INFO - 启动维护任务 | 协议类型: IPV4
2026-08-20 12:28:17,754 - INFO - --------------------------------------------------
2026-08-20 12:28:17,754 - INFO - [hk.616049.xyz (HKG)] 开始处理节点维护
2026-08-20 12:28:17,797 - DEBUG - DNS解析重试中 hk.616049.xyz: [Errno -5] No address associated with hostname
2026-08-20 12:28:18,850 - DEBUG - DNS解析重试中 hk.616049.xyz: [Errno -5] No address associated with hostname
2026-08-20 12:28:19,871 - DEBUG - DNS解析重试中 hk.616049.xyz: [Errno -5] No address associated with hostname
2026-08-20 12:28:20,872 - WARNING - [hk.616049.xyz (HKG)] ├─ 无有效DNS记录，触发紧急更新
2026-08-20 12:40:47,858 - ERROR - CFST更新失败: None
2026-08-20 12:40:47,858 - INFO - --------------------------------------------------
2026-08-20 12:40:47,858 - INFO - [us.616049.xyz (LAX)] 开始处理节点维护
2026-08-20 12:40:47,908 - DEBUG - DNS解析重试中 us.616049.xyz: [Errno -5] No address associated with hostname
2026-08-20 12:40:48,944 - DEBUG - DNS解析重试中 us.616049.xyz: [Errno -5] No address associated with hostname
2026-08-20 12:40:49,974 - DEBUG - DNS解析重试中 us.616049.xyz: [Errno -5] No address associated with hostname
2026-08-20 12:40:50,975 - WARNING - [us.616049.xyz (LAX)] ├─ 无有效DNS记录，触发紧急更新
2026-08-20 12:53:18,963 - ERROR - CFST更新失败: None
2026-08-20 12:53:18,964 - INFO - --------------------------------------------------
2026-08-20 12:53:18,964 - INFO - [de.616049.xyz (FRA)] 开始处理节点维护
2026-08-20 12:53:19,014 - DEBUG - DNS解析重试中 de.616049.xyz: [Errno -5] No address associated with hostname
2026-08-20 12:53:20,061 - DEBUG - DNS解析重试中 de.616049.xyz: [Errno -5] No address associated with hostname
2026-08-20 12:53:21,083 - DEBUG - DNS解析重试中 de.616049.xyz: [Errno -5] No address associated with hostname
2026-08-20 12:53:22,085 - WARNING - [de.616049.xyz (FRA)] ├─ 无有效DNS记录，触发紧急更新
2026-08-20 13:05:50,699 - ERROR - CFST更新失败: None
2026-08-20 13:05:50,703 - DEBUG - Starting new HTTPS connection (1): api.telegram.org:443
2026-08-20 13:05:51,131 - DEBUG - https://api.telegram.org:443 "POST /bot/sendMessage HTTP/1.1" 404 55
