2026-09-01 22:25:11,536 - INFO - 启动维护任务 | 协议类型: IPV4
2026-09-01 22:25:11,536 - INFO - --------------------------------------------------
2026-09-01 22:25:11,537 - INFO - [hk.616049.xyz (HKG)] 开始处理节点维护
2026-09-01 22:25:11,574 - DEBUG - DNS解析重试中 hk.616049.xyz: [Errno -5] No address associated with hostname
2026-09-01 22:25:12,615 - DEBUG - DNS解析重试中 hk.616049.xyz: [Errno -5] No address associated with hostname
2026-09-01 22:25:13,673 - DEBUG - DNS解析重试中 hk.616049.xyz: [Errno -5] No address associated with hostname
2026-09-01 22:25:14,675 - WARNING - [hk.616049.xyz (HKG)] ├─ 无有效DNS记录，触发紧急更新
2026-09-01 22:37:42,811 - ERROR - CFST更新失败: None
2026-09-01 22:37:42,811 - INFO - --------------------------------------------------
2026-09-01 22:37:42,811 - INFO - [us.616049.xyz (LAX)] 开始处理节点维护
2026-09-01 22:37:42,866 - DEBUG - DNS解析重试中 us.616049.xyz: [Errno -5] No address associated with hostname
2026-09-01 22:37:43,917 - DEBUG - DNS解析重试中 us.616049.xyz: [Errno -5] No address associated with hostname
2026-09-01 22:37:44,931 - DEBUG - DNS解析重试中 us.616049.xyz: [Errno -5] No address associated with hostname
2026-09-01 22:37:45,932 - WARNING - [us.616049.xyz (LAX)] ├─ 无有效DNS记录，触发紧急更新
2026-09-01 22:50:19,127 - ERROR - CFST更新失败: None
2026-09-01 22:50:19,127 - INFO - --------------------------------------------------
2026-09-01 22:50:19,127 - INFO - [de.616049.xyz (FRA)] 开始处理节点维护
2026-09-01 22:50:19,158 - DEBUG - DNS解析重试中 de.616049.xyz: [Errno -5] No address associated with hostname
2026-09-01 22:50:20,204 - DEBUG - DNS解析重试中 de.616049.xyz: [Errno -5] No address associated with hostname
2026-09-01 22:50:21,232 - DEBUG - DNS解析重试中 de.616049.xyz: [Errno -5] No address associated with hostname
2026-09-01 22:50:22,233 - WARNING - [de.616049.xyz (FRA)] ├─ 无有效DNS记录，触发紧急更新
2026-09-01 23:02:51,104 - ERROR - CFST更新失败: None
2026-09-01 23:02:51,107 - DEBUG - Starting new HTTPS connection (1): api.telegram.org:443
2026-09-01 23:02:51,532 - DEBUG - https://api.telegram.org:443 "POST /bot/sendMessage HTTP/1.1" 404 55
