2026-09-11 07:34:47,002 - INFO - 启动维护任务 | 协议类型: IPV4
2026-09-11 07:34:47,002 - INFO - --------------------------------------------------
2026-09-11 07:34:47,002 - INFO - [hk.616049.xyz (HKG)] 开始处理节点维护
2026-09-11 07:34:47,054 - DEBUG - DNS解析重试中 hk.616049.xyz: [Errno -5] No address associated with hostname
2026-09-11 07:34:48,093 - DEBUG - DNS解析重试中 hk.616049.xyz: [Errno -5] No address associated with hostname
2026-09-11 07:34:49,142 - DEBUG - DNS解析重试中 hk.616049.xyz: [Errno -5] No address associated with hostname
2026-09-11 07:34:50,143 - WARNING - [hk.616049.xyz (HKG)] ├─ 无有效DNS记录，触发紧急更新
2026-09-11 07:47:21,709 - ERROR - CFST更新失败: None
2026-09-11 07:47:21,709 - INFO - --------------------------------------------------
2026-09-11 07:47:21,709 - INFO - [us.616049.xyz (LAX)] 开始处理节点维护
2026-09-11 07:47:21,751 - DEBUG - DNS解析重试中 us.616049.xyz: [Errno -5] No address associated with hostname
2026-09-11 07:47:22,803 - DEBUG - DNS解析重试中 us.616049.xyz: [Errno -5] No address associated with hostname
2026-09-11 07:47:23,807 - DEBUG - DNS解析重试中 us.616049.xyz: [Errno -5] No address associated with hostname
2026-09-11 07:47:24,808 - WARNING - [us.616049.xyz (LAX)] ├─ 无有效DNS记录，触发紧急更新
2026-09-11 07:59:56,022 - ERROR - CFST更新失败: None
2026-09-11 07:59:56,022 - INFO - --------------------------------------------------
2026-09-11 07:59:56,023 - INFO - [de.616049.xyz (FRA)] 开始处理节点维护
2026-09-11 07:59:56,082 - DEBUG - DNS解析重试中 de.616049.xyz: [Errno -5] No address associated with hostname
2026-09-11 07:59:57,141 - DEBUG - DNS解析重试中 de.616049.xyz: [Errno -5] No address associated with hostname
2026-09-11 07:59:58,190 - DEBUG - DNS解析重试中 de.616049.xyz: [Errno -5] No address associated with hostname
2026-09-11 07:59:59,191 - WARNING - [de.616049.xyz (FRA)] ├─ 无有效DNS记录，触发紧急更新
2026-09-11 08:12:30,880 - ERROR - CFST更新失败: None
2026-09-11 08:12:30,883 - DEBUG - Starting new HTTPS connection (1): api.telegram.org:443
2026-09-11 08:12:31,239 - DEBUG - https://api.telegram.org:443 "POST /bot/sendMessage HTTP/1.1" 404 55
