2026-08-20 14:30:41,987 - INFO - 启动维护任务 | 协议类型: IPV4
2026-08-20 14:30:41,987 - INFO - --------------------------------------------------
2026-08-20 14:30:41,987 - INFO - [hk.616049.xyz (HKG)] 开始处理节点维护
2026-08-20 14:30:42,041 - DEBUG - DNS解析重试中 hk.616049.xyz: [Errno -5] No address associated with hostname
2026-08-20 14:30:43,088 - DEBUG - DNS解析重试中 hk.616049.xyz: [Errno -5] No address associated with hostname
2026-08-20 14:30:44,142 - DEBUG - DNS解析重试中 hk.616049.xyz: [Errno -5] No address associated with hostname
2026-08-20 14:30:45,143 - WARNING - [hk.616049.xyz (HKG)] ├─ 无有效DNS记录，触发紧急更新
2026-08-20 14:42:55,611 - ERROR - CFST更新失败: None
2026-08-20 14:42:55,611 - INFO - --------------------------------------------------
2026-08-20 14:42:55,611 - INFO - [us.616049.xyz (LAX)] 开始处理节点维护
2026-08-20 14:42:55,654 - DEBUG - DNS解析重试中 us.616049.xyz: [Errno -5] No address associated with hostname
2026-08-20 14:42:56,720 - DEBUG - DNS解析重试中 us.616049.xyz: [Errno -5] No address associated with hostname
2026-08-20 14:42:57,774 - DEBUG - DNS解析重试中 us.616049.xyz: [Errno -5] No address associated with hostname
2026-08-20 14:42:58,776 - WARNING - [us.616049.xyz (LAX)] ├─ 无有效DNS记录，触发紧急更新
2026-08-20 14:55:09,264 - ERROR - CFST更新失败: None
2026-08-20 14:55:09,264 - INFO - --------------------------------------------------
2026-08-20 14:55:09,264 - INFO - [de.616049.xyz (FRA)] 开始处理节点维护
2026-08-20 14:55:09,328 - DEBUG - DNS解析重试中 de.616049.xyz: [Errno -5] No address associated with hostname
2026-08-20 14:55:10,378 - DEBUG - DNS解析重试中 de.616049.xyz: [Errno -5] No address associated with hostname
2026-08-20 14:55:11,423 - DEBUG - DNS解析重试中 de.616049.xyz: [Errno -5] No address associated with hostname
2026-08-20 14:55:12,424 - WARNING - [de.616049.xyz (FRA)] ├─ 无有效DNS记录，触发紧急更新
2026-08-20 15:07:22,983 - ERROR - CFST更新失败: None
2026-08-20 15:07:22,986 - DEBUG - Starting new HTTPS connection (1): api.telegram.org:443
2026-08-20 15:07:23,321 - DEBUG - https://api.telegram.org:443 "POST /bot/sendMessage HTTP/1.1" 404 55
