2026-08-22 20:21:29,876 - INFO - 启动维护任务 | 协议类型: IPV4
2026-08-22 20:21:29,876 - INFO - --------------------------------------------------
2026-08-22 20:21:29,876 - INFO - [hk.616049.xyz (HKG)] 开始处理节点维护
2026-08-22 20:21:29,890 - DEBUG - DNS解析重试中 hk.616049.xyz: [Errno -5] No address associated with hostname
2026-08-22 20:21:30,900 - DEBUG - DNS解析重试中 hk.616049.xyz: [Errno -5] No address associated with hostname
2026-08-22 20:21:31,917 - DEBUG - DNS解析重试中 hk.616049.xyz: [Errno -5] No address associated with hostname
2026-08-22 20:21:32,918 - WARNING - [hk.616049.xyz (HKG)] ├─ 无有效DNS记录，触发紧急更新
2026-08-22 20:34:04,463 - ERROR - CFST更新失败: None
2026-08-22 20:34:04,463 - INFO - --------------------------------------------------
2026-08-22 20:34:04,463 - INFO - [us.616049.xyz (LAX)] 开始处理节点维护
2026-08-22 20:34:04,476 - DEBUG - DNS解析重试中 us.616049.xyz: [Errno -5] No address associated with hostname
2026-08-22 20:34:05,490 - DEBUG - DNS解析重试中 us.616049.xyz: [Errno -5] No address associated with hostname
2026-08-22 20:34:06,501 - DEBUG - DNS解析重试中 us.616049.xyz: [Errno -5] No address associated with hostname
2026-08-22 20:34:07,502 - WARNING - [us.616049.xyz (LAX)] ├─ 无有效DNS记录，触发紧急更新
2026-08-22 20:46:38,720 - ERROR - CFST更新失败: None
2026-08-22 20:46:38,721 - INFO - --------------------------------------------------
2026-08-22 20:46:38,721 - INFO - [de.616049.xyz (FRA)] 开始处理节点维护
2026-08-22 20:46:38,732 - DEBUG - DNS解析重试中 de.616049.xyz: [Errno -5] No address associated with hostname
2026-08-22 20:46:39,760 - DEBUG - DNS解析重试中 de.616049.xyz: [Errno -5] No address associated with hostname
2026-08-22 20:46:40,772 - DEBUG - DNS解析重试中 de.616049.xyz: [Errno -5] No address associated with hostname
2026-08-22 20:46:41,774 - WARNING - [de.616049.xyz (FRA)] ├─ 无有效DNS记录，触发紧急更新
2026-08-22 20:59:13,684 - ERROR - CFST更新失败: None
2026-08-22 20:59:13,687 - DEBUG - Starting new HTTPS connection (1): api.telegram.org:443
2026-08-22 20:59:14,160 - DEBUG - https://api.telegram.org:443 "POST /bot/sendMessage HTTP/1.1" 404 55
