2026-09-04 06:03:15,654 - INFO - 启动维护任务 | 协议类型: IPV4
2026-09-04 06:03:15,654 - INFO - --------------------------------------------------
2026-09-04 06:03:15,654 - INFO - [hk.616049.xyz (HKG)] 开始处理节点维护
2026-09-04 06:03:15,676 - DEBUG - DNS解析重试中 hk.616049.xyz: [Errno -5] No address associated with hostname
2026-09-04 06:03:16,700 - DEBUG - DNS解析重试中 hk.616049.xyz: [Errno -5] No address associated with hostname
2026-09-04 06:03:17,726 - DEBUG - DNS解析重试中 hk.616049.xyz: [Errno -5] No address associated with hostname
2026-09-04 06:03:18,728 - WARNING - [hk.616049.xyz (HKG)] ├─ 无有效DNS记录，触发紧急更新
2026-09-04 06:15:59,651 - ERROR - CFST更新失败: None
2026-09-04 06:15:59,651 - INFO - --------------------------------------------------
2026-09-04 06:15:59,651 - INFO - [us.616049.xyz (LAX)] 开始处理节点维护
2026-09-04 06:15:59,678 - DEBUG - DNS解析重试中 us.616049.xyz: [Errno -5] No address associated with hostname
2026-09-04 06:16:00,699 - DEBUG - DNS解析重试中 us.616049.xyz: [Errno -5] No address associated with hostname
2026-09-04 06:16:01,729 - DEBUG - DNS解析重试中 us.616049.xyz: [Errno -5] No address associated with hostname
2026-09-04 06:16:02,730 - WARNING - [us.616049.xyz (LAX)] ├─ 无有效DNS记录，触发紧急更新
2026-09-04 06:28:38,718 - ERROR - CFST更新失败: None
2026-09-04 06:28:38,719 - INFO - --------------------------------------------------
2026-09-04 06:28:38,719 - INFO - [de.616049.xyz (FRA)] 开始处理节点维护
2026-09-04 06:28:38,756 - DEBUG - DNS解析重试中 de.616049.xyz: [Errno -5] No address associated with hostname
2026-09-04 06:28:39,779 - DEBUG - DNS解析重试中 de.616049.xyz: [Errno -5] No address associated with hostname
2026-09-04 06:28:40,810 - DEBUG - DNS解析重试中 de.616049.xyz: [Errno -5] No address associated with hostname
2026-09-04 06:28:41,810 - WARNING - [de.616049.xyz (FRA)] ├─ 无有效DNS记录，触发紧急更新
2026-09-04 06:41:17,759 - ERROR - CFST更新失败: None
2026-09-04 06:41:17,763 - DEBUG - Starting new HTTPS connection (1): api.telegram.org:443
2026-09-04 06:41:18,055 - DEBUG - https://api.telegram.org:443 "POST /bot/sendMessage HTTP/1.1" 404 55
