2026-10-08 02:11:26,287 - INFO - 启动维护任务 | 协议类型: IPV4
2026-10-08 02:11:26,287 - INFO - --------------------------------------------------
2026-10-08 02:11:26,287 - INFO - [hk.616049.xyz (HKG)] 开始处理节点维护
2026-10-08 02:11:26,326 - DEBUG - DNS解析重试中 hk.616049.xyz: [Errno -5] No address associated with hostname
2026-10-08 02:11:27,386 - DEBUG - DNS解析重试中 hk.616049.xyz: [Errno -5] No address associated with hostname
2026-10-08 02:11:28,423 - DEBUG - DNS解析重试中 hk.616049.xyz: [Errno -5] No address associated with hostname
2026-10-08 02:11:29,424 - WARNING - [hk.616049.xyz (HKG)] ├─ 无有效DNS记录，触发紧急更新
2026-10-08 02:24:00,116 - ERROR - CFST更新失败: None
2026-10-08 02:24:00,116 - INFO - --------------------------------------------------
2026-10-08 02:24:00,117 - INFO - [us.616049.xyz (LAX)] 开始处理节点维护
2026-10-08 02:24:00,165 - DEBUG - DNS解析重试中 us.616049.xyz: [Errno -5] No address associated with hostname
2026-10-08 02:24:01,206 - DEBUG - DNS解析重试中 us.616049.xyz: [Errno -5] No address associated with hostname
2026-10-08 02:24:02,214 - DEBUG - DNS解析重试中 us.616049.xyz: [Errno -5] No address associated with hostname
2026-10-08 02:24:03,215 - WARNING - [us.616049.xyz (LAX)] ├─ 无有效DNS记录，触发紧急更新
2026-10-08 02:36:33,448 - ERROR - CFST更新失败: None
2026-10-08 02:36:33,448 - INFO - --------------------------------------------------
2026-10-08 02:36:33,448 - INFO - [de.616049.xyz (FRA)] 开始处理节点维护
2026-10-08 02:36:33,485 - DEBUG - DNS解析重试中 de.616049.xyz: [Errno -5] No address associated with hostname
2026-10-08 02:36:34,522 - DEBUG - DNS解析重试中 de.616049.xyz: [Errno -5] No address associated with hostname
2026-10-08 02:36:35,568 - DEBUG - DNS解析重试中 de.616049.xyz: [Errno -5] No address associated with hostname
2026-10-08 02:36:36,569 - WARNING - [de.616049.xyz (FRA)] ├─ 无有效DNS记录，触发紧急更新
2026-10-08 02:49:07,618 - ERROR - CFST更新失败: None
2026-10-08 02:49:07,622 - DEBUG - Starting new HTTPS connection (1): api.telegram.org:443
2026-10-08 02:49:08,132 - DEBUG - https://api.telegram.org:443 "POST /bot/sendMessage HTTP/1.1" 404 55
