2026-09-03 16:25:04,543 - INFO - 启动维护任务 | 协议类型: IPV4
2026-09-03 16:25:04,543 - INFO - --------------------------------------------------
2026-09-03 16:25:04,543 - INFO - [hk.616049.xyz (HKG)] 开始处理节点维护
2026-09-03 16:25:04,576 - DEBUG - DNS解析重试中 hk.616049.xyz: [Errno -5] No address associated with hostname
2026-09-03 16:25:05,603 - DEBUG - DNS解析重试中 hk.616049.xyz: [Errno -5] No address associated with hostname
2026-09-03 16:25:06,610 - DEBUG - DNS解析重试中 hk.616049.xyz: [Errno -5] No address associated with hostname
2026-09-03 16:25:07,612 - WARNING - [hk.616049.xyz (HKG)] ├─ 无有效DNS记录，触发紧急更新
2026-09-03 16:37:39,441 - ERROR - CFST更新失败: None
2026-09-03 16:37:39,442 - INFO - --------------------------------------------------
2026-09-03 16:37:39,442 - INFO - [us.616049.xyz (LAX)] 开始处理节点维护
2026-09-03 16:37:39,475 - DEBUG - DNS解析重试中 us.616049.xyz: [Errno -5] No address associated with hostname
2026-09-03 16:37:40,505 - DEBUG - DNS解析重试中 us.616049.xyz: [Errno -5] No address associated with hostname
2026-09-03 16:37:41,552 - DEBUG - DNS解析重试中 us.616049.xyz: [Errno -5] No address associated with hostname
2026-09-03 16:37:42,554 - WARNING - [us.616049.xyz (LAX)] ├─ 无有效DNS记录，触发紧急更新
2026-09-03 16:50:13,854 - ERROR - CFST更新失败: None
2026-09-03 16:50:13,855 - INFO - --------------------------------------------------
2026-09-03 16:50:13,855 - INFO - [de.616049.xyz (FRA)] 开始处理节点维护
2026-09-03 16:50:13,887 - DEBUG - DNS解析重试中 de.616049.xyz: [Errno -5] No address associated with hostname
2026-09-03 16:50:14,894 - DEBUG - DNS解析重试中 de.616049.xyz: [Errno -5] No address associated with hostname
2026-09-03 16:50:15,942 - DEBUG - DNS解析重试中 de.616049.xyz: [Errno -5] No address associated with hostname
2026-09-03 16:50:16,943 - WARNING - [de.616049.xyz (FRA)] ├─ 无有效DNS记录，触发紧急更新
2026-09-03 17:02:49,197 - ERROR - CFST更新失败: None
2026-09-03 17:02:49,201 - DEBUG - Starting new HTTPS connection (1): api.telegram.org:443
2026-09-03 17:02:49,516 - DEBUG - https://api.telegram.org:443 "POST /bot/sendMessage HTTP/1.1" 404 55
