2026-07-30 01:05:47,960 - INFO - 启动维护任务 | 协议类型: IPV4
2026-07-30 01:05:47,960 - INFO - --------------------------------------------------
2026-07-30 01:05:47,960 - INFO - [hk.616049.xyz (HKG)] 开始处理节点维护
2026-07-30 01:05:48,016 - DEBUG - DNS解析重试中 hk.616049.xyz: [Errno -5] No address associated with hostname
2026-07-30 01:05:49,025 - DEBUG - DNS解析重试中 hk.616049.xyz: [Errno -5] No address associated with hostname
2026-07-30 01:05:50,064 - DEBUG - DNS解析重试中 hk.616049.xyz: [Errno -5] No address associated with hostname
2026-07-30 01:05:51,065 - WARNING - [hk.616049.xyz (HKG)] ├─ 无有效DNS记录，触发紧急更新
2026-07-30 01:18:25,151 - ERROR - CFST更新失败: None
2026-07-30 01:18:25,151 - INFO - --------------------------------------------------
2026-07-30 01:18:25,151 - INFO - [us.616049.xyz (LAX)] 开始处理节点维护
2026-07-30 01:18:25,188 - DEBUG - DNS解析重试中 us.616049.xyz: [Errno -5] No address associated with hostname
2026-07-30 01:18:26,246 - DEBUG - DNS解析重试中 us.616049.xyz: [Errno -5] No address associated with hostname
2026-07-30 01:18:27,330 - DEBUG - DNS解析重试中 us.616049.xyz: [Errno -5] No address associated with hostname
2026-07-30 01:18:28,331 - WARNING - [us.616049.xyz (LAX)] ├─ 无有效DNS记录，触发紧急更新
2026-07-30 01:31:03,448 - ERROR - CFST更新失败: None
2026-07-30 01:31:03,449 - INFO - --------------------------------------------------
2026-07-30 01:31:03,449 - INFO - [de.616049.xyz (FRA)] 开始处理节点维护
2026-07-30 01:31:03,495 - DEBUG - DNS解析重试中 de.616049.xyz: [Errno -5] No address associated with hostname
2026-07-30 01:31:04,534 - DEBUG - DNS解析重试中 de.616049.xyz: [Errno -5] No address associated with hostname
2026-07-30 01:31:05,588 - DEBUG - DNS解析重试中 de.616049.xyz: [Errno -5] No address associated with hostname
2026-07-30 01:31:06,590 - WARNING - [de.616049.xyz (FRA)] ├─ 无有效DNS记录，触发紧急更新
2026-07-30 01:43:46,418 - ERROR - CFST更新失败: None
2026-07-30 01:43:46,422 - DEBUG - Starting new HTTPS connection (1): api.telegram.org:443
2026-07-30 01:43:46,737 - DEBUG - https://api.telegram.org:443 "POST /bot/sendMessage HTTP/1.1" 404 55
