2026-09-29 01:53:49,304 - INFO - 启动维护任务 | 协议类型: IPV4
2026-09-29 01:53:49,304 - INFO - --------------------------------------------------
2026-09-29 01:53:49,304 - INFO - [hk.616049.xyz (HKG)] 开始处理节点维护
2026-09-29 01:53:49,323 - DEBUG - DNS解析重试中 hk.616049.xyz: [Errno -5] No address associated with hostname
2026-09-29 01:53:50,345 - DEBUG - DNS解析重试中 hk.616049.xyz: [Errno -5] No address associated with hostname
2026-09-29 01:53:51,391 - DEBUG - DNS解析重试中 hk.616049.xyz: [Errno -5] No address associated with hostname
2026-09-29 01:53:52,392 - WARNING - [hk.616049.xyz (HKG)] ├─ 无有效DNS记录，触发紧急更新
2026-09-29 02:06:22,675 - ERROR - CFST更新失败: None
2026-09-29 02:06:22,675 - INFO - --------------------------------------------------
2026-09-29 02:06:22,675 - INFO - [us.616049.xyz (LAX)] 开始处理节点维护
2026-09-29 02:06:22,693 - DEBUG - DNS解析重试中 us.616049.xyz: [Errno -5] No address associated with hostname
2026-09-29 02:06:23,721 - DEBUG - DNS解析重试中 us.616049.xyz: [Errno -5] No address associated with hostname
2026-09-29 02:06:24,748 - DEBUG - DNS解析重试中 us.616049.xyz: [Errno -5] No address associated with hostname
2026-09-29 02:06:25,749 - WARNING - [us.616049.xyz (LAX)] ├─ 无有效DNS记录，触发紧急更新
2026-09-29 02:18:56,339 - ERROR - CFST更新失败: None
2026-09-29 02:18:56,339 - INFO - --------------------------------------------------
2026-09-29 02:18:56,339 - INFO - [de.616049.xyz (FRA)] 开始处理节点维护
2026-09-29 02:18:56,360 - DEBUG - DNS解析重试中 de.616049.xyz: [Errno -5] No address associated with hostname
2026-09-29 02:18:57,398 - DEBUG - DNS解析重试中 de.616049.xyz: [Errno -5] No address associated with hostname
2026-09-29 02:18:58,448 - DEBUG - DNS解析重试中 de.616049.xyz: [Errno -5] No address associated with hostname
2026-09-29 02:18:59,449 - WARNING - [de.616049.xyz (FRA)] ├─ 无有效DNS记录，触发紧急更新
2026-09-29 02:31:30,667 - ERROR - CFST更新失败: None
2026-09-29 02:31:30,671 - DEBUG - Starting new HTTPS connection (1): api.telegram.org:443
2026-09-29 02:31:31,150 - DEBUG - https://api.telegram.org:443 "POST /bot/sendMessage HTTP/1.1" 404 55
