2026-09-10 02:57:21,540 - INFO - 启动维护任务 | 协议类型: IPV4
2026-09-10 02:57:21,540 - INFO - --------------------------------------------------
2026-09-10 02:57:21,540 - INFO - [hk.616049.xyz (HKG)] 开始处理节点维护
2026-09-10 02:57:21,599 - DEBUG - DNS解析重试中 hk.616049.xyz: [Errno -5] No address associated with hostname
2026-09-10 02:57:22,664 - DEBUG - DNS解析重试中 hk.616049.xyz: [Errno -5] No address associated with hostname
2026-09-10 02:57:23,722 - DEBUG - DNS解析重试中 hk.616049.xyz: [Errno -5] No address associated with hostname
2026-09-10 02:57:24,723 - WARNING - [hk.616049.xyz (HKG)] ├─ 无有效DNS记录，触发紧急更新
2026-09-10 03:09:58,105 - ERROR - CFST更新失败: None
2026-09-10 03:09:58,105 - INFO - --------------------------------------------------
2026-09-10 03:09:58,105 - INFO - [us.616049.xyz (LAX)] 开始处理节点维护
2026-09-10 03:09:58,164 - DEBUG - DNS解析重试中 us.616049.xyz: [Errno -5] No address associated with hostname
2026-09-10 03:09:59,197 - DEBUG - DNS解析重试中 us.616049.xyz: [Errno -5] No address associated with hostname
2026-09-10 03:10:00,272 - DEBUG - DNS解析重试中 us.616049.xyz: [Errno -5] No address associated with hostname
2026-09-10 03:10:01,273 - WARNING - [us.616049.xyz (LAX)] ├─ 无有效DNS记录，触发紧急更新
2026-09-10 03:22:34,371 - ERROR - CFST更新失败: None
2026-09-10 03:22:34,371 - INFO - --------------------------------------------------
2026-09-10 03:22:34,371 - INFO - [de.616049.xyz (FRA)] 开始处理节点维护
2026-09-10 03:22:34,465 - DEBUG - DNS解析重试中 de.616049.xyz: [Errno -5] No address associated with hostname
2026-09-10 03:22:35,515 - DEBUG - DNS解析重试中 de.616049.xyz: [Errno -5] No address associated with hostname
2026-09-10 03:22:36,521 - DEBUG - DNS解析重试中 de.616049.xyz: [Errno -5] No address associated with hostname
2026-09-10 03:22:37,523 - WARNING - [de.616049.xyz (FRA)] ├─ 无有效DNS记录，触发紧急更新
2026-09-10 03:35:11,324 - ERROR - CFST更新失败: None
2026-09-10 03:35:11,328 - DEBUG - Starting new HTTPS connection (1): api.telegram.org:443
2026-09-10 03:35:11,727 - DEBUG - https://api.telegram.org:443 "POST /bot/sendMessage HTTP/1.1" 404 55
