2026-08-14 22:44:20,583 - INFO - 启动维护任务 | 协议类型: IPV4
2026-08-14 22:44:20,583 - INFO - --------------------------------------------------
2026-08-14 22:44:20,583 - INFO - [hk.616049.xyz (HKG)] 开始处理节点维护
2026-08-14 22:44:20,628 - DEBUG - DNS解析重试中 hk.616049.xyz: [Errno -5] No address associated with hostname
2026-08-14 22:44:21,666 - DEBUG - DNS解析重试中 hk.616049.xyz: [Errno -5] No address associated with hostname
2026-08-14 22:44:22,706 - DEBUG - DNS解析重试中 hk.616049.xyz: [Errno -5] No address associated with hostname
2026-08-14 22:44:23,708 - WARNING - [hk.616049.xyz (HKG)] ├─ 无有效DNS记录，触发紧急更新
2026-08-14 22:56:43,400 - ERROR - CFST更新失败: None
2026-08-14 22:56:43,400 - INFO - --------------------------------------------------
2026-08-14 22:56:43,400 - INFO - [us.616049.xyz (LAX)] 开始处理节点维护
2026-08-14 22:56:43,781 - DEBUG - DNS解析重试中 us.616049.xyz: [Errno -5] No address associated with hostname
2026-08-14 22:56:44,861 - DEBUG - DNS解析重试中 us.616049.xyz: [Errno -5] No address associated with hostname
2026-08-14 22:56:45,874 - DEBUG - DNS解析重试中 us.616049.xyz: [Errno -5] No address associated with hostname
2026-08-14 22:56:46,875 - WARNING - [us.616049.xyz (LAX)] ├─ 无有效DNS记录，触发紧急更新
2026-08-14 23:09:00,892 - ERROR - CFST更新失败: None
2026-08-14 23:09:00,893 - INFO - --------------------------------------------------
2026-08-14 23:09:00,893 - INFO - [de.616049.xyz (FRA)] 开始处理节点维护
2026-08-14 23:09:00,928 - DEBUG - DNS解析重试中 de.616049.xyz: [Errno -5] No address associated with hostname
2026-08-14 23:09:01,976 - DEBUG - DNS解析重试中 de.616049.xyz: [Errno -5] No address associated with hostname
2026-08-14 23:09:03,018 - DEBUG - DNS解析重试中 de.616049.xyz: [Errno -5] No address associated with hostname
2026-08-14 23:09:04,019 - WARNING - [de.616049.xyz (FRA)] ├─ 无有效DNS记录，触发紧急更新
2026-08-14 23:21:22,594 - ERROR - CFST更新失败: None
2026-08-14 23:21:22,597 - DEBUG - Starting new HTTPS connection (1): api.telegram.org:443
2026-08-14 23:21:23,034 - DEBUG - https://api.telegram.org:443 "POST /bot/sendMessage HTTP/1.1" 404 55
