2026-09-11 01:29:59,676 - INFO - 启动维护任务 | 协议类型: IPV4
2026-09-11 01:29:59,676 - INFO - --------------------------------------------------
2026-09-11 01:29:59,676 - INFO - [hk.616049.xyz (HKG)] 开始处理节点维护
2026-09-11 01:29:59,715 - DEBUG - DNS解析重试中 hk.616049.xyz: [Errno -5] No address associated with hostname
2026-09-11 01:30:00,779 - DEBUG - DNS解析重试中 hk.616049.xyz: [Errno -5] No address associated with hostname
2026-09-11 01:30:01,833 - DEBUG - DNS解析重试中 hk.616049.xyz: [Errno -5] No address associated with hostname
2026-09-11 01:30:02,834 - WARNING - [hk.616049.xyz (HKG)] ├─ 无有效DNS记录，触发紧急更新
2026-09-11 01:42:13,537 - ERROR - CFST更新失败: None
2026-09-11 01:42:13,537 - INFO - --------------------------------------------------
2026-09-11 01:42:13,537 - INFO - [us.616049.xyz (LAX)] 开始处理节点维护
2026-09-11 01:42:13,615 - DEBUG - DNS解析重试中 us.616049.xyz: [Errno -5] No address associated with hostname
2026-09-11 01:42:14,665 - DEBUG - DNS解析重试中 us.616049.xyz: [Errno -5] No address associated with hostname
2026-09-11 01:42:15,711 - DEBUG - DNS解析重试中 us.616049.xyz: [Errno -5] No address associated with hostname
2026-09-11 01:42:16,712 - WARNING - [us.616049.xyz (LAX)] ├─ 无有效DNS记录，触发紧急更新
2026-09-11 01:54:27,248 - ERROR - CFST更新失败: None
2026-09-11 01:54:27,248 - INFO - --------------------------------------------------
2026-09-11 01:54:27,248 - INFO - [de.616049.xyz (FRA)] 开始处理节点维护
2026-09-11 01:54:27,287 - DEBUG - DNS解析重试中 de.616049.xyz: [Errno -5] No address associated with hostname
2026-09-11 01:54:28,333 - DEBUG - DNS解析重试中 de.616049.xyz: [Errno -5] No address associated with hostname
2026-09-11 01:54:29,382 - DEBUG - DNS解析重试中 de.616049.xyz: [Errno -5] No address associated with hostname
2026-09-11 01:54:30,383 - WARNING - [de.616049.xyz (FRA)] ├─ 无有效DNS记录，触发紧急更新
2026-09-11 02:06:41,130 - ERROR - CFST更新失败: None
2026-09-11 02:06:41,133 - DEBUG - Starting new HTTPS connection (1): api.telegram.org:443
2026-09-11 02:06:41,478 - DEBUG - https://api.telegram.org:443 "POST /bot/sendMessage HTTP/1.1" 404 55
