2026-10-07 18:44:10,289 - INFO - 启动维护任务 | 协议类型: IPV4
2026-10-07 18:44:10,290 - INFO - --------------------------------------------------
2026-10-07 18:44:10,290 - INFO - [hk.616049.xyz (HKG)] 开始处理节点维护
2026-10-07 18:44:10,347 - DEBUG - DNS解析重试中 hk.616049.xyz: [Errno -5] No address associated with hostname
2026-10-07 18:44:11,405 - DEBUG - DNS解析重试中 hk.616049.xyz: [Errno -5] No address associated with hostname
2026-10-07 18:44:12,463 - DEBUG - DNS解析重试中 hk.616049.xyz: [Errno -5] No address associated with hostname
2026-10-07 18:44:13,464 - WARNING - [hk.616049.xyz (HKG)] ├─ 无有效DNS记录，触发紧急更新
2026-10-07 18:56:48,671 - ERROR - CFST更新失败: None
2026-10-07 18:56:48,671 - INFO - --------------------------------------------------
2026-10-07 18:56:48,671 - INFO - [us.616049.xyz (LAX)] 开始处理节点维护
2026-10-07 18:56:48,727 - DEBUG - DNS解析重试中 us.616049.xyz: [Errno -5] No address associated with hostname
2026-10-07 18:56:49,799 - DEBUG - DNS解析重试中 us.616049.xyz: [Errno -5] No address associated with hostname
2026-10-07 18:56:50,856 - DEBUG - DNS解析重试中 us.616049.xyz: [Errno -5] No address associated with hostname
2026-10-07 18:56:51,857 - WARNING - [us.616049.xyz (LAX)] ├─ 无有效DNS记录，触发紧急更新
2026-10-07 19:09:25,570 - ERROR - CFST更新失败: None
2026-10-07 19:09:25,570 - INFO - --------------------------------------------------
2026-10-07 19:09:25,570 - INFO - [de.616049.xyz (FRA)] 开始处理节点维护
2026-10-07 19:09:25,625 - DEBUG - DNS解析重试中 de.616049.xyz: [Errno -5] No address associated with hostname
2026-10-07 19:09:26,674 - DEBUG - DNS解析重试中 de.616049.xyz: [Errno -5] No address associated with hostname
2026-10-07 19:09:27,734 - DEBUG - DNS解析重试中 de.616049.xyz: [Errno -5] No address associated with hostname
2026-10-07 19:09:28,736 - WARNING - [de.616049.xyz (FRA)] ├─ 无有效DNS记录，触发紧急更新
2026-10-07 19:21:59,879 - ERROR - CFST更新失败: None
2026-10-07 19:21:59,883 - DEBUG - Starting new HTTPS connection (1): api.telegram.org:443
2026-10-07 19:22:00,269 - DEBUG - https://api.telegram.org:443 "POST /bot/sendMessage HTTP/1.1" 404 55
