2026-09-26 10:45:38,612 - INFO - 启动维护任务 | 协议类型: IPV4
2026-09-26 10:45:38,612 - INFO - --------------------------------------------------
2026-09-26 10:45:38,612 - INFO - [hk.616049.xyz (HKG)] 开始处理节点维护
2026-09-26 10:45:38,674 - DEBUG - DNS解析重试中 hk.616049.xyz: [Errno -5] No address associated with hostname
2026-09-26 10:45:39,744 - DEBUG - DNS解析重试中 hk.616049.xyz: [Errno -5] No address associated with hostname
2026-09-26 10:45:40,802 - DEBUG - DNS解析重试中 hk.616049.xyz: [Errno -5] No address associated with hostname
2026-09-26 10:45:41,804 - WARNING - [hk.616049.xyz (HKG)] ├─ 无有效DNS记录，触发紧急更新
2026-09-26 10:57:51,184 - ERROR - CFST更新失败: None
2026-09-26 10:57:51,184 - INFO - --------------------------------------------------
2026-09-26 10:57:51,185 - INFO - [us.616049.xyz (LAX)] 开始处理节点维护
2026-09-26 10:57:51,237 - DEBUG - DNS解析重试中 us.616049.xyz: [Errno -5] No address associated with hostname
2026-09-26 10:57:52,306 - DEBUG - DNS解析重试中 us.616049.xyz: [Errno -5] No address associated with hostname
2026-09-26 10:57:53,363 - DEBUG - DNS解析重试中 us.616049.xyz: [Errno -5] No address associated with hostname
2026-09-26 10:57:54,364 - WARNING - [us.616049.xyz (LAX)] ├─ 无有效DNS记录，触发紧急更新
2026-09-26 11:09:56,887 - ERROR - CFST更新失败: None
2026-09-26 11:09:56,887 - INFO - --------------------------------------------------
2026-09-26 11:09:56,887 - INFO - [de.616049.xyz (FRA)] 开始处理节点维护
2026-09-26 11:09:56,943 - DEBUG - DNS解析重试中 de.616049.xyz: [Errno -5] No address associated with hostname
2026-09-26 11:09:58,006 - DEBUG - DNS解析重试中 de.616049.xyz: [Errno -5] No address associated with hostname
2026-09-26 11:09:59,070 - DEBUG - DNS解析重试中 de.616049.xyz: [Errno -5] No address associated with hostname
2026-09-26 11:10:00,072 - WARNING - [de.616049.xyz (FRA)] ├─ 无有效DNS记录，触发紧急更新
2026-09-26 11:22:09,495 - ERROR - CFST更新失败: None
2026-09-26 11:22:09,498 - DEBUG - Starting new HTTPS connection (1): api.telegram.org:443
2026-09-26 11:22:09,847 - DEBUG - https://api.telegram.org:443 "POST /bot/sendMessage HTTP/1.1" 404 55
