2026-08-14 02:51:04,344 - INFO - 启动维护任务 | 协议类型: IPV4
2026-08-14 02:51:04,344 - INFO - --------------------------------------------------
2026-08-14 02:51:04,344 - INFO - [hk.616049.xyz (HKG)] 开始处理节点维护
2026-08-14 02:51:04,354 - DEBUG - DNS解析重试中 hk.616049.xyz: [Errno -5] No address associated with hostname
2026-08-14 02:51:05,366 - DEBUG - DNS解析重试中 hk.616049.xyz: [Errno -5] No address associated with hostname
2026-08-14 02:51:06,379 - DEBUG - DNS解析重试中 hk.616049.xyz: [Errno -5] No address associated with hostname
2026-08-14 02:51:07,380 - WARNING - [hk.616049.xyz (HKG)] ├─ 无有效DNS记录，触发紧急更新
2026-08-14 03:03:39,816 - ERROR - CFST更新失败: None
2026-08-14 03:03:39,817 - INFO - --------------------------------------------------
2026-08-14 03:03:39,817 - INFO - [us.616049.xyz (LAX)] 开始处理节点维护
2026-08-14 03:03:39,839 - DEBUG - DNS解析重试中 us.616049.xyz: [Errno -5] No address associated with hostname
2026-08-14 03:03:40,850 - DEBUG - DNS解析重试中 us.616049.xyz: [Errno -5] No address associated with hostname
2026-08-14 03:03:41,862 - DEBUG - DNS解析重试中 us.616049.xyz: [Errno -5] No address associated with hostname
2026-08-14 03:03:42,863 - WARNING - [us.616049.xyz (LAX)] ├─ 无有效DNS记录，触发紧急更新
2026-08-14 03:16:15,445 - ERROR - CFST更新失败: None
2026-08-14 03:16:15,445 - INFO - --------------------------------------------------
2026-08-14 03:16:15,445 - INFO - [de.616049.xyz (FRA)] 开始处理节点维护
2026-08-14 03:16:15,471 - DEBUG - DNS解析重试中 de.616049.xyz: [Errno -5] No address associated with hostname
2026-08-14 03:16:16,488 - DEBUG - DNS解析重试中 de.616049.xyz: [Errno -5] No address associated with hostname
2026-08-14 03:16:17,511 - DEBUG - DNS解析重试中 de.616049.xyz: [Errno -5] No address associated with hostname
2026-08-14 03:16:18,512 - WARNING - [de.616049.xyz (FRA)] ├─ 无有效DNS记录，触发紧急更新
2026-08-14 03:28:51,700 - ERROR - CFST更新失败: None
2026-08-14 03:28:51,703 - DEBUG - Starting new HTTPS connection (1): api.telegram.org:443
2026-08-14 03:28:52,183 - DEBUG - https://api.telegram.org:443 "POST /bot/sendMessage HTTP/1.1" 404 55
