2026-08-16 06:11:47,640 - INFO - 启动维护任务 | 协议类型: IPV4
2026-08-16 06:11:47,640 - INFO - --------------------------------------------------
2026-08-16 06:11:47,640 - INFO - [hk.616049.xyz (HKG)] 开始处理节点维护
2026-08-16 06:11:47,675 - DEBUG - DNS解析重试中 hk.616049.xyz: [Errno -5] No address associated with hostname
2026-08-16 06:11:48,711 - DEBUG - DNS解析重试中 hk.616049.xyz: [Errno -5] No address associated with hostname
2026-08-16 06:11:49,758 - DEBUG - DNS解析重试中 hk.616049.xyz: [Errno -5] No address associated with hostname
2026-08-16 06:11:50,759 - WARNING - [hk.616049.xyz (HKG)] ├─ 无有效DNS记录，触发紧急更新
2026-08-16 06:24:14,379 - ERROR - CFST更新失败: None
2026-08-16 06:24:14,379 - INFO - --------------------------------------------------
2026-08-16 06:24:14,380 - INFO - [us.616049.xyz (LAX)] 开始处理节点维护
2026-08-16 06:24:14,427 - DEBUG - DNS解析重试中 us.616049.xyz: [Errno -5] No address associated with hostname
2026-08-16 06:24:15,461 - DEBUG - DNS解析重试中 us.616049.xyz: [Errno -5] No address associated with hostname
2026-08-16 06:24:16,531 - DEBUG - DNS解析重试中 us.616049.xyz: [Errno -5] No address associated with hostname
2026-08-16 06:24:17,532 - WARNING - [us.616049.xyz (LAX)] ├─ 无有效DNS记录，触发紧急更新
2026-08-16 06:36:43,189 - ERROR - CFST更新失败: None
2026-08-16 06:36:43,189 - INFO - --------------------------------------------------
2026-08-16 06:36:43,189 - INFO - [de.616049.xyz (FRA)] 开始处理节点维护
2026-08-16 06:36:43,240 - DEBUG - DNS解析重试中 de.616049.xyz: [Errno -5] No address associated with hostname
2026-08-16 06:36:44,303 - DEBUG - DNS解析重试中 de.616049.xyz: [Errno -5] No address associated with hostname
2026-08-16 06:36:45,363 - DEBUG - DNS解析重试中 de.616049.xyz: [Errno -5] No address associated with hostname
2026-08-16 06:36:46,365 - WARNING - [de.616049.xyz (FRA)] ├─ 无有效DNS记录，触发紧急更新
2026-08-16 06:49:10,823 - ERROR - CFST更新失败: None
2026-08-16 06:49:10,826 - DEBUG - Starting new HTTPS connection (1): api.telegram.org:443
2026-08-16 06:49:11,143 - DEBUG - https://api.telegram.org:443 "POST /bot/sendMessage HTTP/1.1" 404 55
