2026-08-10 11:44:28,172 - INFO - 启动维护任务 | 协议类型: IPV4
2026-08-10 11:44:28,172 - INFO - --------------------------------------------------
2026-08-10 11:44:28,173 - INFO - [hk.616049.xyz (HKG)] 开始处理节点维护
2026-08-10 11:44:28,200 - DEBUG - DNS解析重试中 hk.616049.xyz: [Errno -5] No address associated with hostname
2026-08-10 11:44:29,227 - DEBUG - DNS解析重试中 hk.616049.xyz: [Errno -5] No address associated with hostname
2026-08-10 11:44:30,249 - DEBUG - DNS解析重试中 hk.616049.xyz: [Errno -5] No address associated with hostname
2026-08-10 11:44:31,250 - WARNING - [hk.616049.xyz (HKG)] ├─ 无有效DNS记录，触发紧急更新
2026-08-10 11:57:06,036 - ERROR - CFST更新失败: None
2026-08-10 11:57:06,036 - INFO - --------------------------------------------------
2026-08-10 11:57:06,036 - INFO - [us.616049.xyz (LAX)] 开始处理节点维护
2026-08-10 11:57:06,066 - DEBUG - DNS解析重试中 us.616049.xyz: [Errno -5] No address associated with hostname
2026-08-10 11:57:07,087 - DEBUG - DNS解析重试中 us.616049.xyz: [Errno -5] No address associated with hostname
2026-08-10 11:57:08,114 - DEBUG - DNS解析重试中 us.616049.xyz: [Errno -5] No address associated with hostname
2026-08-10 11:57:09,115 - WARNING - [us.616049.xyz (LAX)] ├─ 无有效DNS记录，触发紧急更新
2026-08-10 12:09:45,933 - ERROR - CFST更新失败: None
2026-08-10 12:09:45,933 - INFO - --------------------------------------------------
2026-08-10 12:09:45,933 - INFO - [de.616049.xyz (FRA)] 开始处理节点维护
2026-08-10 12:09:45,953 - DEBUG - DNS解析重试中 de.616049.xyz: [Errno -5] No address associated with hostname
2026-08-10 12:09:46,984 - DEBUG - DNS解析重试中 de.616049.xyz: [Errno -5] No address associated with hostname
2026-08-10 12:09:48,053 - DEBUG - DNS解析重试中 de.616049.xyz: [Errno -5] No address associated with hostname
2026-08-10 12:09:49,054 - WARNING - [de.616049.xyz (FRA)] ├─ 无有效DNS记录，触发紧急更新
2026-08-10 12:22:24,323 - ERROR - CFST更新失败: None
2026-08-10 12:22:24,327 - DEBUG - Starting new HTTPS connection (1): api.telegram.org:443
2026-08-10 12:22:24,620 - DEBUG - https://api.telegram.org:443 "POST /bot/sendMessage HTTP/1.1" 404 55
