2026-09-13 16:39:21,583 - INFO - 启动维护任务 | 协议类型: IPV4
2026-09-13 16:39:21,583 - INFO - --------------------------------------------------
2026-09-13 16:39:21,583 - INFO - [hk.616049.xyz (HKG)] 开始处理节点维护
2026-09-13 16:39:21,616 - DEBUG - DNS解析重试中 hk.616049.xyz: [Errno -5] No address associated with hostname
2026-09-13 16:39:22,652 - DEBUG - DNS解析重试中 hk.616049.xyz: [Errno -5] No address associated with hostname
2026-09-13 16:39:23,658 - DEBUG - DNS解析重试中 hk.616049.xyz: [Errno -5] No address associated with hostname
2026-09-13 16:39:24,659 - WARNING - [hk.616049.xyz (HKG)] ├─ 无有效DNS记录，触发紧急更新
2026-09-13 16:51:38,996 - ERROR - CFST更新失败: None
2026-09-13 16:51:38,996 - INFO - --------------------------------------------------
2026-09-13 16:51:38,996 - INFO - [us.616049.xyz (LAX)] 开始处理节点维护
2026-09-13 16:51:39,041 - DEBUG - DNS解析重试中 us.616049.xyz: [Errno -5] No address associated with hostname
2026-09-13 16:51:40,081 - DEBUG - DNS解析重试中 us.616049.xyz: [Errno -5] No address associated with hostname
2026-09-13 16:51:41,118 - DEBUG - DNS解析重试中 us.616049.xyz: [Errno -5] No address associated with hostname
2026-09-13 16:51:42,120 - WARNING - [us.616049.xyz (LAX)] ├─ 无有效DNS记录，触发紧急更新
2026-09-13 17:03:55,242 - ERROR - CFST更新失败: None
2026-09-13 17:03:55,242 - INFO - --------------------------------------------------
2026-09-13 17:03:55,242 - INFO - [de.616049.xyz (FRA)] 开始处理节点维护
2026-09-13 17:03:55,276 - DEBUG - DNS解析重试中 de.616049.xyz: [Errno -5] No address associated with hostname
2026-09-13 17:03:56,314 - DEBUG - DNS解析重试中 de.616049.xyz: [Errno -5] No address associated with hostname
2026-09-13 17:03:57,359 - DEBUG - DNS解析重试中 de.616049.xyz: [Errno -5] No address associated with hostname
2026-09-13 17:03:58,360 - WARNING - [de.616049.xyz (FRA)] ├─ 无有效DNS记录，触发紧急更新
2026-09-13 17:16:11,586 - ERROR - CFST更新失败: None
2026-09-13 17:16:11,589 - DEBUG - Starting new HTTPS connection (1): api.telegram.org:443
2026-09-13 17:16:11,997 - DEBUG - https://api.telegram.org:443 "POST /bot/sendMessage HTTP/1.1" 404 55
