2026-07-28 06:53:31,134 - INFO - 启动维护任务 | 协议类型: IPV4
2026-07-28 06:53:31,134 - INFO - --------------------------------------------------
2026-07-28 06:53:31,135 - INFO - [hk.616049.xyz (HKG)] 开始处理节点维护
2026-07-28 06:53:31,154 - DEBUG - DNS解析重试中 hk.616049.xyz: [Errno -5] No address associated with hostname
2026-07-28 06:53:32,166 - DEBUG - DNS解析重试中 hk.616049.xyz: [Errno -5] No address associated with hostname
2026-07-28 06:53:33,200 - DEBUG - DNS解析重试中 hk.616049.xyz: [Errno -5] No address associated with hostname
2026-07-28 06:53:34,202 - WARNING - [hk.616049.xyz (HKG)] ├─ 无有效DNS记录，触发紧急更新
2026-07-28 07:06:05,458 - ERROR - CFST更新失败: None
2026-07-28 07:06:05,458 - INFO - --------------------------------------------------
2026-07-28 07:06:05,458 - INFO - [us.616049.xyz (LAX)] 开始处理节点维护
2026-07-28 07:06:05,469 - DEBUG - DNS解析重试中 us.616049.xyz: [Errno -5] No address associated with hostname
2026-07-28 07:06:06,481 - DEBUG - DNS解析重试中 us.616049.xyz: [Errno -5] No address associated with hostname
2026-07-28 07:06:07,504 - DEBUG - DNS解析重试中 us.616049.xyz: [Errno -5] No address associated with hostname
2026-07-28 07:06:08,505 - WARNING - [us.616049.xyz (LAX)] ├─ 无有效DNS记录，触发紧急更新
2026-07-28 07:18:39,536 - ERROR - CFST更新失败: None
2026-07-28 07:18:39,536 - INFO - --------------------------------------------------
2026-07-28 07:18:39,536 - INFO - [de.616049.xyz (FRA)] 开始处理节点维护
2026-07-28 07:18:39,577 - DEBUG - DNS解析重试中 de.616049.xyz: [Errno -5] No address associated with hostname
2026-07-28 07:18:40,608 - DEBUG - DNS解析重试中 de.616049.xyz: [Errno -5] No address associated with hostname
2026-07-28 07:18:41,623 - DEBUG - DNS解析重试中 de.616049.xyz: [Errno -5] No address associated with hostname
2026-07-28 07:18:42,624 - WARNING - [de.616049.xyz (FRA)] ├─ 无有效DNS记录，触发紧急更新
2026-07-28 07:31:14,070 - ERROR - CFST更新失败: None
2026-07-28 07:31:14,073 - DEBUG - Starting new HTTPS connection (1): api.telegram.org:443
2026-07-28 07:31:14,543 - DEBUG - https://api.telegram.org:443 "POST /bot/sendMessage HTTP/1.1" 404 55
