2026-09-21 10:34:07,826 - INFO - 启动维护任务 | 协议类型: IPV4
2026-09-21 10:34:07,826 - INFO - --------------------------------------------------
2026-09-21 10:34:07,826 - INFO - [hk.616049.xyz (HKG)] 开始处理节点维护
2026-09-21 10:34:07,898 - DEBUG - DNS解析重试中 hk.616049.xyz: [Errno -5] No address associated with hostname
2026-09-21 10:34:08,953 - DEBUG - DNS解析重试中 hk.616049.xyz: [Errno -5] No address associated with hostname
2026-09-21 10:34:10,028 - DEBUG - DNS解析重试中 hk.616049.xyz: [Errno -5] No address associated with hostname
2026-09-21 10:34:11,029 - WARNING - [hk.616049.xyz (HKG)] ├─ 无有效DNS记录，触发紧急更新
2026-09-21 10:46:47,565 - ERROR - CFST更新失败: None
2026-09-21 10:46:47,565 - INFO - --------------------------------------------------
2026-09-21 10:46:47,565 - INFO - [us.616049.xyz (LAX)] 开始处理节点维护
2026-09-21 10:46:47,640 - DEBUG - DNS解析重试中 us.616049.xyz: [Errno -5] No address associated with hostname
2026-09-21 10:46:48,707 - DEBUG - DNS解析重试中 us.616049.xyz: [Errno -5] No address associated with hostname
2026-09-21 10:46:49,765 - DEBUG - DNS解析重试中 us.616049.xyz: [Errno -5] No address associated with hostname
2026-09-21 10:46:50,766 - WARNING - [us.616049.xyz (LAX)] ├─ 无有效DNS记录，触发紧急更新
2026-09-21 10:59:27,261 - ERROR - CFST更新失败: None
2026-09-21 10:59:27,261 - INFO - --------------------------------------------------
2026-09-21 10:59:27,261 - INFO - [de.616049.xyz (FRA)] 开始处理节点维护
2026-09-21 10:59:27,315 - DEBUG - DNS解析重试中 de.616049.xyz: [Errno -5] No address associated with hostname
2026-09-21 10:59:28,369 - DEBUG - DNS解析重试中 de.616049.xyz: [Errno -5] No address associated with hostname
2026-09-21 10:59:29,425 - DEBUG - DNS解析重试中 de.616049.xyz: [Errno -5] No address associated with hostname
2026-09-21 10:59:30,426 - WARNING - [de.616049.xyz (FRA)] ├─ 无有效DNS记录，触发紧急更新
2026-09-21 11:12:07,060 - ERROR - CFST更新失败: None
2026-09-21 11:12:07,064 - DEBUG - Starting new HTTPS connection (1): api.telegram.org:443
2026-09-21 11:12:07,433 - DEBUG - https://api.telegram.org:443 "POST /bot/sendMessage HTTP/1.1" 404 55
