2026-08-17 08:44:48,073 - INFO - 启动维护任务 | 协议类型: IPV4
2026-08-17 08:44:48,073 - INFO - --------------------------------------------------
2026-08-17 08:44:48,073 - INFO - [hk.616049.xyz (HKG)] 开始处理节点维护
2026-08-17 08:44:48,141 - DEBUG - DNS解析重试中 hk.616049.xyz: [Errno -5] No address associated with hostname
2026-08-17 08:44:49,154 - DEBUG - DNS解析重试中 hk.616049.xyz: [Errno -5] No address associated with hostname
2026-08-17 08:44:50,198 - DEBUG - DNS解析重试中 hk.616049.xyz: [Errno -5] No address associated with hostname
2026-08-17 08:44:51,199 - WARNING - [hk.616049.xyz (HKG)] ├─ 无有效DNS记录，触发紧急更新
2026-08-17 08:57:13,888 - ERROR - CFST更新失败: None
2026-08-17 08:57:13,888 - INFO - --------------------------------------------------
2026-08-17 08:57:13,888 - INFO - [us.616049.xyz (LAX)] 开始处理节点维护
2026-08-17 08:57:13,931 - DEBUG - DNS解析重试中 us.616049.xyz: [Errno -5] No address associated with hostname
2026-08-17 08:57:14,979 - DEBUG - DNS解析重试中 us.616049.xyz: [Errno -5] No address associated with hostname
2026-08-17 08:57:16,016 - DEBUG - DNS解析重试中 us.616049.xyz: [Errno -5] No address associated with hostname
2026-08-17 08:57:17,017 - WARNING - [us.616049.xyz (LAX)] ├─ 无有效DNS记录，触发紧急更新
2026-08-17 09:09:39,240 - ERROR - CFST更新失败: None
2026-08-17 09:09:39,240 - INFO - --------------------------------------------------
2026-08-17 09:09:39,240 - INFO - [de.616049.xyz (FRA)] 开始处理节点维护
2026-08-17 09:09:39,287 - DEBUG - DNS解析重试中 de.616049.xyz: [Errno -5] No address associated with hostname
2026-08-17 09:09:40,321 - DEBUG - DNS解析重试中 de.616049.xyz: [Errno -5] No address associated with hostname
2026-08-17 09:09:41,376 - DEBUG - DNS解析重试中 de.616049.xyz: [Errno -5] No address associated with hostname
2026-08-17 09:09:42,378 - WARNING - [de.616049.xyz (FRA)] ├─ 无有效DNS记录，触发紧急更新
2026-08-17 09:22:05,027 - ERROR - CFST更新失败: None
2026-08-17 09:22:05,031 - DEBUG - Starting new HTTPS connection (1): api.telegram.org:443
2026-08-17 09:22:05,365 - DEBUG - https://api.telegram.org:443 "POST /bot/sendMessage HTTP/1.1" 404 55
