2026-09-29 11:29:04,629 - INFO - 启动维护任务 | 协议类型: IPV4
2026-09-29 11:29:04,629 - INFO - --------------------------------------------------
2026-09-29 11:29:04,629 - INFO - [hk.616049.xyz (HKG)] 开始处理节点维护
2026-09-29 11:29:04,712 - DEBUG - DNS解析重试中 hk.616049.xyz: [Errno -5] No address associated with hostname
2026-09-29 11:29:05,775 - DEBUG - DNS解析重试中 hk.616049.xyz: [Errno -5] No address associated with hostname
2026-09-29 11:29:06,880 - DEBUG - DNS解析重试中 hk.616049.xyz: [Errno -5] No address associated with hostname
2026-09-29 11:29:07,881 - WARNING - [hk.616049.xyz (HKG)] ├─ 无有效DNS记录，触发紧急更新
2026-09-29 11:41:31,688 - ERROR - CFST更新失败: None
2026-09-29 11:41:31,688 - INFO - --------------------------------------------------
2026-09-29 11:41:31,688 - INFO - [us.616049.xyz (LAX)] 开始处理节点维护
2026-09-29 11:41:31,777 - DEBUG - DNS解析重试中 us.616049.xyz: [Errno -5] No address associated with hostname
2026-09-29 11:41:32,852 - DEBUG - DNS解析重试中 us.616049.xyz: [Errno -5] No address associated with hostname
2026-09-29 11:41:33,917 - DEBUG - DNS解析重试中 us.616049.xyz: [Errno -5] No address associated with hostname
2026-09-29 11:41:34,919 - WARNING - [us.616049.xyz (LAX)] ├─ 无有效DNS记录，触发紧急更新
2026-09-29 11:53:57,487 - ERROR - CFST更新失败: None
2026-09-29 11:53:57,487 - INFO - --------------------------------------------------
2026-09-29 11:53:57,487 - INFO - [de.616049.xyz (FRA)] 开始处理节点维护
2026-09-29 11:53:57,553 - DEBUG - DNS解析重试中 de.616049.xyz: [Errno -5] No address associated with hostname
2026-09-29 11:53:58,564 - DEBUG - DNS解析重试中 de.616049.xyz: [Errno -5] No address associated with hostname
2026-09-29 11:53:59,628 - DEBUG - DNS解析重试中 de.616049.xyz: [Errno -5] No address associated with hostname
2026-09-29 11:54:00,629 - WARNING - [de.616049.xyz (FRA)] ├─ 无有效DNS记录，触发紧急更新
2026-09-29 12:06:23,133 - ERROR - CFST更新失败: None
2026-09-29 12:06:23,136 - DEBUG - Starting new HTTPS connection (1): api.telegram.org:443
2026-09-29 12:06:23,507 - DEBUG - https://api.telegram.org:443 "POST /bot/sendMessage HTTP/1.1" 404 55
