2026-07-29 16:23:56,776 - INFO - 启动维护任务 | 协议类型: IPV4
2026-07-29 16:23:56,776 - INFO - --------------------------------------------------
2026-07-29 16:23:56,776 - INFO - [hk.616049.xyz (HKG)] 开始处理节点维护
2026-07-29 16:23:56,818 - DEBUG - DNS解析重试中 hk.616049.xyz: [Errno -5] No address associated with hostname
2026-07-29 16:23:57,853 - DEBUG - DNS解析重试中 hk.616049.xyz: [Errno -5] No address associated with hostname
2026-07-29 16:23:58,890 - DEBUG - DNS解析重试中 hk.616049.xyz: [Errno -5] No address associated with hostname
2026-07-29 16:23:59,891 - WARNING - [hk.616049.xyz (HKG)] ├─ 无有效DNS记录，触发紧急更新
2026-07-29 16:37:20,117 - ERROR - CFST更新失败: None
2026-07-29 16:37:20,117 - INFO - --------------------------------------------------
2026-07-29 16:37:20,117 - INFO - [us.616049.xyz (LAX)] 开始处理节点维护
2026-07-29 16:37:20,148 - DEBUG - DNS解析重试中 us.616049.xyz: [Errno -5] No address associated with hostname
2026-07-29 16:37:21,201 - DEBUG - DNS解析重试中 us.616049.xyz: [Errno -5] No address associated with hostname
2026-07-29 16:37:22,242 - DEBUG - DNS解析重试中 us.616049.xyz: [Errno -5] No address associated with hostname
2026-07-29 16:37:23,243 - WARNING - [us.616049.xyz (LAX)] ├─ 无有效DNS记录，触发紧急更新
2026-07-29 16:50:37,021 - ERROR - CFST更新失败: None
2026-07-29 16:50:37,021 - INFO - --------------------------------------------------
2026-07-29 16:50:37,021 - INFO - [de.616049.xyz (FRA)] 开始处理节点维护
2026-07-29 16:50:37,060 - DEBUG - DNS解析重试中 de.616049.xyz: [Errno -5] No address associated with hostname
2026-07-29 16:50:38,096 - DEBUG - DNS解析重试中 de.616049.xyz: [Errno -5] No address associated with hostname
2026-07-29 16:50:39,130 - DEBUG - DNS解析重试中 de.616049.xyz: [Errno -5] No address associated with hostname
2026-07-29 16:50:40,131 - WARNING - [de.616049.xyz (FRA)] ├─ 无有效DNS记录，触发紧急更新
2026-07-29 17:03:31,335 - ERROR - CFST更新失败: None
2026-07-29 17:03:31,339 - DEBUG - Starting new HTTPS connection (1): api.telegram.org:443
2026-07-29 17:03:31,767 - DEBUG - https://api.telegram.org:443 "POST /bot/sendMessage HTTP/1.1" 404 55
