2026-07-25 01:21:12,970 - INFO - 启动维护任务 | 协议类型: IPV4
2026-07-25 01:21:12,970 - INFO - --------------------------------------------------
2026-07-25 01:21:12,970 - INFO - [hk.616049.xyz (HKG)] 开始处理节点维护
2026-07-25 01:21:13,008 - DEBUG - DNS解析重试中 hk.616049.xyz: [Errno -5] No address associated with hostname
2026-07-25 01:21:14,043 - DEBUG - DNS解析重试中 hk.616049.xyz: [Errno -5] No address associated with hostname
2026-07-25 01:21:15,093 - DEBUG - DNS解析重试中 hk.616049.xyz: [Errno -5] No address associated with hostname
2026-07-25 01:21:16,094 - WARNING - [hk.616049.xyz (HKG)] ├─ 无有效DNS记录，触发紧急更新
2026-07-25 01:33:32,962 - ERROR - CFST更新失败: None
2026-07-25 01:33:32,962 - INFO - --------------------------------------------------
2026-07-25 01:33:32,962 - INFO - [us.616049.xyz (LAX)] 开始处理节点维护
2026-07-25 01:33:32,991 - DEBUG - DNS解析重试中 us.616049.xyz: [Errno -5] No address associated with hostname
2026-07-25 01:33:34,039 - DEBUG - DNS解析重试中 us.616049.xyz: [Errno -5] No address associated with hostname
2026-07-25 01:33:35,084 - DEBUG - DNS解析重试中 us.616049.xyz: [Errno -5] No address associated with hostname
2026-07-25 01:33:36,086 - WARNING - [us.616049.xyz (LAX)] ├─ 无有效DNS记录，触发紧急更新
2026-07-25 01:45:53,141 - ERROR - CFST更新失败: None
2026-07-25 01:45:53,142 - INFO - --------------------------------------------------
2026-07-25 01:45:53,142 - INFO - [de.616049.xyz (FRA)] 开始处理节点维护
2026-07-25 01:45:53,185 - DEBUG - DNS解析重试中 de.616049.xyz: [Errno -5] No address associated with hostname
2026-07-25 01:45:54,226 - DEBUG - DNS解析重试中 de.616049.xyz: [Errno -5] No address associated with hostname
2026-07-25 01:45:55,282 - DEBUG - DNS解析重试中 de.616049.xyz: [Errno -5] No address associated with hostname
2026-07-25 01:45:56,284 - WARNING - [de.616049.xyz (FRA)] ├─ 无有效DNS记录，触发紧急更新
2026-07-25 01:58:13,461 - ERROR - CFST更新失败: None
2026-07-25 01:58:13,464 - DEBUG - Starting new HTTPS connection (1): api.telegram.org:443
2026-07-25 01:58:13,929 - DEBUG - https://api.telegram.org:443 "POST /bot/sendMessage HTTP/1.1" 404 55
