2026-08-23 22:14:58,917 - INFO - 启动维护任务 | 协议类型: IPV4
2026-08-23 22:14:58,917 - INFO - --------------------------------------------------
2026-08-23 22:14:58,917 - INFO - [hk.616049.xyz (HKG)] 开始处理节点维护
2026-08-23 22:14:58,975 - DEBUG - DNS解析重试中 hk.616049.xyz: [Errno -5] No address associated with hostname
2026-08-23 22:15:00,043 - DEBUG - DNS解析重试中 hk.616049.xyz: [Errno -5] No address associated with hostname
2026-08-23 22:15:01,103 - DEBUG - DNS解析重试中 hk.616049.xyz: [Errno -5] No address associated with hostname
2026-08-23 22:15:02,105 - WARNING - [hk.616049.xyz (HKG)] ├─ 无有效DNS记录，触发紧急更新
2026-08-23 22:26:59,955 - ERROR - CFST更新失败: None
2026-08-23 22:26:59,955 - INFO - --------------------------------------------------
2026-08-23 22:26:59,955 - INFO - [us.616049.xyz (LAX)] 开始处理节点维护
2026-08-23 22:27:00,012 - DEBUG - DNS解析重试中 us.616049.xyz: [Errno -5] No address associated with hostname
2026-08-23 22:27:01,071 - DEBUG - DNS解析重试中 us.616049.xyz: [Errno -5] No address associated with hostname
2026-08-23 22:27:02,092 - DEBUG - DNS解析重试中 us.616049.xyz: [Errno -5] No address associated with hostname
2026-08-23 22:27:03,093 - WARNING - [us.616049.xyz (LAX)] ├─ 无有效DNS记录，触发紧急更新
2026-08-23 22:39:00,608 - ERROR - CFST更新失败: None
2026-08-23 22:39:00,608 - INFO - --------------------------------------------------
2026-08-23 22:39:00,608 - INFO - [de.616049.xyz (FRA)] 开始处理节点维护
2026-08-23 22:39:00,662 - DEBUG - DNS解析重试中 de.616049.xyz: [Errno -5] No address associated with hostname
2026-08-23 22:39:01,714 - DEBUG - DNS解析重试中 de.616049.xyz: [Errno -5] No address associated with hostname
2026-08-23 22:39:02,778 - DEBUG - DNS解析重试中 de.616049.xyz: [Errno -5] No address associated with hostname
2026-08-23 22:39:03,780 - WARNING - [de.616049.xyz (FRA)] ├─ 无有效DNS记录，触发紧急更新
2026-08-23 22:51:01,470 - ERROR - CFST更新失败: None
2026-08-23 22:51:01,473 - DEBUG - Starting new HTTPS connection (1): api.telegram.org:443
2026-08-23 22:51:01,820 - DEBUG - https://api.telegram.org:443 "POST /bot/sendMessage HTTP/1.1" 404 55
