2026-08-14 11:58:29,374 - INFO - 启动维护任务 | 协议类型: IPV4
2026-08-14 11:58:29,374 - INFO - --------------------------------------------------
2026-08-14 11:58:29,374 - INFO - [hk.616049.xyz (HKG)] 开始处理节点维护
2026-08-14 11:58:29,384 - DEBUG - DNS解析重试中 hk.616049.xyz: [Errno -5] No address associated with hostname
2026-08-14 11:58:30,396 - DEBUG - DNS解析重试中 hk.616049.xyz: [Errno -5] No address associated with hostname
2026-08-14 11:58:31,407 - DEBUG - DNS解析重试中 hk.616049.xyz: [Errno -5] No address associated with hostname
2026-08-14 11:58:32,408 - WARNING - [hk.616049.xyz (HKG)] ├─ 无有效DNS记录，触发紧急更新
2026-08-14 12:11:03,892 - ERROR - CFST更新失败: None
2026-08-14 12:11:03,893 - INFO - --------------------------------------------------
2026-08-14 12:11:03,893 - INFO - [us.616049.xyz (LAX)] 开始处理节点维护
2026-08-14 12:11:03,903 - DEBUG - DNS解析重试中 us.616049.xyz: [Errno -5] No address associated with hostname
2026-08-14 12:11:04,916 - DEBUG - DNS解析重试中 us.616049.xyz: [Errno -5] No address associated with hostname
2026-08-14 12:11:05,932 - DEBUG - DNS解析重试中 us.616049.xyz: [Errno -5] No address associated with hostname
2026-08-14 12:11:06,934 - WARNING - [us.616049.xyz (LAX)] ├─ 无有效DNS记录，触发紧急更新
2026-08-14 12:23:37,803 - ERROR - CFST更新失败: None
2026-08-14 12:23:37,803 - INFO - --------------------------------------------------
2026-08-14 12:23:37,804 - INFO - [de.616049.xyz (FRA)] 开始处理节点维护
2026-08-14 12:23:37,822 - DEBUG - DNS解析重试中 de.616049.xyz: [Errno -5] No address associated with hostname
2026-08-14 12:23:38,841 - DEBUG - DNS解析重试中 de.616049.xyz: [Errno -5] No address associated with hostname
2026-08-14 12:23:39,862 - DEBUG - DNS解析重试中 de.616049.xyz: [Errno -5] No address associated with hostname
2026-08-14 12:23:40,863 - WARNING - [de.616049.xyz (FRA)] ├─ 无有效DNS记录，触发紧急更新
2026-08-14 12:36:12,342 - ERROR - CFST更新失败: None
2026-08-14 12:36:12,346 - DEBUG - Starting new HTTPS connection (1): api.telegram.org:443
2026-08-14 12:36:12,800 - DEBUG - https://api.telegram.org:443 "POST /bot/sendMessage HTTP/1.1" 404 55
