2026-08-23 16:19:19,795 - INFO - 启动维护任务 | 协议类型: IPV4
2026-08-23 16:19:19,795 - INFO - --------------------------------------------------
2026-08-23 16:19:19,795 - INFO - [hk.616049.xyz (HKG)] 开始处理节点维护
2026-08-23 16:19:19,821 - DEBUG - DNS解析重试中 hk.616049.xyz: [Errno -5] No address associated with hostname
2026-08-23 16:19:20,859 - DEBUG - DNS解析重试中 hk.616049.xyz: [Errno -5] No address associated with hostname
2026-08-23 16:19:21,900 - DEBUG - DNS解析重试中 hk.616049.xyz: [Errno -5] No address associated with hostname
2026-08-23 16:19:22,901 - WARNING - [hk.616049.xyz (HKG)] ├─ 无有效DNS记录，触发紧急更新
2026-08-23 16:31:57,595 - ERROR - CFST更新失败: None
2026-08-23 16:31:57,596 - INFO - --------------------------------------------------
2026-08-23 16:31:57,596 - INFO - [us.616049.xyz (LAX)] 开始处理节点维护
2026-08-23 16:31:57,629 - DEBUG - DNS解析重试中 us.616049.xyz: [Errno -5] No address associated with hostname
2026-08-23 16:31:58,653 - DEBUG - DNS解析重试中 us.616049.xyz: [Errno -5] No address associated with hostname
2026-08-23 16:31:59,674 - DEBUG - DNS解析重试中 us.616049.xyz: [Errno -5] No address associated with hostname
2026-08-23 16:32:00,675 - WARNING - [us.616049.xyz (LAX)] ├─ 无有效DNS记录，触发紧急更新
2026-08-23 16:44:34,799 - ERROR - CFST更新失败: None
2026-08-23 16:44:34,799 - INFO - --------------------------------------------------
2026-08-23 16:44:34,799 - INFO - [de.616049.xyz (FRA)] 开始处理节点维护
2026-08-23 16:44:34,829 - DEBUG - DNS解析重试中 de.616049.xyz: [Errno -5] No address associated with hostname
2026-08-23 16:44:35,846 - DEBUG - DNS解析重试中 de.616049.xyz: [Errno -5] No address associated with hostname
2026-08-23 16:44:36,876 - DEBUG - DNS解析重试中 de.616049.xyz: [Errno -5] No address associated with hostname
2026-08-23 16:44:37,877 - WARNING - [de.616049.xyz (FRA)] ├─ 无有效DNS记录，触发紧急更新
2026-08-23 16:57:12,635 - ERROR - CFST更新失败: None
2026-08-23 16:57:12,639 - DEBUG - Starting new HTTPS connection (1): api.telegram.org:443
2026-08-23 16:57:12,933 - DEBUG - https://api.telegram.org:443 "POST /bot/sendMessage HTTP/1.1" 404 55
