2026-08-05 12:58:09,702 - INFO - 启动维护任务 | 协议类型: IPV4
2026-08-05 12:58:09,702 - INFO - --------------------------------------------------
2026-08-05 12:58:09,702 - INFO - [hk.616049.xyz (HKG)] 开始处理节点维护
2026-08-05 12:58:09,714 - DEBUG - DNS解析重试中 hk.616049.xyz: [Errno -5] No address associated with hostname
2026-08-05 12:58:10,742 - DEBUG - DNS解析重试中 hk.616049.xyz: [Errno -5] No address associated with hostname
2026-08-05 12:58:11,757 - DEBUG - DNS解析重试中 hk.616049.xyz: [Errno -5] No address associated with hostname
2026-08-05 12:58:12,758 - WARNING - [hk.616049.xyz (HKG)] ├─ 无有效DNS记录，触发紧急更新
2026-08-05 13:10:45,147 - ERROR - CFST更新失败: None
2026-08-05 13:10:45,148 - INFO - --------------------------------------------------
2026-08-05 13:10:45,148 - INFO - [us.616049.xyz (LAX)] 开始处理节点维护
2026-08-05 13:10:45,159 - DEBUG - DNS解析重试中 us.616049.xyz: [Errno -5] No address associated with hostname
2026-08-05 13:10:46,172 - DEBUG - DNS解析重试中 us.616049.xyz: [Errno -5] No address associated with hostname
2026-08-05 13:10:47,186 - DEBUG - DNS解析重试中 us.616049.xyz: [Errno -5] No address associated with hostname
2026-08-05 13:10:48,188 - WARNING - [us.616049.xyz (LAX)] ├─ 无有效DNS记录，触发紧急更新
2026-08-05 13:23:19,449 - ERROR - CFST更新失败: None
2026-08-05 13:23:19,449 - INFO - --------------------------------------------------
2026-08-05 13:23:19,449 - INFO - [de.616049.xyz (FRA)] 开始处理节点维护
2026-08-05 13:23:19,468 - DEBUG - DNS解析重试中 de.616049.xyz: [Errno -5] No address associated with hostname
2026-08-05 13:23:20,521 - DEBUG - DNS解析重试中 de.616049.xyz: [Errno -5] No address associated with hostname
2026-08-05 13:23:21,539 - DEBUG - DNS解析重试中 de.616049.xyz: [Errno -5] No address associated with hostname
2026-08-05 13:23:22,540 - WARNING - [de.616049.xyz (FRA)] ├─ 无有效DNS记录，触发紧急更新
2026-08-05 13:35:54,633 - ERROR - CFST更新失败: None
2026-08-05 13:35:54,637 - DEBUG - Starting new HTTPS connection (1): api.telegram.org:443
2026-08-05 13:35:55,097 - DEBUG - https://api.telegram.org:443 "POST /bot/sendMessage HTTP/1.1" 404 55
