2026-07-29 21:49:15,907 - INFO - 启动维护任务 | 协议类型: IPV4
2026-07-29 21:49:15,907 - INFO - --------------------------------------------------
2026-07-29 21:49:15,908 - INFO - [hk.616049.xyz (HKG)] 开始处理节点维护
2026-07-29 21:49:15,928 - DEBUG - DNS解析重试中 hk.616049.xyz: [Errno -5] No address associated with hostname
2026-07-29 21:49:16,942 - DEBUG - DNS解析重试中 hk.616049.xyz: [Errno -5] No address associated with hostname
2026-07-29 21:49:17,964 - DEBUG - DNS解析重试中 hk.616049.xyz: [Errno -5] No address associated with hostname
2026-07-29 21:49:18,966 - WARNING - [hk.616049.xyz (HKG)] ├─ 无有效DNS记录，触发紧急更新
2026-07-29 22:01:52,291 - ERROR - CFST更新失败: None
2026-07-29 22:01:52,291 - INFO - --------------------------------------------------
2026-07-29 22:01:52,291 - INFO - [us.616049.xyz (LAX)] 开始处理节点维护
2026-07-29 22:01:52,305 - DEBUG - DNS解析重试中 us.616049.xyz: [Errno -5] No address associated with hostname
2026-07-29 22:01:53,352 - DEBUG - DNS解析重试中 us.616049.xyz: [Errno -5] No address associated with hostname
2026-07-29 22:01:54,384 - DEBUG - DNS解析重试中 us.616049.xyz: [Errno -5] No address associated with hostname
2026-07-29 22:01:55,384 - WARNING - [us.616049.xyz (LAX)] ├─ 无有效DNS记录，触发紧急更新
2026-07-29 22:14:28,809 - ERROR - CFST更新失败: None
2026-07-29 22:14:28,809 - INFO - --------------------------------------------------
2026-07-29 22:14:28,809 - INFO - [de.616049.xyz (FRA)] 开始处理节点维护
2026-07-29 22:14:28,836 - DEBUG - DNS解析重试中 de.616049.xyz: [Errno -5] No address associated with hostname
2026-07-29 22:14:29,848 - DEBUG - DNS解析重试中 de.616049.xyz: [Errno -5] No address associated with hostname
2026-07-29 22:14:30,864 - DEBUG - DNS解析重试中 de.616049.xyz: [Errno -5] No address associated with hostname
2026-07-29 22:14:31,866 - WARNING - [de.616049.xyz (FRA)] ├─ 无有效DNS记录，触发紧急更新
2026-07-29 22:27:05,439 - ERROR - CFST更新失败: None
2026-07-29 22:27:05,443 - DEBUG - Starting new HTTPS connection (1): api.telegram.org:443
2026-07-29 22:27:05,738 - DEBUG - https://api.telegram.org:443 "POST /bot/sendMessage HTTP/1.1" 404 55
