2026-07-27 19:11:27,831 - INFO - 启动维护任务 | 协议类型: IPV4
2026-07-27 19:11:27,831 - INFO - --------------------------------------------------
2026-07-27 19:11:27,831 - INFO - [hk.616049.xyz (HKG)] 开始处理节点维护
2026-07-27 19:11:27,842 - DEBUG - DNS解析重试中 hk.616049.xyz: [Errno -5] No address associated with hostname
2026-07-27 19:11:28,859 - DEBUG - DNS解析重试中 hk.616049.xyz: [Errno -5] No address associated with hostname
2026-07-27 19:11:29,871 - DEBUG - DNS解析重试中 hk.616049.xyz: [Errno -5] No address associated with hostname
2026-07-27 19:11:30,873 - WARNING - [hk.616049.xyz (HKG)] ├─ 无有效DNS记录，触发紧急更新
2026-07-27 19:24:02,984 - ERROR - CFST更新失败: None
2026-07-27 19:24:02,985 - INFO - --------------------------------------------------
2026-07-27 19:24:02,985 - INFO - [us.616049.xyz (LAX)] 开始处理节点维护
2026-07-27 19:24:03,007 - DEBUG - DNS解析重试中 us.616049.xyz: [Errno -5] No address associated with hostname
2026-07-27 19:24:04,034 - DEBUG - DNS解析重试中 us.616049.xyz: [Errno -5] No address associated with hostname
2026-07-27 19:24:05,045 - DEBUG - DNS解析重试中 us.616049.xyz: [Errno -5] No address associated with hostname
2026-07-27 19:24:06,047 - WARNING - [us.616049.xyz (LAX)] ├─ 无有效DNS记录，触发紧急更新
2026-07-27 19:36:37,697 - ERROR - CFST更新失败: None
2026-07-27 19:36:37,698 - INFO - --------------------------------------------------
2026-07-27 19:36:37,698 - INFO - [de.616049.xyz (FRA)] 开始处理节点维护
2026-07-27 19:36:37,715 - DEBUG - DNS解析重试中 de.616049.xyz: [Errno -5] No address associated with hostname
2026-07-27 19:36:38,720 - DEBUG - DNS解析重试中 de.616049.xyz: [Errno -5] No address associated with hostname
2026-07-27 19:36:39,753 - DEBUG - DNS解析重试中 de.616049.xyz: [Errno -5] No address associated with hostname
2026-07-27 19:36:40,754 - WARNING - [de.616049.xyz (FRA)] ├─ 无有效DNS记录，触发紧急更新
2026-07-27 19:49:12,637 - ERROR - CFST更新失败: None
2026-07-27 19:49:12,641 - DEBUG - Starting new HTTPS connection (1): api.telegram.org:443
2026-07-27 19:49:13,132 - DEBUG - https://api.telegram.org:443 "POST /bot/sendMessage HTTP/1.1" 404 55
