2026-07-29 06:51:37,375 - INFO - 启动维护任务 | 协议类型: IPV4
2026-07-29 06:51:37,375 - INFO - --------------------------------------------------
2026-07-29 06:51:37,375 - INFO - [hk.616049.xyz (HKG)] 开始处理节点维护
2026-07-29 06:51:37,417 - DEBUG - DNS解析重试中 hk.616049.xyz: [Errno -5] No address associated with hostname
2026-07-29 06:51:38,454 - DEBUG - DNS解析重试中 hk.616049.xyz: [Errno -5] No address associated with hostname
2026-07-29 06:51:39,501 - DEBUG - DNS解析重试中 hk.616049.xyz: [Errno -5] No address associated with hostname
2026-07-29 06:51:40,502 - WARNING - [hk.616049.xyz (HKG)] ├─ 无有效DNS记录，触发紧急更新
2026-07-29 07:04:16,464 - ERROR - CFST更新失败: None
2026-07-29 07:04:16,464 - INFO - --------------------------------------------------
2026-07-29 07:04:16,464 - INFO - [us.616049.xyz (LAX)] 开始处理节点维护
2026-07-29 07:04:16,519 - DEBUG - DNS解析重试中 us.616049.xyz: [Errno -5] No address associated with hostname
2026-07-29 07:04:17,558 - DEBUG - DNS解析重试中 us.616049.xyz: [Errno -5] No address associated with hostname
2026-07-29 07:04:18,604 - DEBUG - DNS解析重试中 us.616049.xyz: [Errno -5] No address associated with hostname
2026-07-29 07:04:19,605 - WARNING - [us.616049.xyz (LAX)] ├─ 无有效DNS记录，触发紧急更新
2026-07-29 07:16:55,092 - ERROR - CFST更新失败: None
2026-07-29 07:16:55,093 - INFO - --------------------------------------------------
2026-07-29 07:16:55,093 - INFO - [de.616049.xyz (FRA)] 开始处理节点维护
2026-07-29 07:16:55,139 - DEBUG - DNS解析重试中 de.616049.xyz: [Errno -5] No address associated with hostname
2026-07-29 07:16:56,179 - DEBUG - DNS解析重试中 de.616049.xyz: [Errno -5] No address associated with hostname
2026-07-29 07:16:57,216 - DEBUG - DNS解析重试中 de.616049.xyz: [Errno -5] No address associated with hostname
2026-07-29 07:16:58,218 - WARNING - [de.616049.xyz (FRA)] ├─ 无有效DNS记录，触发紧急更新
2026-07-29 07:29:34,910 - ERROR - CFST更新失败: None
2026-07-29 07:29:34,914 - DEBUG - Starting new HTTPS connection (1): api.telegram.org:443
2026-07-29 07:29:35,364 - DEBUG - https://api.telegram.org:443 "POST /bot/sendMessage HTTP/1.1" 404 55
