2026-09-01 10:49:41,256 - INFO - 启动维护任务 | 协议类型: IPV4
2026-09-01 10:49:41,256 - INFO - --------------------------------------------------
2026-09-01 10:49:41,256 - INFO - [hk.616049.xyz (HKG)] 开始处理节点维护
2026-09-01 10:49:41,274 - DEBUG - DNS解析重试中 hk.616049.xyz: [Errno -5] No address associated with hostname
2026-09-01 10:49:42,287 - DEBUG - DNS解析重试中 hk.616049.xyz: [Errno -5] No address associated with hostname
2026-09-01 10:49:43,310 - DEBUG - DNS解析重试中 hk.616049.xyz: [Errno -5] No address associated with hostname
2026-09-01 10:49:44,311 - WARNING - [hk.616049.xyz (HKG)] ├─ 无有效DNS记录，触发紧急更新
2026-09-01 11:02:20,086 - ERROR - CFST更新失败: None
2026-09-01 11:02:20,086 - INFO - --------------------------------------------------
2026-09-01 11:02:20,086 - INFO - [us.616049.xyz (LAX)] 开始处理节点维护
2026-09-01 11:02:20,110 - DEBUG - DNS解析重试中 us.616049.xyz: [Errno -5] No address associated with hostname
2026-09-01 11:02:21,146 - DEBUG - DNS解析重试中 us.616049.xyz: [Errno -5] No address associated with hostname
2026-09-01 11:02:22,166 - DEBUG - DNS解析重试中 us.616049.xyz: [Errno -5] No address associated with hostname
2026-09-01 11:02:23,167 - WARNING - [us.616049.xyz (LAX)] ├─ 无有效DNS记录，触发紧急更新
2026-09-01 11:14:58,363 - ERROR - CFST更新失败: None
2026-09-01 11:14:58,363 - INFO - --------------------------------------------------
2026-09-01 11:14:58,363 - INFO - [de.616049.xyz (FRA)] 开始处理节点维护
2026-09-01 11:14:58,388 - DEBUG - DNS解析重试中 de.616049.xyz: [Errno -5] No address associated with hostname
2026-09-01 11:14:59,406 - DEBUG - DNS解析重试中 de.616049.xyz: [Errno -5] No address associated with hostname
2026-09-01 11:15:00,434 - DEBUG - DNS解析重试中 de.616049.xyz: [Errno -5] No address associated with hostname
2026-09-01 11:15:01,436 - WARNING - [de.616049.xyz (FRA)] ├─ 无有效DNS记录，触发紧急更新
2026-09-01 11:27:36,959 - ERROR - CFST更新失败: None
2026-09-01 11:27:36,963 - DEBUG - Starting new HTTPS connection (1): api.telegram.org:443
2026-09-01 11:27:37,246 - DEBUG - https://api.telegram.org:443 "POST /bot/sendMessage HTTP/1.1" 404 55
