2026-08-15 06:13:34,473 - INFO - 启动维护任务 | 协议类型: IPV4
2026-08-15 06:13:34,474 - INFO - --------------------------------------------------
2026-08-15 06:13:34,474 - INFO - [hk.616049.xyz (HKG)] 开始处理节点维护
2026-08-15 06:13:34,494 - DEBUG - DNS解析重试中 hk.616049.xyz: [Errno -5] No address associated with hostname
2026-08-15 06:13:35,521 - DEBUG - DNS解析重试中 hk.616049.xyz: [Errno -5] No address associated with hostname
2026-08-15 06:13:36,533 - DEBUG - DNS解析重试中 hk.616049.xyz: [Errno -5] No address associated with hostname
2026-08-15 06:13:37,534 - WARNING - [hk.616049.xyz (HKG)] ├─ 无有效DNS记录，触发紧急更新
2026-08-15 06:26:08,292 - ERROR - CFST更新失败: None
2026-08-15 06:26:08,293 - INFO - --------------------------------------------------
2026-08-15 06:26:08,293 - INFO - [us.616049.xyz (LAX)] 开始处理节点维护
2026-08-15 06:26:08,335 - DEBUG - DNS解析重试中 us.616049.xyz: [Errno -5] No address associated with hostname
2026-08-15 06:26:09,356 - DEBUG - DNS解析重试中 us.616049.xyz: [Errno -5] No address associated with hostname
2026-08-15 06:26:10,375 - DEBUG - DNS解析重试中 us.616049.xyz: [Errno -5] No address associated with hostname
2026-08-15 06:26:11,376 - WARNING - [us.616049.xyz (LAX)] ├─ 无有效DNS记录，触发紧急更新
2026-08-15 06:38:41,669 - ERROR - CFST更新失败: None
2026-08-15 06:38:41,669 - INFO - --------------------------------------------------
2026-08-15 06:38:41,669 - INFO - [de.616049.xyz (FRA)] 开始处理节点维护
2026-08-15 06:38:41,690 - DEBUG - DNS解析重试中 de.616049.xyz: [Errno -5] No address associated with hostname
2026-08-15 06:38:42,719 - DEBUG - DNS解析重试中 de.616049.xyz: [Errno -5] No address associated with hostname
2026-08-15 06:38:43,732 - DEBUG - DNS解析重试中 de.616049.xyz: [Errno -5] No address associated with hostname
2026-08-15 06:38:44,733 - WARNING - [de.616049.xyz (FRA)] ├─ 无有效DNS记录，触发紧急更新
2026-08-15 06:51:15,983 - ERROR - CFST更新失败: None
2026-08-15 06:51:15,987 - DEBUG - Starting new HTTPS connection (1): api.telegram.org:443
2026-08-15 06:51:16,271 - DEBUG - https://api.telegram.org:443 "POST /bot/sendMessage HTTP/1.1" 404 55
