2026-09-20 00:56:21,788 - INFO - 启动维护任务 | 协议类型: IPV4
2026-09-20 00:56:21,788 - INFO - --------------------------------------------------
2026-09-20 00:56:21,788 - INFO - [hk.616049.xyz (HKG)] 开始处理节点维护
2026-09-20 00:56:21,828 - DEBUG - DNS解析重试中 hk.616049.xyz: [Errno -5] No address associated with hostname
2026-09-20 00:56:22,877 - DEBUG - DNS解析重试中 hk.616049.xyz: [Errno -5] No address associated with hostname
2026-09-20 00:56:23,910 - DEBUG - DNS解析重试中 hk.616049.xyz: [Errno -5] No address associated with hostname
2026-09-20 00:56:24,911 - WARNING - [hk.616049.xyz (HKG)] ├─ 无有效DNS记录，触发紧急更新
2026-09-20 01:08:56,018 - ERROR - CFST更新失败: None
2026-09-20 01:08:56,018 - INFO - --------------------------------------------------
2026-09-20 01:08:56,018 - INFO - [us.616049.xyz (LAX)] 开始处理节点维护
2026-09-20 01:08:56,064 - DEBUG - DNS解析重试中 us.616049.xyz: [Errno -5] No address associated with hostname
2026-09-20 01:08:57,100 - DEBUG - DNS解析重试中 us.616049.xyz: [Errno -5] No address associated with hostname
2026-09-20 01:08:58,130 - DEBUG - DNS解析重试中 us.616049.xyz: [Errno -5] No address associated with hostname
2026-09-20 01:08:59,131 - WARNING - [us.616049.xyz (LAX)] ├─ 无有效DNS记录，触发紧急更新
2026-09-20 01:21:30,583 - ERROR - CFST更新失败: None
2026-09-20 01:21:30,583 - INFO - --------------------------------------------------
2026-09-20 01:21:30,583 - INFO - [de.616049.xyz (FRA)] 开始处理节点维护
2026-09-20 01:21:30,613 - DEBUG - DNS解析重试中 de.616049.xyz: [Errno -5] No address associated with hostname
2026-09-20 01:21:31,649 - DEBUG - DNS解析重试中 de.616049.xyz: [Errno -5] No address associated with hostname
2026-09-20 01:21:32,683 - DEBUG - DNS解析重试中 de.616049.xyz: [Errno -5] No address associated with hostname
2026-09-20 01:21:33,685 - WARNING - [de.616049.xyz (FRA)] ├─ 无有效DNS记录，触发紧急更新
2026-09-20 01:34:05,332 - ERROR - CFST更新失败: None
2026-09-20 01:34:05,336 - DEBUG - Starting new HTTPS connection (1): api.telegram.org:443
2026-09-20 01:34:05,650 - DEBUG - https://api.telegram.org:443 "POST /bot/sendMessage HTTP/1.1" 404 55
