2026-08-25 20:30:42,757 - INFO - 启动维护任务 | 协议类型: IPV4
2026-08-25 20:30:42,758 - INFO - --------------------------------------------------
2026-08-25 20:30:42,758 - INFO - [hk.616049.xyz (HKG)] 开始处理节点维护
2026-08-25 20:30:42,768 - DEBUG - DNS解析重试中 hk.616049.xyz: [Errno -5] No address associated with hostname
2026-08-25 20:30:43,789 - DEBUG - DNS解析重试中 hk.616049.xyz: [Errno -5] No address associated with hostname
2026-08-25 20:30:44,796 - DEBUG - DNS解析重试中 hk.616049.xyz: [Errno -5] No address associated with hostname
2026-08-25 20:30:45,797 - WARNING - [hk.616049.xyz (HKG)] ├─ 无有效DNS记录，触发紧急更新
2026-08-25 20:43:18,341 - ERROR - CFST更新失败: None
2026-08-25 20:43:18,342 - INFO - --------------------------------------------------
2026-08-25 20:43:18,342 - INFO - [us.616049.xyz (LAX)] 开始处理节点维护
2026-08-25 20:43:18,353 - DEBUG - DNS解析重试中 us.616049.xyz: [Errno -5] No address associated with hostname
2026-08-25 20:43:19,366 - DEBUG - DNS解析重试中 us.616049.xyz: [Errno -5] No address associated with hostname
2026-08-25 20:43:20,379 - DEBUG - DNS解析重试中 us.616049.xyz: [Errno -5] No address associated with hostname
2026-08-25 20:43:21,380 - WARNING - [us.616049.xyz (LAX)] ├─ 无有效DNS记录，触发紧急更新
2026-08-25 20:55:53,673 - ERROR - CFST更新失败: None
2026-08-25 20:55:53,674 - INFO - --------------------------------------------------
2026-08-25 20:55:53,674 - INFO - [de.616049.xyz (FRA)] 开始处理节点维护
2026-08-25 20:55:53,694 - DEBUG - DNS解析重试中 de.616049.xyz: [Errno -5] No address associated with hostname
2026-08-25 20:55:54,706 - DEBUG - DNS解析重试中 de.616049.xyz: [Errno -5] No address associated with hostname
2026-08-25 20:55:55,720 - DEBUG - DNS解析重试中 de.616049.xyz: [Errno -5] No address associated with hostname
2026-08-25 20:55:56,721 - WARNING - [de.616049.xyz (FRA)] ├─ 无有效DNS记录，触发紧急更新
2026-08-25 21:08:28,794 - ERROR - CFST更新失败: None
2026-08-25 21:08:28,798 - DEBUG - Starting new HTTPS connection (1): api.telegram.org:443
2026-08-25 21:08:29,249 - DEBUG - https://api.telegram.org:443 "POST /bot/sendMessage HTTP/1.1" 404 55
