2026-07-31 18:29:25,645 - INFO - 启动维护任务 | 协议类型: IPV4
2026-07-31 18:29:25,645 - INFO - --------------------------------------------------
2026-07-31 18:29:25,645 - INFO - [hk.616049.xyz (HKG)] 开始处理节点维护
2026-07-31 18:29:25,684 - DEBUG - DNS解析重试中 hk.616049.xyz: [Errno -5] No address associated with hostname
2026-07-31 18:29:26,717 - DEBUG - DNS解析重试中 hk.616049.xyz: [Errno -5] No address associated with hostname
2026-07-31 18:29:27,751 - DEBUG - DNS解析重试中 hk.616049.xyz: [Errno -5] No address associated with hostname
2026-07-31 18:29:28,752 - WARNING - [hk.616049.xyz (HKG)] ├─ 无有效DNS记录，触发紧急更新
2026-07-31 18:42:00,733 - ERROR - CFST更新失败: None
2026-07-31 18:42:00,733 - INFO - --------------------------------------------------
2026-07-31 18:42:00,733 - INFO - [us.616049.xyz (LAX)] 开始处理节点维护
2026-07-31 18:42:00,765 - DEBUG - DNS解析重试中 us.616049.xyz: [Errno -5] No address associated with hostname
2026-07-31 18:42:01,796 - DEBUG - DNS解析重试中 us.616049.xyz: [Errno -5] No address associated with hostname
2026-07-31 18:42:02,830 - DEBUG - DNS解析重试中 us.616049.xyz: [Errno -5] No address associated with hostname
2026-07-31 18:42:03,831 - WARNING - [us.616049.xyz (LAX)] ├─ 无有效DNS记录，触发紧急更新
2026-07-31 18:54:34,997 - ERROR - CFST更新失败: None
2026-07-31 18:54:34,998 - INFO - --------------------------------------------------
2026-07-31 18:54:34,998 - INFO - [de.616049.xyz (FRA)] 开始处理节点维护
2026-07-31 18:54:35,022 - DEBUG - DNS解析重试中 de.616049.xyz: [Errno -5] No address associated with hostname
2026-07-31 18:54:36,054 - DEBUG - DNS解析重试中 de.616049.xyz: [Errno -5] No address associated with hostname
2026-07-31 18:54:37,093 - DEBUG - DNS解析重试中 de.616049.xyz: [Errno -5] No address associated with hostname
2026-07-31 18:54:38,094 - WARNING - [de.616049.xyz (FRA)] ├─ 无有效DNS记录，触发紧急更新
2026-07-31 19:07:10,102 - ERROR - CFST更新失败: None
2026-07-31 19:07:10,105 - DEBUG - Starting new HTTPS connection (1): api.telegram.org:443
2026-07-31 19:07:10,527 - DEBUG - https://api.telegram.org:443 "POST /bot/sendMessage HTTP/1.1" 404 55
