2026-08-26 02:26:21,240 - INFO - 启动维护任务 | 协议类型: IPV4
2026-08-26 02:26:21,240 - INFO - --------------------------------------------------
2026-08-26 02:26:21,240 - INFO - [hk.616049.xyz (HKG)] 开始处理节点维护
2026-08-26 02:26:21,275 - DEBUG - DNS解析重试中 hk.616049.xyz: [Errno -5] No address associated with hostname
2026-08-26 02:26:22,287 - DEBUG - DNS解析重试中 hk.616049.xyz: [Errno -5] No address associated with hostname
2026-08-26 02:26:23,314 - DEBUG - DNS解析重试中 hk.616049.xyz: [Errno -5] No address associated with hostname
2026-08-26 02:26:24,315 - WARNING - [hk.616049.xyz (HKG)] ├─ 无有效DNS记录，触发紧急更新
2026-08-26 02:38:55,668 - ERROR - CFST更新失败: None
2026-08-26 02:38:55,668 - INFO - --------------------------------------------------
2026-08-26 02:38:55,668 - INFO - [us.616049.xyz (LAX)] 开始处理节点维护
2026-08-26 02:38:55,683 - DEBUG - DNS解析重试中 us.616049.xyz: [Errno -5] No address associated with hostname
2026-08-26 02:38:56,696 - DEBUG - DNS解析重试中 us.616049.xyz: [Errno -5] No address associated with hostname
2026-08-26 02:38:57,711 - DEBUG - DNS解析重试中 us.616049.xyz: [Errno -5] No address associated with hostname
2026-08-26 02:38:58,712 - WARNING - [us.616049.xyz (LAX)] ├─ 无有效DNS记录，触发紧急更新
2026-08-26 02:51:31,486 - ERROR - CFST更新失败: None
2026-08-26 02:51:31,486 - INFO - --------------------------------------------------
2026-08-26 02:51:31,486 - INFO - [de.616049.xyz (FRA)] 开始处理节点维护
2026-08-26 02:51:31,641 - DEBUG - DNS解析重试中 de.616049.xyz: [Errno -5] No address associated with hostname
2026-08-26 02:51:32,656 - DEBUG - DNS解析重试中 de.616049.xyz: [Errno -5] No address associated with hostname
2026-08-26 02:51:33,672 - DEBUG - DNS解析重试中 de.616049.xyz: [Errno -5] No address associated with hostname
2026-08-26 02:51:34,674 - WARNING - [de.616049.xyz (FRA)] ├─ 无有效DNS记录，触发紧急更新
2026-08-26 03:04:06,606 - ERROR - CFST更新失败: None
2026-08-26 03:04:06,609 - DEBUG - Starting new HTTPS connection (1): api.telegram.org:443
2026-08-26 03:04:07,059 - DEBUG - https://api.telegram.org:443 "POST /bot/sendMessage HTTP/1.1" 404 55
