2026-09-10 10:19:19,868 - INFO - 启动维护任务 | 协议类型: IPV4
2026-09-10 10:19:19,868 - INFO - --------------------------------------------------
2026-09-10 10:19:19,868 - INFO - [hk.616049.xyz (HKG)] 开始处理节点维护
2026-09-10 10:19:19,914 - DEBUG - DNS解析重试中 hk.616049.xyz: [Errno -5] No address associated with hostname
2026-09-10 10:19:20,961 - DEBUG - DNS解析重试中 hk.616049.xyz: [Errno -5] No address associated with hostname
2026-09-10 10:19:22,010 - DEBUG - DNS解析重试中 hk.616049.xyz: [Errno -5] No address associated with hostname
2026-09-10 10:19:23,011 - WARNING - [hk.616049.xyz (HKG)] ├─ 无有效DNS记录，触发紧急更新
2026-09-10 10:31:57,876 - ERROR - CFST更新失败: None
2026-09-10 10:31:57,877 - INFO - --------------------------------------------------
2026-09-10 10:31:57,877 - INFO - [us.616049.xyz (LAX)] 开始处理节点维护
2026-09-10 10:31:57,905 - DEBUG - DNS解析重试中 us.616049.xyz: [Errno -5] No address associated with hostname
2026-09-10 10:31:58,952 - DEBUG - DNS解析重试中 us.616049.xyz: [Errno -5] No address associated with hostname
2026-09-10 10:31:59,987 - DEBUG - DNS解析重试中 us.616049.xyz: [Errno -5] No address associated with hostname
2026-09-10 10:32:00,988 - WARNING - [us.616049.xyz (LAX)] ├─ 无有效DNS记录，触发紧急更新
2026-09-10 10:44:35,381 - ERROR - CFST更新失败: None
2026-09-10 10:44:35,381 - INFO - --------------------------------------------------
2026-09-10 10:44:35,381 - INFO - [de.616049.xyz (FRA)] 开始处理节点维护
2026-09-10 10:44:35,411 - DEBUG - DNS解析重试中 de.616049.xyz: [Errno -5] No address associated with hostname
2026-09-10 10:44:36,418 - DEBUG - DNS解析重试中 de.616049.xyz: [Errno -5] No address associated with hostname
2026-09-10 10:44:37,453 - DEBUG - DNS解析重试中 de.616049.xyz: [Errno -5] No address associated with hostname
2026-09-10 10:44:38,454 - WARNING - [de.616049.xyz (FRA)] ├─ 无有效DNS记录，触发紧急更新
2026-09-10 10:57:12,977 - ERROR - CFST更新失败: None
2026-09-10 10:57:12,980 - DEBUG - Starting new HTTPS connection (1): api.telegram.org:443
2026-09-10 10:57:13,300 - DEBUG - https://api.telegram.org:443 "POST /bot/sendMessage HTTP/1.1" 404 55
