2026-08-22 22:12:46,103 - INFO - 启动维护任务 | 协议类型: IPV4
2026-08-22 22:12:46,103 - INFO - --------------------------------------------------
2026-08-22 22:12:46,103 - INFO - [hk.616049.xyz (HKG)] 开始处理节点维护
2026-08-22 22:12:46,159 - DEBUG - DNS解析重试中 hk.616049.xyz: [Errno -5] No address associated with hostname
2026-08-22 22:12:47,212 - DEBUG - DNS解析重试中 hk.616049.xyz: [Errno -5] No address associated with hostname
2026-08-22 22:12:48,265 - DEBUG - DNS解析重试中 hk.616049.xyz: [Errno -5] No address associated with hostname
2026-08-22 22:12:49,266 - WARNING - [hk.616049.xyz (HKG)] ├─ 无有效DNS记录，触发紧急更新
2026-08-22 22:25:22,928 - ERROR - CFST更新失败: None
2026-08-22 22:25:22,928 - INFO - --------------------------------------------------
2026-08-22 22:25:22,928 - INFO - [us.616049.xyz (LAX)] 开始处理节点维护
2026-08-22 22:25:22,986 - DEBUG - DNS解析重试中 us.616049.xyz: [Errno -5] No address associated with hostname
2026-08-22 22:25:24,042 - DEBUG - DNS解析重试中 us.616049.xyz: [Errno -5] No address associated with hostname
2026-08-22 22:25:25,096 - DEBUG - DNS解析重试中 us.616049.xyz: [Errno -5] No address associated with hostname
2026-08-22 22:25:26,097 - WARNING - [us.616049.xyz (LAX)] ├─ 无有效DNS记录，触发紧急更新
2026-08-22 22:37:59,486 - ERROR - CFST更新失败: None
2026-08-22 22:37:59,486 - INFO - --------------------------------------------------
2026-08-22 22:37:59,486 - INFO - [de.616049.xyz (FRA)] 开始处理节点维护
2026-08-22 22:37:59,538 - DEBUG - DNS解析重试中 de.616049.xyz: [Errno -5] No address associated with hostname
2026-08-22 22:38:00,591 - DEBUG - DNS解析重试中 de.616049.xyz: [Errno -5] No address associated with hostname
2026-08-22 22:38:01,642 - DEBUG - DNS解析重试中 de.616049.xyz: [Errno -5] No address associated with hostname
2026-08-22 22:38:02,643 - WARNING - [de.616049.xyz (FRA)] ├─ 无有效DNS记录，触发紧急更新
2026-08-22 22:50:35,297 - ERROR - CFST更新失败: None
2026-08-22 22:50:35,300 - DEBUG - Starting new HTTPS connection (1): api.telegram.org:443
2026-08-22 22:50:35,687 - DEBUG - https://api.telegram.org:443 "POST /bot/sendMessage HTTP/1.1" 404 55
