2026-08-01 10:01:59,657 - INFO - 启动维护任务 | 协议类型: IPV4
2026-08-01 10:01:59,657 - INFO - --------------------------------------------------
2026-08-01 10:01:59,658 - INFO - [hk.616049.xyz (HKG)] 开始处理节点维护
2026-08-01 10:01:59,672 - DEBUG - DNS解析重试中 hk.616049.xyz: [Errno -5] No address associated with hostname
2026-08-01 10:02:00,684 - DEBUG - DNS解析重试中 hk.616049.xyz: [Errno -5] No address associated with hostname
2026-08-01 10:02:01,697 - DEBUG - DNS解析重试中 hk.616049.xyz: [Errno -5] No address associated with hostname
2026-08-01 10:02:02,697 - WARNING - [hk.616049.xyz (HKG)] ├─ 无有效DNS记录，触发紧急更新
2026-08-01 10:14:15,335 - ERROR - CFST更新失败: None
2026-08-01 10:14:15,336 - INFO - --------------------------------------------------
2026-08-01 10:14:15,336 - INFO - [us.616049.xyz (LAX)] 开始处理节点维护
2026-08-01 10:14:15,349 - DEBUG - DNS解析重试中 us.616049.xyz: [Errno -5] No address associated with hostname
2026-08-01 10:14:16,362 - DEBUG - DNS解析重试中 us.616049.xyz: [Errno -5] No address associated with hostname
2026-08-01 10:14:17,391 - DEBUG - DNS解析重试中 us.616049.xyz: [Errno -5] No address associated with hostname
2026-08-01 10:14:18,393 - WARNING - [us.616049.xyz (LAX)] ├─ 无有效DNS记录，触发紧急更新
2026-08-01 10:26:32,322 - ERROR - CFST更新失败: None
2026-08-01 10:26:32,322 - INFO - --------------------------------------------------
2026-08-01 10:26:32,322 - INFO - [de.616049.xyz (FRA)] 开始处理节点维护
2026-08-01 10:26:32,339 - DEBUG - DNS解析重试中 de.616049.xyz: [Errno -5] No address associated with hostname
2026-08-01 10:26:33,353 - DEBUG - DNS解析重试中 de.616049.xyz: [Errno -5] No address associated with hostname
2026-08-01 10:26:34,372 - DEBUG - DNS解析重试中 de.616049.xyz: [Errno -5] No address associated with hostname
2026-08-01 10:26:35,373 - WARNING - [de.616049.xyz (FRA)] ├─ 无有效DNS记录，触发紧急更新
2026-08-01 10:38:48,094 - ERROR - CFST更新失败: None
2026-08-01 10:38:48,097 - DEBUG - Starting new HTTPS connection (1): api.telegram.org:443
2026-08-01 10:38:48,552 - DEBUG - https://api.telegram.org:443 "POST /bot/sendMessage HTTP/1.1" 404 55
