2026-08-04 22:02:56,484 - INFO - 启动维护任务 | 协议类型: IPV4
2026-08-04 22:02:56,484 - INFO - --------------------------------------------------
2026-08-04 22:02:56,484 - INFO - [hk.616049.xyz (HKG)] 开始处理节点维护
2026-08-04 22:02:56,495 - DEBUG - DNS解析重试中 hk.616049.xyz: [Errno -5] No address associated with hostname
2026-08-04 22:02:57,507 - DEBUG - DNS解析重试中 hk.616049.xyz: [Errno -5] No address associated with hostname
2026-08-04 22:02:58,514 - DEBUG - DNS解析重试中 hk.616049.xyz: [Errno -5] No address associated with hostname
2026-08-04 22:02:59,516 - WARNING - [hk.616049.xyz (HKG)] ├─ 无有效DNS记录，触发紧急更新
2026-08-04 22:15:31,700 - ERROR - CFST更新失败: None
2026-08-04 22:15:31,700 - INFO - --------------------------------------------------
2026-08-04 22:15:31,700 - INFO - [us.616049.xyz (LAX)] 开始处理节点维护
2026-08-04 22:15:31,712 - DEBUG - DNS解析重试中 us.616049.xyz: [Errno -5] No address associated with hostname
2026-08-04 22:15:32,730 - DEBUG - DNS解析重试中 us.616049.xyz: [Errno -5] No address associated with hostname
2026-08-04 22:15:33,750 - DEBUG - DNS解析重试中 us.616049.xyz: [Errno -5] No address associated with hostname
2026-08-04 22:15:34,751 - WARNING - [us.616049.xyz (LAX)] ├─ 无有效DNS记录，触发紧急更新
2026-08-04 22:28:06,617 - ERROR - CFST更新失败: None
2026-08-04 22:28:06,618 - INFO - --------------------------------------------------
2026-08-04 22:28:06,618 - INFO - [de.616049.xyz (FRA)] 开始处理节点维护
2026-08-04 22:28:06,628 - DEBUG - DNS解析重试中 de.616049.xyz: [Errno -5] No address associated with hostname
2026-08-04 22:28:07,642 - DEBUG - DNS解析重试中 de.616049.xyz: [Errno -5] No address associated with hostname
2026-08-04 22:28:08,654 - DEBUG - DNS解析重试中 de.616049.xyz: [Errno -5] No address associated with hostname
2026-08-04 22:28:09,655 - WARNING - [de.616049.xyz (FRA)] ├─ 无有效DNS记录，触发紧急更新
2026-08-04 22:40:41,386 - ERROR - CFST更新失败: None
2026-08-04 22:40:41,390 - DEBUG - Starting new HTTPS connection (1): api.telegram.org:443
2026-08-04 22:40:41,848 - DEBUG - https://api.telegram.org:443 "POST /bot/sendMessage HTTP/1.1" 404 55
