2026-10-01 16:04:51,655 - INFO - 启动维护任务 | 协议类型: IPV4
2026-10-01 16:04:51,655 - INFO - --------------------------------------------------
2026-10-01 16:04:51,655 - INFO - [hk.616049.xyz (HKG)] 开始处理节点维护
2026-10-01 16:04:51,685 - DEBUG - DNS解析重试中 hk.616049.xyz: [Errno -5] No address associated with hostname
2026-10-01 16:04:52,705 - DEBUG - DNS解析重试中 hk.616049.xyz: [Errno -5] No address associated with hostname
2026-10-01 16:04:53,713 - DEBUG - DNS解析重试中 hk.616049.xyz: [Errno -5] No address associated with hostname
2026-10-01 16:04:54,714 - WARNING - [hk.616049.xyz (HKG)] ├─ 无有效DNS记录，触发紧急更新
2026-10-01 16:17:25,869 - ERROR - CFST更新失败: None
2026-10-01 16:17:25,869 - INFO - --------------------------------------------------
2026-10-01 16:17:25,869 - INFO - [us.616049.xyz (LAX)] 开始处理节点维护
2026-10-01 16:17:25,899 - DEBUG - DNS解析重试中 us.616049.xyz: [Errno -5] No address associated with hostname
2026-10-01 16:17:26,916 - DEBUG - DNS解析重试中 us.616049.xyz: [Errno -5] No address associated with hostname
2026-10-01 16:17:27,937 - DEBUG - DNS解析重试中 us.616049.xyz: [Errno -5] No address associated with hostname
2026-10-01 16:17:28,938 - WARNING - [us.616049.xyz (LAX)] ├─ 无有效DNS记录，触发紧急更新
2026-10-01 16:30:02,789 - ERROR - CFST更新失败: None
2026-10-01 16:30:02,790 - INFO - --------------------------------------------------
2026-10-01 16:30:02,790 - INFO - [de.616049.xyz (FRA)] 开始处理节点维护
2026-10-01 16:30:02,819 - DEBUG - DNS解析重试中 de.616049.xyz: [Errno -5] No address associated with hostname
2026-10-01 16:30:03,870 - DEBUG - DNS解析重试中 de.616049.xyz: [Errno -5] No address associated with hostname
2026-10-01 16:30:04,893 - DEBUG - DNS解析重试中 de.616049.xyz: [Errno -5] No address associated with hostname
2026-10-01 16:30:05,895 - WARNING - [de.616049.xyz (FRA)] ├─ 无有效DNS记录，触发紧急更新
2026-10-01 16:42:39,621 - ERROR - CFST更新失败: None
2026-10-01 16:42:39,625 - DEBUG - Starting new HTTPS connection (1): api.telegram.org:443
2026-10-01 16:42:39,902 - DEBUG - https://api.telegram.org:443 "POST /bot/sendMessage HTTP/1.1" 404 55
