2026-09-23 22:34:13,720 - INFO - 启动维护任务 | 协议类型: IPV4
2026-09-23 22:34:13,720 - INFO - --------------------------------------------------
2026-09-23 22:34:13,720 - INFO - [hk.616049.xyz (HKG)] 开始处理节点维护
2026-09-23 22:34:13,769 - DEBUG - DNS解析重试中 hk.616049.xyz: [Errno -5] No address associated with hostname
2026-09-23 22:34:14,834 - DEBUG - DNS解析重试中 hk.616049.xyz: [Errno -5] No address associated with hostname
2026-09-23 22:34:15,881 - DEBUG - DNS解析重试中 hk.616049.xyz: [Errno -5] No address associated with hostname
2026-09-23 22:34:16,882 - WARNING - [hk.616049.xyz (HKG)] ├─ 无有效DNS记录，触发紧急更新
2026-09-23 22:46:15,501 - ERROR - CFST更新失败: None
2026-09-23 22:46:15,501 - INFO - --------------------------------------------------
2026-09-23 22:46:15,501 - INFO - [us.616049.xyz (LAX)] 开始处理节点维护
2026-09-23 22:46:15,550 - DEBUG - DNS解析重试中 us.616049.xyz: [Errno -5] No address associated with hostname
2026-09-23 22:46:16,612 - DEBUG - DNS解析重试中 us.616049.xyz: [Errno -5] No address associated with hostname
2026-09-23 22:46:17,674 - DEBUG - DNS解析重试中 us.616049.xyz: [Errno -5] No address associated with hostname
2026-09-23 22:46:18,675 - WARNING - [us.616049.xyz (LAX)] ├─ 无有效DNS记录，触发紧急更新
2026-09-23 22:58:17,240 - ERROR - CFST更新失败: None
2026-09-23 22:58:17,240 - INFO - --------------------------------------------------
2026-09-23 22:58:17,240 - INFO - [de.616049.xyz (FRA)] 开始处理节点维护
2026-09-23 22:58:17,305 - DEBUG - DNS解析重试中 de.616049.xyz: [Errno -5] No address associated with hostname
2026-09-23 22:58:18,364 - DEBUG - DNS解析重试中 de.616049.xyz: [Errno -5] No address associated with hostname
2026-09-23 22:58:19,417 - DEBUG - DNS解析重试中 de.616049.xyz: [Errno -5] No address associated with hostname
2026-09-23 22:58:20,418 - WARNING - [de.616049.xyz (FRA)] ├─ 无有效DNS记录，触发紧急更新
2026-09-23 23:10:23,706 - ERROR - CFST更新失败: None
2026-09-23 23:10:23,708 - DEBUG - Starting new HTTPS connection (1): api.telegram.org:443
2026-09-23 23:10:24,077 - DEBUG - https://api.telegram.org:443 "POST /bot/sendMessage HTTP/1.1" 404 55
