2026-09-04 16:20:48,529 - INFO - 启动维护任务 | 协议类型: IPV4
2026-09-04 16:20:48,529 - INFO - --------------------------------------------------
2026-09-04 16:20:48,529 - INFO - [hk.616049.xyz (HKG)] 开始处理节点维护
2026-09-04 16:20:48,564 - DEBUG - DNS解析重试中 hk.616049.xyz: [Errno -5] No address associated with hostname
2026-09-04 16:20:49,603 - DEBUG - DNS解析重试中 hk.616049.xyz: [Errno -5] No address associated with hostname
2026-09-04 16:20:50,610 - DEBUG - DNS解析重试中 hk.616049.xyz: [Errno -5] No address associated with hostname
2026-09-04 16:20:51,612 - WARNING - [hk.616049.xyz (HKG)] ├─ 无有效DNS记录，触发紧急更新
2026-09-04 16:33:25,602 - ERROR - CFST更新失败: None
2026-09-04 16:33:25,602 - INFO - --------------------------------------------------
2026-09-04 16:33:25,602 - INFO - [us.616049.xyz (LAX)] 开始处理节点维护
2026-09-04 16:33:25,639 - DEBUG - DNS解析重试中 us.616049.xyz: [Errno -5] No address associated with hostname
2026-09-04 16:33:26,687 - DEBUG - DNS解析重试中 us.616049.xyz: [Errno -5] No address associated with hostname
2026-09-04 16:33:27,724 - DEBUG - DNS解析重试中 us.616049.xyz: [Errno -5] No address associated with hostname
2026-09-04 16:33:28,725 - WARNING - [us.616049.xyz (LAX)] ├─ 无有效DNS记录，触发紧急更新
2026-09-04 16:46:00,968 - ERROR - CFST更新失败: None
2026-09-04 16:46:00,968 - INFO - --------------------------------------------------
2026-09-04 16:46:00,968 - INFO - [de.616049.xyz (FRA)] 开始处理节点维护
2026-09-04 16:46:01,004 - DEBUG - DNS解析重试中 de.616049.xyz: [Errno -5] No address associated with hostname
2026-09-04 16:46:02,010 - DEBUG - DNS解析重试中 de.616049.xyz: [Errno -5] No address associated with hostname
2026-09-04 16:46:03,056 - DEBUG - DNS解析重试中 de.616049.xyz: [Errno -5] No address associated with hostname
2026-09-04 16:46:04,057 - WARNING - [de.616049.xyz (FRA)] ├─ 无有效DNS记录，触发紧急更新
2026-09-04 16:58:37,454 - ERROR - CFST更新失败: None
2026-09-04 16:58:37,457 - DEBUG - Starting new HTTPS connection (1): api.telegram.org:443
2026-09-04 16:58:38,175 - DEBUG - https://api.telegram.org:443 "POST /bot/sendMessage HTTP/1.1" 404 55
