2026-09-25 10:42:51,343 - INFO - 启动维护任务 | 协议类型: IPV4
2026-09-25 10:42:51,343 - INFO - --------------------------------------------------
2026-09-25 10:42:51,343 - INFO - [hk.616049.xyz (HKG)] 开始处理节点维护
2026-09-25 10:42:51,479 - DEBUG - DNS解析重试中 hk.616049.xyz: [Errno -5] No address associated with hostname
2026-09-25 10:42:52,484 - DEBUG - DNS解析重试中 hk.616049.xyz: [Errno -5] No address associated with hostname
2026-09-25 10:42:53,491 - DEBUG - DNS解析重试中 hk.616049.xyz: [Errno -5] No address associated with hostname
2026-09-25 10:42:54,493 - WARNING - [hk.616049.xyz (HKG)] ├─ 无有效DNS记录，触发紧急更新
2026-09-25 10:55:28,526 - ERROR - CFST更新失败: None
2026-09-25 10:55:28,526 - INFO - --------------------------------------------------
2026-09-25 10:55:28,526 - INFO - [us.616049.xyz (LAX)] 开始处理节点维护
2026-09-25 10:55:28,651 - DEBUG - DNS解析重试中 us.616049.xyz: [Errno -5] No address associated with hostname
2026-09-25 10:55:29,744 - DEBUG - DNS解析重试中 us.616049.xyz: [Errno -5] No address associated with hostname
2026-09-25 10:55:30,835 - DEBUG - DNS解析重试中 us.616049.xyz: [Errno -5] No address associated with hostname
2026-09-25 10:55:31,836 - WARNING - [us.616049.xyz (LAX)] ├─ 无有效DNS记录，触发紧急更新
2026-09-25 11:08:05,429 - ERROR - CFST更新失败: None
2026-09-25 11:08:05,429 - INFO - --------------------------------------------------
2026-09-25 11:08:05,430 - INFO - [de.616049.xyz (FRA)] 开始处理节点维护
2026-09-25 11:08:05,554 - DEBUG - DNS解析重试中 de.616049.xyz: [Errno -5] No address associated with hostname
2026-09-25 11:08:06,651 - DEBUG - DNS解析重试中 de.616049.xyz: [Errno -5] No address associated with hostname
2026-09-25 11:08:07,985 - DEBUG - DNS解析重试中 de.616049.xyz: [Errno -5] No address associated with hostname
2026-09-25 11:08:08,987 - WARNING - [de.616049.xyz (FRA)] ├─ 无有效DNS记录，触发紧急更新
2026-09-25 11:20:42,791 - ERROR - CFST更新失败: None
2026-09-25 11:20:42,795 - DEBUG - Starting new HTTPS connection (1): api.telegram.org:443
2026-09-25 11:20:43,223 - DEBUG - https://api.telegram.org:443 "POST /bot/sendMessage HTTP/1.1" 404 55
