2026-08-10 09:05:23,236 - INFO - 启动维护任务 | 协议类型: IPV4
2026-08-10 09:05:23,236 - INFO - --------------------------------------------------
2026-08-10 09:05:23,236 - INFO - [hk.616049.xyz (HKG)] 开始处理节点维护
2026-08-10 09:05:23,249 - DEBUG - DNS解析重试中 hk.616049.xyz: [Errno -5] No address associated with hostname
2026-08-10 09:05:24,267 - DEBUG - DNS解析重试中 hk.616049.xyz: [Errno -5] No address associated with hostname
2026-08-10 09:05:25,290 - DEBUG - DNS解析重试中 hk.616049.xyz: [Errno -5] No address associated with hostname
2026-08-10 09:05:26,291 - WARNING - [hk.616049.xyz (HKG)] ├─ 无有效DNS记录，触发紧急更新
2026-08-10 09:18:00,562 - ERROR - CFST更新失败: None
2026-08-10 09:18:00,562 - INFO - --------------------------------------------------
2026-08-10 09:18:00,562 - INFO - [us.616049.xyz (LAX)] 开始处理节点维护
2026-08-10 09:18:00,587 - DEBUG - DNS解析重试中 us.616049.xyz: [Errno -5] No address associated with hostname
2026-08-10 09:18:01,600 - DEBUG - DNS解析重试中 us.616049.xyz: [Errno -5] No address associated with hostname
2026-08-10 09:18:02,612 - DEBUG - DNS解析重试中 us.616049.xyz: [Errno -5] No address associated with hostname
2026-08-10 09:18:03,614 - WARNING - [us.616049.xyz (LAX)] ├─ 无有效DNS记录，触发紧急更新
2026-08-10 09:30:36,545 - ERROR - CFST更新失败: None
2026-08-10 09:30:36,545 - INFO - --------------------------------------------------
2026-08-10 09:30:36,546 - INFO - [de.616049.xyz (FRA)] 开始处理节点维护
2026-08-10 09:30:36,557 - DEBUG - DNS解析重试中 de.616049.xyz: [Errno -5] No address associated with hostname
2026-08-10 09:30:37,578 - DEBUG - DNS解析重试中 de.616049.xyz: [Errno -5] No address associated with hostname
2026-08-10 09:30:38,591 - DEBUG - DNS解析重试中 de.616049.xyz: [Errno -5] No address associated with hostname
2026-08-10 09:30:39,592 - WARNING - [de.616049.xyz (FRA)] ├─ 无有效DNS记录，触发紧急更新
2026-08-10 09:43:13,226 - ERROR - CFST更新失败: None
2026-08-10 09:43:13,230 - DEBUG - Starting new HTTPS connection (1): api.telegram.org:443
2026-08-10 09:43:13,515 - DEBUG - https://api.telegram.org:443 "POST /bot/sendMessage HTTP/1.1" 404 55
