2026-08-18 10:48:34,681 - INFO - 启动维护任务 | 协议类型: IPV4
2026-08-18 10:48:34,681 - INFO - --------------------------------------------------
2026-08-18 10:48:34,681 - INFO - [hk.616049.xyz (HKG)] 开始处理节点维护
2026-08-18 10:48:34,691 - DEBUG - DNS解析重试中 hk.616049.xyz: [Errno -5] No address associated with hostname
2026-08-18 10:48:35,704 - DEBUG - DNS解析重试中 hk.616049.xyz: [Errno -5] No address associated with hostname
2026-08-18 10:48:36,716 - DEBUG - DNS解析重试中 hk.616049.xyz: [Errno -5] No address associated with hostname
2026-08-18 10:48:37,718 - WARNING - [hk.616049.xyz (HKG)] ├─ 无有效DNS记录，触发紧急更新
2026-08-18 11:01:09,328 - ERROR - CFST更新失败: None
2026-08-18 11:01:09,328 - INFO - --------------------------------------------------
2026-08-18 11:01:09,328 - INFO - [us.616049.xyz (LAX)] 开始处理节点维护
2026-08-18 11:01:09,345 - DEBUG - DNS解析重试中 us.616049.xyz: [Errno -5] No address associated with hostname
2026-08-18 11:01:10,368 - DEBUG - DNS解析重试中 us.616049.xyz: [Errno -5] No address associated with hostname
2026-08-18 11:01:11,380 - DEBUG - DNS解析重试中 us.616049.xyz: [Errno -5] No address associated with hostname
2026-08-18 11:01:12,381 - WARNING - [us.616049.xyz (LAX)] ├─ 无有效DNS记录，触发紧急更新
2026-08-18 11:13:43,390 - ERROR - CFST更新失败: None
2026-08-18 11:13:43,390 - INFO - --------------------------------------------------
2026-08-18 11:13:43,391 - INFO - [de.616049.xyz (FRA)] 开始处理节点维护
2026-08-18 11:13:43,402 - DEBUG - DNS解析重试中 de.616049.xyz: [Errno -5] No address associated with hostname
2026-08-18 11:13:44,417 - DEBUG - DNS解析重试中 de.616049.xyz: [Errno -5] No address associated with hostname
2026-08-18 11:13:45,451 - DEBUG - DNS解析重试中 de.616049.xyz: [Errno -5] No address associated with hostname
2026-08-18 11:13:46,452 - WARNING - [de.616049.xyz (FRA)] ├─ 无有效DNS记录，触发紧急更新
2026-08-18 11:26:19,544 - ERROR - CFST更新失败: None
2026-08-18 11:26:19,547 - DEBUG - Starting new HTTPS connection (1): api.telegram.org:443
2026-08-18 11:26:20,025 - DEBUG - https://api.telegram.org:443 "POST /bot/sendMessage HTTP/1.1" 404 55
