2026-08-16 22:14:04,831 - INFO - 启动维护任务 | 协议类型: IPV4
2026-08-16 22:14:04,832 - INFO - --------------------------------------------------
2026-08-16 22:14:04,832 - INFO - [hk.616049.xyz (HKG)] 开始处理节点维护
2026-08-16 22:14:04,853 - DEBUG - DNS解析重试中 hk.616049.xyz: [Errno -5] No address associated with hostname
2026-08-16 22:14:05,886 - DEBUG - DNS解析重试中 hk.616049.xyz: [Errno -5] No address associated with hostname
2026-08-16 22:14:06,941 - DEBUG - DNS解析重试中 hk.616049.xyz: [Errno -5] No address associated with hostname
2026-08-16 22:14:07,943 - WARNING - [hk.616049.xyz (HKG)] ├─ 无有效DNS记录，触发紧急更新
2026-08-16 22:26:43,068 - ERROR - CFST更新失败: None
2026-08-16 22:26:43,068 - INFO - --------------------------------------------------
2026-08-16 22:26:43,068 - INFO - [us.616049.xyz (LAX)] 开始处理节点维护
2026-08-16 22:26:43,090 - DEBUG - DNS解析重试中 us.616049.xyz: [Errno -5] No address associated with hostname
2026-08-16 22:26:44,119 - DEBUG - DNS解析重试中 us.616049.xyz: [Errno -5] No address associated with hostname
2026-08-16 22:26:45,143 - DEBUG - DNS解析重试中 us.616049.xyz: [Errno -5] No address associated with hostname
2026-08-16 22:26:46,144 - WARNING - [us.616049.xyz (LAX)] ├─ 无有效DNS记录，触发紧急更新
2026-08-16 22:39:20,689 - ERROR - CFST更新失败: None
2026-08-16 22:39:20,690 - INFO - --------------------------------------------------
2026-08-16 22:39:20,690 - INFO - [de.616049.xyz (FRA)] 开始处理节点维护
2026-08-16 22:39:20,710 - DEBUG - DNS解析重试中 de.616049.xyz: [Errno -5] No address associated with hostname
2026-08-16 22:39:21,751 - DEBUG - DNS解析重试中 de.616049.xyz: [Errno -5] No address associated with hostname
2026-08-16 22:39:22,783 - DEBUG - DNS解析重试中 de.616049.xyz: [Errno -5] No address associated with hostname
2026-08-16 22:39:23,785 - WARNING - [de.616049.xyz (FRA)] ├─ 无有效DNS记录，触发紧急更新
2026-08-16 22:51:58,675 - ERROR - CFST更新失败: None
2026-08-16 22:51:58,679 - DEBUG - Starting new HTTPS connection (1): api.telegram.org:443
2026-08-16 22:51:58,971 - DEBUG - https://api.telegram.org:443 "POST /bot/sendMessage HTTP/1.1" 404 55
