2026-09-16 01:50:44,993 - INFO - 启动维护任务 | 协议类型: IPV4
2026-09-16 01:50:44,993 - INFO - --------------------------------------------------
2026-09-16 01:50:44,993 - INFO - [hk.616049.xyz (HKG)] 开始处理节点维护
2026-09-16 01:50:45,041 - DEBUG - DNS解析重试中 hk.616049.xyz: [Errno -5] No address associated with hostname
2026-09-16 01:50:46,094 - DEBUG - DNS解析重试中 hk.616049.xyz: [Errno -5] No address associated with hostname
2026-09-16 01:50:47,167 - DEBUG - DNS解析重试中 hk.616049.xyz: [Errno -5] No address associated with hostname
2026-09-16 01:50:48,168 - WARNING - [hk.616049.xyz (HKG)] ├─ 无有效DNS记录，触发紧急更新
2026-09-16 02:03:24,939 - ERROR - CFST更新失败: None
2026-09-16 02:03:24,940 - INFO - --------------------------------------------------
2026-09-16 02:03:24,940 - INFO - [us.616049.xyz (LAX)] 开始处理节点维护
2026-09-16 02:03:24,993 - DEBUG - DNS解析重试中 us.616049.xyz: [Errno -5] No address associated with hostname
2026-09-16 02:03:26,056 - DEBUG - DNS解析重试中 us.616049.xyz: [Errno -5] No address associated with hostname
2026-09-16 02:03:27,131 - DEBUG - DNS解析重试中 us.616049.xyz: [Errno -5] No address associated with hostname
2026-09-16 02:03:28,132 - WARNING - [us.616049.xyz (LAX)] ├─ 无有效DNS记录，触发紧急更新
2026-09-16 02:16:04,658 - ERROR - CFST更新失败: None
2026-09-16 02:16:04,658 - INFO - --------------------------------------------------
2026-09-16 02:16:04,658 - INFO - [de.616049.xyz (FRA)] 开始处理节点维护
2026-09-16 02:16:04,727 - DEBUG - DNS解析重试中 de.616049.xyz: [Errno -5] No address associated with hostname
2026-09-16 02:16:05,773 - DEBUG - DNS解析重试中 de.616049.xyz: [Errno -5] No address associated with hostname
2026-09-16 02:16:06,820 - DEBUG - DNS解析重试中 de.616049.xyz: [Errno -5] No address associated with hostname
2026-09-16 02:16:07,820 - WARNING - [de.616049.xyz (FRA)] ├─ 无有效DNS记录，触发紧急更新
2026-09-16 02:28:49,263 - ERROR - CFST更新失败: None
2026-09-16 02:28:49,267 - DEBUG - Starting new HTTPS connection (1): api.telegram.org:443
2026-09-16 02:28:49,894 - DEBUG - https://api.telegram.org:443 "POST /bot/sendMessage HTTP/1.1" 404 55
