2026-07-30 09:43:26,870 - INFO - 启动维护任务 | 协议类型: IPV4
2026-07-30 09:43:26,870 - INFO - --------------------------------------------------
2026-07-30 09:43:26,870 - INFO - [hk.616049.xyz (HKG)] 开始处理节点维护
2026-07-30 09:43:26,890 - DEBUG - DNS解析重试中 hk.616049.xyz: [Errno -5] No address associated with hostname
2026-07-30 09:43:27,903 - DEBUG - DNS解析重试中 hk.616049.xyz: [Errno -5] No address associated with hostname
2026-07-30 09:43:28,908 - DEBUG - DNS解析重试中 hk.616049.xyz: [Errno -5] No address associated with hostname
2026-07-30 09:43:29,909 - WARNING - [hk.616049.xyz (HKG)] ├─ 无有效DNS记录，触发紧急更新
2026-07-30 09:56:00,381 - ERROR - CFST更新失败: None
2026-07-30 09:56:00,381 - INFO - --------------------------------------------------
2026-07-30 09:56:00,381 - INFO - [us.616049.xyz (LAX)] 开始处理节点维护
2026-07-30 09:56:00,394 - DEBUG - DNS解析重试中 us.616049.xyz: [Errno -5] No address associated with hostname
2026-07-30 09:56:01,432 - DEBUG - DNS解析重试中 us.616049.xyz: [Errno -5] No address associated with hostname
2026-07-30 09:56:02,439 - DEBUG - DNS解析重试中 us.616049.xyz: [Errno -5] No address associated with hostname
2026-07-30 09:56:03,440 - WARNING - [us.616049.xyz (LAX)] ├─ 无有效DNS记录，触发紧急更新
2026-07-30 10:08:32,906 - ERROR - CFST更新失败: None
2026-07-30 10:08:32,907 - INFO - --------------------------------------------------
2026-07-30 10:08:32,907 - INFO - [de.616049.xyz (FRA)] 开始处理节点维护
2026-07-30 10:08:32,926 - DEBUG - DNS解析重试中 de.616049.xyz: [Errno -5] No address associated with hostname
2026-07-30 10:08:33,943 - DEBUG - DNS解析重试中 de.616049.xyz: [Errno -5] No address associated with hostname
2026-07-30 10:08:34,970 - DEBUG - DNS解析重试中 de.616049.xyz: [Errno -5] No address associated with hostname
2026-07-30 10:08:35,971 - WARNING - [de.616049.xyz (FRA)] ├─ 无有效DNS记录，触发紧急更新
2026-07-30 10:21:06,559 - ERROR - CFST更新失败: None
2026-07-30 10:21:06,562 - DEBUG - Starting new HTTPS connection (1): api.telegram.org:443
2026-07-30 10:21:06,839 - DEBUG - https://api.telegram.org:443 "POST /bot/sendMessage HTTP/1.1" 404 55
