2026-08-23 18:14:27,920 - INFO - 启动维护任务 | 协议类型: IPV4
2026-08-23 18:14:27,920 - INFO - --------------------------------------------------
2026-08-23 18:14:27,920 - INFO - [hk.616049.xyz (HKG)] 开始处理节点维护
2026-08-23 18:14:27,965 - DEBUG - DNS解析重试中 hk.616049.xyz: [Errno -5] No address associated with hostname
2026-08-23 18:14:28,985 - DEBUG - DNS解析重试中 hk.616049.xyz: [Errno -5] No address associated with hostname
2026-08-23 18:14:30,026 - DEBUG - DNS解析重试中 hk.616049.xyz: [Errno -5] No address associated with hostname
2026-08-23 18:14:31,027 - WARNING - [hk.616049.xyz (HKG)] ├─ 无有效DNS记录，触发紧急更新
2026-08-23 18:27:06,709 - ERROR - CFST更新失败: None
2026-08-23 18:27:06,709 - INFO - --------------------------------------------------
2026-08-23 18:27:06,709 - INFO - [us.616049.xyz (LAX)] 开始处理节点维护
2026-08-23 18:27:06,728 - DEBUG - DNS解析重试中 us.616049.xyz: [Errno -5] No address associated with hostname
2026-08-23 18:27:07,758 - DEBUG - DNS解析重试中 us.616049.xyz: [Errno -5] No address associated with hostname
2026-08-23 18:27:08,783 - DEBUG - DNS解析重试中 us.616049.xyz: [Errno -5] No address associated with hostname
2026-08-23 18:27:09,784 - WARNING - [us.616049.xyz (LAX)] ├─ 无有效DNS记录，触发紧急更新
2026-08-23 18:39:45,091 - ERROR - CFST更新失败: None
2026-08-23 18:39:45,091 - INFO - --------------------------------------------------
2026-08-23 18:39:45,091 - INFO - [de.616049.xyz (FRA)] 开始处理节点维护
2026-08-23 18:39:45,111 - DEBUG - DNS解析重试中 de.616049.xyz: [Errno -5] No address associated with hostname
2026-08-23 18:39:46,136 - DEBUG - DNS解析重试中 de.616049.xyz: [Errno -5] No address associated with hostname
2026-08-23 18:39:47,415 - DEBUG - DNS解析重试中 de.616049.xyz: [Errno -5] No address associated with hostname
2026-08-23 18:39:48,416 - WARNING - [de.616049.xyz (FRA)] ├─ 无有效DNS记录，触发紧急更新
2026-08-23 18:52:23,164 - ERROR - CFST更新失败: None
2026-08-23 18:52:23,168 - DEBUG - Starting new HTTPS connection (1): api.telegram.org:443
2026-08-23 18:52:23,455 - DEBUG - https://api.telegram.org:443 "POST /bot/sendMessage HTTP/1.1" 404 55
