2026-08-11 11:27:18,966 - INFO - 启动维护任务 | 协议类型: IPV4
2026-08-11 11:27:18,966 - INFO - --------------------------------------------------
2026-08-11 11:27:18,966 - INFO - [hk.616049.xyz (HKG)] 开始处理节点维护
2026-08-11 11:27:18,978 - DEBUG - DNS解析重试中 hk.616049.xyz: [Errno -5] No address associated with hostname
2026-08-11 11:27:20,080 - DEBUG - DNS解析重试中 hk.616049.xyz: [Errno -5] No address associated with hostname
2026-08-11 11:27:21,095 - DEBUG - DNS解析重试中 hk.616049.xyz: [Errno -5] No address associated with hostname
2026-08-11 11:27:22,096 - WARNING - [hk.616049.xyz (HKG)] ├─ 无有效DNS记录，触发紧急更新
2026-08-11 11:39:40,833 - ERROR - CFST更新失败: None
2026-08-11 11:39:40,833 - INFO - --------------------------------------------------
2026-08-11 11:39:40,834 - INFO - [us.616049.xyz (LAX)] 开始处理节点维护
2026-08-11 11:39:40,846 - DEBUG - DNS解析重试中 us.616049.xyz: [Errno -5] No address associated with hostname
2026-08-11 11:39:41,877 - DEBUG - DNS解析重试中 us.616049.xyz: [Errno -5] No address associated with hostname
2026-08-11 11:39:42,896 - DEBUG - DNS解析重试中 us.616049.xyz: [Errno -5] No address associated with hostname
2026-08-11 11:39:43,897 - WARNING - [us.616049.xyz (LAX)] ├─ 无有效DNS记录，触发紧急更新
2026-08-11 11:51:56,782 - ERROR - CFST更新失败: None
2026-08-11 11:51:56,782 - INFO - --------------------------------------------------
2026-08-11 11:51:56,782 - INFO - [de.616049.xyz (FRA)] 开始处理节点维护
2026-08-11 11:51:56,803 - DEBUG - DNS解析重试中 de.616049.xyz: [Errno -5] No address associated with hostname
2026-08-11 11:51:57,821 - DEBUG - DNS解析重试中 de.616049.xyz: [Errno -5] No address associated with hostname
2026-08-11 11:51:58,842 - DEBUG - DNS解析重试中 de.616049.xyz: [Errno -5] No address associated with hostname
2026-08-11 11:51:59,844 - WARNING - [de.616049.xyz (FRA)] ├─ 无有效DNS记录，触发紧急更新
2026-08-11 12:04:17,331 - ERROR - CFST更新失败: None
2026-08-11 12:04:17,334 - DEBUG - Starting new HTTPS connection (1): api.telegram.org:443
2026-08-11 12:04:17,773 - DEBUG - https://api.telegram.org:443 "POST /bot/sendMessage HTTP/1.1" 404 55
