2026-08-19 02:24:25,815 - INFO - 启动维护任务 | 协议类型: IPV4
2026-08-19 02:24:25,815 - INFO - --------------------------------------------------
2026-08-19 02:24:25,815 - INFO - [hk.616049.xyz (HKG)] 开始处理节点维护
2026-08-19 02:24:25,857 - DEBUG - DNS解析重试中 hk.616049.xyz: [Errno -5] No address associated with hostname
2026-08-19 02:24:26,910 - DEBUG - DNS解析重试中 hk.616049.xyz: [Errno -5] No address associated with hostname
2026-08-19 02:24:27,988 - DEBUG - DNS解析重试中 hk.616049.xyz: [Errno -5] No address associated with hostname
2026-08-19 02:24:28,990 - WARNING - [hk.616049.xyz (HKG)] ├─ 无有效DNS记录，触发紧急更新
2026-08-19 02:36:39,505 - ERROR - CFST更新失败: None
2026-08-19 02:36:39,505 - INFO - --------------------------------------------------
2026-08-19 02:36:39,505 - INFO - [us.616049.xyz (LAX)] 开始处理节点维护
2026-08-19 02:36:39,580 - DEBUG - DNS解析重试中 us.616049.xyz: [Errno -5] No address associated with hostname
2026-08-19 02:36:40,628 - DEBUG - DNS解析重试中 us.616049.xyz: [Errno -5] No address associated with hostname
2026-08-19 02:36:41,657 - DEBUG - DNS解析重试中 us.616049.xyz: [Errno -5] No address associated with hostname
2026-08-19 02:36:42,658 - WARNING - [us.616049.xyz (LAX)] ├─ 无有效DNS记录，触发紧急更新
2026-08-19 02:48:53,021 - ERROR - CFST更新失败: None
2026-08-19 02:48:53,021 - INFO - --------------------------------------------------
2026-08-19 02:48:53,021 - INFO - [de.616049.xyz (FRA)] 开始处理节点维护
2026-08-19 02:48:53,089 - DEBUG - DNS解析重试中 de.616049.xyz: [Errno -5] No address associated with hostname
2026-08-19 02:48:54,146 - DEBUG - DNS解析重试中 de.616049.xyz: [Errno -5] No address associated with hostname
2026-08-19 02:48:55,198 - DEBUG - DNS解析重试中 de.616049.xyz: [Errno -5] No address associated with hostname
2026-08-19 02:48:56,199 - WARNING - [de.616049.xyz (FRA)] ├─ 无有效DNS记录，触发紧急更新
2026-08-19 03:01:06,677 - ERROR - CFST更新失败: None
2026-08-19 03:01:06,680 - DEBUG - Starting new HTTPS connection (1): api.telegram.org:443
2026-08-19 03:01:07,019 - DEBUG - https://api.telegram.org:443 "POST /bot/sendMessage HTTP/1.1" 404 55
