2026-09-18 10:26:37,697 - INFO - 启动维护任务 | 协议类型: IPV4
2026-09-18 10:26:37,697 - INFO - --------------------------------------------------
2026-09-18 10:26:37,697 - INFO - [hk.616049.xyz (HKG)] 开始处理节点维护
2026-09-18 10:26:37,755 - DEBUG - DNS解析重试中 hk.616049.xyz: [Errno -5] No address associated with hostname
2026-09-18 10:26:38,765 - DEBUG - DNS解析重试中 hk.616049.xyz: [Errno -5] No address associated with hostname
2026-09-18 10:26:39,818 - DEBUG - DNS解析重试中 hk.616049.xyz: [Errno -5] No address associated with hostname
2026-09-18 10:26:40,819 - WARNING - [hk.616049.xyz (HKG)] ├─ 无有效DNS记录，触发紧急更新
2026-09-18 10:39:18,840 - ERROR - CFST更新失败: None
2026-09-18 10:39:18,841 - INFO - --------------------------------------------------
2026-09-18 10:39:18,841 - INFO - [us.616049.xyz (LAX)] 开始处理节点维护
2026-09-18 10:39:18,912 - DEBUG - DNS解析重试中 us.616049.xyz: [Errno -5] No address associated with hostname
2026-09-18 10:39:19,976 - DEBUG - DNS解析重试中 us.616049.xyz: [Errno -5] No address associated with hostname
2026-09-18 10:39:20,996 - DEBUG - DNS解析重试中 us.616049.xyz: [Errno -5] No address associated with hostname
2026-09-18 10:39:21,998 - WARNING - [us.616049.xyz (LAX)] ├─ 无有效DNS记录，触发紧急更新
2026-09-18 10:51:59,479 - ERROR - CFST更新失败: None
2026-09-18 10:51:59,479 - INFO - --------------------------------------------------
2026-09-18 10:51:59,479 - INFO - [de.616049.xyz (FRA)] 开始处理节点维护
2026-09-18 10:51:59,539 - DEBUG - DNS解析重试中 de.616049.xyz: [Errno -5] No address associated with hostname
2026-09-18 10:52:00,600 - DEBUG - DNS解析重试中 de.616049.xyz: [Errno -5] No address associated with hostname
2026-09-18 10:52:01,609 - DEBUG - DNS解析重试中 de.616049.xyz: [Errno -5] No address associated with hostname
2026-09-18 10:52:02,610 - WARNING - [de.616049.xyz (FRA)] ├─ 无有效DNS记录，触发紧急更新
2026-09-18 11:04:40,149 - ERROR - CFST更新失败: None
2026-09-18 11:04:40,153 - DEBUG - Starting new HTTPS connection (1): api.telegram.org:443
2026-09-18 11:04:40,520 - DEBUG - https://api.telegram.org:443 "POST /bot/sendMessage HTTP/1.1" 404 55
