2026-08-30 22:35:23,412 - INFO - 启动维护任务 | 协议类型: IPV4
2026-08-30 22:35:23,412 - INFO - --------------------------------------------------
2026-08-30 22:35:23,412 - INFO - [hk.616049.xyz (HKG)] 开始处理节点维护
2026-08-30 22:35:23,429 - DEBUG - DNS解析重试中 hk.616049.xyz: [Errno -5] No address associated with hostname
2026-08-30 22:35:24,450 - DEBUG - DNS解析重试中 hk.616049.xyz: [Errno -5] No address associated with hostname
2026-08-30 22:35:25,467 - DEBUG - DNS解析重试中 hk.616049.xyz: [Errno -5] No address associated with hostname
2026-08-30 22:35:26,468 - WARNING - [hk.616049.xyz (HKG)] ├─ 无有效DNS记录，触发紧急更新
2026-08-30 22:47:56,893 - ERROR - CFST更新失败: None
2026-08-30 22:47:56,893 - INFO - --------------------------------------------------
2026-08-30 22:47:56,894 - INFO - [us.616049.xyz (LAX)] 开始处理节点维护
2026-08-30 22:47:56,907 - DEBUG - DNS解析重试中 us.616049.xyz: [Errno -5] No address associated with hostname
2026-08-30 22:47:57,921 - DEBUG - DNS解析重试中 us.616049.xyz: [Errno -5] No address associated with hostname
2026-08-30 22:47:58,944 - DEBUG - DNS解析重试中 us.616049.xyz: [Errno -5] No address associated with hostname
2026-08-30 22:47:59,945 - WARNING - [us.616049.xyz (LAX)] ├─ 无有效DNS记录，触发紧急更新
2026-08-30 23:00:30,334 - ERROR - CFST更新失败: None
2026-08-30 23:00:30,334 - INFO - --------------------------------------------------
2026-08-30 23:00:30,334 - INFO - [de.616049.xyz (FRA)] 开始处理节点维护
2026-08-30 23:00:30,367 - DEBUG - DNS解析重试中 de.616049.xyz: [Errno -5] No address associated with hostname
2026-08-30 23:00:31,389 - DEBUG - DNS解析重试中 de.616049.xyz: [Errno -5] No address associated with hostname
2026-08-30 23:00:32,402 - DEBUG - DNS解析重试中 de.616049.xyz: [Errno -5] No address associated with hostname
2026-08-30 23:00:33,403 - WARNING - [de.616049.xyz (FRA)] ├─ 无有效DNS记录，触发紧急更新
2026-08-30 23:13:04,663 - ERROR - CFST更新失败: None
2026-08-30 23:13:04,667 - DEBUG - Starting new HTTPS connection (1): api.telegram.org:443
2026-08-30 23:13:04,948 - DEBUG - https://api.telegram.org:443 "POST /bot/sendMessage HTTP/1.1" 404 55
