2026-08-02 04:40:51,448 - INFO - 启动维护任务 | 协议类型: IPV4
2026-08-02 04:40:51,448 - INFO - --------------------------------------------------
2026-08-02 04:40:51,448 - INFO - [hk.616049.xyz (HKG)] 开始处理节点维护
2026-08-02 04:40:51,488 - DEBUG - DNS解析重试中 hk.616049.xyz: [Errno -5] No address associated with hostname
2026-08-02 04:40:52,527 - DEBUG - DNS解析重试中 hk.616049.xyz: [Errno -5] No address associated with hostname
2026-08-02 04:40:53,573 - DEBUG - DNS解析重试中 hk.616049.xyz: [Errno -5] No address associated with hostname
2026-08-02 04:40:54,575 - WARNING - [hk.616049.xyz (HKG)] ├─ 无有效DNS记录，触发紧急更新
2026-08-02 04:53:25,930 - ERROR - CFST更新失败: None
2026-08-02 04:53:25,931 - INFO - --------------------------------------------------
2026-08-02 04:53:25,931 - INFO - [us.616049.xyz (LAX)] 开始处理节点维护
2026-08-02 04:53:25,966 - DEBUG - DNS解析重试中 us.616049.xyz: [Errno -5] No address associated with hostname
2026-08-02 04:53:27,003 - DEBUG - DNS解析重试中 us.616049.xyz: [Errno -5] No address associated with hostname
2026-08-02 04:53:28,042 - DEBUG - DNS解析重试中 us.616049.xyz: [Errno -5] No address associated with hostname
2026-08-02 04:53:29,044 - WARNING - [us.616049.xyz (LAX)] ├─ 无有效DNS记录，触发紧急更新
2026-08-02 05:06:00,010 - ERROR - CFST更新失败: None
2026-08-02 05:06:00,011 - INFO - --------------------------------------------------
2026-08-02 05:06:00,011 - INFO - [de.616049.xyz (FRA)] 开始处理节点维护
2026-08-02 05:06:00,052 - DEBUG - DNS解析重试中 de.616049.xyz: [Errno -5] No address associated with hostname
2026-08-02 05:06:01,090 - DEBUG - DNS解析重试中 de.616049.xyz: [Errno -5] No address associated with hostname
2026-08-02 05:06:02,126 - DEBUG - DNS解析重试中 de.616049.xyz: [Errno -5] No address associated with hostname
2026-08-02 05:06:03,127 - WARNING - [de.616049.xyz (FRA)] ├─ 无有效DNS记录，触发紧急更新
2026-08-02 05:18:35,115 - ERROR - CFST更新失败: None
2026-08-02 05:18:35,118 - DEBUG - Starting new HTTPS connection (1): api.telegram.org:443
2026-08-02 05:18:35,626 - DEBUG - https://api.telegram.org:443 "POST /bot/sendMessage HTTP/1.1" 404 55
