2026-09-20 05:58:23,448 - INFO - 启动维护任务 | 协议类型: IPV4
2026-09-20 05:58:23,448 - INFO - --------------------------------------------------
2026-09-20 05:58:23,448 - INFO - [hk.616049.xyz (HKG)] 开始处理节点维护
2026-09-20 05:58:23,472 - DEBUG - DNS解析重试中 hk.616049.xyz: [Errno -5] No address associated with hostname
2026-09-20 05:58:24,507 - DEBUG - DNS解析重试中 hk.616049.xyz: [Errno -5] No address associated with hostname
2026-09-20 05:58:25,529 - DEBUG - DNS解析重试中 hk.616049.xyz: [Errno -5] No address associated with hostname
2026-09-20 05:58:26,530 - WARNING - [hk.616049.xyz (HKG)] ├─ 无有效DNS记录，触发紧急更新
2026-09-20 06:11:05,387 - ERROR - CFST更新失败: None
2026-09-20 06:11:05,387 - INFO - --------------------------------------------------
2026-09-20 06:11:05,388 - INFO - [us.616049.xyz (LAX)] 开始处理节点维护
2026-09-20 06:11:05,416 - DEBUG - DNS解析重试中 us.616049.xyz: [Errno -5] No address associated with hostname
2026-09-20 06:11:06,431 - DEBUG - DNS解析重试中 us.616049.xyz: [Errno -5] No address associated with hostname
2026-09-20 06:11:07,455 - DEBUG - DNS解析重试中 us.616049.xyz: [Errno -5] No address associated with hostname
2026-09-20 06:11:08,457 - WARNING - [us.616049.xyz (LAX)] ├─ 无有效DNS记录，触发紧急更新
2026-09-20 06:23:49,956 - ERROR - CFST更新失败: None
2026-09-20 06:23:49,957 - INFO - --------------------------------------------------
2026-09-20 06:23:49,957 - INFO - [de.616049.xyz (FRA)] 开始处理节点维护
2026-09-20 06:23:49,972 - DEBUG - DNS解析重试中 de.616049.xyz: [Errno -5] No address associated with hostname
2026-09-20 06:23:51,004 - DEBUG - DNS解析重试中 de.616049.xyz: [Errno -5] No address associated with hostname
2026-09-20 06:23:52,020 - DEBUG - DNS解析重试中 de.616049.xyz: [Errno -5] No address associated with hostname
2026-09-20 06:23:53,021 - WARNING - [de.616049.xyz (FRA)] ├─ 无有效DNS记录，触发紧急更新
2026-09-20 06:36:32,940 - ERROR - CFST更新失败: None
2026-09-20 06:36:32,945 - DEBUG - Starting new HTTPS connection (1): api.telegram.org:443
2026-09-20 06:36:33,237 - DEBUG - https://api.telegram.org:443 "POST /bot/sendMessage HTTP/1.1" 404 55
