2026-08-30 17:36:26,751 - INFO - 启动维护任务 | 协议类型: IPV4
2026-08-30 17:36:26,751 - INFO - --------------------------------------------------
2026-08-30 17:36:26,751 - INFO - [hk.616049.xyz (HKG)] 开始处理节点维护
2026-08-30 17:36:26,793 - DEBUG - DNS解析重试中 hk.616049.xyz: [Errno -5] No address associated with hostname
2026-08-30 17:36:27,838 - DEBUG - DNS解析重试中 hk.616049.xyz: [Errno -5] No address associated with hostname
2026-08-30 17:36:28,874 - DEBUG - DNS解析重试中 hk.616049.xyz: [Errno -5] No address associated with hostname
2026-08-30 17:36:29,875 - WARNING - [hk.616049.xyz (HKG)] ├─ 无有效DNS记录，触发紧急更新
2026-08-30 17:49:00,719 - ERROR - CFST更新失败: None
2026-08-30 17:49:00,719 - INFO - --------------------------------------------------
2026-08-30 17:49:00,719 - INFO - [us.616049.xyz (LAX)] 开始处理节点维护
2026-08-30 17:49:00,758 - DEBUG - DNS解析重试中 us.616049.xyz: [Errno -5] No address associated with hostname
2026-08-30 17:49:01,765 - DEBUG - DNS解析重试中 us.616049.xyz: [Errno -5] No address associated with hostname
2026-08-30 17:49:02,808 - DEBUG - DNS解析重试中 us.616049.xyz: [Errno -5] No address associated with hostname
2026-08-30 17:49:03,809 - WARNING - [us.616049.xyz (LAX)] ├─ 无有效DNS记录，触发紧急更新
2026-08-30 18:01:34,608 - ERROR - CFST更新失败: None
2026-08-30 18:01:34,609 - INFO - --------------------------------------------------
2026-08-30 18:01:34,609 - INFO - [de.616049.xyz (FRA)] 开始处理节点维护
2026-08-30 18:01:34,654 - DEBUG - DNS解析重试中 de.616049.xyz: [Errno -5] No address associated with hostname
2026-08-30 18:01:35,683 - DEBUG - DNS解析重试中 de.616049.xyz: [Errno -5] No address associated with hostname
2026-08-30 18:01:36,716 - DEBUG - DNS解析重试中 de.616049.xyz: [Errno -5] No address associated with hostname
2026-08-30 18:01:37,717 - WARNING - [de.616049.xyz (FRA)] ├─ 无有效DNS记录，触发紧急更新
2026-08-30 18:14:09,282 - ERROR - CFST更新失败: None
2026-08-30 18:14:09,285 - DEBUG - Starting new HTTPS connection (1): api.telegram.org:443
2026-08-30 18:14:09,594 - DEBUG - https://api.telegram.org:443 "POST /bot/sendMessage HTTP/1.1" 404 55
