2026-08-02 21:02:17,474 - INFO - 启动维护任务 | 协议类型: IPV4
2026-08-02 21:02:17,475 - INFO - --------------------------------------------------
2026-08-02 21:02:17,475 - INFO - [hk.616049.xyz (HKG)] 开始处理节点维护
2026-08-02 21:02:17,524 - DEBUG - DNS解析重试中 hk.616049.xyz: [Errno -5] No address associated with hostname
2026-08-02 21:02:18,584 - DEBUG - DNS解析重试中 hk.616049.xyz: [Errno -5] No address associated with hostname
2026-08-02 21:02:19,650 - DEBUG - DNS解析重试中 hk.616049.xyz: [Errno -5] No address associated with hostname
2026-08-02 21:02:20,651 - WARNING - [hk.616049.xyz (HKG)] ├─ 无有效DNS记录，触发紧急更新
2026-08-02 21:14:40,982 - ERROR - CFST更新失败: None
2026-08-02 21:14:40,982 - INFO - --------------------------------------------------
2026-08-02 21:14:40,982 - INFO - [us.616049.xyz (LAX)] 开始处理节点维护
2026-08-02 21:14:41,048 - DEBUG - DNS解析重试中 us.616049.xyz: [Errno -5] No address associated with hostname
2026-08-02 21:14:42,107 - DEBUG - DNS解析重试中 us.616049.xyz: [Errno -5] No address associated with hostname
2026-08-02 21:14:43,176 - DEBUG - DNS解析重试中 us.616049.xyz: [Errno -5] No address associated with hostname
2026-08-02 21:14:44,177 - WARNING - [us.616049.xyz (LAX)] ├─ 无有效DNS记录，触发紧急更新
2026-08-02 21:27:02,849 - ERROR - CFST更新失败: None
2026-08-02 21:27:02,849 - INFO - --------------------------------------------------
2026-08-02 21:27:02,849 - INFO - [de.616049.xyz (FRA)] 开始处理节点维护
2026-08-02 21:27:02,913 - DEBUG - DNS解析重试中 de.616049.xyz: [Errno -5] No address associated with hostname
2026-08-02 21:27:03,964 - DEBUG - DNS解析重试中 de.616049.xyz: [Errno -5] No address associated with hostname
2026-08-02 21:27:05,021 - DEBUG - DNS解析重试中 de.616049.xyz: [Errno -5] No address associated with hostname
2026-08-02 21:27:06,022 - WARNING - [de.616049.xyz (FRA)] ├─ 无有效DNS记录，触发紧急更新
2026-08-02 21:39:29,514 - ERROR - CFST更新失败: None
2026-08-02 21:39:29,517 - DEBUG - Starting new HTTPS connection (1): api.telegram.org:443
2026-08-02 21:39:29,872 - DEBUG - https://api.telegram.org:443 "POST /bot/sendMessage HTTP/1.1" 404 55
