2026-07-25 03:14:00,091 - INFO - 启动维护任务 | 协议类型: IPV4
2026-07-25 03:14:00,091 - INFO - --------------------------------------------------
2026-07-25 03:14:00,091 - INFO - [hk.616049.xyz (HKG)] 开始处理节点维护
2026-07-25 03:14:00,102 - DEBUG - DNS解析重试中 hk.616049.xyz: [Errno -5] No address associated with hostname
2026-07-25 03:14:01,130 - DEBUG - DNS解析重试中 hk.616049.xyz: [Errno -5] No address associated with hostname
2026-07-25 03:14:02,157 - DEBUG - DNS解析重试中 hk.616049.xyz: [Errno -5] No address associated with hostname
2026-07-25 03:14:03,158 - WARNING - [hk.616049.xyz (HKG)] ├─ 无有效DNS记录，触发紧急更新
2026-07-25 03:26:34,330 - ERROR - CFST更新失败: None
2026-07-25 03:26:34,330 - INFO - --------------------------------------------------
2026-07-25 03:26:34,330 - INFO - [us.616049.xyz (LAX)] 开始处理节点维护
2026-07-25 03:26:34,342 - DEBUG - DNS解析重试中 us.616049.xyz: [Errno -5] No address associated with hostname
2026-07-25 03:26:35,356 - DEBUG - DNS解析重试中 us.616049.xyz: [Errno -5] No address associated with hostname
2026-07-25 03:26:36,373 - DEBUG - DNS解析重试中 us.616049.xyz: [Errno -5] No address associated with hostname
2026-07-25 03:26:37,375 - WARNING - [us.616049.xyz (LAX)] ├─ 无有效DNS记录，触发紧急更新
2026-07-25 03:39:08,772 - ERROR - CFST更新失败: None
2026-07-25 03:39:08,772 - INFO - --------------------------------------------------
2026-07-25 03:39:08,772 - INFO - [de.616049.xyz (FRA)] 开始处理节点维护
2026-07-25 03:39:08,800 - DEBUG - DNS解析重试中 de.616049.xyz: [Errno -5] No address associated with hostname
2026-07-25 03:39:09,812 - DEBUG - DNS解析重试中 de.616049.xyz: [Errno -5] No address associated with hostname
2026-07-25 03:39:10,825 - DEBUG - DNS解析重试中 de.616049.xyz: [Errno -5] No address associated with hostname
2026-07-25 03:39:11,827 - WARNING - [de.616049.xyz (FRA)] ├─ 无有效DNS记录，触发紧急更新
2026-07-25 03:51:43,154 - ERROR - CFST更新失败: None
2026-07-25 03:51:43,157 - DEBUG - Starting new HTTPS connection (1): api.telegram.org:443
2026-07-25 03:51:43,603 - DEBUG - https://api.telegram.org:443 "POST /bot/sendMessage HTTP/1.1" 404 55
