2026-08-12 15:11:18,286 - INFO - 启动维护任务 | 协议类型: IPV4
2026-08-12 15:11:18,287 - INFO - --------------------------------------------------
2026-08-12 15:11:18,287 - INFO - [hk.616049.xyz (HKG)] 开始处理节点维护
2026-08-12 15:11:18,302 - DEBUG - DNS解析重试中 hk.616049.xyz: [Errno -5] No address associated with hostname
2026-08-12 15:11:19,332 - DEBUG - DNS解析重试中 hk.616049.xyz: [Errno -5] No address associated with hostname
2026-08-12 15:11:20,354 - DEBUG - DNS解析重试中 hk.616049.xyz: [Errno -5] No address associated with hostname
2026-08-12 15:11:21,355 - WARNING - [hk.616049.xyz (HKG)] ├─ 无有效DNS记录，触发紧急更新
2026-08-12 15:23:53,790 - ERROR - CFST更新失败: None
2026-08-12 15:23:53,791 - INFO - --------------------------------------------------
2026-08-12 15:23:53,791 - INFO - [us.616049.xyz (LAX)] 开始处理节点维护
2026-08-12 15:23:53,803 - DEBUG - DNS解析重试中 us.616049.xyz: [Errno -5] No address associated with hostname
2026-08-12 15:23:54,817 - DEBUG - DNS解析重试中 us.616049.xyz: [Errno -5] No address associated with hostname
2026-08-12 15:23:55,834 - DEBUG - DNS解析重试中 us.616049.xyz: [Errno -5] No address associated with hostname
2026-08-12 15:23:56,836 - WARNING - [us.616049.xyz (LAX)] ├─ 无有效DNS记录，触发紧急更新
2026-08-12 15:36:27,939 - ERROR - CFST更新失败: None
2026-08-12 15:36:27,939 - INFO - --------------------------------------------------
2026-08-12 15:36:27,939 - INFO - [de.616049.xyz (FRA)] 开始处理节点维护
2026-08-12 15:36:27,967 - DEBUG - DNS解析重试中 de.616049.xyz: [Errno -5] No address associated with hostname
2026-08-12 15:36:28,973 - DEBUG - DNS解析重试中 de.616049.xyz: [Errno -5] No address associated with hostname
2026-08-12 15:36:29,984 - DEBUG - DNS解析重试中 de.616049.xyz: [Errno -5] No address associated with hostname
2026-08-12 15:36:30,985 - WARNING - [de.616049.xyz (FRA)] ├─ 无有效DNS记录，触发紧急更新
2026-08-12 15:49:02,416 - ERROR - CFST更新失败: None
2026-08-12 15:49:02,420 - DEBUG - Starting new HTTPS connection (1): api.telegram.org:443
2026-08-12 15:49:02,922 - DEBUG - https://api.telegram.org:443 "POST /bot/sendMessage HTTP/1.1" 404 55
