2026-08-02 00:51:31,327 - INFO - 启动维护任务 | 协议类型: IPV4
2026-08-02 00:51:31,327 - INFO - --------------------------------------------------
2026-08-02 00:51:31,327 - INFO - [hk.616049.xyz (HKG)] 开始处理节点维护
2026-08-02 00:51:31,345 - DEBUG - DNS解析重试中 hk.616049.xyz: [Errno -5] No address associated with hostname
2026-08-02 00:51:32,384 - DEBUG - DNS解析重试中 hk.616049.xyz: [Errno -5] No address associated with hostname
2026-08-02 00:51:33,393 - DEBUG - DNS解析重试中 hk.616049.xyz: [Errno -5] No address associated with hostname
2026-08-02 00:51:34,394 - WARNING - [hk.616049.xyz (HKG)] ├─ 无有效DNS记录，触发紧急更新
2026-08-02 01:04:09,414 - ERROR - CFST更新失败: None
2026-08-02 01:04:09,414 - INFO - --------------------------------------------------
2026-08-02 01:04:09,414 - INFO - [us.616049.xyz (LAX)] 开始处理节点维护
2026-08-02 01:04:09,440 - DEBUG - DNS解析重试中 us.616049.xyz: [Errno -5] No address associated with hostname
2026-08-02 01:04:10,483 - DEBUG - DNS解析重试中 us.616049.xyz: [Errno -5] No address associated with hostname
2026-08-02 01:04:11,491 - DEBUG - DNS解析重试中 us.616049.xyz: [Errno -5] No address associated with hostname
2026-08-02 01:04:12,492 - WARNING - [us.616049.xyz (LAX)] ├─ 无有效DNS记录，触发紧急更新
2026-08-02 01:16:47,139 - ERROR - CFST更新失败: None
2026-08-02 01:16:47,140 - INFO - --------------------------------------------------
2026-08-02 01:16:47,140 - INFO - [de.616049.xyz (FRA)] 开始处理节点维护
2026-08-02 01:16:47,170 - DEBUG - DNS解析重试中 de.616049.xyz: [Errno -5] No address associated with hostname
2026-08-02 01:16:48,190 - DEBUG - DNS解析重试中 de.616049.xyz: [Errno -5] No address associated with hostname
2026-08-02 01:16:49,213 - DEBUG - DNS解析重试中 de.616049.xyz: [Errno -5] No address associated with hostname
2026-08-02 01:16:50,213 - WARNING - [de.616049.xyz (FRA)] ├─ 无有效DNS记录，触发紧急更新
2026-08-02 01:29:31,706 - ERROR - CFST更新失败: None
2026-08-02 01:29:31,710 - DEBUG - Starting new HTTPS connection (1): api.telegram.org:443
2026-08-02 01:29:31,997 - DEBUG - https://api.telegram.org:443 "POST /bot/sendMessage HTTP/1.1" 404 55
