2026-08-13 20:50:40,084 - INFO - 启动维护任务 | 协议类型: IPV4
2026-08-13 20:50:40,084 - INFO - --------------------------------------------------
2026-08-13 20:50:40,084 - INFO - [hk.616049.xyz (HKG)] 开始处理节点维护
2026-08-13 20:50:40,128 - DEBUG - DNS解析重试中 hk.616049.xyz: [Errno -5] No address associated with hostname
2026-08-13 20:50:41,174 - DEBUG - DNS解析重试中 hk.616049.xyz: [Errno -5] No address associated with hostname
2026-08-13 20:50:42,212 - DEBUG - DNS解析重试中 hk.616049.xyz: [Errno -5] No address associated with hostname
2026-08-13 20:50:43,214 - WARNING - [hk.616049.xyz (HKG)] ├─ 无有效DNS记录，触发紧急更新
2026-08-13 21:03:15,567 - ERROR - CFST更新失败: None
2026-08-13 21:03:15,568 - INFO - --------------------------------------------------
2026-08-13 21:03:15,568 - INFO - [us.616049.xyz (LAX)] 开始处理节点维护
2026-08-13 21:03:15,622 - DEBUG - DNS解析重试中 us.616049.xyz: [Errno -5] No address associated with hostname
2026-08-13 21:03:16,648 - DEBUG - DNS解析重试中 us.616049.xyz: [Errno -5] No address associated with hostname
2026-08-13 21:03:17,689 - DEBUG - DNS解析重试中 us.616049.xyz: [Errno -5] No address associated with hostname
2026-08-13 21:03:18,690 - WARNING - [us.616049.xyz (LAX)] ├─ 无有效DNS记录，触发紧急更新
2026-08-13 21:15:50,379 - ERROR - CFST更新失败: None
2026-08-13 21:15:50,379 - INFO - --------------------------------------------------
2026-08-13 21:15:50,379 - INFO - [de.616049.xyz (FRA)] 开始处理节点维护
2026-08-13 21:15:50,420 - DEBUG - DNS解析重试中 de.616049.xyz: [Errno -5] No address associated with hostname
2026-08-13 21:15:51,476 - DEBUG - DNS解析重试中 de.616049.xyz: [Errno -5] No address associated with hostname
2026-08-13 21:15:52,520 - DEBUG - DNS解析重试中 de.616049.xyz: [Errno -5] No address associated with hostname
2026-08-13 21:15:53,522 - WARNING - [de.616049.xyz (FRA)] ├─ 无有效DNS记录，触发紧急更新
2026-08-13 21:28:26,184 - ERROR - CFST更新失败: None
2026-08-13 21:28:26,188 - DEBUG - Starting new HTTPS connection (1): api.telegram.org:443
2026-08-13 21:28:26,503 - DEBUG - https://api.telegram.org:443 "POST /bot/sendMessage HTTP/1.1" 404 55
