2026-08-09 22:25:35,302 - INFO - 启动维护任务 | 协议类型: IPV4
2026-08-09 22:25:35,302 - INFO - --------------------------------------------------
2026-08-09 22:25:35,302 - INFO - [hk.616049.xyz (HKG)] 开始处理节点维护
2026-08-09 22:25:35,349 - DEBUG - DNS解析重试中 hk.616049.xyz: [Errno -5] No address associated with hostname
2026-08-09 22:25:36,403 - DEBUG - DNS解析重试中 hk.616049.xyz: [Errno -5] No address associated with hostname
2026-08-09 22:25:37,435 - DEBUG - DNS解析重试中 hk.616049.xyz: [Errno -5] No address associated with hostname
2026-08-09 22:25:38,436 - WARNING - [hk.616049.xyz (HKG)] ├─ 无有效DNS记录，触发紧急更新
2026-08-09 22:38:09,467 - ERROR - CFST更新失败: None
2026-08-09 22:38:09,467 - INFO - --------------------------------------------------
2026-08-09 22:38:09,467 - INFO - [us.616049.xyz (LAX)] 开始处理节点维护
2026-08-09 22:38:09,494 - DEBUG - DNS解析重试中 us.616049.xyz: [Errno -5] No address associated with hostname
2026-08-09 22:38:10,538 - DEBUG - DNS解析重试中 us.616049.xyz: [Errno -5] No address associated with hostname
2026-08-09 22:38:11,598 - DEBUG - DNS解析重试中 us.616049.xyz: [Errno -5] No address associated with hostname
2026-08-09 22:38:12,599 - WARNING - [us.616049.xyz (LAX)] ├─ 无有效DNS记录，触发紧急更新
2026-08-09 22:50:43,065 - ERROR - CFST更新失败: None
2026-08-09 22:50:43,065 - INFO - --------------------------------------------------
2026-08-09 22:50:43,065 - INFO - [de.616049.xyz (FRA)] 开始处理节点维护
2026-08-09 22:50:43,094 - DEBUG - DNS解析重试中 de.616049.xyz: [Errno -5] No address associated with hostname
2026-08-09 22:50:44,131 - DEBUG - DNS解析重试中 de.616049.xyz: [Errno -5] No address associated with hostname
2026-08-09 22:50:45,162 - DEBUG - DNS解析重试中 de.616049.xyz: [Errno -5] No address associated with hostname
2026-08-09 22:50:46,164 - WARNING - [de.616049.xyz (FRA)] ├─ 无有效DNS记录，触发紧急更新
2026-08-09 23:03:17,497 - ERROR - CFST更新失败: None
2026-08-09 23:03:17,501 - DEBUG - Starting new HTTPS connection (1): api.telegram.org:443
2026-08-09 23:03:17,812 - DEBUG - https://api.telegram.org:443 "POST /bot/sendMessage HTTP/1.1" 404 55
