2026-08-07 13:27:47,054 - INFO - 启动维护任务 | 协议类型: IPV4
2026-08-07 13:27:47,055 - INFO - --------------------------------------------------
2026-08-07 13:27:47,055 - INFO - [hk.616049.xyz (HKG)] 开始处理节点维护
2026-08-07 13:27:47,128 - DEBUG - DNS解析重试中 hk.616049.xyz: [Errno -5] No address associated with hostname
2026-08-07 13:27:48,198 - DEBUG - DNS解析重试中 hk.616049.xyz: [Errno -5] No address associated with hostname
2026-08-07 13:27:49,249 - DEBUG - DNS解析重试中 hk.616049.xyz: [Errno -5] No address associated with hostname
2026-08-07 13:27:50,250 - WARNING - [hk.616049.xyz (HKG)] ├─ 无有效DNS记录，触发紧急更新
2026-08-07 13:40:31,826 - ERROR - CFST更新失败: None
2026-08-07 13:40:31,827 - INFO - --------------------------------------------------
2026-08-07 13:40:31,827 - INFO - [us.616049.xyz (LAX)] 开始处理节点维护
2026-08-07 13:40:31,868 - DEBUG - DNS解析重试中 us.616049.xyz: [Errno -5] No address associated with hostname
2026-08-07 13:40:32,910 - DEBUG - DNS解析重试中 us.616049.xyz: [Errno -5] No address associated with hostname
2026-08-07 13:40:34,055 - DEBUG - DNS解析重试中 us.616049.xyz: [Errno -5] No address associated with hostname
2026-08-07 13:40:35,056 - WARNING - [us.616049.xyz (LAX)] ├─ 无有效DNS记录，触发紧急更新
2026-08-07 13:53:17,199 - ERROR - CFST更新失败: None
2026-08-07 13:53:17,199 - INFO - --------------------------------------------------
2026-08-07 13:53:17,199 - INFO - [de.616049.xyz (FRA)] 开始处理节点维护
2026-08-07 13:53:17,248 - DEBUG - DNS解析重试中 de.616049.xyz: [Errno -5] No address associated with hostname
2026-08-07 13:53:18,294 - DEBUG - DNS解析重试中 de.616049.xyz: [Errno -5] No address associated with hostname
2026-08-07 13:53:19,349 - DEBUG - DNS解析重试中 de.616049.xyz: [Errno -5] No address associated with hostname
2026-08-07 13:53:20,350 - WARNING - [de.616049.xyz (FRA)] ├─ 无有效DNS记录，触发紧急更新
2026-08-07 14:06:09,241 - ERROR - CFST更新失败: None
2026-08-07 14:06:09,244 - DEBUG - Starting new HTTPS connection (1): api.telegram.org:443
2026-08-07 14:06:09,592 - DEBUG - https://api.telegram.org:443 "POST /bot/sendMessage HTTP/1.1" 404 55
