2026-09-08 03:30:18,521 - INFO - 启动维护任务 | 协议类型: IPV4
2026-09-08 03:30:18,521 - INFO - --------------------------------------------------
2026-09-08 03:30:18,521 - INFO - [hk.616049.xyz (HKG)] 开始处理节点维护
2026-09-08 03:30:18,584 - DEBUG - DNS解析重试中 hk.616049.xyz: [Errno -5] No address associated with hostname
2026-09-08 03:30:19,668 - DEBUG - DNS解析重试中 hk.616049.xyz: [Errno -5] No address associated with hostname
2026-09-08 03:30:20,730 - DEBUG - DNS解析重试中 hk.616049.xyz: [Errno -5] No address associated with hostname
2026-09-08 03:30:21,732 - WARNING - [hk.616049.xyz (HKG)] ├─ 无有效DNS记录，触发紧急更新
2026-09-08 03:42:58,596 - ERROR - CFST更新失败: None
2026-09-08 03:42:58,596 - INFO - --------------------------------------------------
2026-09-08 03:42:58,596 - INFO - [us.616049.xyz (LAX)] 开始处理节点维护
2026-09-08 03:42:58,673 - DEBUG - DNS解析重试中 us.616049.xyz: [Errno -5] No address associated with hostname
2026-09-08 03:42:59,751 - DEBUG - DNS解析重试中 us.616049.xyz: [Errno -5] No address associated with hostname
2026-09-08 03:43:00,818 - DEBUG - DNS解析重试中 us.616049.xyz: [Errno -5] No address associated with hostname
2026-09-08 03:43:01,819 - WARNING - [us.616049.xyz (LAX)] ├─ 无有效DNS记录，触发紧急更新
2026-09-08 03:55:38,566 - ERROR - CFST更新失败: None
2026-09-08 03:55:38,566 - INFO - --------------------------------------------------
2026-09-08 03:55:38,566 - INFO - [de.616049.xyz (FRA)] 开始处理节点维护
2026-09-08 03:55:38,596 - DEBUG - DNS解析重试中 de.616049.xyz: [Errno -5] No address associated with hostname
2026-09-08 03:55:39,651 - DEBUG - DNS解析重试中 de.616049.xyz: [Errno -5] No address associated with hostname
2026-09-08 03:55:40,683 - DEBUG - DNS解析重试中 de.616049.xyz: [Errno -5] No address associated with hostname
2026-09-08 03:55:41,684 - WARNING - [de.616049.xyz (FRA)] ├─ 无有效DNS记录，触发紧急更新
2026-09-08 04:08:18,882 - ERROR - CFST更新失败: None
2026-09-08 04:08:18,886 - DEBUG - Starting new HTTPS connection (1): api.telegram.org:443
2026-09-08 04:08:19,265 - DEBUG - https://api.telegram.org:443 "POST /bot/sendMessage HTTP/1.1" 404 55
