2026-08-11 22:50:39,700 - INFO - 启动维护任务 | 协议类型: IPV4
2026-08-11 22:50:39,700 - INFO - --------------------------------------------------
2026-08-11 22:50:39,700 - INFO - [hk.616049.xyz (HKG)] 开始处理节点维护
2026-08-11 22:50:39,717 - DEBUG - DNS解析重试中 hk.616049.xyz: [Errno -5] No address associated with hostname
2026-08-11 22:50:40,754 - DEBUG - DNS解析重试中 hk.616049.xyz: [Errno -5] No address associated with hostname
2026-08-11 22:50:41,772 - DEBUG - DNS解析重试中 hk.616049.xyz: [Errno -5] No address associated with hostname
2026-08-11 22:50:42,773 - WARNING - [hk.616049.xyz (HKG)] ├─ 无有效DNS记录，触发紧急更新
2026-08-11 23:03:18,102 - ERROR - CFST更新失败: None
2026-08-11 23:03:18,103 - INFO - --------------------------------------------------
2026-08-11 23:03:18,103 - INFO - [us.616049.xyz (LAX)] 开始处理节点维护
2026-08-11 23:03:18,140 - DEBUG - DNS解析重试中 us.616049.xyz: [Errno -5] No address associated with hostname
2026-08-11 23:03:19,179 - DEBUG - DNS解析重试中 us.616049.xyz: [Errno -5] No address associated with hostname
2026-08-11 23:03:20,214 - DEBUG - DNS解析重试中 us.616049.xyz: [Errno -5] No address associated with hostname
2026-08-11 23:03:21,215 - WARNING - [us.616049.xyz (LAX)] ├─ 无有效DNS记录，触发紧急更新
2026-08-11 23:15:56,510 - ERROR - CFST更新失败: None
2026-08-11 23:15:56,511 - INFO - --------------------------------------------------
2026-08-11 23:15:56,511 - INFO - [de.616049.xyz (FRA)] 开始处理节点维护
2026-08-11 23:15:56,529 - DEBUG - DNS解析重试中 de.616049.xyz: [Errno -5] No address associated with hostname
2026-08-11 23:15:57,546 - DEBUG - DNS解析重试中 de.616049.xyz: [Errno -5] No address associated with hostname
2026-08-11 23:15:58,577 - DEBUG - DNS解析重试中 de.616049.xyz: [Errno -5] No address associated with hostname
2026-08-11 23:15:59,578 - WARNING - [de.616049.xyz (FRA)] ├─ 无有效DNS记录，触发紧急更新
2026-08-11 23:28:34,740 - ERROR - CFST更新失败: None
2026-08-11 23:28:34,744 - DEBUG - Starting new HTTPS connection (1): api.telegram.org:443
2026-08-11 23:28:35,021 - DEBUG - https://api.telegram.org:443 "POST /bot/sendMessage HTTP/1.1" 404 55
