2026-09-22 00:06:31,988 - INFO - 启动维护任务 | 协议类型: IPV4
2026-09-22 00:06:31,988 - INFO - --------------------------------------------------
2026-09-22 00:06:31,989 - INFO - [hk.616049.xyz (HKG)] 开始处理节点维护
2026-09-22 00:06:32,009 - DEBUG - DNS解析重试中 hk.616049.xyz: [Errno -5] No address associated with hostname
2026-09-22 00:06:33,039 - DEBUG - DNS解析重试中 hk.616049.xyz: [Errno -5] No address associated with hostname
2026-09-22 00:06:34,053 - DEBUG - DNS解析重试中 hk.616049.xyz: [Errno -5] No address associated with hostname
2026-09-22 00:06:35,054 - WARNING - [hk.616049.xyz (HKG)] ├─ 无有效DNS记录，触发紧急更新
2026-09-22 00:19:07,130 - ERROR - CFST更新失败: None
2026-09-22 00:19:07,130 - INFO - --------------------------------------------------
2026-09-22 00:19:07,130 - INFO - [us.616049.xyz (LAX)] 开始处理节点维护
2026-09-22 00:19:07,146 - DEBUG - DNS解析重试中 us.616049.xyz: [Errno -5] No address associated with hostname
2026-09-22 00:19:08,173 - DEBUG - DNS解析重试中 us.616049.xyz: [Errno -5] No address associated with hostname
2026-09-22 00:19:09,192 - DEBUG - DNS解析重试中 us.616049.xyz: [Errno -5] No address associated with hostname
2026-09-22 00:19:10,194 - WARNING - [us.616049.xyz (LAX)] ├─ 无有效DNS记录，触发紧急更新
2026-09-22 00:31:41,728 - ERROR - CFST更新失败: None
2026-09-22 00:31:41,728 - INFO - --------------------------------------------------
2026-09-22 00:31:41,728 - INFO - [de.616049.xyz (FRA)] 开始处理节点维护
2026-09-22 00:31:41,744 - DEBUG - DNS解析重试中 de.616049.xyz: [Errno -5] No address associated with hostname
2026-09-22 00:31:42,761 - DEBUG - DNS解析重试中 de.616049.xyz: [Errno -5] No address associated with hostname
2026-09-22 00:31:43,791 - DEBUG - DNS解析重试中 de.616049.xyz: [Errno -5] No address associated with hostname
2026-09-22 00:31:44,793 - WARNING - [de.616049.xyz (FRA)] ├─ 无有效DNS记录，触发紧急更新
2026-09-22 00:44:16,644 - ERROR - CFST更新失败: None
2026-09-22 00:44:16,647 - DEBUG - Starting new HTTPS connection (1): api.telegram.org:443
2026-09-22 00:44:17,104 - DEBUG - https://api.telegram.org:443 "POST /bot/sendMessage HTTP/1.1" 404 55
