2026-08-24 12:36:20,552 - INFO - 启动维护任务 | 协议类型: IPV4
2026-08-24 12:36:20,552 - INFO - --------------------------------------------------
2026-08-24 12:36:20,553 - INFO - [hk.616049.xyz (HKG)] 开始处理节点维护
2026-08-24 12:36:20,564 - DEBUG - DNS解析重试中 hk.616049.xyz: [Errno -5] No address associated with hostname
2026-08-24 12:36:21,576 - DEBUG - DNS解析重试中 hk.616049.xyz: [Errno -5] No address associated with hostname
2026-08-24 12:36:22,588 - DEBUG - DNS解析重试中 hk.616049.xyz: [Errno -5] No address associated with hostname
2026-08-24 12:36:23,589 - WARNING - [hk.616049.xyz (HKG)] ├─ 无有效DNS记录，触发紧急更新
2026-08-24 12:48:54,571 - ERROR - CFST更新失败: None
2026-08-24 12:48:54,571 - INFO - --------------------------------------------------
2026-08-24 12:48:54,571 - INFO - [us.616049.xyz (LAX)] 开始处理节点维护
2026-08-24 12:48:54,586 - DEBUG - DNS解析重试中 us.616049.xyz: [Errno -5] No address associated with hostname
2026-08-24 12:48:55,593 - DEBUG - DNS解析重试中 us.616049.xyz: [Errno -5] No address associated with hostname
2026-08-24 12:48:56,606 - DEBUG - DNS解析重试中 us.616049.xyz: [Errno -5] No address associated with hostname
2026-08-24 12:48:57,607 - WARNING - [us.616049.xyz (LAX)] ├─ 无有效DNS记录，触发紧急更新
2026-08-24 13:01:28,340 - ERROR - CFST更新失败: None
2026-08-24 13:01:28,340 - INFO - --------------------------------------------------
2026-08-24 13:01:28,340 - INFO - [de.616049.xyz (FRA)] 开始处理节点维护
2026-08-24 13:01:28,356 - DEBUG - DNS解析重试中 de.616049.xyz: [Errno -5] No address associated with hostname
2026-08-24 13:01:29,370 - DEBUG - DNS解析重试中 de.616049.xyz: [Errno -5] No address associated with hostname
2026-08-24 13:01:30,381 - DEBUG - DNS解析重试中 de.616049.xyz: [Errno -5] No address associated with hostname
2026-08-24 13:01:31,382 - WARNING - [de.616049.xyz (FRA)] ├─ 无有效DNS记录，触发紧急更新
2026-08-24 13:14:02,590 - ERROR - CFST更新失败: None
2026-08-24 13:14:02,593 - DEBUG - Starting new HTTPS connection (1): api.telegram.org:443
2026-08-24 13:14:03,055 - DEBUG - https://api.telegram.org:443 "POST /bot/sendMessage HTTP/1.1" 404 55
