2026-08-16 00:14:00,707 - INFO - 启动维护任务 | 协议类型: IPV4
2026-08-16 00:14:00,707 - INFO - --------------------------------------------------
2026-08-16 00:14:00,707 - INFO - [hk.616049.xyz (HKG)] 开始处理节点维护
2026-08-16 00:14:00,752 - DEBUG - DNS解析重试中 hk.616049.xyz: [Errno -5] No address associated with hostname
2026-08-16 00:14:01,786 - DEBUG - DNS解析重试中 hk.616049.xyz: [Errno -5] No address associated with hostname
2026-08-16 00:14:02,793 - DEBUG - DNS解析重试中 hk.616049.xyz: [Errno -5] No address associated with hostname
2026-08-16 00:14:03,794 - WARNING - [hk.616049.xyz (HKG)] ├─ 无有效DNS记录，触发紧急更新
2026-08-16 00:26:36,093 - ERROR - CFST更新失败: None
2026-08-16 00:26:36,093 - INFO - --------------------------------------------------
2026-08-16 00:26:36,093 - INFO - [us.616049.xyz (LAX)] 开始处理节点维护
2026-08-16 00:26:36,127 - DEBUG - DNS解析重试中 us.616049.xyz: [Errno -5] No address associated with hostname
2026-08-16 00:26:37,179 - DEBUG - DNS解析重试中 us.616049.xyz: [Errno -5] No address associated with hostname
2026-08-16 00:26:38,215 - DEBUG - DNS解析重试中 us.616049.xyz: [Errno -5] No address associated with hostname
2026-08-16 00:26:39,216 - WARNING - [us.616049.xyz (LAX)] ├─ 无有效DNS记录，触发紧急更新
2026-08-16 00:39:11,009 - ERROR - CFST更新失败: None
2026-08-16 00:39:11,009 - INFO - --------------------------------------------------
2026-08-16 00:39:11,009 - INFO - [de.616049.xyz (FRA)] 开始处理节点维护
2026-08-16 00:39:11,040 - DEBUG - DNS解析重试中 de.616049.xyz: [Errno -5] No address associated with hostname
2026-08-16 00:39:12,074 - DEBUG - DNS解析重试中 de.616049.xyz: [Errno -5] No address associated with hostname
2026-08-16 00:39:13,108 - DEBUG - DNS解析重试中 de.616049.xyz: [Errno -5] No address associated with hostname
2026-08-16 00:39:14,110 - WARNING - [de.616049.xyz (FRA)] ├─ 无有效DNS记录，触发紧急更新
2026-08-16 00:51:46,507 - ERROR - CFST更新失败: None
2026-08-16 00:51:46,511 - DEBUG - Starting new HTTPS connection (1): api.telegram.org:443
2026-08-16 00:51:46,937 - DEBUG - https://api.telegram.org:443 "POST /bot/sendMessage HTTP/1.1" 404 55
