2026-09-09 16:29:51,180 - INFO - 启动维护任务 | 协议类型: IPV4
2026-09-09 16:29:51,180 - INFO - --------------------------------------------------
2026-09-09 16:29:51,180 - INFO - [hk.616049.xyz (HKG)] 开始处理节点维护
2026-09-09 16:29:51,204 - DEBUG - DNS解析重试中 hk.616049.xyz: [Errno -5] No address associated with hostname
2026-09-09 16:29:52,257 - DEBUG - DNS解析重试中 hk.616049.xyz: [Errno -5] No address associated with hostname
2026-09-09 16:29:53,299 - DEBUG - DNS解析重试中 hk.616049.xyz: [Errno -5] No address associated with hostname
2026-09-09 16:29:54,300 - WARNING - [hk.616049.xyz (HKG)] ├─ 无有效DNS记录，触发紧急更新
2026-09-09 16:42:29,049 - ERROR - CFST更新失败: None
2026-09-09 16:42:29,049 - INFO - --------------------------------------------------
2026-09-09 16:42:29,049 - INFO - [us.616049.xyz (LAX)] 开始处理节点维护
2026-09-09 16:42:29,079 - DEBUG - DNS解析重试中 us.616049.xyz: [Errno -5] No address associated with hostname
2026-09-09 16:42:30,106 - DEBUG - DNS解析重试中 us.616049.xyz: [Errno -5] No address associated with hostname
2026-09-09 16:42:31,145 - DEBUG - DNS解析重试中 us.616049.xyz: [Errno -5] No address associated with hostname
2026-09-09 16:42:32,146 - WARNING - [us.616049.xyz (LAX)] ├─ 无有效DNS记录，触发紧急更新
2026-09-09 16:55:06,223 - ERROR - CFST更新失败: None
2026-09-09 16:55:06,223 - INFO - --------------------------------------------------
2026-09-09 16:55:06,223 - INFO - [de.616049.xyz (FRA)] 开始处理节点维护
2026-09-09 16:55:06,255 - DEBUG - DNS解析重试中 de.616049.xyz: [Errno -5] No address associated with hostname
2026-09-09 16:55:07,291 - DEBUG - DNS解析重试中 de.616049.xyz: [Errno -5] No address associated with hostname
2026-09-09 16:55:08,352 - DEBUG - DNS解析重试中 de.616049.xyz: [Errno -5] No address associated with hostname
2026-09-09 16:55:09,353 - WARNING - [de.616049.xyz (FRA)] ├─ 无有效DNS记录，触发紧急更新
2026-09-09 17:07:44,134 - ERROR - CFST更新失败: None
2026-09-09 17:07:44,138 - DEBUG - Starting new HTTPS connection (1): api.telegram.org:443
2026-09-09 17:07:44,475 - DEBUG - https://api.telegram.org:443 "POST /bot/sendMessage HTTP/1.1" 404 55
