2026-08-03 22:19:17,666 - INFO - 启动维护任务 | 协议类型: IPV4
2026-08-03 22:19:17,666 - INFO - --------------------------------------------------
2026-08-03 22:19:17,666 - INFO - [hk.616049.xyz (HKG)] 开始处理节点维护
2026-08-03 22:19:17,702 - DEBUG - DNS解析重试中 hk.616049.xyz: [Errno -5] No address associated with hostname
2026-08-03 22:19:18,739 - DEBUG - DNS解析重试中 hk.616049.xyz: [Errno -5] No address associated with hostname
2026-08-03 22:19:19,777 - DEBUG - DNS解析重试中 hk.616049.xyz: [Errno -5] No address associated with hostname
2026-08-03 22:19:20,779 - WARNING - [hk.616049.xyz (HKG)] ├─ 无有效DNS记录，触发紧急更新
2026-08-03 22:31:52,192 - ERROR - CFST更新失败: None
2026-08-03 22:31:52,192 - INFO - --------------------------------------------------
2026-08-03 22:31:52,192 - INFO - [us.616049.xyz (LAX)] 开始处理节点维护
2026-08-03 22:31:52,229 - DEBUG - DNS解析重试中 us.616049.xyz: [Errno -5] No address associated with hostname
2026-08-03 22:31:53,278 - DEBUG - DNS解析重试中 us.616049.xyz: [Errno -5] No address associated with hostname
2026-08-03 22:31:54,302 - DEBUG - DNS解析重试中 us.616049.xyz: [Errno -5] No address associated with hostname
2026-08-03 22:31:55,303 - WARNING - [us.616049.xyz (LAX)] ├─ 无有效DNS记录，触发紧急更新
2026-08-03 22:44:26,064 - ERROR - CFST更新失败: None
2026-08-03 22:44:26,064 - INFO - --------------------------------------------------
2026-08-03 22:44:26,065 - INFO - [de.616049.xyz (FRA)] 开始处理节点维护
2026-08-03 22:44:26,101 - DEBUG - DNS解析重试中 de.616049.xyz: [Errno -5] No address associated with hostname
2026-08-03 22:44:27,138 - DEBUG - DNS解析重试中 de.616049.xyz: [Errno -5] No address associated with hostname
2026-08-03 22:44:28,184 - DEBUG - DNS解析重试中 de.616049.xyz: [Errno -5] No address associated with hostname
2026-08-03 22:44:29,185 - WARNING - [de.616049.xyz (FRA)] ├─ 无有效DNS记录，触发紧急更新
2026-08-03 22:57:01,968 - ERROR - CFST更新失败: None
2026-08-03 22:57:01,972 - DEBUG - Starting new HTTPS connection (1): api.telegram.org:443
2026-08-03 22:57:02,438 - DEBUG - https://api.telegram.org:443 "POST /bot/sendMessage HTTP/1.1" 404 55
