2026-10-06 00:57:14,634 - INFO - 启动维护任务 | 协议类型: IPV4
2026-10-06 00:57:14,634 - INFO - --------------------------------------------------
2026-10-06 00:57:14,635 - INFO - [hk.616049.xyz (HKG)] 开始处理节点维护
2026-10-06 00:57:14,703 - DEBUG - DNS解析重试中 hk.616049.xyz: [Errno -5] No address associated with hostname
2026-10-06 00:57:15,755 - DEBUG - DNS解析重试中 hk.616049.xyz: [Errno -5] No address associated with hostname
2026-10-06 00:57:16,762 - DEBUG - DNS解析重试中 hk.616049.xyz: [Errno -5] No address associated with hostname
2026-10-06 00:57:17,763 - WARNING - [hk.616049.xyz (HKG)] ├─ 无有效DNS记录，触发紧急更新
2026-10-06 01:09:55,264 - ERROR - CFST更新失败: None
2026-10-06 01:09:55,265 - INFO - --------------------------------------------------
2026-10-06 01:09:55,265 - INFO - [us.616049.xyz (LAX)] 开始处理节点维护
2026-10-06 01:09:55,343 - DEBUG - DNS解析重试中 us.616049.xyz: [Errno -5] No address associated with hostname
2026-10-06 01:09:56,350 - DEBUG - DNS解析重试中 us.616049.xyz: [Errno -5] No address associated with hostname
2026-10-06 01:09:57,376 - DEBUG - DNS解析重试中 us.616049.xyz: [Errno -5] No address associated with hostname
2026-10-06 01:09:58,377 - WARNING - [us.616049.xyz (LAX)] ├─ 无有效DNS记录，触发紧急更新
2026-10-06 01:22:39,256 - ERROR - CFST更新失败: None
2026-10-06 01:22:39,257 - INFO - --------------------------------------------------
2026-10-06 01:22:39,257 - INFO - [de.616049.xyz (FRA)] 开始处理节点维护
2026-10-06 01:22:39,383 - DEBUG - DNS解析重试中 de.616049.xyz: [Errno -5] No address associated with hostname
2026-10-06 01:22:40,393 - DEBUG - DNS解析重试中 de.616049.xyz: [Errno -5] No address associated with hostname
2026-10-06 01:22:41,467 - DEBUG - DNS解析重试中 de.616049.xyz: [Errno -5] No address associated with hostname
2026-10-06 01:22:42,468 - WARNING - [de.616049.xyz (FRA)] ├─ 无有效DNS记录，触发紧急更新
2026-10-06 01:35:23,814 - ERROR - CFST更新失败: None
2026-10-06 01:35:23,818 - DEBUG - Starting new HTTPS connection (1): api.telegram.org:443
2026-10-06 01:35:24,206 - DEBUG - https://api.telegram.org:443 "POST /bot/sendMessage HTTP/1.1" 404 55
