2026-08-06 06:50:23,515 - INFO - 启动维护任务 | 协议类型: IPV4
2026-08-06 06:50:23,515 - INFO - --------------------------------------------------
2026-08-06 06:50:23,515 - INFO - [hk.616049.xyz (HKG)] 开始处理节点维护
2026-08-06 06:50:23,559 - DEBUG - DNS解析重试中 hk.616049.xyz: [Errno -5] No address associated with hostname
2026-08-06 06:50:24,664 - DEBUG - DNS解析重试中 hk.616049.xyz: [Errno -5] No address associated with hostname
2026-08-06 06:50:25,720 - DEBUG - DNS解析重试中 hk.616049.xyz: [Errno -5] No address associated with hostname
2026-08-06 06:50:26,721 - WARNING - [hk.616049.xyz (HKG)] ├─ 无有效DNS记录，触发紧急更新
2026-08-06 07:02:56,307 - ERROR - CFST更新失败: None
2026-08-06 07:02:56,307 - INFO - --------------------------------------------------
2026-08-06 07:02:56,307 - INFO - [us.616049.xyz (LAX)] 开始处理节点维护
2026-08-06 07:02:56,354 - DEBUG - DNS解析重试中 us.616049.xyz: [Errno -5] No address associated with hostname
2026-08-06 07:02:57,394 - DEBUG - DNS解析重试中 us.616049.xyz: [Errno -5] No address associated with hostname
2026-08-06 07:02:58,460 - DEBUG - DNS解析重试中 us.616049.xyz: [Errno -5] No address associated with hostname
2026-08-06 07:02:59,462 - WARNING - [us.616049.xyz (LAX)] ├─ 无有效DNS记录，触发紧急更新
2026-08-06 07:15:24,446 - ERROR - CFST更新失败: None
2026-08-06 07:15:24,446 - INFO - --------------------------------------------------
2026-08-06 07:15:24,446 - INFO - [de.616049.xyz (FRA)] 开始处理节点维护
2026-08-06 07:15:24,490 - DEBUG - DNS解析重试中 de.616049.xyz: [Errno -5] No address associated with hostname
2026-08-06 07:15:25,568 - DEBUG - DNS解析重试中 de.616049.xyz: [Errno -5] No address associated with hostname
2026-08-06 07:15:26,627 - DEBUG - DNS解析重试中 de.616049.xyz: [Errno -5] No address associated with hostname
2026-08-06 07:15:27,628 - WARNING - [de.616049.xyz (FRA)] ├─ 无有效DNS记录，触发紧急更新
2026-08-06 07:27:51,051 - ERROR - CFST更新失败: None
2026-08-06 07:27:51,054 - DEBUG - Starting new HTTPS connection (1): api.telegram.org:443
2026-08-06 07:27:51,472 - DEBUG - https://api.telegram.org:443 "POST /bot/sendMessage HTTP/1.1" 404 55
