2026-08-19 06:13:38,588 - INFO - 启动维护任务 | 协议类型: IPV4
2026-08-19 06:13:38,588 - INFO - --------------------------------------------------
2026-08-19 06:13:38,589 - INFO - [hk.616049.xyz (HKG)] 开始处理节点维护
2026-08-19 06:13:38,639 - DEBUG - DNS解析重试中 hk.616049.xyz: [Errno -5] No address associated with hostname
2026-08-19 06:13:39,692 - DEBUG - DNS解析重试中 hk.616049.xyz: [Errno -5] No address associated with hostname
2026-08-19 06:13:40,700 - DEBUG - DNS解析重试中 hk.616049.xyz: [Errno -5] No address associated with hostname
2026-08-19 06:13:41,702 - WARNING - [hk.616049.xyz (HKG)] ├─ 无有效DNS记录，触发紧急更新
2026-08-19 06:26:24,601 - ERROR - CFST更新失败: None
2026-08-19 06:26:24,602 - INFO - --------------------------------------------------
2026-08-19 06:26:24,602 - INFO - [us.616049.xyz (LAX)] 开始处理节点维护
2026-08-19 06:26:24,662 - DEBUG - DNS解析重试中 us.616049.xyz: [Errno -5] No address associated with hostname
2026-08-19 06:26:25,719 - DEBUG - DNS解析重试中 us.616049.xyz: [Errno -5] No address associated with hostname
2026-08-19 06:26:26,773 - DEBUG - DNS解析重试中 us.616049.xyz: [Errno -5] No address associated with hostname
2026-08-19 06:26:27,775 - WARNING - [us.616049.xyz (LAX)] ├─ 无有效DNS记录，触发紧急更新
2026-08-19 06:39:07,280 - ERROR - CFST更新失败: None
2026-08-19 06:39:07,280 - INFO - --------------------------------------------------
2026-08-19 06:39:07,280 - INFO - [de.616049.xyz (FRA)] 开始处理节点维护
2026-08-19 06:39:07,343 - DEBUG - DNS解析重试中 de.616049.xyz: [Errno -5] No address associated with hostname
2026-08-19 06:39:08,433 - DEBUG - DNS解析重试中 de.616049.xyz: [Errno -5] No address associated with hostname
2026-08-19 06:39:09,490 - DEBUG - DNS解析重试中 de.616049.xyz: [Errno -5] No address associated with hostname
2026-08-19 06:39:10,491 - WARNING - [de.616049.xyz (FRA)] ├─ 无有效DNS记录，触发紧急更新
2026-08-19 06:51:49,549 - ERROR - CFST更新失败: None
2026-08-19 06:51:49,552 - DEBUG - Starting new HTTPS connection (1): api.telegram.org:443
2026-08-19 06:51:49,936 - DEBUG - https://api.telegram.org:443 "POST /bot/sendMessage HTTP/1.1" 404 55
