2026-10-08 12:17:24,387 - INFO - 启动维护任务 | 协议类型: IPV4
2026-10-08 12:17:24,387 - INFO - --------------------------------------------------
2026-10-08 12:17:24,387 - INFO - [hk.616049.xyz (HKG)] 开始处理节点维护
2026-10-08 12:17:24,426 - DEBUG - DNS解析重试中 hk.616049.xyz: [Errno -5] No address associated with hostname
2026-10-08 12:17:25,477 - DEBUG - DNS解析重试中 hk.616049.xyz: [Errno -5] No address associated with hostname
2026-10-08 12:17:26,516 - DEBUG - DNS解析重试中 hk.616049.xyz: [Errno -5] No address associated with hostname
2026-10-08 12:17:27,517 - WARNING - [hk.616049.xyz (HKG)] ├─ 无有效DNS记录，触发紧急更新
2026-10-08 12:29:58,983 - ERROR - CFST更新失败: None
2026-10-08 12:29:58,983 - INFO - --------------------------------------------------
2026-10-08 12:29:58,984 - INFO - [us.616049.xyz (LAX)] 开始处理节点维护
2026-10-08 12:29:59,034 - DEBUG - DNS解析重试中 us.616049.xyz: [Errno -5] No address associated with hostname
2026-10-08 12:30:00,083 - DEBUG - DNS解析重试中 us.616049.xyz: [Errno -5] No address associated with hostname
2026-10-08 12:30:01,137 - DEBUG - DNS解析重试中 us.616049.xyz: [Errno -5] No address associated with hostname
2026-10-08 12:30:02,139 - WARNING - [us.616049.xyz (LAX)] ├─ 无有效DNS记录，触发紧急更新
2026-10-08 12:42:33,991 - ERROR - CFST更新失败: None
2026-10-08 12:42:33,991 - INFO - --------------------------------------------------
2026-10-08 12:42:33,992 - INFO - [de.616049.xyz (FRA)] 开始处理节点维护
2026-10-08 12:42:34,028 - DEBUG - DNS解析重试中 de.616049.xyz: [Errno -5] No address associated with hostname
2026-10-08 12:42:35,067 - DEBUG - DNS解析重试中 de.616049.xyz: [Errno -5] No address associated with hostname
2026-10-08 12:42:36,107 - DEBUG - DNS解析重试中 de.616049.xyz: [Errno -5] No address associated with hostname
2026-10-08 12:42:37,108 - WARNING - [de.616049.xyz (FRA)] ├─ 无有效DNS记录，触发紧急更新
2026-10-08 12:55:08,803 - ERROR - CFST更新失败: None
2026-10-08 12:55:08,807 - DEBUG - Starting new HTTPS connection (1): api.telegram.org:443
2026-10-08 12:55:09,323 - DEBUG - https://api.telegram.org:443 "POST /bot/sendMessage HTTP/1.1" 404 55
