2026-08-06 22:02:25,596 - INFO - 启动维护任务 | 协议类型: IPV4
2026-08-06 22:02:25,596 - INFO - --------------------------------------------------
2026-08-06 22:02:25,596 - INFO - [hk.616049.xyz (HKG)] 开始处理节点维护
2026-08-06 22:02:25,617 - DEBUG - DNS解析重试中 hk.616049.xyz: [Errno -5] No address associated with hostname
2026-08-06 22:02:26,624 - DEBUG - DNS解析重试中 hk.616049.xyz: [Errno -5] No address associated with hostname
2026-08-06 22:02:27,636 - DEBUG - DNS解析重试中 hk.616049.xyz: [Errno -5] No address associated with hostname
2026-08-06 22:02:28,638 - WARNING - [hk.616049.xyz (HKG)] ├─ 无有效DNS记录，触发紧急更新
2026-08-06 22:15:02,129 - ERROR - CFST更新失败: None
2026-08-06 22:15:02,130 - INFO - --------------------------------------------------
2026-08-06 22:15:02,130 - INFO - [us.616049.xyz (LAX)] 开始处理节点维护
2026-08-06 22:15:02,147 - DEBUG - DNS解析重试中 us.616049.xyz: [Errno -5] No address associated with hostname
2026-08-06 22:15:03,169 - DEBUG - DNS解析重试中 us.616049.xyz: [Errno -5] No address associated with hostname
2026-08-06 22:15:04,180 - DEBUG - DNS解析重试中 us.616049.xyz: [Errno -5] No address associated with hostname
2026-08-06 22:15:05,181 - WARNING - [us.616049.xyz (LAX)] ├─ 无有效DNS记录，触发紧急更新
2026-08-06 22:27:37,999 - ERROR - CFST更新失败: None
2026-08-06 22:27:38,000 - INFO - --------------------------------------------------
2026-08-06 22:27:38,000 - INFO - [de.616049.xyz (FRA)] 开始处理节点维护
2026-08-06 22:27:38,011 - DEBUG - DNS解析重试中 de.616049.xyz: [Errno -5] No address associated with hostname
2026-08-06 22:27:39,039 - DEBUG - DNS解析重试中 de.616049.xyz: [Errno -5] No address associated with hostname
2026-08-06 22:27:40,044 - DEBUG - DNS解析重试中 de.616049.xyz: [Errno -5] No address associated with hostname
2026-08-06 22:27:41,046 - WARNING - [de.616049.xyz (FRA)] ├─ 无有效DNS记录，触发紧急更新
2026-08-06 22:40:14,274 - ERROR - CFST更新失败: None
2026-08-06 22:40:14,278 - DEBUG - Starting new HTTPS connection (1): api.telegram.org:443
2026-08-06 22:40:14,727 - DEBUG - https://api.telegram.org:443 "POST /bot/sendMessage HTTP/1.1" 404 55
