2026-09-13 05:51:36,639 - INFO - 启动维护任务 | 协议类型: IPV4
2026-09-13 05:51:36,639 - INFO - --------------------------------------------------
2026-09-13 05:51:36,639 - INFO - [hk.616049.xyz (HKG)] 开始处理节点维护
2026-09-13 05:51:36,665 - DEBUG - DNS解析重试中 hk.616049.xyz: [Errno -5] No address associated with hostname
2026-09-13 05:51:37,693 - DEBUG - DNS解析重试中 hk.616049.xyz: [Errno -5] No address associated with hostname
2026-09-13 05:51:38,719 - DEBUG - DNS解析重试中 hk.616049.xyz: [Errno -5] No address associated with hostname
2026-09-13 05:51:39,721 - WARNING - [hk.616049.xyz (HKG)] ├─ 无有效DNS记录，触发紧急更新
2026-09-13 06:04:11,735 - ERROR - CFST更新失败: None
2026-09-13 06:04:11,736 - INFO - --------------------------------------------------
2026-09-13 06:04:11,736 - INFO - [us.616049.xyz (LAX)] 开始处理节点维护
2026-09-13 06:04:11,767 - DEBUG - DNS解析重试中 us.616049.xyz: [Errno -5] No address associated with hostname
2026-09-13 06:04:12,931 - DEBUG - DNS解析重试中 us.616049.xyz: [Errno -5] No address associated with hostname
2026-09-13 06:04:13,950 - DEBUG - DNS解析重试中 us.616049.xyz: [Errno -5] No address associated with hostname
2026-09-13 06:04:14,951 - WARNING - [us.616049.xyz (LAX)] ├─ 无有效DNS记录，触发紧急更新
2026-09-13 06:16:45,956 - ERROR - CFST更新失败: None
2026-09-13 06:16:45,956 - INFO - --------------------------------------------------
2026-09-13 06:16:45,956 - INFO - [de.616049.xyz (FRA)] 开始处理节点维护
2026-09-13 06:16:45,980 - DEBUG - DNS解析重试中 de.616049.xyz: [Errno -5] No address associated with hostname
2026-09-13 06:16:47,011 - DEBUG - DNS解析重试中 de.616049.xyz: [Errno -5] No address associated with hostname
2026-09-13 06:16:48,027 - DEBUG - DNS解析重试中 de.616049.xyz: [Errno -5] No address associated with hostname
2026-09-13 06:16:49,029 - WARNING - [de.616049.xyz (FRA)] ├─ 无有效DNS记录，触发紧急更新
2026-09-13 06:29:21,171 - ERROR - CFST更新失败: None
2026-09-13 06:29:21,174 - DEBUG - Starting new HTTPS connection (1): api.telegram.org:443
2026-09-13 06:29:21,452 - DEBUG - https://api.telegram.org:443 "POST /bot/sendMessage HTTP/1.1" 404 55
