2026-09-21 04:02:49,687 - INFO - 启动维护任务 | 协议类型: IPV4
2026-09-21 04:02:49,687 - INFO - --------------------------------------------------
2026-09-21 04:02:49,687 - INFO - [hk.616049.xyz (HKG)] 开始处理节点维护
2026-09-21 04:02:49,744 - DEBUG - DNS解析重试中 hk.616049.xyz: [Errno -5] No address associated with hostname
2026-09-21 04:02:50,813 - DEBUG - DNS解析重试中 hk.616049.xyz: [Errno -5] No address associated with hostname
2026-09-21 04:02:51,866 - DEBUG - DNS解析重试中 hk.616049.xyz: [Errno -5] No address associated with hostname
2026-09-21 04:02:52,867 - WARNING - [hk.616049.xyz (HKG)] ├─ 无有效DNS记录，触发紧急更新
2026-09-21 04:15:08,569 - ERROR - CFST更新失败: None
2026-09-21 04:15:08,570 - INFO - --------------------------------------------------
2026-09-21 04:15:08,570 - INFO - [us.616049.xyz (LAX)] 开始处理节点维护
2026-09-21 04:15:08,624 - DEBUG - DNS解析重试中 us.616049.xyz: [Errno -5] No address associated with hostname
2026-09-21 04:15:09,683 - DEBUG - DNS解析重试中 us.616049.xyz: [Errno -5] No address associated with hostname
2026-09-21 04:15:10,735 - DEBUG - DNS解析重试中 us.616049.xyz: [Errno -5] No address associated with hostname
2026-09-21 04:15:11,736 - WARNING - [us.616049.xyz (LAX)] ├─ 无有效DNS记录，触发紧急更新
2026-09-21 04:27:30,537 - ERROR - CFST更新失败: None
2026-09-21 04:27:30,538 - INFO - --------------------------------------------------
2026-09-21 04:27:30,538 - INFO - [de.616049.xyz (FRA)] 开始处理节点维护
2026-09-21 04:27:30,637 - DEBUG - DNS解析重试中 de.616049.xyz: [Errno -5] No address associated with hostname
2026-09-21 04:27:31,707 - DEBUG - DNS解析重试中 de.616049.xyz: [Errno -5] No address associated with hostname
2026-09-21 04:27:32,713 - DEBUG - DNS解析重试中 de.616049.xyz: [Errno -5] No address associated with hostname
2026-09-21 04:27:33,715 - WARNING - [de.616049.xyz (FRA)] ├─ 无有效DNS记录，触发紧急更新
2026-09-21 04:39:47,454 - ERROR - CFST更新失败: None
2026-09-21 04:39:47,457 - DEBUG - Starting new HTTPS connection (1): api.telegram.org:443
2026-09-21 04:39:47,833 - DEBUG - https://api.telegram.org:443 "POST /bot/sendMessage HTTP/1.1" 404 55
