2026-08-06 09:48:56,031 - INFO - 启动维护任务 | 协议类型: IPV4
2026-08-06 09:48:56,032 - INFO - --------------------------------------------------
2026-08-06 09:48:56,032 - INFO - [hk.616049.xyz (HKG)] 开始处理节点维护
2026-08-06 09:48:56,071 - DEBUG - DNS解析重试中 hk.616049.xyz: [Errno -5] No address associated with hostname
2026-08-06 09:48:57,115 - DEBUG - DNS解析重试中 hk.616049.xyz: [Errno -5] No address associated with hostname
2026-08-06 09:48:58,154 - DEBUG - DNS解析重试中 hk.616049.xyz: [Errno -5] No address associated with hostname
2026-08-06 09:48:59,155 - WARNING - [hk.616049.xyz (HKG)] ├─ 无有效DNS记录，触发紧急更新
2026-08-06 10:01:31,560 - ERROR - CFST更新失败: None
2026-08-06 10:01:31,561 - INFO - --------------------------------------------------
2026-08-06 10:01:31,561 - INFO - [us.616049.xyz (LAX)] 开始处理节点维护
2026-08-06 10:01:31,599 - DEBUG - DNS解析重试中 us.616049.xyz: [Errno -5] No address associated with hostname
2026-08-06 10:01:32,658 - DEBUG - DNS解析重试中 us.616049.xyz: [Errno -5] No address associated with hostname
2026-08-06 10:01:33,696 - DEBUG - DNS解析重试中 us.616049.xyz: [Errno -5] No address associated with hostname
2026-08-06 10:01:34,697 - WARNING - [us.616049.xyz (LAX)] ├─ 无有效DNS记录，触发紧急更新
2026-08-06 10:14:06,844 - ERROR - CFST更新失败: None
2026-08-06 10:14:06,844 - INFO - --------------------------------------------------
2026-08-06 10:14:06,845 - INFO - [de.616049.xyz (FRA)] 开始处理节点维护
2026-08-06 10:14:06,908 - DEBUG - DNS解析重试中 de.616049.xyz: [Errno -5] No address associated with hostname
2026-08-06 10:14:07,947 - DEBUG - DNS解析重试中 de.616049.xyz: [Errno -5] No address associated with hostname
2026-08-06 10:14:08,992 - DEBUG - DNS解析重试中 de.616049.xyz: [Errno -5] No address associated with hostname
2026-08-06 10:14:09,993 - WARNING - [de.616049.xyz (FRA)] ├─ 无有效DNS记录，触发紧急更新
2026-08-06 10:26:43,389 - ERROR - CFST更新失败: None
2026-08-06 10:26:43,393 - DEBUG - Starting new HTTPS connection (1): api.telegram.org:443
2026-08-06 10:26:43,840 - DEBUG - https://api.telegram.org:443 "POST /bot/sendMessage HTTP/1.1" 404 55
