2026-07-28 16:17:50,885 - INFO - 启动维护任务 | 协议类型: IPV4
2026-07-28 16:17:50,886 - INFO - --------------------------------------------------
2026-07-28 16:17:50,886 - INFO - [hk.616049.xyz (HKG)] 开始处理节点维护
2026-07-28 16:17:50,909 - DEBUG - DNS解析重试中 hk.616049.xyz: [Errno -5] No address associated with hostname
2026-07-28 16:17:51,935 - DEBUG - DNS解析重试中 hk.616049.xyz: [Errno -5] No address associated with hostname
2026-07-28 16:17:52,955 - DEBUG - DNS解析重试中 hk.616049.xyz: [Errno -5] No address associated with hostname
2026-07-28 16:17:53,956 - WARNING - [hk.616049.xyz (HKG)] ├─ 无有效DNS记录，触发紧急更新
2026-07-28 16:30:24,074 - ERROR - CFST更新失败: None
2026-07-28 16:30:24,074 - INFO - --------------------------------------------------
2026-07-28 16:30:24,074 - INFO - [us.616049.xyz (LAX)] 开始处理节点维护
2026-07-28 16:30:24,086 - DEBUG - DNS解析重试中 us.616049.xyz: [Errno -5] No address associated with hostname
2026-07-28 16:30:25,092 - DEBUG - DNS解析重试中 us.616049.xyz: [Errno -5] No address associated with hostname
2026-07-28 16:30:26,116 - DEBUG - DNS解析重试中 us.616049.xyz: [Errno -5] No address associated with hostname
2026-07-28 16:30:27,117 - WARNING - [us.616049.xyz (LAX)] ├─ 无有效DNS记录，触发紧急更新
2026-07-28 16:42:56,326 - ERROR - CFST更新失败: None
2026-07-28 16:42:56,327 - INFO - --------------------------------------------------
2026-07-28 16:42:56,327 - INFO - [de.616049.xyz (FRA)] 开始处理节点维护
2026-07-28 16:42:56,364 - DEBUG - DNS解析重试中 de.616049.xyz: [Errno -5] No address associated with hostname
2026-07-28 16:42:57,377 - DEBUG - DNS解析重试中 de.616049.xyz: [Errno -5] No address associated with hostname
2026-07-28 16:42:58,407 - DEBUG - DNS解析重试中 de.616049.xyz: [Errno -5] No address associated with hostname
2026-07-28 16:42:59,409 - WARNING - [de.616049.xyz (FRA)] ├─ 无有效DNS记录，触发紧急更新
2026-07-28 16:55:29,175 - ERROR - CFST更新失败: None
2026-07-28 16:55:29,179 - DEBUG - Starting new HTTPS connection (1): api.telegram.org:443
2026-07-28 16:55:29,522 - DEBUG - https://api.telegram.org:443 "POST /bot/sendMessage HTTP/1.1" 404 55
