2026-08-23 20:21:51,045 - INFO - 启动维护任务 | 协议类型: IPV4
2026-08-23 20:21:51,045 - INFO - --------------------------------------------------
2026-08-23 20:21:51,045 - INFO - [hk.616049.xyz (HKG)] 开始处理节点维护
2026-08-23 20:21:51,057 - DEBUG - DNS解析重试中 hk.616049.xyz: [Errno -5] No address associated with hostname
2026-08-23 20:21:52,078 - DEBUG - DNS解析重试中 hk.616049.xyz: [Errno -5] No address associated with hostname
2026-08-23 20:21:53,117 - DEBUG - DNS解析重试中 hk.616049.xyz: [Errno -5] No address associated with hostname
2026-08-23 20:21:54,118 - WARNING - [hk.616049.xyz (HKG)] ├─ 无有效DNS记录，触发紧急更新
2026-08-23 20:34:25,347 - ERROR - CFST更新失败: None
2026-08-23 20:34:25,347 - INFO - --------------------------------------------------
2026-08-23 20:34:25,348 - INFO - [us.616049.xyz (LAX)] 开始处理节点维护
2026-08-23 20:34:25,365 - DEBUG - DNS解析重试中 us.616049.xyz: [Errno -5] No address associated with hostname
2026-08-23 20:34:26,404 - DEBUG - DNS解析重试中 us.616049.xyz: [Errno -5] No address associated with hostname
2026-08-23 20:34:27,422 - DEBUG - DNS解析重试中 us.616049.xyz: [Errno -5] No address associated with hostname
2026-08-23 20:34:28,424 - WARNING - [us.616049.xyz (LAX)] ├─ 无有效DNS记录，触发紧急更新
2026-08-23 20:47:00,074 - ERROR - CFST更新失败: None
2026-08-23 20:47:00,075 - INFO - --------------------------------------------------
2026-08-23 20:47:00,075 - INFO - [de.616049.xyz (FRA)] 开始处理节点维护
2026-08-23 20:47:00,088 - DEBUG - DNS解析重试中 de.616049.xyz: [Errno -5] No address associated with hostname
2026-08-23 20:47:01,105 - DEBUG - DNS解析重试中 de.616049.xyz: [Errno -5] No address associated with hostname
2026-08-23 20:47:02,121 - DEBUG - DNS解析重试中 de.616049.xyz: [Errno -5] No address associated with hostname
2026-08-23 20:47:03,122 - WARNING - [de.616049.xyz (FRA)] ├─ 无有效DNS记录，触发紧急更新
2026-08-23 20:59:34,746 - ERROR - CFST更新失败: None
2026-08-23 20:59:34,750 - DEBUG - Starting new HTTPS connection (1): api.telegram.org:443
2026-08-23 20:59:35,033 - DEBUG - https://api.telegram.org:443 "POST /bot/sendMessage HTTP/1.1" 404 55
