2026-09-09 03:09:14,250 - INFO - 启动维护任务 | 协议类型: IPV4
2026-09-09 03:09:14,250 - INFO - --------------------------------------------------
2026-09-09 03:09:14,250 - INFO - [hk.616049.xyz (HKG)] 开始处理节点维护
2026-09-09 03:09:14,290 - DEBUG - DNS解析重试中 hk.616049.xyz: [Errno -5] No address associated with hostname
2026-09-09 03:09:15,298 - DEBUG - DNS解析重试中 hk.616049.xyz: [Errno -5] No address associated with hostname
2026-09-09 03:09:16,349 - DEBUG - DNS解析重试中 hk.616049.xyz: [Errno -5] No address associated with hostname
2026-09-09 03:09:17,351 - WARNING - [hk.616049.xyz (HKG)] ├─ 无有效DNS记录，触发紧急更新
2026-09-09 03:21:53,425 - ERROR - CFST更新失败: None
2026-09-09 03:21:53,426 - INFO - --------------------------------------------------
2026-09-09 03:21:53,426 - INFO - [us.616049.xyz (LAX)] 开始处理节点维护
2026-09-09 03:21:53,470 - DEBUG - DNS解析重试中 us.616049.xyz: [Errno -5] No address associated with hostname
2026-09-09 03:21:54,515 - DEBUG - DNS解析重试中 us.616049.xyz: [Errno -5] No address associated with hostname
2026-09-09 03:21:55,570 - DEBUG - DNS解析重试中 us.616049.xyz: [Errno -5] No address associated with hostname
2026-09-09 03:21:56,571 - WARNING - [us.616049.xyz (LAX)] ├─ 无有效DNS记录，触发紧急更新
2026-09-09 03:34:32,216 - ERROR - CFST更新失败: None
2026-09-09 03:34:32,216 - INFO - --------------------------------------------------
2026-09-09 03:34:32,216 - INFO - [de.616049.xyz (FRA)] 开始处理节点维护
2026-09-09 03:34:32,266 - DEBUG - DNS解析重试中 de.616049.xyz: [Errno -5] No address associated with hostname
2026-09-09 03:34:33,311 - DEBUG - DNS解析重试中 de.616049.xyz: [Errno -5] No address associated with hostname
2026-09-09 03:34:34,362 - DEBUG - DNS解析重试中 de.616049.xyz: [Errno -5] No address associated with hostname
2026-09-09 03:34:35,363 - WARNING - [de.616049.xyz (FRA)] ├─ 无有效DNS记录，触发紧急更新
2026-09-09 03:47:10,638 - ERROR - CFST更新失败: None
2026-09-09 03:47:10,641 - DEBUG - Starting new HTTPS connection (1): api.telegram.org:443
2026-09-09 03:47:11,009 - DEBUG - https://api.telegram.org:443 "POST /bot/sendMessage HTTP/1.1" 404 55
