2026-08-08 02:41:39,297 - INFO - 启动维护任务 | 协议类型: IPV4
2026-08-08 02:41:39,297 - INFO - --------------------------------------------------
2026-08-08 02:41:39,297 - INFO - [hk.616049.xyz (HKG)] 开始处理节点维护
2026-08-08 02:41:39,353 - DEBUG - DNS解析重试中 hk.616049.xyz: [Errno -5] No address associated with hostname
2026-08-08 02:41:40,406 - DEBUG - DNS解析重试中 hk.616049.xyz: [Errno -5] No address associated with hostname
2026-08-08 02:41:41,421 - DEBUG - DNS解析重试中 hk.616049.xyz: [Errno -5] No address associated with hostname
2026-08-08 02:41:42,423 - WARNING - [hk.616049.xyz (HKG)] ├─ 无有效DNS记录，触发紧急更新
2026-08-08 02:54:18,890 - ERROR - CFST更新失败: None
2026-08-08 02:54:18,890 - INFO - --------------------------------------------------
2026-08-08 02:54:18,890 - INFO - [us.616049.xyz (LAX)] 开始处理节点维护
2026-08-08 02:54:18,938 - DEBUG - DNS解析重试中 us.616049.xyz: [Errno -5] No address associated with hostname
2026-08-08 02:54:20,011 - DEBUG - DNS解析重试中 us.616049.xyz: [Errno -5] No address associated with hostname
2026-08-08 02:54:21,077 - DEBUG - DNS解析重试中 us.616049.xyz: [Errno -5] No address associated with hostname
2026-08-08 02:54:22,079 - WARNING - [us.616049.xyz (LAX)] ├─ 无有效DNS记录，触发紧急更新
2026-08-08 03:07:03,117 - ERROR - CFST更新失败: None
2026-08-08 03:07:03,118 - INFO - --------------------------------------------------
2026-08-08 03:07:03,118 - INFO - [de.616049.xyz (FRA)] 开始处理节点维护
2026-08-08 03:07:03,162 - DEBUG - DNS解析重试中 de.616049.xyz: [Errno -5] No address associated with hostname
2026-08-08 03:07:04,226 - DEBUG - DNS解析重试中 de.616049.xyz: [Errno -5] No address associated with hostname
2026-08-08 03:07:05,276 - DEBUG - DNS解析重试中 de.616049.xyz: [Errno -5] No address associated with hostname
2026-08-08 03:07:06,277 - WARNING - [de.616049.xyz (FRA)] ├─ 无有效DNS记录，触发紧急更新
2026-08-08 03:19:42,665 - ERROR - CFST更新失败: None
2026-08-08 03:19:42,669 - DEBUG - Starting new HTTPS connection (1): api.telegram.org:443
2026-08-08 03:19:43,038 - DEBUG - https://api.telegram.org:443 "POST /bot/sendMessage HTTP/1.1" 404 55
