2026-09-13 03:55:25,710 - INFO - 启动维护任务 | 协议类型: IPV4
2026-09-13 03:55:25,710 - INFO - --------------------------------------------------
2026-09-13 03:55:25,710 - INFO - [hk.616049.xyz (HKG)] 开始处理节点维护
2026-09-13 03:55:25,739 - DEBUG - DNS解析重试中 hk.616049.xyz: [Errno -5] No address associated with hostname
2026-09-13 03:55:26,766 - DEBUG - DNS解析重试中 hk.616049.xyz: [Errno -5] No address associated with hostname
2026-09-13 03:55:27,798 - DEBUG - DNS解析重试中 hk.616049.xyz: [Errno -5] No address associated with hostname
2026-09-13 03:55:28,800 - WARNING - [hk.616049.xyz (HKG)] ├─ 无有效DNS记录，触发紧急更新
2026-09-13 04:08:03,835 - ERROR - CFST更新失败: None
2026-09-13 04:08:03,835 - INFO - --------------------------------------------------
2026-09-13 04:08:03,835 - INFO - [us.616049.xyz (LAX)] 开始处理节点维护
2026-09-13 04:08:03,863 - DEBUG - DNS解析重试中 us.616049.xyz: [Errno -5] No address associated with hostname
2026-09-13 04:08:04,891 - DEBUG - DNS解析重试中 us.616049.xyz: [Errno -5] No address associated with hostname
2026-09-13 04:08:05,925 - DEBUG - DNS解析重试中 us.616049.xyz: [Errno -5] No address associated with hostname
2026-09-13 04:08:06,926 - WARNING - [us.616049.xyz (LAX)] ├─ 无有效DNS记录，触发紧急更新
2026-09-13 04:20:42,043 - ERROR - CFST更新失败: None
2026-09-13 04:20:42,043 - INFO - --------------------------------------------------
2026-09-13 04:20:42,043 - INFO - [de.616049.xyz (FRA)] 开始处理节点维护
2026-09-13 04:20:42,063 - DEBUG - DNS解析重试中 de.616049.xyz: [Errno -5] No address associated with hostname
2026-09-13 04:20:43,092 - DEBUG - DNS解析重试中 de.616049.xyz: [Errno -5] No address associated with hostname
2026-09-13 04:20:44,133 - DEBUG - DNS解析重试中 de.616049.xyz: [Errno -5] No address associated with hostname
2026-09-13 04:20:45,134 - WARNING - [de.616049.xyz (FRA)] ├─ 无有效DNS记录，触发紧急更新
2026-09-13 04:33:25,981 - ERROR - CFST更新失败: None
2026-09-13 04:33:25,984 - DEBUG - Starting new HTTPS connection (1): api.telegram.org:443
2026-09-13 04:33:26,822 - DEBUG - https://api.telegram.org:443 "POST /bot/sendMessage HTTP/1.1" 404 55
