2026-08-27 06:36:51,275 - INFO - 启动维护任务 | 协议类型: IPV4
2026-08-27 06:36:51,275 - INFO - --------------------------------------------------
2026-08-27 06:36:51,275 - INFO - [hk.616049.xyz (HKG)] 开始处理节点维护
2026-08-27 06:36:51,364 - DEBUG - DNS解析重试中 hk.616049.xyz: [Errno -5] No address associated with hostname
2026-08-27 06:36:52,420 - DEBUG - DNS解析重试中 hk.616049.xyz: [Errno -5] No address associated with hostname
2026-08-27 06:36:53,497 - DEBUG - DNS解析重试中 hk.616049.xyz: [Errno -5] No address associated with hostname
2026-08-27 06:36:54,498 - WARNING - [hk.616049.xyz (HKG)] ├─ 无有效DNS记录，触发紧急更新
2026-08-27 06:49:31,299 - ERROR - CFST更新失败: None
2026-08-27 06:49:31,299 - INFO - --------------------------------------------------
2026-08-27 06:49:31,299 - INFO - [us.616049.xyz (LAX)] 开始处理节点维护
2026-08-27 06:49:31,351 - DEBUG - DNS解析重试中 us.616049.xyz: [Errno -5] No address associated with hostname
2026-08-27 06:49:32,405 - DEBUG - DNS解析重试中 us.616049.xyz: [Errno -5] No address associated with hostname
2026-08-27 06:49:33,465 - DEBUG - DNS解析重试中 us.616049.xyz: [Errno -5] No address associated with hostname
2026-08-27 06:49:34,467 - WARNING - [us.616049.xyz (LAX)] ├─ 无有效DNS记录，触发紧急更新
2026-08-27 07:02:10,513 - ERROR - CFST更新失败: None
2026-08-27 07:02:10,513 - INFO - --------------------------------------------------
2026-08-27 07:02:10,513 - INFO - [de.616049.xyz (FRA)] 开始处理节点维护
2026-08-27 07:02:10,579 - DEBUG - DNS解析重试中 de.616049.xyz: [Errno -5] No address associated with hostname
2026-08-27 07:02:11,668 - DEBUG - DNS解析重试中 de.616049.xyz: [Errno -5] No address associated with hostname
2026-08-27 07:02:12,730 - DEBUG - DNS解析重试中 de.616049.xyz: [Errno -5] No address associated with hostname
2026-08-27 07:02:13,731 - WARNING - [de.616049.xyz (FRA)] ├─ 无有效DNS记录，触发紧急更新
2026-08-27 07:14:53,524 - ERROR - CFST更新失败: None
2026-08-27 07:14:53,528 - DEBUG - Starting new HTTPS connection (1): api.telegram.org:443
2026-08-27 07:14:53,903 - DEBUG - https://api.telegram.org:443 "POST /bot/sendMessage HTTP/1.1" 404 55
