2026-09-11 04:15:47,990 - INFO - 启动维护任务 | 协议类型: IPV4
2026-09-11 04:15:47,990 - INFO - --------------------------------------------------
2026-09-11 04:15:47,990 - INFO - [hk.616049.xyz (HKG)] 开始处理节点维护
2026-09-11 04:15:48,011 - DEBUG - DNS解析重试中 hk.616049.xyz: [Errno -5] No address associated with hostname
2026-09-11 04:15:49,027 - DEBUG - DNS解析重试中 hk.616049.xyz: [Errno -5] No address associated with hostname
2026-09-11 04:15:50,052 - DEBUG - DNS解析重试中 hk.616049.xyz: [Errno -5] No address associated with hostname
2026-09-11 04:15:51,054 - WARNING - [hk.616049.xyz (HKG)] ├─ 无有效DNS记录，触发紧急更新
2026-09-11 04:28:14,480 - ERROR - CFST更新失败: None
2026-09-11 04:28:14,480 - INFO - --------------------------------------------------
2026-09-11 04:28:14,480 - INFO - [us.616049.xyz (LAX)] 开始处理节点维护
2026-09-11 04:28:14,491 - DEBUG - DNS解析重试中 us.616049.xyz: [Errno -5] No address associated with hostname
2026-09-11 04:28:15,511 - DEBUG - DNS解析重试中 us.616049.xyz: [Errno -5] No address associated with hostname
2026-09-11 04:28:16,546 - DEBUG - DNS解析重试中 us.616049.xyz: [Errno -5] No address associated with hostname
2026-09-11 04:28:17,547 - WARNING - [us.616049.xyz (LAX)] ├─ 无有效DNS记录，触发紧急更新
2026-09-11 04:40:39,081 - ERROR - CFST更新失败: None
2026-09-11 04:40:39,081 - INFO - --------------------------------------------------
2026-09-11 04:40:39,081 - INFO - [de.616049.xyz (FRA)] 开始处理节点维护
2026-09-11 04:40:39,110 - DEBUG - DNS解析重试中 de.616049.xyz: [Errno -5] No address associated with hostname
2026-09-11 04:40:40,186 - DEBUG - DNS解析重试中 de.616049.xyz: [Errno -5] No address associated with hostname
2026-09-11 04:40:41,270 - DEBUG - DNS解析重试中 de.616049.xyz: [Errno -5] No address associated with hostname
2026-09-11 04:40:42,272 - WARNING - [de.616049.xyz (FRA)] ├─ 无有效DNS记录，触发紧急更新
2026-09-11 04:53:05,268 - ERROR - CFST更新失败: None
2026-09-11 04:53:05,271 - DEBUG - Starting new HTTPS connection (1): api.telegram.org:443
2026-09-11 04:53:05,564 - DEBUG - https://api.telegram.org:443 "POST /bot/sendMessage HTTP/1.1" 404 55
