2026-08-05 21:46:30,377 - INFO - 启动维护任务 | 协议类型: IPV4
2026-08-05 21:46:30,377 - INFO - --------------------------------------------------
2026-08-05 21:46:30,377 - INFO - [hk.616049.xyz (HKG)] 开始处理节点维护
2026-08-05 21:46:30,432 - DEBUG - DNS解析重试中 hk.616049.xyz: [Errno -5] No address associated with hostname
2026-08-05 21:46:31,477 - DEBUG - DNS解析重试中 hk.616049.xyz: [Errno -5] No address associated with hostname
2026-08-05 21:46:32,527 - DEBUG - DNS解析重试中 hk.616049.xyz: [Errno -5] No address associated with hostname
2026-08-05 21:46:33,528 - WARNING - [hk.616049.xyz (HKG)] ├─ 无有效DNS记录，触发紧急更新
2026-08-05 21:59:10,105 - ERROR - CFST更新失败: None
2026-08-05 21:59:10,105 - INFO - --------------------------------------------------
2026-08-05 21:59:10,105 - INFO - [us.616049.xyz (LAX)] 开始处理节点维护
2026-08-05 21:59:10,176 - DEBUG - DNS解析重试中 us.616049.xyz: [Errno -5] No address associated with hostname
2026-08-05 21:59:11,224 - DEBUG - DNS解析重试中 us.616049.xyz: [Errno -5] No address associated with hostname
2026-08-05 21:59:12,270 - DEBUG - DNS解析重试中 us.616049.xyz: [Errno -5] No address associated with hostname
2026-08-05 21:59:13,271 - WARNING - [us.616049.xyz (LAX)] ├─ 无有效DNS记录，触发紧急更新
2026-08-05 22:11:49,815 - ERROR - CFST更新失败: None
2026-08-05 22:11:49,815 - INFO - --------------------------------------------------
2026-08-05 22:11:49,815 - INFO - [de.616049.xyz (FRA)] 开始处理节点维护
2026-08-05 22:11:49,872 - DEBUG - DNS解析重试中 de.616049.xyz: [Errno -5] No address associated with hostname
2026-08-05 22:11:50,918 - DEBUG - DNS解析重试中 de.616049.xyz: [Errno -5] No address associated with hostname
2026-08-05 22:11:51,957 - DEBUG - DNS解析重试中 de.616049.xyz: [Errno -5] No address associated with hostname
2026-08-05 22:11:52,957 - WARNING - [de.616049.xyz (FRA)] ├─ 无有效DNS记录，触发紧急更新
2026-08-05 22:24:29,766 - ERROR - CFST更新失败: None
2026-08-05 22:24:29,770 - DEBUG - Starting new HTTPS connection (1): api.telegram.org:443
2026-08-05 22:24:30,150 - DEBUG - https://api.telegram.org:443 "POST /bot/sendMessage HTTP/1.1" 404 55
