2026-10-02 00:48:06,937 - INFO - 启动维护任务 | 协议类型: IPV4
2026-10-02 00:48:06,937 - INFO - --------------------------------------------------
2026-10-02 00:48:06,937 - INFO - [hk.616049.xyz (HKG)] 开始处理节点维护
2026-10-02 00:48:06,960 - DEBUG - DNS解析重试中 hk.616049.xyz: [Errno -5] No address associated with hostname
2026-10-02 00:48:07,981 - DEBUG - DNS解析重试中 hk.616049.xyz: [Errno -5] No address associated with hostname
2026-10-02 00:48:09,019 - DEBUG - DNS解析重试中 hk.616049.xyz: [Errno -5] No address associated with hostname
2026-10-02 00:48:10,020 - WARNING - [hk.616049.xyz (HKG)] ├─ 无有效DNS记录，触发紧急更新
2026-10-02 01:00:40,098 - ERROR - CFST更新失败: None
2026-10-02 01:00:40,099 - INFO - --------------------------------------------------
2026-10-02 01:00:40,099 - INFO - [us.616049.xyz (LAX)] 开始处理节点维护
2026-10-02 01:00:40,116 - DEBUG - DNS解析重试中 us.616049.xyz: [Errno -5] No address associated with hostname
2026-10-02 01:00:41,149 - DEBUG - DNS解析重试中 us.616049.xyz: [Errno -5] No address associated with hostname
2026-10-02 01:00:42,189 - DEBUG - DNS解析重试中 us.616049.xyz: [Errno -5] No address associated with hostname
2026-10-02 01:00:43,191 - WARNING - [us.616049.xyz (LAX)] ├─ 无有效DNS记录，触发紧急更新
2026-10-02 01:13:13,482 - ERROR - CFST更新失败: None
2026-10-02 01:13:13,482 - INFO - --------------------------------------------------
2026-10-02 01:13:13,482 - INFO - [de.616049.xyz (FRA)] 开始处理节点维护
2026-10-02 01:13:13,501 - DEBUG - DNS解析重试中 de.616049.xyz: [Errno -5] No address associated with hostname
2026-10-02 01:13:14,536 - DEBUG - DNS解析重试中 de.616049.xyz: [Errno -5] No address associated with hostname
2026-10-02 01:13:15,560 - DEBUG - DNS解析重试中 de.616049.xyz: [Errno -5] No address associated with hostname
2026-10-02 01:13:16,562 - WARNING - [de.616049.xyz (FRA)] ├─ 无有效DNS记录，触发紧急更新
2026-10-02 01:25:46,620 - ERROR - CFST更新失败: None
2026-10-02 01:25:46,624 - DEBUG - Starting new HTTPS connection (1): api.telegram.org:443
2026-10-02 01:25:46,909 - DEBUG - https://api.telegram.org:443 "POST /bot/sendMessage HTTP/1.1" 404 55
