2026-09-04 21:53:46,591 - INFO - 启动维护任务 | 协议类型: IPV4
2026-09-04 21:53:46,591 - INFO - --------------------------------------------------
2026-09-04 21:53:46,591 - INFO - [hk.616049.xyz (HKG)] 开始处理节点维护
2026-09-04 21:53:46,612 - DEBUG - DNS解析重试中 hk.616049.xyz: [Errno -5] No address associated with hostname
2026-09-04 21:53:47,634 - DEBUG - DNS解析重试中 hk.616049.xyz: [Errno -5] No address associated with hostname
2026-09-04 21:53:48,640 - DEBUG - DNS解析重试中 hk.616049.xyz: [Errno -5] No address associated with hostname
2026-09-04 21:53:49,642 - WARNING - [hk.616049.xyz (HKG)] ├─ 无有效DNS记录，触发紧急更新
2026-09-04 22:06:04,472 - ERROR - CFST更新失败: None
2026-09-04 22:06:04,472 - INFO - --------------------------------------------------
2026-09-04 22:06:04,472 - INFO - [us.616049.xyz (LAX)] 开始处理节点维护
2026-09-04 22:06:04,492 - DEBUG - DNS解析重试中 us.616049.xyz: [Errno -5] No address associated with hostname
2026-09-04 22:06:05,498 - DEBUG - DNS解析重试中 us.616049.xyz: [Errno -5] No address associated with hostname
2026-09-04 22:06:06,520 - DEBUG - DNS解析重试中 us.616049.xyz: [Errno -5] No address associated with hostname
2026-09-04 22:06:07,521 - WARNING - [us.616049.xyz (LAX)] ├─ 无有效DNS记录，触发紧急更新
2026-09-04 22:18:20,569 - ERROR - CFST更新失败: None
2026-09-04 22:18:20,569 - INFO - --------------------------------------------------
2026-09-04 22:18:20,569 - INFO - [de.616049.xyz (FRA)] 开始处理节点维护
2026-09-04 22:18:20,583 - DEBUG - DNS解析重试中 de.616049.xyz: [Errno -5] No address associated with hostname
2026-09-04 22:18:21,615 - DEBUG - DNS解析重试中 de.616049.xyz: [Errno -5] No address associated with hostname
2026-09-04 22:18:22,636 - DEBUG - DNS解析重试中 de.616049.xyz: [Errno -5] No address associated with hostname
2026-09-04 22:18:23,637 - WARNING - [de.616049.xyz (FRA)] ├─ 无有效DNS记录，触发紧急更新
2026-09-04 22:30:36,784 - ERROR - CFST更新失败: None
2026-09-04 22:30:36,788 - DEBUG - Starting new HTTPS connection (1): api.telegram.org:443
2026-09-04 22:30:37,226 - DEBUG - https://api.telegram.org:443 "POST /bot/sendMessage HTTP/1.1" 404 55
