2026-08-21 22:25:35,222 - INFO - 启动维护任务 | 协议类型: IPV4
2026-08-21 22:25:35,222 - INFO - --------------------------------------------------
2026-08-21 22:25:35,222 - INFO - [hk.616049.xyz (HKG)] 开始处理节点维护
2026-08-21 22:25:35,241 - DEBUG - DNS解析重试中 hk.616049.xyz: [Errno -5] No address associated with hostname
2026-08-21 22:25:36,274 - DEBUG - DNS解析重试中 hk.616049.xyz: [Errno -5] No address associated with hostname
2026-08-21 22:25:37,290 - DEBUG - DNS解析重试中 hk.616049.xyz: [Errno -5] No address associated with hostname
2026-08-21 22:25:38,291 - WARNING - [hk.616049.xyz (HKG)] ├─ 无有效DNS记录，触发紧急更新
2026-08-21 22:38:09,034 - ERROR - CFST更新失败: None
2026-08-21 22:38:09,034 - INFO - --------------------------------------------------
2026-08-21 22:38:09,034 - INFO - [us.616049.xyz (LAX)] 开始处理节点维护
2026-08-21 22:38:09,050 - DEBUG - DNS解析重试中 us.616049.xyz: [Errno -5] No address associated with hostname
2026-08-21 22:38:10,075 - DEBUG - DNS解析重试中 us.616049.xyz: [Errno -5] No address associated with hostname
2026-08-21 22:38:11,092 - DEBUG - DNS解析重试中 us.616049.xyz: [Errno -5] No address associated with hostname
2026-08-21 22:38:12,093 - WARNING - [us.616049.xyz (LAX)] ├─ 无有效DNS记录，触发紧急更新
2026-08-21 22:50:42,915 - ERROR - CFST更新失败: None
2026-08-21 22:50:42,915 - INFO - --------------------------------------------------
2026-08-21 22:50:42,916 - INFO - [de.616049.xyz (FRA)] 开始处理节点维护
2026-08-21 22:50:42,929 - DEBUG - DNS解析重试中 de.616049.xyz: [Errno -5] No address associated with hostname
2026-08-21 22:50:43,945 - DEBUG - DNS解析重试中 de.616049.xyz: [Errno -5] No address associated with hostname
2026-08-21 22:50:44,970 - DEBUG - DNS解析重试中 de.616049.xyz: [Errno -5] No address associated with hostname
2026-08-21 22:50:45,971 - WARNING - [de.616049.xyz (FRA)] ├─ 无有效DNS记录，触发紧急更新
2026-08-21 23:03:17,359 - ERROR - CFST更新失败: None
2026-08-21 23:03:17,363 - DEBUG - Starting new HTTPS connection (1): api.telegram.org:443
2026-08-21 23:03:17,645 - DEBUG - https://api.telegram.org:443 "POST /bot/sendMessage HTTP/1.1" 404 55
