2026-09-13 10:19:40,328 - INFO - 启动维护任务 | 协议类型: IPV4
2026-09-13 10:19:40,329 - INFO - --------------------------------------------------
2026-09-13 10:19:40,329 - INFO - [hk.616049.xyz (HKG)] 开始处理节点维护
2026-09-13 10:19:40,340 - DEBUG - DNS解析重试中 hk.616049.xyz: [Errno -5] No address associated with hostname
2026-09-13 10:19:41,367 - DEBUG - DNS解析重试中 hk.616049.xyz: [Errno -5] No address associated with hostname
2026-09-13 10:19:42,384 - DEBUG - DNS解析重试中 hk.616049.xyz: [Errno -5] No address associated with hostname
2026-09-13 10:19:43,385 - WARNING - [hk.616049.xyz (HKG)] ├─ 无有效DNS记录，触发紧急更新
2026-09-13 10:32:14,708 - ERROR - CFST更新失败: None
2026-09-13 10:32:14,708 - INFO - --------------------------------------------------
2026-09-13 10:32:14,708 - INFO - [us.616049.xyz (LAX)] 开始处理节点维护
2026-09-13 10:32:14,731 - DEBUG - DNS解析重试中 us.616049.xyz: [Errno -5] No address associated with hostname
2026-09-13 10:32:15,744 - DEBUG - DNS解析重试中 us.616049.xyz: [Errno -5] No address associated with hostname
2026-09-13 10:32:16,767 - DEBUG - DNS解析重试中 us.616049.xyz: [Errno -5] No address associated with hostname
2026-09-13 10:32:17,768 - WARNING - [us.616049.xyz (LAX)] ├─ 无有效DNS记录，触发紧急更新
2026-09-13 10:44:48,378 - ERROR - CFST更新失败: None
2026-09-13 10:44:48,379 - INFO - --------------------------------------------------
2026-09-13 10:44:48,379 - INFO - [de.616049.xyz (FRA)] 开始处理节点维护
2026-09-13 10:44:48,398 - DEBUG - DNS解析重试中 de.616049.xyz: [Errno -5] No address associated with hostname
2026-09-13 10:44:49,414 - DEBUG - DNS解析重试中 de.616049.xyz: [Errno -5] No address associated with hostname
2026-09-13 10:44:50,429 - DEBUG - DNS解析重试中 de.616049.xyz: [Errno -5] No address associated with hostname
2026-09-13 10:44:51,430 - WARNING - [de.616049.xyz (FRA)] ├─ 无有效DNS记录，触发紧急更新
2026-09-13 10:57:23,010 - ERROR - CFST更新失败: None
2026-09-13 10:57:23,014 - DEBUG - Starting new HTTPS connection (1): api.telegram.org:443
2026-09-13 10:57:23,289 - DEBUG - https://api.telegram.org:443 "POST /bot/sendMessage HTTP/1.1" 404 55
