2026-08-09 20:32:01,031 - INFO - 启动维护任务 | 协议类型: IPV4
2026-08-09 20:32:01,031 - INFO - --------------------------------------------------
2026-08-09 20:32:01,031 - INFO - [hk.616049.xyz (HKG)] 开始处理节点维护
2026-08-09 20:32:01,065 - DEBUG - DNS解析重试中 hk.616049.xyz: [Errno -5] No address associated with hostname
2026-08-09 20:32:02,099 - DEBUG - DNS解析重试中 hk.616049.xyz: [Errno -5] No address associated with hostname
2026-08-09 20:32:03,131 - DEBUG - DNS解析重试中 hk.616049.xyz: [Errno -5] No address associated with hostname
2026-08-09 20:32:04,132 - WARNING - [hk.616049.xyz (HKG)] ├─ 无有效DNS记录，触发紧急更新
2026-08-09 20:44:36,350 - ERROR - CFST更新失败: None
2026-08-09 20:44:36,350 - INFO - --------------------------------------------------
2026-08-09 20:44:36,350 - INFO - [us.616049.xyz (LAX)] 开始处理节点维护
2026-08-09 20:44:36,387 - DEBUG - DNS解析重试中 us.616049.xyz: [Errno -5] No address associated with hostname
2026-08-09 20:44:37,411 - DEBUG - DNS解析重试中 us.616049.xyz: [Errno -5] No address associated with hostname
2026-08-09 20:44:38,455 - DEBUG - DNS解析重试中 us.616049.xyz: [Errno -5] No address associated with hostname
2026-08-09 20:44:39,457 - WARNING - [us.616049.xyz (LAX)] ├─ 无有效DNS记录，触发紧急更新
2026-08-09 20:57:11,232 - ERROR - CFST更新失败: None
2026-08-09 20:57:11,233 - INFO - --------------------------------------------------
2026-08-09 20:57:11,233 - INFO - [de.616049.xyz (FRA)] 开始处理节点维护
2026-08-09 20:57:11,287 - DEBUG - DNS解析重试中 de.616049.xyz: [Errno -5] No address associated with hostname
2026-08-09 20:57:12,332 - DEBUG - DNS解析重试中 de.616049.xyz: [Errno -5] No address associated with hostname
2026-08-09 20:57:13,377 - DEBUG - DNS解析重试中 de.616049.xyz: [Errno -5] No address associated with hostname
2026-08-09 20:57:14,379 - WARNING - [de.616049.xyz (FRA)] ├─ 无有效DNS记录，触发紧急更新
2026-08-09 21:09:46,900 - ERROR - CFST更新失败: None
2026-08-09 21:09:46,903 - DEBUG - Starting new HTTPS connection (1): api.telegram.org:443
2026-08-09 21:09:47,317 - DEBUG - https://api.telegram.org:443 "POST /bot/sendMessage HTTP/1.1" 404 55
