2026-08-07 20:42:48,459 - INFO - 启动维护任务 | 协议类型: IPV4
2026-08-07 20:42:48,459 - INFO - --------------------------------------------------
2026-08-07 20:42:48,459 - INFO - [hk.616049.xyz (HKG)] 开始处理节点维护
2026-08-07 20:42:48,511 - DEBUG - DNS解析重试中 hk.616049.xyz: [Errno -5] No address associated with hostname
2026-08-07 20:42:49,547 - DEBUG - DNS解析重试中 hk.616049.xyz: [Errno -5] No address associated with hostname
2026-08-07 20:42:50,591 - DEBUG - DNS解析重试中 hk.616049.xyz: [Errno -5] No address associated with hostname
2026-08-07 20:42:51,593 - WARNING - [hk.616049.xyz (HKG)] ├─ 无有效DNS记录，触发紧急更新
2026-08-07 20:55:24,327 - ERROR - CFST更新失败: None
2026-08-07 20:55:24,328 - INFO - --------------------------------------------------
2026-08-07 20:55:24,328 - INFO - [us.616049.xyz (LAX)] 开始处理节点维护
2026-08-07 20:55:24,362 - DEBUG - DNS解析重试中 us.616049.xyz: [Errno -5] No address associated with hostname
2026-08-07 20:55:25,404 - DEBUG - DNS解析重试中 us.616049.xyz: [Errno -5] No address associated with hostname
2026-08-07 20:55:26,441 - DEBUG - DNS解析重试中 us.616049.xyz: [Errno -5] No address associated with hostname
2026-08-07 20:55:27,442 - WARNING - [us.616049.xyz (LAX)] ├─ 无有效DNS记录，触发紧急更新
2026-08-07 21:07:59,323 - ERROR - CFST更新失败: None
2026-08-07 21:07:59,323 - INFO - --------------------------------------------------
2026-08-07 21:07:59,323 - INFO - [de.616049.xyz (FRA)] 开始处理节点维护
2026-08-07 21:07:59,359 - DEBUG - DNS解析重试中 de.616049.xyz: [Errno -5] No address associated with hostname
2026-08-07 21:08:00,407 - DEBUG - DNS解析重试中 de.616049.xyz: [Errno -5] No address associated with hostname
2026-08-07 21:08:01,415 - DEBUG - DNS解析重试中 de.616049.xyz: [Errno -5] No address associated with hostname
2026-08-07 21:08:02,416 - WARNING - [de.616049.xyz (FRA)] ├─ 无有效DNS记录，触发紧急更新
2026-08-07 21:20:33,581 - ERROR - CFST更新失败: None
2026-08-07 21:20:33,584 - DEBUG - Starting new HTTPS connection (1): api.telegram.org:443
2026-08-07 21:20:34,036 - DEBUG - https://api.telegram.org:443 "POST /bot/sendMessage HTTP/1.1" 404 55
