2026-08-22 04:16:00,326 - INFO - 启动维护任务 | 协议类型: IPV4
2026-08-22 04:16:00,326 - INFO - --------------------------------------------------
2026-08-22 04:16:00,326 - INFO - [hk.616049.xyz (HKG)] 开始处理节点维护
2026-08-22 04:16:00,373 - DEBUG - DNS解析重试中 hk.616049.xyz: [Errno -5] No address associated with hostname
2026-08-22 04:16:01,435 - DEBUG - DNS解析重试中 hk.616049.xyz: [Errno -5] No address associated with hostname
2026-08-22 04:16:02,493 - DEBUG - DNS解析重试中 hk.616049.xyz: [Errno -5] No address associated with hostname
2026-08-22 04:16:03,495 - WARNING - [hk.616049.xyz (HKG)] ├─ 无有效DNS记录，触发紧急更新
2026-08-22 04:28:01,383 - ERROR - CFST更新失败: None
2026-08-22 04:28:01,383 - INFO - --------------------------------------------------
2026-08-22 04:28:01,383 - INFO - [us.616049.xyz (LAX)] 开始处理节点维护
2026-08-22 04:28:01,438 - DEBUG - DNS解析重试中 us.616049.xyz: [Errno -5] No address associated with hostname
2026-08-22 04:28:02,496 - DEBUG - DNS解析重试中 us.616049.xyz: [Errno -5] No address associated with hostname
2026-08-22 04:28:03,560 - DEBUG - DNS解析重试中 us.616049.xyz: [Errno -5] No address associated with hostname
2026-08-22 04:28:04,561 - WARNING - [us.616049.xyz (LAX)] ├─ 无有效DNS记录，触发紧急更新
2026-08-22 04:40:02,616 - ERROR - CFST更新失败: None
2026-08-22 04:40:02,616 - INFO - --------------------------------------------------
2026-08-22 04:40:02,616 - INFO - [de.616049.xyz (FRA)] 开始处理节点维护
2026-08-22 04:40:02,672 - DEBUG - DNS解析重试中 de.616049.xyz: [Errno -5] No address associated with hostname
2026-08-22 04:40:03,742 - DEBUG - DNS解析重试中 de.616049.xyz: [Errno -5] No address associated with hostname
2026-08-22 04:40:04,801 - DEBUG - DNS解析重试中 de.616049.xyz: [Errno -5] No address associated with hostname
2026-08-22 04:40:05,802 - WARNING - [de.616049.xyz (FRA)] ├─ 无有效DNS记录，触发紧急更新
2026-08-22 04:52:04,748 - ERROR - CFST更新失败: None
2026-08-22 04:52:04,750 - DEBUG - Starting new HTTPS connection (1): api.telegram.org:443
2026-08-22 04:52:05,087 - DEBUG - https://api.telegram.org:443 "POST /bot/sendMessage HTTP/1.1" 404 55
