2026-08-19 20:27:37,015 - INFO - 启动维护任务 | 协议类型: IPV4
2026-08-19 20:27:37,015 - INFO - --------------------------------------------------
2026-08-19 20:27:37,015 - INFO - [hk.616049.xyz (HKG)] 开始处理节点维护
2026-08-19 20:27:37,031 - DEBUG - DNS解析重试中 hk.616049.xyz: [Errno -5] No address associated with hostname
2026-08-19 20:27:38,208 - DEBUG - DNS解析重试中 hk.616049.xyz: [Errno -5] No address associated with hostname
2026-08-19 20:27:39,225 - DEBUG - DNS解析重试中 hk.616049.xyz: [Errno -5] No address associated with hostname
2026-08-19 20:27:40,226 - WARNING - [hk.616049.xyz (HKG)] ├─ 无有效DNS记录，触发紧急更新
2026-08-19 20:40:10,814 - ERROR - CFST更新失败: None
2026-08-19 20:40:10,814 - INFO - --------------------------------------------------
2026-08-19 20:40:10,814 - INFO - [us.616049.xyz (LAX)] 开始处理节点维护
2026-08-19 20:40:10,826 - DEBUG - DNS解析重试中 us.616049.xyz: [Errno -5] No address associated with hostname
2026-08-19 20:40:11,846 - DEBUG - DNS解析重试中 us.616049.xyz: [Errno -5] No address associated with hostname
2026-08-19 20:40:12,879 - DEBUG - DNS解析重试中 us.616049.xyz: [Errno -5] No address associated with hostname
2026-08-19 20:40:13,880 - WARNING - [us.616049.xyz (LAX)] ├─ 无有效DNS记录，触发紧急更新
2026-08-19 20:52:45,363 - ERROR - CFST更新失败: None
2026-08-19 20:52:45,363 - INFO - --------------------------------------------------
2026-08-19 20:52:45,363 - INFO - [de.616049.xyz (FRA)] 开始处理节点维护
2026-08-19 20:52:45,374 - DEBUG - DNS解析重试中 de.616049.xyz: [Errno -5] No address associated with hostname
2026-08-19 20:52:46,395 - DEBUG - DNS解析重试中 de.616049.xyz: [Errno -5] No address associated with hostname
2026-08-19 20:52:47,416 - DEBUG - DNS解析重试中 de.616049.xyz: [Errno -5] No address associated with hostname
2026-08-19 20:52:48,417 - WARNING - [de.616049.xyz (FRA)] ├─ 无有效DNS记录，触发紧急更新
2026-08-19 21:05:19,775 - ERROR - CFST更新失败: None
2026-08-19 21:05:19,779 - DEBUG - Starting new HTTPS connection (1): api.telegram.org:443
2026-08-19 21:05:20,087 - DEBUG - https://api.telegram.org:443 "POST /bot/sendMessage HTTP/1.1" 404 55
