2026-08-13 17:03:44,008 - INFO - 启动维护任务 | 协议类型: IPV4
2026-08-13 17:03:44,008 - INFO - --------------------------------------------------
2026-08-13 17:03:44,008 - INFO - [hk.616049.xyz (HKG)] 开始处理节点维护
2026-08-13 17:03:44,058 - DEBUG - DNS解析重试中 hk.616049.xyz: [Errno -5] No address associated with hostname
2026-08-13 17:03:45,103 - DEBUG - DNS解析重试中 hk.616049.xyz: [Errno -5] No address associated with hostname
2026-08-13 17:03:46,113 - DEBUG - DNS解析重试中 hk.616049.xyz: [Errno -5] No address associated with hostname
2026-08-13 17:03:47,114 - WARNING - [hk.616049.xyz (HKG)] ├─ 无有效DNS记录，触发紧急更新
2026-08-13 17:16:21,744 - ERROR - CFST更新失败: None
2026-08-13 17:16:21,744 - INFO - --------------------------------------------------
2026-08-13 17:16:21,745 - INFO - [us.616049.xyz (LAX)] 开始处理节点维护
2026-08-13 17:16:21,770 - DEBUG - DNS解析重试中 us.616049.xyz: [Errno -5] No address associated with hostname
2026-08-13 17:16:22,801 - DEBUG - DNS解析重试中 us.616049.xyz: [Errno -5] No address associated with hostname
2026-08-13 17:16:23,859 - DEBUG - DNS解析重试中 us.616049.xyz: [Errno -5] No address associated with hostname
2026-08-13 17:16:24,861 - WARNING - [us.616049.xyz (LAX)] ├─ 无有效DNS记录，触发紧急更新
2026-08-13 17:28:59,273 - ERROR - CFST更新失败: None
2026-08-13 17:28:59,273 - INFO - --------------------------------------------------
2026-08-13 17:28:59,274 - INFO - [de.616049.xyz (FRA)] 开始处理节点维护
2026-08-13 17:28:59,312 - DEBUG - DNS解析重试中 de.616049.xyz: [Errno -5] No address associated with hostname
2026-08-13 17:29:00,360 - DEBUG - DNS解析重试中 de.616049.xyz: [Errno -5] No address associated with hostname
2026-08-13 17:29:01,398 - DEBUG - DNS解析重试中 de.616049.xyz: [Errno -5] No address associated with hostname
2026-08-13 17:29:02,399 - WARNING - [de.616049.xyz (FRA)] ├─ 无有效DNS记录，触发紧急更新
2026-08-13 17:41:37,604 - ERROR - CFST更新失败: None
2026-08-13 17:41:37,608 - DEBUG - Starting new HTTPS connection (1): api.telegram.org:443
2026-08-13 17:41:37,943 - DEBUG - https://api.telegram.org:443 "POST /bot/sendMessage HTTP/1.1" 404 55
