2026-08-10 06:20:57,036 - INFO - 启动维护任务 | 协议类型: IPV4
2026-08-10 06:20:57,037 - INFO - --------------------------------------------------
2026-08-10 06:20:57,037 - INFO - [hk.616049.xyz (HKG)] 开始处理节点维护
2026-08-10 06:20:57,065 - DEBUG - DNS解析重试中 hk.616049.xyz: [Errno -5] No address associated with hostname
2026-08-10 06:20:58,084 - DEBUG - DNS解析重试中 hk.616049.xyz: [Errno -5] No address associated with hostname
2026-08-10 06:20:59,090 - DEBUG - DNS解析重试中 hk.616049.xyz: [Errno -5] No address associated with hostname
2026-08-10 06:21:00,091 - WARNING - [hk.616049.xyz (HKG)] ├─ 无有效DNS记录，触发紧急更新
2026-08-10 06:33:31,107 - ERROR - CFST更新失败: None
2026-08-10 06:33:31,107 - INFO - --------------------------------------------------
2026-08-10 06:33:31,107 - INFO - [us.616049.xyz (LAX)] 开始处理节点维护
2026-08-10 06:33:31,128 - DEBUG - DNS解析重试中 us.616049.xyz: [Errno -5] No address associated with hostname
2026-08-10 06:33:32,141 - DEBUG - DNS解析重试中 us.616049.xyz: [Errno -5] No address associated with hostname
2026-08-10 06:33:33,158 - DEBUG - DNS解析重试中 us.616049.xyz: [Errno -5] No address associated with hostname
2026-08-10 06:33:34,159 - WARNING - [us.616049.xyz (LAX)] ├─ 无有效DNS记录，触发紧急更新
2026-08-10 06:46:05,849 - ERROR - CFST更新失败: None
2026-08-10 06:46:05,849 - INFO - --------------------------------------------------
2026-08-10 06:46:05,849 - INFO - [de.616049.xyz (FRA)] 开始处理节点维护
2026-08-10 06:46:05,861 - DEBUG - DNS解析重试中 de.616049.xyz: [Errno -5] No address associated with hostname
2026-08-10 06:46:06,886 - DEBUG - DNS解析重试中 de.616049.xyz: [Errno -5] No address associated with hostname
2026-08-10 06:46:07,908 - DEBUG - DNS解析重试中 de.616049.xyz: [Errno -5] No address associated with hostname
2026-08-10 06:46:08,909 - WARNING - [de.616049.xyz (FRA)] ├─ 无有效DNS记录，触发紧急更新
2026-08-10 06:58:40,619 - ERROR - CFST更新失败: None
2026-08-10 06:58:40,624 - DEBUG - Starting new HTTPS connection (1): api.telegram.org:443
2026-08-10 06:58:41,073 - DEBUG - https://api.telegram.org:443 "POST /bot/sendMessage HTTP/1.1" 404 55
