2026-08-07 15:01:19,882 - INFO - 启动维护任务 | 协议类型: IPV4
2026-08-07 15:01:19,882 - INFO - --------------------------------------------------
2026-08-07 15:01:19,882 - INFO - [hk.616049.xyz (HKG)] 开始处理节点维护
2026-08-07 15:01:19,900 - DEBUG - DNS解析重试中 hk.616049.xyz: [Errno -5] No address associated with hostname
2026-08-07 15:01:20,911 - DEBUG - DNS解析重试中 hk.616049.xyz: [Errno -5] No address associated with hostname
2026-08-07 15:01:21,926 - DEBUG - DNS解析重试中 hk.616049.xyz: [Errno -5] No address associated with hostname
2026-08-07 15:01:22,927 - WARNING - [hk.616049.xyz (HKG)] ├─ 无有效DNS记录，触发紧急更新
2026-08-07 15:13:58,282 - ERROR - CFST更新失败: None
2026-08-07 15:13:58,282 - INFO - --------------------------------------------------
2026-08-07 15:13:58,282 - INFO - [us.616049.xyz (LAX)] 开始处理节点维护
2026-08-07 15:13:58,320 - DEBUG - DNS解析重试中 us.616049.xyz: [Errno -5] No address associated with hostname
2026-08-07 15:13:59,337 - DEBUG - DNS解析重试中 us.616049.xyz: [Errno -5] No address associated with hostname
2026-08-07 15:14:00,348 - DEBUG - DNS解析重试中 us.616049.xyz: [Errno -5] No address associated with hostname
2026-08-07 15:14:01,349 - WARNING - [us.616049.xyz (LAX)] ├─ 无有效DNS记录，触发紧急更新
2026-08-07 15:26:33,478 - ERROR - CFST更新失败: None
2026-08-07 15:26:33,478 - INFO - --------------------------------------------------
2026-08-07 15:26:33,478 - INFO - [de.616049.xyz (FRA)] 开始处理节点维护
2026-08-07 15:26:33,489 - DEBUG - DNS解析重试中 de.616049.xyz: [Errno -5] No address associated with hostname
2026-08-07 15:26:34,503 - DEBUG - DNS解析重试中 de.616049.xyz: [Errno -5] No address associated with hostname
2026-08-07 15:26:35,600 - DEBUG - DNS解析重试中 de.616049.xyz: [Errno -5] No address associated with hostname
2026-08-07 15:26:36,601 - WARNING - [de.616049.xyz (FRA)] ├─ 无有效DNS记录，触发紧急更新
2026-08-07 15:39:09,567 - ERROR - CFST更新失败: None
2026-08-07 15:39:09,570 - DEBUG - Starting new HTTPS connection (1): api.telegram.org:443
2026-08-07 15:39:10,043 - DEBUG - https://api.telegram.org:443 "POST /bot/sendMessage HTTP/1.1" 404 55
