2026-09-13 00:39:31,071 - INFO - 启动维护任务 | 协议类型: IPV4
2026-09-13 00:39:31,071 - INFO - --------------------------------------------------
2026-09-13 00:39:31,071 - INFO - [hk.616049.xyz (HKG)] 开始处理节点维护
2026-09-13 00:39:31,100 - DEBUG - DNS解析重试中 hk.616049.xyz: [Errno -5] No address associated with hostname
2026-09-13 00:39:32,122 - DEBUG - DNS解析重试中 hk.616049.xyz: [Errno -5] No address associated with hostname
2026-09-13 00:39:33,135 - DEBUG - DNS解析重试中 hk.616049.xyz: [Errno -5] No address associated with hostname
2026-09-13 00:39:34,137 - WARNING - [hk.616049.xyz (HKG)] ├─ 无有效DNS记录，触发紧急更新
2026-09-13 00:52:04,844 - ERROR - CFST更新失败: None
2026-09-13 00:52:04,844 - INFO - --------------------------------------------------
2026-09-13 00:52:04,845 - INFO - [us.616049.xyz (LAX)] 开始处理节点维护
2026-09-13 00:52:04,874 - DEBUG - DNS解析重试中 us.616049.xyz: [Errno -5] No address associated with hostname
2026-09-13 00:52:05,898 - DEBUG - DNS解析重试中 us.616049.xyz: [Errno -5] No address associated with hostname
2026-09-13 00:52:06,922 - DEBUG - DNS解析重试中 us.616049.xyz: [Errno -5] No address associated with hostname
2026-09-13 00:52:07,923 - WARNING - [us.616049.xyz (LAX)] ├─ 无有效DNS记录，触发紧急更新
2026-09-13 01:04:39,137 - ERROR - CFST更新失败: None
2026-09-13 01:04:39,137 - INFO - --------------------------------------------------
2026-09-13 01:04:39,137 - INFO - [de.616049.xyz (FRA)] 开始处理节点维护
2026-09-13 01:04:39,171 - DEBUG - DNS解析重试中 de.616049.xyz: [Errno -5] No address associated with hostname
2026-09-13 01:04:40,199 - DEBUG - DNS解析重试中 de.616049.xyz: [Errno -5] No address associated with hostname
2026-09-13 01:04:41,215 - DEBUG - DNS解析重试中 de.616049.xyz: [Errno -5] No address associated with hostname
2026-09-13 01:04:42,216 - WARNING - [de.616049.xyz (FRA)] ├─ 无有效DNS记录，触发紧急更新
2026-09-13 01:17:13,727 - ERROR - CFST更新失败: None
2026-09-13 01:17:13,731 - DEBUG - Starting new HTTPS connection (1): api.telegram.org:443
2026-09-13 01:17:14,034 - DEBUG - https://api.telegram.org:443 "POST /bot/sendMessage HTTP/1.1" 404 55
