2026-07-26 16:10:47,892 - INFO - 启动维护任务 | 协议类型: IPV4
2026-07-26 16:10:47,892 - INFO - --------------------------------------------------
2026-07-26 16:10:47,892 - INFO - [hk.616049.xyz (HKG)] 开始处理节点维护
2026-07-26 16:10:47,917 - DEBUG - DNS解析重试中 hk.616049.xyz: [Errno -5] No address associated with hostname
2026-07-26 16:10:48,949 - DEBUG - DNS解析重试中 hk.616049.xyz: [Errno -5] No address associated with hostname
2026-07-26 16:10:49,981 - DEBUG - DNS解析重试中 hk.616049.xyz: [Errno -5] No address associated with hostname
2026-07-26 16:10:50,983 - WARNING - [hk.616049.xyz (HKG)] ├─ 无有效DNS记录，触发紧急更新
2026-07-26 16:23:13,336 - ERROR - CFST更新失败: None
2026-07-26 16:23:13,337 - INFO - --------------------------------------------------
2026-07-26 16:23:13,337 - INFO - [us.616049.xyz (LAX)] 开始处理节点维护
2026-07-26 16:23:13,378 - DEBUG - DNS解析重试中 us.616049.xyz: [Errno -5] No address associated with hostname
2026-07-26 16:23:14,414 - DEBUG - DNS解析重试中 us.616049.xyz: [Errno -5] No address associated with hostname
2026-07-26 16:23:15,462 - DEBUG - DNS解析重试中 us.616049.xyz: [Errno -5] No address associated with hostname
2026-07-26 16:23:16,464 - WARNING - [us.616049.xyz (LAX)] ├─ 无有效DNS记录，触发紧急更新
2026-07-26 16:35:37,975 - ERROR - CFST更新失败: None
2026-07-26 16:35:37,975 - INFO - --------------------------------------------------
2026-07-26 16:35:37,976 - INFO - [de.616049.xyz (FRA)] 开始处理节点维护
2026-07-26 16:35:38,005 - DEBUG - DNS解析重试中 de.616049.xyz: [Errno -5] No address associated with hostname
2026-07-26 16:35:39,056 - DEBUG - DNS解析重试中 de.616049.xyz: [Errno -5] No address associated with hostname
2026-07-26 16:35:40,071 - DEBUG - DNS解析重试中 de.616049.xyz: [Errno -5] No address associated with hostname
2026-07-26 16:35:41,072 - WARNING - [de.616049.xyz (FRA)] ├─ 无有效DNS记录，触发紧急更新
2026-07-26 16:48:02,369 - ERROR - CFST更新失败: None
2026-07-26 16:48:02,373 - DEBUG - Starting new HTTPS connection (1): api.telegram.org:443
2026-07-26 16:48:02,696 - DEBUG - https://api.telegram.org:443 "POST /bot/sendMessage HTTP/1.1" 404 55
