2026-08-17 02:16:06,448 - INFO - 启动维护任务 | 协议类型: IPV4
2026-08-17 02:16:06,448 - INFO - --------------------------------------------------
2026-08-17 02:16:06,448 - INFO - [hk.616049.xyz (HKG)] 开始处理节点维护
2026-08-17 02:16:06,468 - DEBUG - DNS解析重试中 hk.616049.xyz: [Errno -5] No address associated with hostname
2026-08-17 02:16:07,479 - DEBUG - DNS解析重试中 hk.616049.xyz: [Errno -5] No address associated with hostname
2026-08-17 02:16:08,506 - DEBUG - DNS解析重试中 hk.616049.xyz: [Errno -5] No address associated with hostname
2026-08-17 02:16:09,507 - WARNING - [hk.616049.xyz (HKG)] ├─ 无有效DNS记录，触发紧急更新
2026-08-17 02:28:40,260 - ERROR - CFST更新失败: None
2026-08-17 02:28:40,260 - INFO - --------------------------------------------------
2026-08-17 02:28:40,260 - INFO - [us.616049.xyz (LAX)] 开始处理节点维护
2026-08-17 02:28:40,278 - DEBUG - DNS解析重试中 us.616049.xyz: [Errno -5] No address associated with hostname
2026-08-17 02:28:41,292 - DEBUG - DNS解析重试中 us.616049.xyz: [Errno -5] No address associated with hostname
2026-08-17 02:28:42,305 - DEBUG - DNS解析重试中 us.616049.xyz: [Errno -5] No address associated with hostname
2026-08-17 02:28:43,307 - WARNING - [us.616049.xyz (LAX)] ├─ 无有效DNS记录，触发紧急更新
2026-08-17 02:41:13,880 - ERROR - CFST更新失败: None
2026-08-17 02:41:13,880 - INFO - --------------------------------------------------
2026-08-17 02:41:13,880 - INFO - [de.616049.xyz (FRA)] 开始处理节点维护
2026-08-17 02:41:13,903 - DEBUG - DNS解析重试中 de.616049.xyz: [Errno -5] No address associated with hostname
2026-08-17 02:41:14,931 - DEBUG - DNS解析重试中 de.616049.xyz: [Errno -5] No address associated with hostname
2026-08-17 02:41:15,951 - DEBUG - DNS解析重试中 de.616049.xyz: [Errno -5] No address associated with hostname
2026-08-17 02:41:16,952 - WARNING - [de.616049.xyz (FRA)] ├─ 无有效DNS记录，触发紧急更新
2026-08-17 02:53:47,911 - ERROR - CFST更新失败: None
2026-08-17 02:53:47,915 - DEBUG - Starting new HTTPS connection (1): api.telegram.org:443
2026-08-17 02:53:48,208 - DEBUG - https://api.telegram.org:443 "POST /bot/sendMessage HTTP/1.1" 404 55
