2026-09-15 08:05:53,377 - INFO - 启动维护任务 | 协议类型: IPV4
2026-09-15 08:05:53,377 - INFO - --------------------------------------------------
2026-09-15 08:05:53,377 - INFO - [hk.616049.xyz (HKG)] 开始处理节点维护
2026-09-15 08:05:53,425 - DEBUG - DNS解析重试中 hk.616049.xyz: [Errno -5] No address associated with hostname
2026-09-15 08:05:54,513 - DEBUG - DNS解析重试中 hk.616049.xyz: [Errno -5] No address associated with hostname
2026-09-15 08:05:55,523 - DEBUG - DNS解析重试中 hk.616049.xyz: [Errno -5] No address associated with hostname
2026-09-15 08:05:56,525 - WARNING - [hk.616049.xyz (HKG)] ├─ 无有效DNS记录，触发紧急更新
2026-09-15 08:18:00,427 - ERROR - CFST更新失败: None
2026-09-15 08:18:00,427 - INFO - --------------------------------------------------
2026-09-15 08:18:00,427 - INFO - [us.616049.xyz (LAX)] 开始处理节点维护
2026-09-15 08:18:00,510 - DEBUG - DNS解析重试中 us.616049.xyz: [Errno -5] No address associated with hostname
2026-09-15 08:18:01,579 - DEBUG - DNS解析重试中 us.616049.xyz: [Errno -5] No address associated with hostname
2026-09-15 08:18:02,648 - DEBUG - DNS解析重试中 us.616049.xyz: [Errno -5] No address associated with hostname
2026-09-15 08:18:03,649 - WARNING - [us.616049.xyz (LAX)] ├─ 无有效DNS记录，触发紧急更新
2026-09-15 08:30:00,589 - ERROR - CFST更新失败: None
2026-09-15 08:30:00,589 - INFO - --------------------------------------------------
2026-09-15 08:30:00,590 - INFO - [de.616049.xyz (FRA)] 开始处理节点维护
2026-09-15 08:30:00,657 - DEBUG - DNS解析重试中 de.616049.xyz: [Errno -5] No address associated with hostname
2026-09-15 08:30:01,714 - DEBUG - DNS解析重试中 de.616049.xyz: [Errno -5] No address associated with hostname
2026-09-15 08:30:02,797 - DEBUG - DNS解析重试中 de.616049.xyz: [Errno -5] No address associated with hostname
2026-09-15 08:30:03,798 - WARNING - [de.616049.xyz (FRA)] ├─ 无有效DNS记录，触发紧急更新
2026-09-15 08:42:01,594 - ERROR - CFST更新失败: None
2026-09-15 08:42:01,596 - DEBUG - Starting new HTTPS connection (1): api.telegram.org:443
2026-09-15 08:42:01,967 - DEBUG - https://api.telegram.org:443 "POST /bot/sendMessage HTTP/1.1" 404 55
