2026-08-08 11:16:54,963 - INFO - 启动维护任务 | 协议类型: IPV4
2026-08-08 11:16:54,964 - INFO - --------------------------------------------------
2026-08-08 11:16:54,964 - INFO - [hk.616049.xyz (HKG)] 开始处理节点维护
2026-08-08 11:16:54,983 - DEBUG - DNS解析重试中 hk.616049.xyz: [Errno -5] No address associated with hostname
2026-08-08 11:16:55,998 - DEBUG - DNS解析重试中 hk.616049.xyz: [Errno -5] No address associated with hostname
2026-08-08 11:16:57,004 - DEBUG - DNS解析重试中 hk.616049.xyz: [Errno -5] No address associated with hostname
2026-08-08 11:16:58,005 - WARNING - [hk.616049.xyz (HKG)] ├─ 无有效DNS记录，触发紧急更新
2026-08-08 11:29:29,301 - ERROR - CFST更新失败: None
2026-08-08 11:29:29,302 - INFO - --------------------------------------------------
2026-08-08 11:29:29,302 - INFO - [us.616049.xyz (LAX)] 开始处理节点维护
2026-08-08 11:29:29,313 - DEBUG - DNS解析重试中 us.616049.xyz: [Errno -5] No address associated with hostname
2026-08-08 11:29:30,326 - DEBUG - DNS解析重试中 us.616049.xyz: [Errno -5] No address associated with hostname
2026-08-08 11:29:31,338 - DEBUG - DNS解析重试中 us.616049.xyz: [Errno -5] No address associated with hostname
2026-08-08 11:29:32,340 - WARNING - [us.616049.xyz (LAX)] ├─ 无有效DNS记录，触发紧急更新
2026-08-08 11:42:03,578 - ERROR - CFST更新失败: None
2026-08-08 11:42:03,579 - INFO - --------------------------------------------------
2026-08-08 11:42:03,579 - INFO - [de.616049.xyz (FRA)] 开始处理节点维护
2026-08-08 11:42:03,597 - DEBUG - DNS解析重试中 de.616049.xyz: [Errno -5] No address associated with hostname
2026-08-08 11:42:04,611 - DEBUG - DNS解析重试中 de.616049.xyz: [Errno -5] No address associated with hostname
2026-08-08 11:42:05,623 - DEBUG - DNS解析重试中 de.616049.xyz: [Errno -5] No address associated with hostname
2026-08-08 11:42:06,624 - WARNING - [de.616049.xyz (FRA)] ├─ 无有效DNS记录，触发紧急更新
2026-08-08 11:54:39,115 - ERROR - CFST更新失败: None
2026-08-08 11:54:39,119 - DEBUG - Starting new HTTPS connection (1): api.telegram.org:443
2026-08-08 11:54:39,559 - DEBUG - https://api.telegram.org:443 "POST /bot/sendMessage HTTP/1.1" 404 55
