2026-08-31 02:57:16,965 - INFO - 启动维护任务 | 协议类型: IPV4
2026-08-31 02:57:16,965 - INFO - --------------------------------------------------
2026-08-31 02:57:16,965 - INFO - [hk.616049.xyz (HKG)] 开始处理节点维护
2026-08-31 02:57:16,995 - DEBUG - DNS解析重试中 hk.616049.xyz: [Errno -5] No address associated with hostname
2026-08-31 02:57:18,008 - DEBUG - DNS解析重试中 hk.616049.xyz: [Errno -5] No address associated with hostname
2026-08-31 02:57:19,029 - DEBUG - DNS解析重试中 hk.616049.xyz: [Errno -5] No address associated with hostname
2026-08-31 02:57:20,030 - WARNING - [hk.616049.xyz (HKG)] ├─ 无有效DNS记录，触发紧急更新
2026-08-31 03:09:34,223 - ERROR - CFST更新失败: None
2026-08-31 03:09:34,223 - INFO - --------------------------------------------------
2026-08-31 03:09:34,223 - INFO - [us.616049.xyz (LAX)] 开始处理节点维护
2026-08-31 03:09:34,249 - DEBUG - DNS解析重试中 us.616049.xyz: [Errno -5] No address associated with hostname
2026-08-31 03:09:35,287 - DEBUG - DNS解析重试中 us.616049.xyz: [Errno -5] No address associated with hostname
2026-08-31 03:09:36,306 - DEBUG - DNS解析重试中 us.616049.xyz: [Errno -5] No address associated with hostname
2026-08-31 03:09:37,307 - WARNING - [us.616049.xyz (LAX)] ├─ 无有效DNS记录，触发紧急更新
2026-08-31 03:21:48,878 - ERROR - CFST更新失败: None
2026-08-31 03:21:48,878 - INFO - --------------------------------------------------
2026-08-31 03:21:48,879 - INFO - [de.616049.xyz (FRA)] 开始处理节点维护
2026-08-31 03:21:48,892 - DEBUG - DNS解析重试中 de.616049.xyz: [Errno -5] No address associated with hostname
2026-08-31 03:21:49,921 - DEBUG - DNS解析重试中 de.616049.xyz: [Errno -5] No address associated with hostname
2026-08-31 03:21:50,939 - DEBUG - DNS解析重试中 de.616049.xyz: [Errno -5] No address associated with hostname
2026-08-31 03:21:51,941 - WARNING - [de.616049.xyz (FRA)] ├─ 无有效DNS记录，触发紧急更新
2026-08-31 03:34:03,652 - ERROR - CFST更新失败: None
2026-08-31 03:34:03,655 - DEBUG - Starting new HTTPS connection (1): api.telegram.org:443
2026-08-31 03:34:03,926 - DEBUG - https://api.telegram.org:443 "POST /bot/sendMessage HTTP/1.1" 404 55
