2026-08-01 17:50:48,898 - INFO - 启动维护任务 | 协议类型: IPV4
2026-08-01 17:50:48,898 - INFO - --------------------------------------------------
2026-08-01 17:50:48,898 - INFO - [hk.616049.xyz (HKG)] 开始处理节点维护
2026-08-01 17:50:48,934 - DEBUG - DNS解析重试中 hk.616049.xyz: [Errno -5] No address associated with hostname
2026-08-01 17:50:49,972 - DEBUG - DNS解析重试中 hk.616049.xyz: [Errno -5] No address associated with hostname
2026-08-01 17:50:51,008 - DEBUG - DNS解析重试中 hk.616049.xyz: [Errno -5] No address associated with hostname
2026-08-01 17:50:52,010 - WARNING - [hk.616049.xyz (HKG)] ├─ 无有效DNS记录，触发紧急更新
2026-08-01 18:03:28,083 - ERROR - CFST更新失败: None
2026-08-01 18:03:28,083 - INFO - --------------------------------------------------
2026-08-01 18:03:28,084 - INFO - [us.616049.xyz (LAX)] 开始处理节点维护
2026-08-01 18:03:28,122 - DEBUG - DNS解析重试中 us.616049.xyz: [Errno -5] No address associated with hostname
2026-08-01 18:03:29,162 - DEBUG - DNS解析重试中 us.616049.xyz: [Errno -5] No address associated with hostname
2026-08-01 18:03:30,212 - DEBUG - DNS解析重试中 us.616049.xyz: [Errno -5] No address associated with hostname
2026-08-01 18:03:31,213 - WARNING - [us.616049.xyz (LAX)] ├─ 无有效DNS记录，触发紧急更新
2026-08-01 18:16:07,560 - ERROR - CFST更新失败: None
2026-08-01 18:16:07,560 - INFO - --------------------------------------------------
2026-08-01 18:16:07,561 - INFO - [de.616049.xyz (FRA)] 开始处理节点维护
2026-08-01 18:16:07,599 - DEBUG - DNS解析重试中 de.616049.xyz: [Errno -5] No address associated with hostname
2026-08-01 18:16:08,637 - DEBUG - DNS解析重试中 de.616049.xyz: [Errno -5] No address associated with hostname
2026-08-01 18:16:09,647 - DEBUG - DNS解析重试中 de.616049.xyz: [Errno -5] No address associated with hostname
2026-08-01 18:16:10,648 - WARNING - [de.616049.xyz (FRA)] ├─ 无有效DNS记录，触发紧急更新
2026-08-01 18:28:47,032 - ERROR - CFST更新失败: None
2026-08-01 18:28:47,036 - DEBUG - Starting new HTTPS connection (1): api.telegram.org:443
2026-08-01 18:28:47,483 - DEBUG - https://api.telegram.org:443 "POST /bot/sendMessage HTTP/1.1" 404 55
