2026-09-18 06:33:03,414 - INFO - 启动维护任务 | 协议类型: IPV4
2026-09-18 06:33:03,414 - INFO - --------------------------------------------------
2026-09-18 06:33:03,414 - INFO - [hk.616049.xyz (HKG)] 开始处理节点维护
2026-09-18 06:33:03,451 - DEBUG - DNS解析重试中 hk.616049.xyz: [Errno -5] No address associated with hostname
2026-09-18 06:33:04,485 - DEBUG - DNS解析重试中 hk.616049.xyz: [Errno -5] No address associated with hostname
2026-09-18 06:33:05,529 - DEBUG - DNS解析重试中 hk.616049.xyz: [Errno -5] No address associated with hostname
2026-09-18 06:33:06,531 - WARNING - [hk.616049.xyz (HKG)] ├─ 无有效DNS记录，触发紧急更新
2026-09-18 06:45:49,457 - ERROR - CFST更新失败: None
2026-09-18 06:45:49,457 - INFO - --------------------------------------------------
2026-09-18 06:45:49,457 - INFO - [us.616049.xyz (LAX)] 开始处理节点维护
2026-09-18 06:45:49,496 - DEBUG - DNS解析重试中 us.616049.xyz: [Errno -5] No address associated with hostname
2026-09-18 06:45:50,562 - DEBUG - DNS解析重试中 us.616049.xyz: [Errno -5] No address associated with hostname
2026-09-18 06:45:51,598 - DEBUG - DNS解析重试中 us.616049.xyz: [Errno -5] No address associated with hostname
2026-09-18 06:45:52,599 - WARNING - [us.616049.xyz (LAX)] ├─ 无有效DNS记录，触发紧急更新
2026-09-18 06:58:35,925 - ERROR - CFST更新失败: None
2026-09-18 06:58:35,925 - INFO - --------------------------------------------------
2026-09-18 06:58:35,925 - INFO - [de.616049.xyz (FRA)] 开始处理节点维护
2026-09-18 06:58:35,966 - DEBUG - DNS解析重试中 de.616049.xyz: [Errno -5] No address associated with hostname
2026-09-18 06:58:37,010 - DEBUG - DNS解析重试中 de.616049.xyz: [Errno -5] No address associated with hostname
2026-09-18 06:58:38,048 - DEBUG - DNS解析重试中 de.616049.xyz: [Errno -5] No address associated with hostname
2026-09-18 06:58:39,050 - WARNING - [de.616049.xyz (FRA)] ├─ 无有效DNS记录，触发紧急更新
2026-09-18 07:11:21,859 - ERROR - CFST更新失败: None
2026-09-18 07:11:21,862 - DEBUG - Starting new HTTPS connection (1): api.telegram.org:443
2026-09-18 07:11:22,279 - DEBUG - https://api.telegram.org:443 "POST /bot/sendMessage HTTP/1.1" 404 55
