2026-08-26 20:34:23,248 - INFO - 启动维护任务 | 协议类型: IPV4
2026-08-26 20:34:23,248 - INFO - --------------------------------------------------
2026-08-26 20:34:23,248 - INFO - [hk.616049.xyz (HKG)] 开始处理节点维护
2026-08-26 20:34:23,260 - DEBUG - DNS解析重试中 hk.616049.xyz: [Errno -5] No address associated with hostname
2026-08-26 20:34:24,274 - DEBUG - DNS解析重试中 hk.616049.xyz: [Errno -5] No address associated with hostname
2026-08-26 20:34:25,286 - DEBUG - DNS解析重试中 hk.616049.xyz: [Errno -5] No address associated with hostname
2026-08-26 20:34:26,287 - WARNING - [hk.616049.xyz (HKG)] ├─ 无有效DNS记录，触发紧急更新
2026-08-26 20:46:58,600 - ERROR - CFST更新失败: None
2026-08-26 20:46:58,600 - INFO - --------------------------------------------------
2026-08-26 20:46:58,601 - INFO - [us.616049.xyz (LAX)] 开始处理节点维护
2026-08-26 20:46:58,616 - DEBUG - DNS解析重试中 us.616049.xyz: [Errno -5] No address associated with hostname
2026-08-26 20:46:59,629 - DEBUG - DNS解析重试中 us.616049.xyz: [Errno -5] No address associated with hostname
2026-08-26 20:47:00,641 - DEBUG - DNS解析重试中 us.616049.xyz: [Errno -5] No address associated with hostname
2026-08-26 20:47:01,643 - WARNING - [us.616049.xyz (LAX)] ├─ 无有效DNS记录，触发紧急更新
2026-08-26 20:59:33,529 - ERROR - CFST更新失败: None
2026-08-26 20:59:33,529 - INFO - --------------------------------------------------
2026-08-26 20:59:33,530 - INFO - [de.616049.xyz (FRA)] 开始处理节点维护
2026-08-26 20:59:33,543 - DEBUG - DNS解析重试中 de.616049.xyz: [Errno -5] No address associated with hostname
2026-08-26 20:59:34,555 - DEBUG - DNS解析重试中 de.616049.xyz: [Errno -5] No address associated with hostname
2026-08-26 20:59:35,573 - DEBUG - DNS解析重试中 de.616049.xyz: [Errno -5] No address associated with hostname
2026-08-26 20:59:36,574 - WARNING - [de.616049.xyz (FRA)] ├─ 无有效DNS记录，触发紧急更新
2026-08-26 21:12:08,863 - ERROR - CFST更新失败: None
2026-08-26 21:12:08,867 - DEBUG - Starting new HTTPS connection (1): api.telegram.org:443
2026-08-26 21:12:09,338 - DEBUG - https://api.telegram.org:443 "POST /bot/sendMessage HTTP/1.1" 404 55
