2026-08-25 18:22:24,228 - INFO - 启动维护任务 | 协议类型: IPV4
2026-08-25 18:22:24,228 - INFO - --------------------------------------------------
2026-08-25 18:22:24,228 - INFO - [hk.616049.xyz (HKG)] 开始处理节点维护
2026-08-25 18:22:24,251 - DEBUG - DNS解析重试中 hk.616049.xyz: [Errno -5] No address associated with hostname
2026-08-25 18:22:25,275 - DEBUG - DNS解析重试中 hk.616049.xyz: [Errno -5] No address associated with hostname
2026-08-25 18:22:26,296 - DEBUG - DNS解析重试中 hk.616049.xyz: [Errno -5] No address associated with hostname
2026-08-25 18:22:27,298 - WARNING - [hk.616049.xyz (HKG)] ├─ 无有效DNS记录，触发紧急更新
2026-08-25 18:35:02,350 - ERROR - CFST更新失败: None
2026-08-25 18:35:02,350 - INFO - --------------------------------------------------
2026-08-25 18:35:02,350 - INFO - [us.616049.xyz (LAX)] 开始处理节点维护
2026-08-25 18:35:02,375 - DEBUG - DNS解析重试中 us.616049.xyz: [Errno -5] No address associated with hostname
2026-08-25 18:35:03,405 - DEBUG - DNS解析重试中 us.616049.xyz: [Errno -5] No address associated with hostname
2026-08-25 18:35:04,426 - DEBUG - DNS解析重试中 us.616049.xyz: [Errno -5] No address associated with hostname
2026-08-25 18:35:05,427 - WARNING - [us.616049.xyz (LAX)] ├─ 无有效DNS记录，触发紧急更新
2026-08-25 18:47:45,106 - ERROR - CFST更新失败: None
2026-08-25 18:47:45,106 - INFO - --------------------------------------------------
2026-08-25 18:47:45,107 - INFO - [de.616049.xyz (FRA)] 开始处理节点维护
2026-08-25 18:47:45,131 - DEBUG - DNS解析重试中 de.616049.xyz: [Errno -5] No address associated with hostname
2026-08-25 18:47:46,326 - DEBUG - DNS解析重试中 de.616049.xyz: [Errno -5] No address associated with hostname
2026-08-25 18:47:47,350 - DEBUG - DNS解析重试中 de.616049.xyz: [Errno -5] No address associated with hostname
2026-08-25 18:47:48,350 - WARNING - [de.616049.xyz (FRA)] ├─ 无有效DNS记录，触发紧急更新
2026-08-25 19:00:24,293 - ERROR - CFST更新失败: None
2026-08-25 19:00:24,296 - DEBUG - Starting new HTTPS connection (1): api.telegram.org:443
2026-08-25 19:00:24,591 - DEBUG - https://api.telegram.org:443 "POST /bot/sendMessage HTTP/1.1" 404 55
