2026-08-16 16:18:14,965 - INFO - 启动维护任务 | 协议类型: IPV4
2026-08-16 16:18:14,965 - INFO - --------------------------------------------------
2026-08-16 16:18:14,965 - INFO - [hk.616049.xyz (HKG)] 开始处理节点维护
2026-08-16 16:18:15,040 - DEBUG - DNS解析重试中 hk.616049.xyz: [Errno -5] No address associated with hostname
2026-08-16 16:18:16,117 - DEBUG - DNS解析重试中 hk.616049.xyz: [Errno -5] No address associated with hostname
2026-08-16 16:18:17,177 - DEBUG - DNS解析重试中 hk.616049.xyz: [Errno -5] No address associated with hostname
2026-08-16 16:18:18,178 - WARNING - [hk.616049.xyz (HKG)] ├─ 无有效DNS记录，触发紧急更新
2026-08-16 16:30:15,169 - ERROR - CFST更新失败: None
2026-08-16 16:30:15,169 - INFO - --------------------------------------------------
2026-08-16 16:30:15,169 - INFO - [us.616049.xyz (LAX)] 开始处理节点维护
2026-08-16 16:30:15,218 - DEBUG - DNS解析重试中 us.616049.xyz: [Errno -5] No address associated with hostname
2026-08-16 16:30:16,264 - DEBUG - DNS解析重试中 us.616049.xyz: [Errno -5] No address associated with hostname
2026-08-16 16:30:17,290 - DEBUG - DNS解析重试中 us.616049.xyz: [Errno -5] No address associated with hostname
2026-08-16 16:30:18,291 - WARNING - [us.616049.xyz (LAX)] ├─ 无有效DNS记录，触发紧急更新
2026-08-16 16:42:20,019 - ERROR - CFST更新失败: None
2026-08-16 16:42:20,019 - INFO - --------------------------------------------------
2026-08-16 16:42:20,019 - INFO - [de.616049.xyz (FRA)] 开始处理节点维护
2026-08-16 16:42:20,065 - DEBUG - DNS解析重试中 de.616049.xyz: [Errno -5] No address associated with hostname
2026-08-16 16:42:21,142 - DEBUG - DNS解析重试中 de.616049.xyz: [Errno -5] No address associated with hostname
2026-08-16 16:42:22,211 - DEBUG - DNS解析重试中 de.616049.xyz: [Errno -5] No address associated with hostname
2026-08-16 16:42:23,212 - WARNING - [de.616049.xyz (FRA)] ├─ 无有效DNS记录，触发紧急更新
2026-08-16 16:54:24,830 - ERROR - CFST更新失败: None
2026-08-16 16:54:24,832 - DEBUG - Starting new HTTPS connection (1): api.telegram.org:443
2026-08-16 16:54:25,189 - DEBUG - https://api.telegram.org:443 "POST /bot/sendMessage HTTP/1.1" 404 55
