2026-07-25 21:04:54,746 - INFO - 启动维护任务 | 协议类型: IPV4
2026-07-25 21:04:54,746 - INFO - --------------------------------------------------
2026-07-25 21:04:54,746 - INFO - [hk.616049.xyz (HKG)] 开始处理节点维护
2026-07-25 21:04:54,758 - DEBUG - DNS解析重试中 hk.616049.xyz: [Errno -5] No address associated with hostname
2026-07-25 21:04:55,772 - DEBUG - DNS解析重试中 hk.616049.xyz: [Errno -5] No address associated with hostname
2026-07-25 21:04:56,779 - DEBUG - DNS解析重试中 hk.616049.xyz: [Errno -5] No address associated with hostname
2026-07-25 21:04:57,781 - WARNING - [hk.616049.xyz (HKG)] ├─ 无有效DNS记录，触发紧急更新
2026-07-25 21:17:28,046 - ERROR - CFST更新失败: None
2026-07-25 21:17:28,046 - INFO - --------------------------------------------------
2026-07-25 21:17:28,046 - INFO - [us.616049.xyz (LAX)] 开始处理节点维护
2026-07-25 21:17:28,068 - DEBUG - DNS解析重试中 us.616049.xyz: [Errno -5] No address associated with hostname
2026-07-25 21:17:29,082 - DEBUG - DNS解析重试中 us.616049.xyz: [Errno -5] No address associated with hostname
2026-07-25 21:17:30,094 - DEBUG - DNS解析重试中 us.616049.xyz: [Errno -5] No address associated with hostname
2026-07-25 21:17:31,095 - WARNING - [us.616049.xyz (LAX)] ├─ 无有效DNS记录，触发紧急更新
2026-07-25 21:30:00,573 - ERROR - CFST更新失败: None
2026-07-25 21:30:00,573 - INFO - --------------------------------------------------
2026-07-25 21:30:00,574 - INFO - [de.616049.xyz (FRA)] 开始处理节点维护
2026-07-25 21:30:00,765 - DEBUG - DNS解析重试中 de.616049.xyz: [Errno -5] No address associated with hostname
2026-07-25 21:30:01,782 - DEBUG - DNS解析重试中 de.616049.xyz: [Errno -5] No address associated with hostname
2026-07-25 21:30:02,797 - DEBUG - DNS解析重试中 de.616049.xyz: [Errno -5] No address associated with hostname
2026-07-25 21:30:03,798 - WARNING - [de.616049.xyz (FRA)] ├─ 无有效DNS记录，触发紧急更新
2026-07-25 21:42:33,738 - ERROR - CFST更新失败: None
2026-07-25 21:42:33,742 - DEBUG - Starting new HTTPS connection (1): api.telegram.org:443
2026-07-25 21:42:34,039 - DEBUG - https://api.telegram.org:443 "POST /bot/sendMessage HTTP/1.1" 404 55
