2026-07-31 04:57:32,039 - INFO - 启动维护任务 | 协议类型: IPV4
2026-07-31 04:57:32,039 - INFO - --------------------------------------------------
2026-07-31 04:57:32,039 - INFO - [hk.616049.xyz (HKG)] 开始处理节点维护
2026-07-31 04:57:32,078 - DEBUG - DNS解析重试中 hk.616049.xyz: [Errno -5] No address associated with hostname
2026-07-31 04:57:33,123 - DEBUG - DNS解析重试中 hk.616049.xyz: [Errno -5] No address associated with hostname
2026-07-31 04:57:34,160 - DEBUG - DNS解析重试中 hk.616049.xyz: [Errno -5] No address associated with hostname
2026-07-31 04:57:35,160 - WARNING - [hk.616049.xyz (HKG)] ├─ 无有效DNS记录，触发紧急更新
2026-07-31 05:10:11,046 - ERROR - CFST更新失败: None
2026-07-31 05:10:11,047 - INFO - --------------------------------------------------
2026-07-31 05:10:11,047 - INFO - [us.616049.xyz (LAX)] 开始处理节点维护
2026-07-31 05:10:11,093 - DEBUG - DNS解析重试中 us.616049.xyz: [Errno -5] No address associated with hostname
2026-07-31 05:10:12,147 - DEBUG - DNS解析重试中 us.616049.xyz: [Errno -5] No address associated with hostname
2026-07-31 05:10:13,178 - DEBUG - DNS解析重试中 us.616049.xyz: [Errno -5] No address associated with hostname
2026-07-31 05:10:14,180 - WARNING - [us.616049.xyz (LAX)] ├─ 无有效DNS记录，触发紧急更新
2026-07-31 05:22:49,102 - ERROR - CFST更新失败: None
2026-07-31 05:22:49,103 - INFO - --------------------------------------------------
2026-07-31 05:22:49,103 - INFO - [de.616049.xyz (FRA)] 开始处理节点维护
2026-07-31 05:22:49,145 - DEBUG - DNS解析重试中 de.616049.xyz: [Errno -5] No address associated with hostname
2026-07-31 05:22:50,209 - DEBUG - DNS解析重试中 de.616049.xyz: [Errno -5] No address associated with hostname
2026-07-31 05:22:51,219 - DEBUG - DNS解析重试中 de.616049.xyz: [Errno -5] No address associated with hostname
2026-07-31 05:22:52,221 - WARNING - [de.616049.xyz (FRA)] ├─ 无有效DNS记录，触发紧急更新
2026-07-31 05:35:28,070 - ERROR - CFST更新失败: None
2026-07-31 05:35:28,074 - DEBUG - Starting new HTTPS connection (1): api.telegram.org:443
2026-07-31 05:35:28,382 - DEBUG - https://api.telegram.org:443 "POST /bot/sendMessage HTTP/1.1" 404 55
