2026-07-25 09:55:00,230 - INFO - 启动维护任务 | 协议类型: IPV4
2026-07-25 09:55:00,230 - INFO - --------------------------------------------------
2026-07-25 09:55:00,230 - INFO - [hk.616049.xyz (HKG)] 开始处理节点维护
2026-07-25 09:55:00,274 - DEBUG - DNS解析重试中 hk.616049.xyz: [Errno -5] No address associated with hostname
2026-07-25 09:55:01,282 - DEBUG - DNS解析重试中 hk.616049.xyz: [Errno -5] No address associated with hostname
2026-07-25 09:55:02,316 - DEBUG - DNS解析重试中 hk.616049.xyz: [Errno -5] No address associated with hostname
2026-07-25 09:55:03,317 - WARNING - [hk.616049.xyz (HKG)] ├─ 无有效DNS记录，触发紧急更新
2026-07-25 10:07:45,865 - ERROR - CFST更新失败: None
2026-07-25 10:07:45,865 - INFO - --------------------------------------------------
2026-07-25 10:07:45,865 - INFO - [us.616049.xyz (LAX)] 开始处理节点维护
2026-07-25 10:07:45,892 - DEBUG - DNS解析重试中 us.616049.xyz: [Errno -5] No address associated with hostname
2026-07-25 10:07:46,951 - DEBUG - DNS解析重试中 us.616049.xyz: [Errno -5] No address associated with hostname
2026-07-25 10:07:47,988 - DEBUG - DNS解析重试中 us.616049.xyz: [Errno -5] No address associated with hostname
2026-07-25 10:07:48,989 - WARNING - [us.616049.xyz (LAX)] ├─ 无有效DNS记录，触发紧急更新
2026-07-25 10:20:31,533 - ERROR - CFST更新失败: None
2026-07-25 10:20:31,534 - INFO - --------------------------------------------------
2026-07-25 10:20:31,534 - INFO - [de.616049.xyz (FRA)] 开始处理节点维护
2026-07-25 10:20:31,573 - DEBUG - DNS解析重试中 de.616049.xyz: [Errno -5] No address associated with hostname
2026-07-25 10:20:32,621 - DEBUG - DNS解析重试中 de.616049.xyz: [Errno -5] No address associated with hostname
2026-07-25 10:20:33,659 - DEBUG - DNS解析重试中 de.616049.xyz: [Errno -5] No address associated with hostname
2026-07-25 10:20:34,660 - WARNING - [de.616049.xyz (FRA)] ├─ 无有效DNS记录，触发紧急更新
2026-07-25 10:33:17,179 - ERROR - CFST更新失败: None
2026-07-25 10:33:17,182 - DEBUG - Starting new HTTPS connection (1): api.telegram.org:443
2026-07-25 10:33:17,668 - DEBUG - https://api.telegram.org:443 "POST /bot/sendMessage HTTP/1.1" 404 55
