2026-08-15 14:22:25,867 - INFO - 启动维护任务 | 协议类型: IPV4
2026-08-15 14:22:25,867 - INFO - --------------------------------------------------
2026-08-15 14:22:25,867 - INFO - [hk.616049.xyz (HKG)] 开始处理节点维护
2026-08-15 14:22:25,924 - DEBUG - DNS解析重试中 hk.616049.xyz: [Errno -5] No address associated with hostname
2026-08-15 14:22:27,001 - DEBUG - DNS解析重试中 hk.616049.xyz: [Errno -5] No address associated with hostname
2026-08-15 14:22:28,067 - DEBUG - DNS解析重试中 hk.616049.xyz: [Errno -5] No address associated with hostname
2026-08-15 14:22:29,068 - WARNING - [hk.616049.xyz (HKG)] ├─ 无有效DNS记录，触发紧急更新
2026-08-15 14:35:11,314 - ERROR - CFST更新失败: None
2026-08-15 14:35:11,314 - INFO - --------------------------------------------------
2026-08-15 14:35:11,314 - INFO - [us.616049.xyz (LAX)] 开始处理节点维护
2026-08-15 14:35:11,590 - DEBUG - DNS解析重试中 us.616049.xyz: [Errno -5] No address associated with hostname
2026-08-15 14:35:12,654 - DEBUG - DNS解析重试中 us.616049.xyz: [Errno -5] No address associated with hostname
2026-08-15 14:35:13,727 - DEBUG - DNS解析重试中 us.616049.xyz: [Errno -5] No address associated with hostname
2026-08-15 14:35:14,728 - WARNING - [us.616049.xyz (LAX)] ├─ 无有效DNS记录，触发紧急更新
2026-08-15 14:47:52,465 - ERROR - CFST更新失败: None
2026-08-15 14:47:52,465 - INFO - --------------------------------------------------
2026-08-15 14:47:52,465 - INFO - [de.616049.xyz (FRA)] 开始处理节点维护
2026-08-15 14:47:52,517 - DEBUG - DNS解析重试中 de.616049.xyz: [Errno -5] No address associated with hostname
2026-08-15 14:47:53,583 - DEBUG - DNS解析重试中 de.616049.xyz: [Errno -5] No address associated with hostname
2026-08-15 14:47:54,635 - DEBUG - DNS解析重试中 de.616049.xyz: [Errno -5] No address associated with hostname
2026-08-15 14:47:55,636 - WARNING - [de.616049.xyz (FRA)] ├─ 无有效DNS记录，触发紧急更新
2026-08-15 15:00:36,863 - ERROR - CFST更新失败: None
2026-08-15 15:00:36,867 - DEBUG - Starting new HTTPS connection (1): api.telegram.org:443
2026-08-15 15:00:37,240 - DEBUG - https://api.telegram.org:443 "POST /bot/sendMessage HTTP/1.1" 404 55
