2026-08-22 02:23:56,722 - INFO - 启动维护任务 | 协议类型: IPV4
2026-08-22 02:23:56,722 - INFO - --------------------------------------------------
2026-08-22 02:23:56,722 - INFO - [hk.616049.xyz (HKG)] 开始处理节点维护
2026-08-22 02:23:56,776 - DEBUG - DNS解析重试中 hk.616049.xyz: [Errno -5] No address associated with hostname
2026-08-22 02:23:57,828 - DEBUG - DNS解析重试中 hk.616049.xyz: [Errno -5] No address associated with hostname
2026-08-22 02:23:58,881 - DEBUG - DNS解析重试中 hk.616049.xyz: [Errno -5] No address associated with hostname
2026-08-22 02:23:59,883 - WARNING - [hk.616049.xyz (HKG)] ├─ 无有效DNS记录，触发紧急更新
2026-08-22 02:36:13,970 - ERROR - CFST更新失败: None
2026-08-22 02:36:13,970 - INFO - --------------------------------------------------
2026-08-22 02:36:13,970 - INFO - [us.616049.xyz (LAX)] 开始处理节点维护
2026-08-22 02:36:14,015 - DEBUG - DNS解析重试中 us.616049.xyz: [Errno -5] No address associated with hostname
2026-08-22 02:36:15,069 - DEBUG - DNS解析重试中 us.616049.xyz: [Errno -5] No address associated with hostname
2026-08-22 02:36:16,121 - DEBUG - DNS解析重试中 us.616049.xyz: [Errno -5] No address associated with hostname
2026-08-22 02:36:17,122 - WARNING - [us.616049.xyz (LAX)] ├─ 无有效DNS记录，触发紧急更新
2026-08-22 02:48:29,177 - ERROR - CFST更新失败: None
2026-08-22 02:48:29,177 - INFO - --------------------------------------------------
2026-08-22 02:48:29,177 - INFO - [de.616049.xyz (FRA)] 开始处理节点维护
2026-08-22 02:48:29,217 - DEBUG - DNS解析重试中 de.616049.xyz: [Errno -5] No address associated with hostname
2026-08-22 02:48:30,252 - DEBUG - DNS解析重试中 de.616049.xyz: [Errno -5] No address associated with hostname
2026-08-22 02:48:31,304 - DEBUG - DNS解析重试中 de.616049.xyz: [Errno -5] No address associated with hostname
2026-08-22 02:48:32,306 - WARNING - [de.616049.xyz (FRA)] ├─ 无有效DNS记录，触发紧急更新
2026-08-22 03:00:45,897 - ERROR - CFST更新失败: None
2026-08-22 03:00:45,900 - DEBUG - Starting new HTTPS connection (1): api.telegram.org:443
2026-08-22 03:00:46,316 - DEBUG - https://api.telegram.org:443 "POST /bot/sendMessage HTTP/1.1" 404 55
