2026-08-14 09:12:48,977 - INFO - 启动维护任务 | 协议类型: IPV4
2026-08-14 09:12:48,977 - INFO - --------------------------------------------------
2026-08-14 09:12:48,977 - INFO - [hk.616049.xyz (HKG)] 开始处理节点维护
2026-08-14 09:12:48,997 - DEBUG - DNS解析重试中 hk.616049.xyz: [Errno -5] No address associated with hostname
2026-08-14 09:12:50,011 - DEBUG - DNS解析重试中 hk.616049.xyz: [Errno -5] No address associated with hostname
2026-08-14 09:12:51,023 - DEBUG - DNS解析重试中 hk.616049.xyz: [Errno -5] No address associated with hostname
2026-08-14 09:12:52,025 - WARNING - [hk.616049.xyz (HKG)] ├─ 无有效DNS记录，触发紧急更新
2026-08-14 09:25:22,983 - ERROR - CFST更新失败: None
2026-08-14 09:25:22,984 - INFO - --------------------------------------------------
2026-08-14 09:25:22,984 - INFO - [us.616049.xyz (LAX)] 开始处理节点维护
2026-08-14 09:25:23,003 - DEBUG - DNS解析重试中 us.616049.xyz: [Errno -5] No address associated with hostname
2026-08-14 09:25:24,017 - DEBUG - DNS解析重试中 us.616049.xyz: [Errno -5] No address associated with hostname
2026-08-14 09:25:25,031 - DEBUG - DNS解析重试中 us.616049.xyz: [Errno -5] No address associated with hostname
2026-08-14 09:25:26,032 - WARNING - [us.616049.xyz (LAX)] ├─ 无有效DNS记录，触发紧急更新
2026-08-14 09:37:57,104 - ERROR - CFST更新失败: None
2026-08-14 09:37:57,104 - INFO - --------------------------------------------------
2026-08-14 09:37:57,104 - INFO - [de.616049.xyz (FRA)] 开始处理节点维护
2026-08-14 09:37:57,126 - DEBUG - DNS解析重试中 de.616049.xyz: [Errno -5] No address associated with hostname
2026-08-14 09:37:58,150 - DEBUG - DNS解析重试中 de.616049.xyz: [Errno -5] No address associated with hostname
2026-08-14 09:37:59,173 - DEBUG - DNS解析重试中 de.616049.xyz: [Errno -5] No address associated with hostname
2026-08-14 09:38:00,174 - WARNING - [de.616049.xyz (FRA)] ├─ 无有效DNS记录，触发紧急更新
2026-08-14 09:50:31,668 - ERROR - CFST更新失败: None
2026-08-14 09:50:31,672 - DEBUG - Starting new HTTPS connection (1): api.telegram.org:443
2026-08-14 09:50:31,965 - DEBUG - https://api.telegram.org:443 "POST /bot/sendMessage HTTP/1.1" 404 55
