2026-08-21 12:29:37,752 - INFO - 启动维护任务 | 协议类型: IPV4
2026-08-21 12:29:37,752 - INFO - --------------------------------------------------
2026-08-21 12:29:37,752 - INFO - [hk.616049.xyz (HKG)] 开始处理节点维护
2026-08-21 12:29:37,785 - DEBUG - DNS解析重试中 hk.616049.xyz: [Errno -5] No address associated with hostname
2026-08-21 12:29:38,829 - DEBUG - DNS解析重试中 hk.616049.xyz: [Errno -5] No address associated with hostname
2026-08-21 12:29:39,849 - DEBUG - DNS解析重试中 hk.616049.xyz: [Errno -5] No address associated with hostname
2026-08-21 12:29:40,851 - WARNING - [hk.616049.xyz (HKG)] ├─ 无有效DNS记录，触发紧急更新
2026-08-21 12:42:16,670 - ERROR - CFST更新失败: None
2026-08-21 12:42:16,670 - INFO - --------------------------------------------------
2026-08-21 12:42:16,670 - INFO - [us.616049.xyz (LAX)] 开始处理节点维护
2026-08-21 12:42:16,696 - DEBUG - DNS解析重试中 us.616049.xyz: [Errno -5] No address associated with hostname
2026-08-21 12:42:17,716 - DEBUG - DNS解析重试中 us.616049.xyz: [Errno -5] No address associated with hostname
2026-08-21 12:42:18,761 - DEBUG - DNS解析重试中 us.616049.xyz: [Errno -5] No address associated with hostname
2026-08-21 12:42:19,762 - WARNING - [us.616049.xyz (LAX)] ├─ 无有效DNS记录，触发紧急更新
2026-08-21 12:54:54,250 - ERROR - CFST更新失败: None
2026-08-21 12:54:54,250 - INFO - --------------------------------------------------
2026-08-21 12:54:54,250 - INFO - [de.616049.xyz (FRA)] 开始处理节点维护
2026-08-21 12:54:54,282 - DEBUG - DNS解析重试中 de.616049.xyz: [Errno -5] No address associated with hostname
2026-08-21 12:54:55,289 - DEBUG - DNS解析重试中 de.616049.xyz: [Errno -5] No address associated with hostname
2026-08-21 12:54:56,331 - DEBUG - DNS解析重试中 de.616049.xyz: [Errno -5] No address associated with hostname
2026-08-21 12:54:57,332 - WARNING - [de.616049.xyz (FRA)] ├─ 无有效DNS记录，触发紧急更新
2026-08-21 13:07:32,740 - ERROR - CFST更新失败: None
2026-08-21 13:07:32,744 - DEBUG - Starting new HTTPS connection (1): api.telegram.org:443
2026-08-21 13:07:33,055 - DEBUG - https://api.telegram.org:443 "POST /bot/sendMessage HTTP/1.1" 404 55
