2026-08-15 16:16:54,023 - INFO - 启动维护任务 | 协议类型: IPV4
2026-08-15 16:16:54,023 - INFO - --------------------------------------------------
2026-08-15 16:16:54,023 - INFO - [hk.616049.xyz (HKG)] 开始处理节点维护
2026-08-15 16:16:54,041 - DEBUG - DNS解析重试中 hk.616049.xyz: [Errno -5] No address associated with hostname
2026-08-15 16:16:55,064 - DEBUG - DNS解析重试中 hk.616049.xyz: [Errno -5] No address associated with hostname
2026-08-15 16:16:56,078 - DEBUG - DNS解析重试中 hk.616049.xyz: [Errno -5] No address associated with hostname
2026-08-15 16:16:57,079 - WARNING - [hk.616049.xyz (HKG)] ├─ 无有效DNS记录，触发紧急更新
2026-08-15 16:29:29,272 - ERROR - CFST更新失败: None
2026-08-15 16:29:29,273 - INFO - --------------------------------------------------
2026-08-15 16:29:29,273 - INFO - [us.616049.xyz (LAX)] 开始处理节点维护
2026-08-15 16:29:29,296 - DEBUG - DNS解析重试中 us.616049.xyz: [Errno -5] No address associated with hostname
2026-08-15 16:29:30,306 - DEBUG - DNS解析重试中 us.616049.xyz: [Errno -5] No address associated with hostname
2026-08-15 16:29:31,328 - DEBUG - DNS解析重试中 us.616049.xyz: [Errno -5] No address associated with hostname
2026-08-15 16:29:32,329 - WARNING - [us.616049.xyz (LAX)] ├─ 无有效DNS记录，触发紧急更新
2026-08-15 16:42:04,493 - ERROR - CFST更新失败: None
2026-08-15 16:42:04,494 - INFO - --------------------------------------------------
2026-08-15 16:42:04,494 - INFO - [de.616049.xyz (FRA)] 开始处理节点维护
2026-08-15 16:42:04,507 - DEBUG - DNS解析重试中 de.616049.xyz: [Errno -5] No address associated with hostname
2026-08-15 16:42:05,526 - DEBUG - DNS解析重试中 de.616049.xyz: [Errno -5] No address associated with hostname
2026-08-15 16:42:06,537 - DEBUG - DNS解析重试中 de.616049.xyz: [Errno -5] No address associated with hostname
2026-08-15 16:42:07,538 - WARNING - [de.616049.xyz (FRA)] ├─ 无有效DNS记录，触发紧急更新
2026-08-15 16:54:39,883 - ERROR - CFST更新失败: None
2026-08-15 16:54:39,887 - DEBUG - Starting new HTTPS connection (1): api.telegram.org:443
2026-08-15 16:54:40,355 - DEBUG - https://api.telegram.org:443 "POST /bot/sendMessage HTTP/1.1" 404 55
