2026-07-31 23:55:47,931 - INFO - 启动维护任务 | 协议类型: IPV4
2026-07-31 23:55:47,931 - INFO - --------------------------------------------------
2026-07-31 23:55:47,931 - INFO - [hk.616049.xyz (HKG)] 开始处理节点维护
2026-07-31 23:55:47,969 - DEBUG - DNS解析重试中 hk.616049.xyz: [Errno -5] No address associated with hostname
2026-07-31 23:55:49,009 - DEBUG - DNS解析重试中 hk.616049.xyz: [Errno -5] No address associated with hostname
2026-07-31 23:55:50,056 - DEBUG - DNS解析重试中 hk.616049.xyz: [Errno -5] No address associated with hostname
2026-07-31 23:55:51,057 - WARNING - [hk.616049.xyz (HKG)] ├─ 无有效DNS记录，触发紧急更新
2026-08-01 00:08:06,585 - ERROR - CFST更新失败: None
2026-08-01 00:08:06,585 - INFO - --------------------------------------------------
2026-08-01 00:08:06,585 - INFO - [us.616049.xyz (LAX)] 开始处理节点维护
2026-08-01 00:08:06,651 - DEBUG - DNS解析重试中 us.616049.xyz: [Errno -5] No address associated with hostname
2026-08-01 00:08:07,712 - DEBUG - DNS解析重试中 us.616049.xyz: [Errno -5] No address associated with hostname
2026-08-01 00:08:08,792 - DEBUG - DNS解析重试中 us.616049.xyz: [Errno -5] No address associated with hostname
2026-08-01 00:08:09,793 - WARNING - [us.616049.xyz (LAX)] ├─ 无有效DNS记录，触发紧急更新
2026-08-01 00:20:25,914 - ERROR - CFST更新失败: None
2026-08-01 00:20:25,915 - INFO - --------------------------------------------------
2026-08-01 00:20:25,915 - INFO - [de.616049.xyz (FRA)] 开始处理节点维护
2026-08-01 00:20:25,951 - DEBUG - DNS解析重试中 de.616049.xyz: [Errno -5] No address associated with hostname
2026-08-01 00:20:27,022 - DEBUG - DNS解析重试中 de.616049.xyz: [Errno -5] No address associated with hostname
2026-08-01 00:20:28,034 - DEBUG - DNS解析重试中 de.616049.xyz: [Errno -5] No address associated with hostname
2026-08-01 00:20:29,036 - WARNING - [de.616049.xyz (FRA)] ├─ 无有效DNS记录，触发紧急更新
2026-08-01 00:32:49,207 - ERROR - CFST更新失败: None
2026-08-01 00:32:49,210 - DEBUG - Starting new HTTPS connection (1): api.telegram.org:443
2026-08-01 00:32:49,652 - DEBUG - https://api.telegram.org:443 "POST /bot/sendMessage HTTP/1.1" 404 55
