2026-08-11 06:27:38,948 - INFO - 启动维护任务 | 协议类型: IPV4
2026-08-11 06:27:38,948 - INFO - --------------------------------------------------
2026-08-11 06:27:38,948 - INFO - [hk.616049.xyz (HKG)] 开始处理节点维护
2026-08-11 06:27:38,963 - DEBUG - DNS解析重试中 hk.616049.xyz: [Errno -5] No address associated with hostname
2026-08-11 06:27:39,978 - DEBUG - DNS解析重试中 hk.616049.xyz: [Errno -5] No address associated with hostname
2026-08-11 06:27:40,991 - DEBUG - DNS解析重试中 hk.616049.xyz: [Errno -5] No address associated with hostname
2026-08-11 06:27:41,992 - WARNING - [hk.616049.xyz (HKG)] ├─ 无有效DNS记录，触发紧急更新
2026-08-11 06:40:16,441 - ERROR - CFST更新失败: None
2026-08-11 06:40:16,441 - INFO - --------------------------------------------------
2026-08-11 06:40:16,441 - INFO - [us.616049.xyz (LAX)] 开始处理节点维护
2026-08-11 06:40:16,461 - DEBUG - DNS解析重试中 us.616049.xyz: [Errno -5] No address associated with hostname
2026-08-11 06:40:17,476 - DEBUG - DNS解析重试中 us.616049.xyz: [Errno -5] No address associated with hostname
2026-08-11 06:40:18,500 - DEBUG - DNS解析重试中 us.616049.xyz: [Errno -5] No address associated with hostname
2026-08-11 06:40:19,501 - WARNING - [us.616049.xyz (LAX)] ├─ 无有效DNS记录，触发紧急更新
2026-08-11 06:52:53,865 - ERROR - CFST更新失败: None
2026-08-11 06:52:53,865 - INFO - --------------------------------------------------
2026-08-11 06:52:53,866 - INFO - [de.616049.xyz (FRA)] 开始处理节点维护
2026-08-11 06:52:53,881 - DEBUG - DNS解析重试中 de.616049.xyz: [Errno -5] No address associated with hostname
2026-08-11 06:52:54,913 - DEBUG - DNS解析重试中 de.616049.xyz: [Errno -5] No address associated with hostname
2026-08-11 06:52:55,928 - DEBUG - DNS解析重试中 de.616049.xyz: [Errno -5] No address associated with hostname
2026-08-11 06:52:56,930 - WARNING - [de.616049.xyz (FRA)] ├─ 无有效DNS记录，触发紧急更新
2026-08-11 07:05:30,987 - ERROR - CFST更新失败: None
2026-08-11 07:05:30,990 - DEBUG - Starting new HTTPS connection (1): api.telegram.org:443
2026-08-11 07:05:31,268 - DEBUG - https://api.telegram.org:443 "POST /bot/sendMessage HTTP/1.1" 404 55
