2026-08-11 16:44:20,479 - INFO - 启动维护任务 | 协议类型: IPV4
2026-08-11 16:44:20,479 - INFO - --------------------------------------------------
2026-08-11 16:44:20,479 - INFO - [hk.616049.xyz (HKG)] 开始处理节点维护
2026-08-11 16:44:20,516 - DEBUG - DNS解析重试中 hk.616049.xyz: [Errno -5] No address associated with hostname
2026-08-11 16:44:21,552 - DEBUG - DNS解析重试中 hk.616049.xyz: [Errno -5] No address associated with hostname
2026-08-11 16:44:22,589 - DEBUG - DNS解析重试中 hk.616049.xyz: [Errno -5] No address associated with hostname
2026-08-11 16:44:23,591 - WARNING - [hk.616049.xyz (HKG)] ├─ 无有效DNS记录，触发紧急更新
2026-08-11 16:56:56,420 - ERROR - CFST更新失败: None
2026-08-11 16:56:56,420 - INFO - --------------------------------------------------
2026-08-11 16:56:56,420 - INFO - [us.616049.xyz (LAX)] 开始处理节点维护
2026-08-11 16:56:56,461 - DEBUG - DNS解析重试中 us.616049.xyz: [Errno -5] No address associated with hostname
2026-08-11 16:56:57,504 - DEBUG - DNS解析重试中 us.616049.xyz: [Errno -5] No address associated with hostname
2026-08-11 16:56:58,540 - DEBUG - DNS解析重试中 us.616049.xyz: [Errno -5] No address associated with hostname
2026-08-11 16:56:59,542 - WARNING - [us.616049.xyz (LAX)] ├─ 无有效DNS记录，触发紧急更新
2026-08-11 17:09:33,631 - ERROR - CFST更新失败: None
2026-08-11 17:09:33,631 - INFO - --------------------------------------------------
2026-08-11 17:09:33,631 - INFO - [de.616049.xyz (FRA)] 开始处理节点维护
2026-08-11 17:09:33,685 - DEBUG - DNS解析重试中 de.616049.xyz: [Errno -5] No address associated with hostname
2026-08-11 17:09:34,736 - DEBUG - DNS解析重试中 de.616049.xyz: [Errno -5] No address associated with hostname
2026-08-11 17:09:35,779 - DEBUG - DNS解析重试中 de.616049.xyz: [Errno -5] No address associated with hostname
2026-08-11 17:09:36,780 - WARNING - [de.616049.xyz (FRA)] ├─ 无有效DNS记录，触发紧急更新
2026-08-11 17:22:08,456 - ERROR - CFST更新失败: None
2026-08-11 17:22:08,459 - DEBUG - Starting new HTTPS connection (1): api.telegram.org:443
2026-08-11 17:22:08,931 - DEBUG - https://api.telegram.org:443 "POST /bot/sendMessage HTTP/1.1" 404 55
