2026-08-07 07:50:52,318 - INFO - 启动维护任务 | 协议类型: IPV4
2026-08-07 07:50:52,318 - INFO - --------------------------------------------------
2026-08-07 07:50:52,319 - INFO - [hk.616049.xyz (HKG)] 开始处理节点维护
2026-08-07 07:50:52,340 - DEBUG - DNS解析重试中 hk.616049.xyz: [Errno -5] No address associated with hostname
2026-08-07 07:50:53,352 - DEBUG - DNS解析重试中 hk.616049.xyz: [Errno -5] No address associated with hostname
2026-08-07 07:50:54,366 - DEBUG - DNS解析重试中 hk.616049.xyz: [Errno -5] No address associated with hostname
2026-08-07 07:50:55,367 - WARNING - [hk.616049.xyz (HKG)] ├─ 无有效DNS记录，触发紧急更新
2026-08-07 08:03:27,238 - ERROR - CFST更新失败: None
2026-08-07 08:03:27,239 - INFO - --------------------------------------------------
2026-08-07 08:03:27,239 - INFO - [us.616049.xyz (LAX)] 开始处理节点维护
2026-08-07 08:03:27,261 - DEBUG - DNS解析重试中 us.616049.xyz: [Errno -5] No address associated with hostname
2026-08-07 08:03:28,278 - DEBUG - DNS解析重试中 us.616049.xyz: [Errno -5] No address associated with hostname
2026-08-07 08:03:29,306 - DEBUG - DNS解析重试中 us.616049.xyz: [Errno -5] No address associated with hostname
2026-08-07 08:03:30,307 - WARNING - [us.616049.xyz (LAX)] ├─ 无有效DNS记录，触发紧急更新
2026-08-07 08:16:00,934 - ERROR - CFST更新失败: None
2026-08-07 08:16:00,934 - INFO - --------------------------------------------------
2026-08-07 08:16:00,934 - INFO - [de.616049.xyz (FRA)] 开始处理节点维护
2026-08-07 08:16:00,960 - DEBUG - DNS解析重试中 de.616049.xyz: [Errno -5] No address associated with hostname
2026-08-07 08:16:01,974 - DEBUG - DNS解析重试中 de.616049.xyz: [Errno -5] No address associated with hostname
2026-08-07 08:16:02,992 - DEBUG - DNS解析重试中 de.616049.xyz: [Errno -5] No address associated with hostname
2026-08-07 08:16:03,993 - WARNING - [de.616049.xyz (FRA)] ├─ 无有效DNS记录，触发紧急更新
2026-08-07 08:28:35,434 - ERROR - CFST更新失败: None
2026-08-07 08:28:35,438 - DEBUG - Starting new HTTPS connection (1): api.telegram.org:443
2026-08-07 08:28:35,719 - DEBUG - https://api.telegram.org:443 "POST /bot/sendMessage HTTP/1.1" 404 55
