2026-08-31 06:15:32,205 - INFO - 启动维护任务 | 协议类型: IPV4
2026-08-31 06:15:32,205 - INFO - --------------------------------------------------
2026-08-31 06:15:32,206 - INFO - [hk.616049.xyz (HKG)] 开始处理节点维护
2026-08-31 06:15:32,252 - DEBUG - DNS解析重试中 hk.616049.xyz: [Errno -5] No address associated with hostname
2026-08-31 06:15:33,293 - DEBUG - DNS解析重试中 hk.616049.xyz: [Errno -5] No address associated with hostname
2026-08-31 06:15:34,347 - DEBUG - DNS解析重试中 hk.616049.xyz: [Errno -5] No address associated with hostname
2026-08-31 06:15:35,349 - WARNING - [hk.616049.xyz (HKG)] ├─ 无有效DNS记录，触发紧急更新
2026-08-31 06:28:08,032 - ERROR - CFST更新失败: None
2026-08-31 06:28:08,032 - INFO - --------------------------------------------------
2026-08-31 06:28:08,032 - INFO - [us.616049.xyz (LAX)] 开始处理节点维护
2026-08-31 06:28:08,085 - DEBUG - DNS解析重试中 us.616049.xyz: [Errno -5] No address associated with hostname
2026-08-31 06:28:09,141 - DEBUG - DNS解析重试中 us.616049.xyz: [Errno -5] No address associated with hostname
2026-08-31 06:28:10,195 - DEBUG - DNS解析重试中 us.616049.xyz: [Errno -5] No address associated with hostname
2026-08-31 06:28:11,196 - WARNING - [us.616049.xyz (LAX)] ├─ 无有效DNS记录，触发紧急更新
2026-08-31 06:40:43,962 - ERROR - CFST更新失败: None
2026-08-31 06:40:43,963 - INFO - --------------------------------------------------
2026-08-31 06:40:43,963 - INFO - [de.616049.xyz (FRA)] 开始处理节点维护
2026-08-31 06:40:44,026 - DEBUG - DNS解析重试中 de.616049.xyz: [Errno -5] No address associated with hostname
2026-08-31 06:40:45,065 - DEBUG - DNS解析重试中 de.616049.xyz: [Errno -5] No address associated with hostname
2026-08-31 06:40:46,071 - DEBUG - DNS解析重试中 de.616049.xyz: [Errno -5] No address associated with hostname
2026-08-31 06:40:47,072 - WARNING - [de.616049.xyz (FRA)] ├─ 无有效DNS记录，触发紧急更新
2026-08-31 06:53:20,145 - ERROR - CFST更新失败: None
2026-08-31 06:53:20,149 - DEBUG - Starting new HTTPS connection (1): api.telegram.org:443
2026-08-31 06:53:20,484 - DEBUG - https://api.telegram.org:443 "POST /bot/sendMessage HTTP/1.1" 404 55
