2026-08-17 00:14:13,922 - INFO - 启动维护任务 | 协议类型: IPV4
2026-08-17 00:14:13,922 - INFO - --------------------------------------------------
2026-08-17 00:14:13,922 - INFO - [hk.616049.xyz (HKG)] 开始处理节点维护
2026-08-17 00:14:13,974 - DEBUG - DNS解析重试中 hk.616049.xyz: [Errno -5] No address associated with hostname
2026-08-17 00:14:15,028 - DEBUG - DNS解析重试中 hk.616049.xyz: [Errno -5] No address associated with hostname
2026-08-17 00:14:16,093 - DEBUG - DNS解析重试中 hk.616049.xyz: [Errno -5] No address associated with hostname
2026-08-17 00:14:17,094 - WARNING - [hk.616049.xyz (HKG)] ├─ 无有效DNS记录，触发紧急更新
2026-08-17 00:26:49,600 - ERROR - CFST更新失败: None
2026-08-17 00:26:49,600 - INFO - --------------------------------------------------
2026-08-17 00:26:49,601 - INFO - [us.616049.xyz (LAX)] 开始处理节点维护
2026-08-17 00:26:49,646 - DEBUG - DNS解析重试中 us.616049.xyz: [Errno -5] No address associated with hostname
2026-08-17 00:26:50,697 - DEBUG - DNS解析重试中 us.616049.xyz: [Errno -5] No address associated with hostname
2026-08-17 00:26:51,742 - DEBUG - DNS解析重试中 us.616049.xyz: [Errno -5] No address associated with hostname
2026-08-17 00:26:52,743 - WARNING - [us.616049.xyz (LAX)] ├─ 无有效DNS记录，触发紧急更新
2026-08-17 00:39:24,442 - ERROR - CFST更新失败: None
2026-08-17 00:39:24,442 - INFO - --------------------------------------------------
2026-08-17 00:39:24,442 - INFO - [de.616049.xyz (FRA)] 开始处理节点维护
2026-08-17 00:39:24,489 - DEBUG - DNS解析重试中 de.616049.xyz: [Errno -5] No address associated with hostname
2026-08-17 00:39:25,534 - DEBUG - DNS解析重试中 de.616049.xyz: [Errno -5] No address associated with hostname
2026-08-17 00:39:26,580 - DEBUG - DNS解析重试中 de.616049.xyz: [Errno -5] No address associated with hostname
2026-08-17 00:39:27,582 - WARNING - [de.616049.xyz (FRA)] ├─ 无有效DNS记录，触发紧急更新
2026-08-17 00:51:59,972 - ERROR - CFST更新失败: None
2026-08-17 00:51:59,976 - DEBUG - Starting new HTTPS connection (1): api.telegram.org:443
2026-08-17 00:52:00,334 - DEBUG - https://api.telegram.org:443 "POST /bot/sendMessage HTTP/1.1" 404 55
