2026-08-21 04:18:39,017 - INFO - 启动维护任务 | 协议类型: IPV4
2026-08-21 04:18:39,017 - INFO - --------------------------------------------------
2026-08-21 04:18:39,017 - INFO - [hk.616049.xyz (HKG)] 开始处理节点维护
2026-08-21 04:18:39,039 - DEBUG - DNS解析重试中 hk.616049.xyz: [Errno -5] No address associated with hostname
2026-08-21 04:18:40,065 - DEBUG - DNS解析重试中 hk.616049.xyz: [Errno -5] No address associated with hostname
2026-08-21 04:18:41,094 - DEBUG - DNS解析重试中 hk.616049.xyz: [Errno -5] No address associated with hostname
2026-08-21 04:18:42,095 - WARNING - [hk.616049.xyz (HKG)] ├─ 无有效DNS记录，触发紧急更新
2026-08-21 04:31:18,372 - ERROR - CFST更新失败: None
2026-08-21 04:31:18,372 - INFO - --------------------------------------------------
2026-08-21 04:31:18,372 - INFO - [us.616049.xyz (LAX)] 开始处理节点维护
2026-08-21 04:31:18,407 - DEBUG - DNS解析重试中 us.616049.xyz: [Errno -5] No address associated with hostname
2026-08-21 04:31:19,471 - DEBUG - DNS解析重试中 us.616049.xyz: [Errno -5] No address associated with hostname
2026-08-21 04:31:20,498 - DEBUG - DNS解析重试中 us.616049.xyz: [Errno -5] No address associated with hostname
2026-08-21 04:31:21,499 - WARNING - [us.616049.xyz (LAX)] ├─ 无有效DNS记录，触发紧急更新
2026-08-21 04:43:57,111 - ERROR - CFST更新失败: None
2026-08-21 04:43:57,111 - INFO - --------------------------------------------------
2026-08-21 04:43:57,111 - INFO - [de.616049.xyz (FRA)] 开始处理节点维护
2026-08-21 04:43:57,138 - DEBUG - DNS解析重试中 de.616049.xyz: [Errno -5] No address associated with hostname
2026-08-21 04:43:58,172 - DEBUG - DNS解析重试中 de.616049.xyz: [Errno -5] No address associated with hostname
2026-08-21 04:43:59,193 - DEBUG - DNS解析重试中 de.616049.xyz: [Errno -5] No address associated with hostname
2026-08-21 04:44:00,195 - WARNING - [de.616049.xyz (FRA)] ├─ 无有效DNS记录，触发紧急更新
2026-08-21 04:56:36,981 - ERROR - CFST更新失败: None
2026-08-21 04:56:36,985 - DEBUG - Starting new HTTPS connection (1): api.telegram.org:443
2026-08-21 04:56:37,275 - DEBUG - https://api.telegram.org:443 "POST /bot/sendMessage HTTP/1.1" 404 55
