2026-10-04 01:41:51,960 - INFO - 启动维护任务 | 协议类型: IPV4
2026-10-04 01:41:51,960 - INFO - --------------------------------------------------
2026-10-04 01:41:51,960 - INFO - [hk.616049.xyz (HKG)] 开始处理节点维护
2026-10-04 01:41:51,975 - DEBUG - DNS解析重试中 hk.616049.xyz: [Errno -5] No address associated with hostname
2026-10-04 01:41:52,993 - DEBUG - DNS解析重试中 hk.616049.xyz: [Errno -5] No address associated with hostname
2026-10-04 01:41:54,005 - DEBUG - DNS解析重试中 hk.616049.xyz: [Errno -5] No address associated with hostname
2026-10-04 01:41:55,006 - WARNING - [hk.616049.xyz (HKG)] ├─ 无有效DNS记录，触发紧急更新
2026-10-04 01:54:07,852 - ERROR - CFST更新失败: None
2026-10-04 01:54:07,852 - INFO - --------------------------------------------------
2026-10-04 01:54:07,852 - INFO - [us.616049.xyz (LAX)] 开始处理节点维护
2026-10-04 01:54:07,874 - DEBUG - DNS解析重试中 us.616049.xyz: [Errno -5] No address associated with hostname
2026-10-04 01:54:08,903 - DEBUG - DNS解析重试中 us.616049.xyz: [Errno -5] No address associated with hostname
2026-10-04 01:54:09,925 - DEBUG - DNS解析重试中 us.616049.xyz: [Errno -5] No address associated with hostname
2026-10-04 01:54:10,926 - WARNING - [us.616049.xyz (LAX)] ├─ 无有效DNS记录，触发紧急更新
2026-10-04 02:06:23,630 - ERROR - CFST更新失败: None
2026-10-04 02:06:23,630 - INFO - --------------------------------------------------
2026-10-04 02:06:23,630 - INFO - [de.616049.xyz (FRA)] 开始处理节点维护
2026-10-04 02:06:23,663 - DEBUG - DNS解析重试中 de.616049.xyz: [Errno -5] No address associated with hostname
2026-10-04 02:06:24,693 - DEBUG - DNS解析重试中 de.616049.xyz: [Errno -5] No address associated with hostname
2026-10-04 02:06:25,709 - DEBUG - DNS解析重试中 de.616049.xyz: [Errno -5] No address associated with hostname
2026-10-04 02:06:26,710 - WARNING - [de.616049.xyz (FRA)] ├─ 无有效DNS记录，触发紧急更新
2026-10-04 02:18:38,011 - ERROR - CFST更新失败: None
2026-10-04 02:18:38,014 - DEBUG - Starting new HTTPS connection (1): api.telegram.org:443
2026-10-04 02:18:38,461 - DEBUG - https://api.telegram.org:443 "POST /bot/sendMessage HTTP/1.1" 404 55
