2026-09-05 01:17:33,223 - INFO - 启动维护任务 | 协议类型: IPV4
2026-09-05 01:17:33,224 - INFO - --------------------------------------------------
2026-09-05 01:17:33,224 - INFO - [hk.616049.xyz (HKG)] 开始处理节点维护
2026-09-05 01:17:33,279 - DEBUG - DNS解析重试中 hk.616049.xyz: [Errno -5] No address associated with hostname
2026-09-05 01:17:34,371 - DEBUG - DNS解析重试中 hk.616049.xyz: [Errno -5] No address associated with hostname
2026-09-05 01:17:35,429 - DEBUG - DNS解析重试中 hk.616049.xyz: [Errno -5] No address associated with hostname
2026-09-05 01:17:36,430 - WARNING - [hk.616049.xyz (HKG)] ├─ 无有效DNS记录，触发紧急更新
2026-09-05 01:30:10,162 - ERROR - CFST更新失败: None
2026-09-05 01:30:10,162 - INFO - --------------------------------------------------
2026-09-05 01:30:10,163 - INFO - [us.616049.xyz (LAX)] 开始处理节点维护
2026-09-05 01:30:10,243 - DEBUG - DNS解析重试中 us.616049.xyz: [Errno -5] No address associated with hostname
2026-09-05 01:30:11,312 - DEBUG - DNS解析重试中 us.616049.xyz: [Errno -5] No address associated with hostname
2026-09-05 01:30:12,394 - DEBUG - DNS解析重试中 us.616049.xyz: [Errno -5] No address associated with hostname
2026-09-05 01:30:13,396 - WARNING - [us.616049.xyz (LAX)] ├─ 无有效DNS记录，触发紧急更新
2026-09-05 01:42:46,992 - ERROR - CFST更新失败: None
2026-09-05 01:42:46,992 - INFO - --------------------------------------------------
2026-09-05 01:42:46,992 - INFO - [de.616049.xyz (FRA)] 开始处理节点维护
2026-09-05 01:42:47,026 - DEBUG - DNS解析重试中 de.616049.xyz: [Errno -5] No address associated with hostname
2026-09-05 01:42:48,097 - DEBUG - DNS解析重试中 de.616049.xyz: [Errno -5] No address associated with hostname
2026-09-05 01:42:49,150 - DEBUG - DNS解析重试中 de.616049.xyz: [Errno -5] No address associated with hostname
2026-09-05 01:42:50,151 - WARNING - [de.616049.xyz (FRA)] ├─ 无有效DNS记录，触发紧急更新
2026-09-05 01:55:24,361 - ERROR - CFST更新失败: None
2026-09-05 01:55:24,364 - DEBUG - Starting new HTTPS connection (1): api.telegram.org:443
2026-09-05 01:55:24,745 - DEBUG - https://api.telegram.org:443 "POST /bot/sendMessage HTTP/1.1" 404 55
