2026-08-28 11:56:13,316 - INFO - 启动维护任务 | 协议类型: IPV4
2026-08-28 11:56:13,316 - INFO - --------------------------------------------------
2026-08-28 11:56:13,317 - INFO - [hk.616049.xyz (HKG)] 开始处理节点维护
2026-08-28 11:56:13,345 - DEBUG - DNS解析重试中 hk.616049.xyz: [Errno -5] No address associated with hostname
2026-08-28 11:56:14,363 - DEBUG - DNS解析重试中 hk.616049.xyz: [Errno -5] No address associated with hostname
2026-08-28 11:56:15,376 - DEBUG - DNS解析重试中 hk.616049.xyz: [Errno -5] No address associated with hostname
2026-08-28 11:56:16,378 - WARNING - [hk.616049.xyz (HKG)] ├─ 无有效DNS记录，触发紧急更新
2026-08-28 12:08:47,518 - ERROR - CFST更新失败: None
2026-08-28 12:08:47,518 - INFO - --------------------------------------------------
2026-08-28 12:08:47,518 - INFO - [us.616049.xyz (LAX)] 开始处理节点维护
2026-08-28 12:08:47,537 - DEBUG - DNS解析重试中 us.616049.xyz: [Errno -5] No address associated with hostname
2026-08-28 12:08:48,560 - DEBUG - DNS解析重试中 us.616049.xyz: [Errno -5] No address associated with hostname
2026-08-28 12:08:49,574 - DEBUG - DNS解析重试中 us.616049.xyz: [Errno -5] No address associated with hostname
2026-08-28 12:08:50,575 - WARNING - [us.616049.xyz (LAX)] ├─ 无有效DNS记录，触发紧急更新
2026-08-28 12:21:21,398 - ERROR - CFST更新失败: None
2026-08-28 12:21:21,398 - INFO - --------------------------------------------------
2026-08-28 12:21:21,398 - INFO - [de.616049.xyz (FRA)] 开始处理节点维护
2026-08-28 12:21:21,411 - DEBUG - DNS解析重试中 de.616049.xyz: [Errno -5] No address associated with hostname
2026-08-28 12:21:22,441 - DEBUG - DNS解析重试中 de.616049.xyz: [Errno -5] No address associated with hostname
2026-08-28 12:21:23,455 - DEBUG - DNS解析重试中 de.616049.xyz: [Errno -5] No address associated with hostname
2026-08-28 12:21:24,456 - WARNING - [de.616049.xyz (FRA)] ├─ 无有效DNS记录，触发紧急更新
2026-08-28 12:33:56,241 - ERROR - CFST更新失败: None
2026-08-28 12:33:56,245 - DEBUG - Starting new HTTPS connection (1): api.telegram.org:443
2026-08-28 12:33:56,737 - DEBUG - https://api.telegram.org:443 "POST /bot/sendMessage HTTP/1.1" 404 55
