2026-08-13 22:50:13,188 - INFO - 启动维护任务 | 协议类型: IPV4
2026-08-13 22:50:13,188 - INFO - --------------------------------------------------
2026-08-13 22:50:13,188 - INFO - [hk.616049.xyz (HKG)] 开始处理节点维护
2026-08-13 22:50:13,236 - DEBUG - DNS解析重试中 hk.616049.xyz: [Errno -5] No address associated with hostname
2026-08-13 22:50:14,244 - DEBUG - DNS解析重试中 hk.616049.xyz: [Errno -5] No address associated with hostname
2026-08-13 22:50:15,287 - DEBUG - DNS解析重试中 hk.616049.xyz: [Errno -5] No address associated with hostname
2026-08-13 22:50:16,288 - WARNING - [hk.616049.xyz (HKG)] ├─ 无有效DNS记录，触发紧急更新
2026-08-13 23:02:49,273 - ERROR - CFST更新失败: None
2026-08-13 23:02:49,273 - INFO - --------------------------------------------------
2026-08-13 23:02:49,273 - INFO - [us.616049.xyz (LAX)] 开始处理节点维护
2026-08-13 23:02:49,311 - DEBUG - DNS解析重试中 us.616049.xyz: [Errno -5] No address associated with hostname
2026-08-13 23:02:50,348 - DEBUG - DNS解析重试中 us.616049.xyz: [Errno -5] No address associated with hostname
2026-08-13 23:02:51,385 - DEBUG - DNS解析重试中 us.616049.xyz: [Errno -5] No address associated with hostname
2026-08-13 23:02:52,387 - WARNING - [us.616049.xyz (LAX)] ├─ 无有效DNS记录，触发紧急更新
2026-08-13 23:15:25,388 - ERROR - CFST更新失败: None
2026-08-13 23:15:25,388 - INFO - --------------------------------------------------
2026-08-13 23:15:25,388 - INFO - [de.616049.xyz (FRA)] 开始处理节点维护
2026-08-13 23:15:25,423 - DEBUG - DNS解析重试中 de.616049.xyz: [Errno -5] No address associated with hostname
2026-08-13 23:15:26,464 - DEBUG - DNS解析重试中 de.616049.xyz: [Errno -5] No address associated with hostname
2026-08-13 23:15:27,502 - DEBUG - DNS解析重试中 de.616049.xyz: [Errno -5] No address associated with hostname
2026-08-13 23:15:28,504 - WARNING - [de.616049.xyz (FRA)] ├─ 无有效DNS记录，触发紧急更新
2026-08-13 23:28:01,054 - ERROR - CFST更新失败: None
2026-08-13 23:28:01,058 - DEBUG - Starting new HTTPS connection (1): api.telegram.org:443
2026-08-13 23:28:01,505 - DEBUG - https://api.telegram.org:443 "POST /bot/sendMessage HTTP/1.1" 404 55
