2026-08-23 14:25:55,309 - INFO - 启动维护任务 | 协议类型: IPV4
2026-08-23 14:25:55,309 - INFO - --------------------------------------------------
2026-08-23 14:25:55,309 - INFO - [hk.616049.xyz (HKG)] 开始处理节点维护
2026-08-23 14:25:55,338 - DEBUG - DNS解析重试中 hk.616049.xyz: [Errno -5] No address associated with hostname
2026-08-23 14:25:56,364 - DEBUG - DNS解析重试中 hk.616049.xyz: [Errno -5] No address associated with hostname
2026-08-23 14:25:57,377 - DEBUG - DNS解析重试中 hk.616049.xyz: [Errno -5] No address associated with hostname
2026-08-23 14:25:58,379 - WARNING - [hk.616049.xyz (HKG)] ├─ 无有效DNS记录，触发紧急更新
2026-08-23 14:38:33,229 - ERROR - CFST更新失败: None
2026-08-23 14:38:33,230 - INFO - --------------------------------------------------
2026-08-23 14:38:33,230 - INFO - [us.616049.xyz (LAX)] 开始处理节点维护
2026-08-23 14:38:33,260 - DEBUG - DNS解析重试中 us.616049.xyz: [Errno -5] No address associated with hostname
2026-08-23 14:38:34,295 - DEBUG - DNS解析重试中 us.616049.xyz: [Errno -5] No address associated with hostname
2026-08-23 14:38:35,332 - DEBUG - DNS解析重试中 us.616049.xyz: [Errno -5] No address associated with hostname
2026-08-23 14:38:36,333 - WARNING - [us.616049.xyz (LAX)] ├─ 无有效DNS记录，触发紧急更新
2026-08-23 14:51:11,125 - ERROR - CFST更新失败: None
2026-08-23 14:51:11,125 - INFO - --------------------------------------------------
2026-08-23 14:51:11,126 - INFO - [de.616049.xyz (FRA)] 开始处理节点维护
2026-08-23 14:51:11,146 - DEBUG - DNS解析重试中 de.616049.xyz: [Errno -5] No address associated with hostname
2026-08-23 14:51:12,166 - DEBUG - DNS解析重试中 de.616049.xyz: [Errno -5] No address associated with hostname
2026-08-23 14:51:13,187 - DEBUG - DNS解析重试中 de.616049.xyz: [Errno -5] No address associated with hostname
2026-08-23 14:51:14,189 - WARNING - [de.616049.xyz (FRA)] ├─ 无有效DNS记录，触发紧急更新
2026-08-23 15:03:48,951 - ERROR - CFST更新失败: None
2026-08-23 15:03:48,955 - DEBUG - Starting new HTTPS connection (1): api.telegram.org:443
2026-08-23 15:03:49,243 - DEBUG - https://api.telegram.org:443 "POST /bot/sendMessage HTTP/1.1" 404 55
