2026-08-14 04:32:21,669 - INFO - 启动维护任务 | 协议类型: IPV4
2026-08-14 04:32:21,670 - INFO - --------------------------------------------------
2026-08-14 04:32:21,670 - INFO - [hk.616049.xyz (HKG)] 开始处理节点维护
2026-08-14 04:32:21,682 - DEBUG - DNS解析重试中 hk.616049.xyz: [Errno -5] No address associated with hostname
2026-08-14 04:32:22,706 - DEBUG - DNS解析重试中 hk.616049.xyz: [Errno -5] No address associated with hostname
2026-08-14 04:32:23,719 - DEBUG - DNS解析重试中 hk.616049.xyz: [Errno -5] No address associated with hostname
2026-08-14 04:32:24,720 - WARNING - [hk.616049.xyz (HKG)] ├─ 无有效DNS记录，触发紧急更新
2026-08-14 04:44:55,446 - ERROR - CFST更新失败: None
2026-08-14 04:44:55,446 - INFO - --------------------------------------------------
2026-08-14 04:44:55,446 - INFO - [us.616049.xyz (LAX)] 开始处理节点维护
2026-08-14 04:44:55,459 - DEBUG - DNS解析重试中 us.616049.xyz: [Errno -5] No address associated with hostname
2026-08-14 04:44:56,477 - DEBUG - DNS解析重试中 us.616049.xyz: [Errno -5] No address associated with hostname
2026-08-14 04:44:57,494 - DEBUG - DNS解析重试中 us.616049.xyz: [Errno -5] No address associated with hostname
2026-08-14 04:44:58,496 - WARNING - [us.616049.xyz (LAX)] ├─ 无有效DNS记录，触发紧急更新
2026-08-14 04:57:29,706 - ERROR - CFST更新失败: None
2026-08-14 04:57:29,707 - INFO - --------------------------------------------------
2026-08-14 04:57:29,707 - INFO - [de.616049.xyz (FRA)] 开始处理节点维护
2026-08-14 04:57:29,725 - DEBUG - DNS解析重试中 de.616049.xyz: [Errno -5] No address associated with hostname
2026-08-14 04:57:30,747 - DEBUG - DNS解析重试中 de.616049.xyz: [Errno -5] No address associated with hostname
2026-08-14 04:57:31,776 - DEBUG - DNS解析重试中 de.616049.xyz: [Errno -5] No address associated with hostname
2026-08-14 04:57:32,777 - WARNING - [de.616049.xyz (FRA)] ├─ 无有效DNS记录，触发紧急更新
2026-08-14 05:10:04,577 - ERROR - CFST更新失败: None
2026-08-14 05:10:04,581 - DEBUG - Starting new HTTPS connection (1): api.telegram.org:443
2026-08-14 05:10:04,856 - DEBUG - https://api.telegram.org:443 "POST /bot/sendMessage HTTP/1.1" 404 55
