2026-08-09 14:40:08,762 - INFO - 启动维护任务 | 协议类型: IPV4
2026-08-09 14:40:08,762 - INFO - --------------------------------------------------
2026-08-09 14:40:08,762 - INFO - [hk.616049.xyz (HKG)] 开始处理节点维护
2026-08-09 14:40:08,772 - DEBUG - DNS解析重试中 hk.616049.xyz: [Errno -5] No address associated with hostname
2026-08-09 14:40:09,783 - DEBUG - DNS解析重试中 hk.616049.xyz: [Errno -5] No address associated with hostname
2026-08-09 14:40:10,803 - DEBUG - DNS解析重试中 hk.616049.xyz: [Errno -5] No address associated with hostname
2026-08-09 14:40:11,804 - WARNING - [hk.616049.xyz (HKG)] ├─ 无有效DNS记录，触发紧急更新
2026-08-09 14:52:43,144 - ERROR - CFST更新失败: None
2026-08-09 14:52:43,145 - INFO - --------------------------------------------------
2026-08-09 14:52:43,145 - INFO - [us.616049.xyz (LAX)] 开始处理节点维护
2026-08-09 14:52:43,156 - DEBUG - DNS解析重试中 us.616049.xyz: [Errno -5] No address associated with hostname
2026-08-09 14:52:44,178 - DEBUG - DNS解析重试中 us.616049.xyz: [Errno -5] No address associated with hostname
2026-08-09 14:52:45,190 - DEBUG - DNS解析重试中 us.616049.xyz: [Errno -5] No address associated with hostname
2026-08-09 14:52:46,191 - WARNING - [us.616049.xyz (LAX)] ├─ 无有效DNS记录，触发紧急更新
2026-08-09 15:05:18,222 - ERROR - CFST更新失败: None
2026-08-09 15:05:18,222 - INFO - --------------------------------------------------
2026-08-09 15:05:18,222 - INFO - [de.616049.xyz (FRA)] 开始处理节点维护
2026-08-09 15:05:18,233 - DEBUG - DNS解析重试中 de.616049.xyz: [Errno -5] No address associated with hostname
2026-08-09 15:05:19,245 - DEBUG - DNS解析重试中 de.616049.xyz: [Errno -5] No address associated with hostname
2026-08-09 15:05:20,255 - DEBUG - DNS解析重试中 de.616049.xyz: [Errno -5] No address associated with hostname
2026-08-09 15:05:21,256 - WARNING - [de.616049.xyz (FRA)] ├─ 无有效DNS记录，触发紧急更新
2026-08-09 15:17:53,586 - ERROR - CFST更新失败: None
2026-08-09 15:17:53,590 - DEBUG - Starting new HTTPS connection (1): api.telegram.org:443
2026-08-09 15:17:54,270 - DEBUG - https://api.telegram.org:443 "POST /bot/sendMessage HTTP/1.1" 404 55
