2026-09-17 17:03:00,590 - INFO - 启动维护任务 | 协议类型: IPV4
2026-09-17 17:03:00,590 - INFO - --------------------------------------------------
2026-09-17 17:03:00,590 - INFO - [hk.616049.xyz (HKG)] 开始处理节点维护
2026-09-17 17:03:00,604 - DEBUG - DNS解析重试中 hk.616049.xyz: [Errno -5] No address associated with hostname
2026-09-17 17:03:01,625 - DEBUG - DNS解析重试中 hk.616049.xyz: [Errno -5] No address associated with hostname
2026-09-17 17:03:02,632 - DEBUG - DNS解析重试中 hk.616049.xyz: [Errno -5] No address associated with hostname
2026-09-17 17:03:03,633 - WARNING - [hk.616049.xyz (HKG)] ├─ 无有效DNS记录，触发紧急更新
2026-09-17 17:15:34,428 - ERROR - CFST更新失败: None
2026-09-17 17:15:34,428 - INFO - --------------------------------------------------
2026-09-17 17:15:34,428 - INFO - [us.616049.xyz (LAX)] 开始处理节点维护
2026-09-17 17:15:34,458 - DEBUG - DNS解析重试中 us.616049.xyz: [Errno -5] No address associated with hostname
2026-09-17 17:15:35,584 - DEBUG - DNS解析重试中 us.616049.xyz: [Errno -5] No address associated with hostname
2026-09-17 17:15:36,714 - DEBUG - DNS解析重试中 us.616049.xyz: [Errno -5] No address associated with hostname
2026-09-17 17:15:37,715 - WARNING - [us.616049.xyz (LAX)] ├─ 无有效DNS记录，触发紧急更新
2026-09-17 17:28:07,970 - ERROR - CFST更新失败: None
2026-09-17 17:28:07,970 - INFO - --------------------------------------------------
2026-09-17 17:28:07,970 - INFO - [de.616049.xyz (FRA)] 开始处理节点维护
2026-09-17 17:28:07,985 - DEBUG - DNS解析重试中 de.616049.xyz: [Errno -5] No address associated with hostname
2026-09-17 17:28:09,007 - DEBUG - DNS解析重试中 de.616049.xyz: [Errno -5] No address associated with hostname
2026-09-17 17:28:10,036 - DEBUG - DNS解析重试中 de.616049.xyz: [Errno -5] No address associated with hostname
2026-09-17 17:28:11,037 - WARNING - [de.616049.xyz (FRA)] ├─ 无有效DNS记录，触发紧急更新
2026-09-17 17:40:42,240 - ERROR - CFST更新失败: None
2026-09-17 17:40:42,243 - DEBUG - Starting new HTTPS connection (1): api.telegram.org:443
2026-09-17 17:40:42,528 - DEBUG - https://api.telegram.org:443 "POST /bot/sendMessage HTTP/1.1" 404 55
