2026-08-10 17:08:43,520 - INFO - 启动维护任务 | 协议类型: IPV4
2026-08-10 17:08:43,520 - INFO - --------------------------------------------------
2026-08-10 17:08:43,520 - INFO - [hk.616049.xyz (HKG)] 开始处理节点维护
2026-08-10 17:08:43,558 - DEBUG - DNS解析重试中 hk.616049.xyz: [Errno -5] No address associated with hostname
2026-08-10 17:08:44,596 - DEBUG - DNS解析重试中 hk.616049.xyz: [Errno -5] No address associated with hostname
2026-08-10 17:08:45,638 - DEBUG - DNS解析重试中 hk.616049.xyz: [Errno -5] No address associated with hostname
2026-08-10 17:08:46,639 - WARNING - [hk.616049.xyz (HKG)] ├─ 无有效DNS记录，触发紧急更新
2026-08-10 17:21:18,199 - ERROR - CFST更新失败: None
2026-08-10 17:21:18,199 - INFO - --------------------------------------------------
2026-08-10 17:21:18,199 - INFO - [us.616049.xyz (LAX)] 开始处理节点维护
2026-08-10 17:21:18,240 - DEBUG - DNS解析重试中 us.616049.xyz: [Errno -5] No address associated with hostname
2026-08-10 17:21:19,293 - DEBUG - DNS解析重试中 us.616049.xyz: [Errno -5] No address associated with hostname
2026-08-10 17:21:20,331 - DEBUG - DNS解析重试中 us.616049.xyz: [Errno -5] No address associated with hostname
2026-08-10 17:21:21,333 - WARNING - [us.616049.xyz (LAX)] ├─ 无有效DNS记录，触发紧急更新
2026-08-10 17:33:52,118 - ERROR - CFST更新失败: None
2026-08-10 17:33:52,118 - INFO - --------------------------------------------------
2026-08-10 17:33:52,119 - INFO - [de.616049.xyz (FRA)] 开始处理节点维护
2026-08-10 17:33:52,159 - DEBUG - DNS解析重试中 de.616049.xyz: [Errno -5] No address associated with hostname
2026-08-10 17:33:53,198 - DEBUG - DNS解析重试中 de.616049.xyz: [Errno -5] No address associated with hostname
2026-08-10 17:33:54,236 - DEBUG - DNS解析重试中 de.616049.xyz: [Errno -5] No address associated with hostname
2026-08-10 17:33:55,237 - WARNING - [de.616049.xyz (FRA)] ├─ 无有效DNS记录，触发紧急更新
2026-08-10 17:46:26,917 - ERROR - CFST更新失败: None
2026-08-10 17:46:26,921 - DEBUG - Starting new HTTPS connection (1): api.telegram.org:443
2026-08-10 17:46:27,430 - DEBUG - https://api.telegram.org:443 "POST /bot/sendMessage HTTP/1.1" 404 55
