2026-08-25 06:16:53,124 - INFO - 启动维护任务 | 协议类型: IPV4
2026-08-25 06:16:53,124 - INFO - --------------------------------------------------
2026-08-25 06:16:53,124 - INFO - [hk.616049.xyz (HKG)] 开始处理节点维护
2026-08-25 06:16:53,201 - DEBUG - DNS解析重试中 hk.616049.xyz: [Errno -5] No address associated with hostname
2026-08-25 06:16:54,280 - DEBUG - DNS解析重试中 hk.616049.xyz: [Errno -5] No address associated with hostname
2026-08-25 06:16:55,341 - DEBUG - DNS解析重试中 hk.616049.xyz: [Errno -5] No address associated with hostname
2026-08-25 06:16:56,343 - WARNING - [hk.616049.xyz (HKG)] ├─ 无有效DNS记录，触发紧急更新
2026-08-25 06:29:34,150 - ERROR - CFST更新失败: None
2026-08-25 06:29:34,150 - INFO - --------------------------------------------------
2026-08-25 06:29:34,150 - INFO - [us.616049.xyz (LAX)] 开始处理节点维护
2026-08-25 06:29:34,235 - DEBUG - DNS解析重试中 us.616049.xyz: [Errno -5] No address associated with hostname
2026-08-25 06:29:35,343 - DEBUG - DNS解析重试中 us.616049.xyz: [Errno -5] No address associated with hostname
2026-08-25 06:29:36,404 - DEBUG - DNS解析重试中 us.616049.xyz: [Errno -5] No address associated with hostname
2026-08-25 06:29:37,405 - WARNING - [us.616049.xyz (LAX)] ├─ 无有效DNS记录，触发紧急更新
2026-08-25 06:42:15,273 - ERROR - CFST更新失败: None
2026-08-25 06:42:15,273 - INFO - --------------------------------------------------
2026-08-25 06:42:15,273 - INFO - [de.616049.xyz (FRA)] 开始处理节点维护
2026-08-25 06:42:15,350 - DEBUG - DNS解析重试中 de.616049.xyz: [Errno -5] No address associated with hostname
2026-08-25 06:42:16,408 - DEBUG - DNS解析重试中 de.616049.xyz: [Errno -5] No address associated with hostname
2026-08-25 06:42:17,481 - DEBUG - DNS解析重试中 de.616049.xyz: [Errno -5] No address associated with hostname
2026-08-25 06:42:18,482 - WARNING - [de.616049.xyz (FRA)] ├─ 无有效DNS记录，触发紧急更新
2026-08-25 06:54:57,719 - ERROR - CFST更新失败: None
2026-08-25 06:54:57,723 - DEBUG - Starting new HTTPS connection (1): api.telegram.org:443
2026-08-25 06:54:58,114 - DEBUG - https://api.telegram.org:443 "POST /bot/sendMessage HTTP/1.1" 404 55
