2026-08-16 14:24:37,564 - INFO - 启动维护任务 | 协议类型: IPV4
2026-08-16 14:24:37,564 - INFO - --------------------------------------------------
2026-08-16 14:24:37,564 - INFO - [hk.616049.xyz (HKG)] 开始处理节点维护
2026-08-16 14:24:37,575 - DEBUG - DNS解析重试中 hk.616049.xyz: [Errno -5] No address associated with hostname
2026-08-16 14:24:38,590 - DEBUG - DNS解析重试中 hk.616049.xyz: [Errno -5] No address associated with hostname
2026-08-16 14:24:39,610 - DEBUG - DNS解析重试中 hk.616049.xyz: [Errno -5] No address associated with hostname
2026-08-16 14:24:40,611 - WARNING - [hk.616049.xyz (HKG)] ├─ 无有效DNS记录，触发紧急更新
2026-08-16 14:37:12,510 - ERROR - CFST更新失败: None
2026-08-16 14:37:12,511 - INFO - --------------------------------------------------
2026-08-16 14:37:12,511 - INFO - [us.616049.xyz (LAX)] 开始处理节点维护
2026-08-16 14:37:12,521 - DEBUG - DNS解析重试中 us.616049.xyz: [Errno -5] No address associated with hostname
2026-08-16 14:37:13,532 - DEBUG - DNS解析重试中 us.616049.xyz: [Errno -5] No address associated with hostname
2026-08-16 14:37:14,544 - DEBUG - DNS解析重试中 us.616049.xyz: [Errno -5] No address associated with hostname
2026-08-16 14:37:15,545 - WARNING - [us.616049.xyz (LAX)] ├─ 无有效DNS记录，触发紧急更新
2026-08-16 14:49:46,175 - ERROR - CFST更新失败: None
2026-08-16 14:49:46,176 - INFO - --------------------------------------------------
2026-08-16 14:49:46,176 - INFO - [de.616049.xyz (FRA)] 开始处理节点维护
2026-08-16 14:49:46,201 - DEBUG - DNS解析重试中 de.616049.xyz: [Errno -5] No address associated with hostname
2026-08-16 14:49:47,228 - DEBUG - DNS解析重试中 de.616049.xyz: [Errno -5] No address associated with hostname
2026-08-16 14:49:48,251 - DEBUG - DNS解析重试中 de.616049.xyz: [Errno -5] No address associated with hostname
2026-08-16 14:49:49,253 - WARNING - [de.616049.xyz (FRA)] ├─ 无有效DNS记录，触发紧急更新
2026-08-16 15:02:20,629 - ERROR - CFST更新失败: None
2026-08-16 15:02:20,633 - DEBUG - Starting new HTTPS connection (1): api.telegram.org:443
2026-08-16 15:02:21,090 - DEBUG - https://api.telegram.org:443 "POST /bot/sendMessage HTTP/1.1" 404 55
