2026-08-24 08:46:43,477 - INFO - 启动维护任务 | 协议类型: IPV4
2026-08-24 08:46:43,478 - INFO - --------------------------------------------------
2026-08-24 08:46:43,478 - INFO - [hk.616049.xyz (HKG)] 开始处理节点维护
2026-08-24 08:46:43,502 - DEBUG - DNS解析重试中 hk.616049.xyz: [Errno -5] No address associated with hostname
2026-08-24 08:46:44,517 - DEBUG - DNS解析重试中 hk.616049.xyz: [Errno -5] No address associated with hostname
2026-08-24 08:46:45,534 - DEBUG - DNS解析重试中 hk.616049.xyz: [Errno -5] No address associated with hostname
2026-08-24 08:46:46,535 - WARNING - [hk.616049.xyz (HKG)] ├─ 无有效DNS记录，触发紧急更新
2026-08-24 08:59:16,536 - ERROR - CFST更新失败: None
2026-08-24 08:59:16,536 - INFO - --------------------------------------------------
2026-08-24 08:59:16,536 - INFO - [us.616049.xyz (LAX)] 开始处理节点维护
2026-08-24 08:59:16,554 - DEBUG - DNS解析重试中 us.616049.xyz: [Errno -5] No address associated with hostname
2026-08-24 08:59:17,585 - DEBUG - DNS解析重试中 us.616049.xyz: [Errno -5] No address associated with hostname
2026-08-24 08:59:18,592 - DEBUG - DNS解析重试中 us.616049.xyz: [Errno -5] No address associated with hostname
2026-08-24 08:59:19,593 - WARNING - [us.616049.xyz (LAX)] ├─ 无有效DNS记录，触发紧急更新
2026-08-24 09:11:50,121 - ERROR - CFST更新失败: None
2026-08-24 09:11:50,121 - INFO - --------------------------------------------------
2026-08-24 09:11:50,121 - INFO - [de.616049.xyz (FRA)] 开始处理节点维护
2026-08-24 09:11:50,135 - DEBUG - DNS解析重试中 de.616049.xyz: [Errno -5] No address associated with hostname
2026-08-24 09:11:51,154 - DEBUG - DNS解析重试中 de.616049.xyz: [Errno -5] No address associated with hostname
2026-08-24 09:11:52,176 - DEBUG - DNS解析重试中 de.616049.xyz: [Errno -5] No address associated with hostname
2026-08-24 09:11:53,177 - WARNING - [de.616049.xyz (FRA)] ├─ 无有效DNS记录，触发紧急更新
2026-08-24 09:24:23,817 - ERROR - CFST更新失败: None
2026-08-24 09:24:23,820 - DEBUG - Starting new HTTPS connection (1): api.telegram.org:443
2026-08-24 09:24:24,093 - DEBUG - https://api.telegram.org:443 "POST /bot/sendMessage HTTP/1.1" 404 55
