2026-09-01 07:30:37,675 - INFO - 启动维护任务 | 协议类型: IPV4
2026-09-01 07:30:37,675 - INFO - --------------------------------------------------
2026-09-01 07:30:37,675 - INFO - [hk.616049.xyz (HKG)] 开始处理节点维护
2026-09-01 07:30:37,690 - DEBUG - DNS解析重试中 hk.616049.xyz: [Errno -5] No address associated with hostname
2026-09-01 07:30:38,721 - DEBUG - DNS解析重试中 hk.616049.xyz: [Errno -5] No address associated with hostname
2026-09-01 07:30:39,751 - DEBUG - DNS解析重试中 hk.616049.xyz: [Errno -5] No address associated with hostname
2026-09-01 07:30:40,752 - WARNING - [hk.616049.xyz (HKG)] ├─ 无有效DNS记录，触发紧急更新
2026-09-01 07:43:20,704 - ERROR - CFST更新失败: None
2026-09-01 07:43:20,705 - INFO - --------------------------------------------------
2026-09-01 07:43:20,705 - INFO - [us.616049.xyz (LAX)] 开始处理节点维护
2026-09-01 07:43:20,753 - DEBUG - DNS解析重试中 us.616049.xyz: [Errno -5] No address associated with hostname
2026-09-01 07:43:21,779 - DEBUG - DNS解析重试中 us.616049.xyz: [Errno -5] No address associated with hostname
2026-09-01 07:43:22,793 - DEBUG - DNS解析重试中 us.616049.xyz: [Errno -5] No address associated with hostname
2026-09-01 07:43:23,794 - WARNING - [us.616049.xyz (LAX)] ├─ 无有效DNS记录，触发紧急更新
2026-09-01 07:55:58,070 - ERROR - CFST更新失败: None
2026-09-01 07:55:58,070 - INFO - --------------------------------------------------
2026-09-01 07:55:58,070 - INFO - [de.616049.xyz (FRA)] 开始处理节点维护
2026-09-01 07:55:58,081 - DEBUG - DNS解析重试中 de.616049.xyz: [Errno -5] No address associated with hostname
2026-09-01 07:55:59,103 - DEBUG - DNS解析重试中 de.616049.xyz: [Errno -5] No address associated with hostname
2026-09-01 07:56:00,335 - DEBUG - DNS解析重试中 de.616049.xyz: [Errno -5] No address associated with hostname
2026-09-01 07:56:01,335 - WARNING - [de.616049.xyz (FRA)] ├─ 无有效DNS记录，触发紧急更新
2026-09-01 08:08:36,207 - ERROR - CFST更新失败: None
2026-09-01 08:08:36,211 - DEBUG - Starting new HTTPS connection (1): api.telegram.org:443
2026-09-01 08:08:36,486 - DEBUG - https://api.telegram.org:443 "POST /bot/sendMessage HTTP/1.1" 404 55
