2026-08-17 06:12:14,813 - INFO - 启动维护任务 | 协议类型: IPV4
2026-08-17 06:12:14,813 - INFO - --------------------------------------------------
2026-08-17 06:12:14,813 - INFO - [hk.616049.xyz (HKG)] 开始处理节点维护
2026-08-17 06:12:14,863 - DEBUG - DNS解析重试中 hk.616049.xyz: [Errno -5] No address associated with hostname
2026-08-17 06:12:15,901 - DEBUG - DNS解析重试中 hk.616049.xyz: [Errno -5] No address associated with hostname
2026-08-17 06:12:16,951 - DEBUG - DNS解析重试中 hk.616049.xyz: [Errno -5] No address associated with hostname
2026-08-17 06:12:17,952 - WARNING - [hk.616049.xyz (HKG)] ├─ 无有效DNS记录，触发紧急更新
2026-08-17 06:24:50,455 - ERROR - CFST更新失败: None
2026-08-17 06:24:50,456 - INFO - --------------------------------------------------
2026-08-17 06:24:50,456 - INFO - [us.616049.xyz (LAX)] 开始处理节点维护
2026-08-17 06:24:50,505 - DEBUG - DNS解析重试中 us.616049.xyz: [Errno -5] No address associated with hostname
2026-08-17 06:24:51,543 - DEBUG - DNS解析重试中 us.616049.xyz: [Errno -5] No address associated with hostname
2026-08-17 06:24:52,581 - DEBUG - DNS解析重试中 us.616049.xyz: [Errno -5] No address associated with hostname
2026-08-17 06:24:53,582 - WARNING - [us.616049.xyz (LAX)] ├─ 无有效DNS记录，触发紧急更新
2026-08-17 06:37:25,350 - ERROR - CFST更新失败: None
2026-08-17 06:37:25,350 - INFO - --------------------------------------------------
2026-08-17 06:37:25,350 - INFO - [de.616049.xyz (FRA)] 开始处理节点维护
2026-08-17 06:37:25,388 - DEBUG - DNS解析重试中 de.616049.xyz: [Errno -5] No address associated with hostname
2026-08-17 06:37:26,427 - DEBUG - DNS解析重试中 de.616049.xyz: [Errno -5] No address associated with hostname
2026-08-17 06:37:27,464 - DEBUG - DNS解析重试中 de.616049.xyz: [Errno -5] No address associated with hostname
2026-08-17 06:37:28,466 - WARNING - [de.616049.xyz (FRA)] ├─ 无有效DNS记录，触发紧急更新
2026-08-17 06:50:01,787 - ERROR - CFST更新失败: None
2026-08-17 06:50:01,791 - DEBUG - Starting new HTTPS connection (1): api.telegram.org:443
2026-08-17 06:50:02,296 - DEBUG - https://api.telegram.org:443 "POST /bot/sendMessage HTTP/1.1" 404 55
