2026-09-23 01:50:26,446 - INFO - 启动维护任务 | 协议类型: IPV4
2026-09-23 01:50:26,446 - INFO - --------------------------------------------------
2026-09-23 01:50:26,446 - INFO - [hk.616049.xyz (HKG)] 开始处理节点维护
2026-09-23 01:50:26,489 - DEBUG - DNS解析重试中 hk.616049.xyz: [Errno -5] No address associated with hostname
2026-09-23 01:50:27,560 - DEBUG - DNS解析重试中 hk.616049.xyz: [Errno -5] No address associated with hostname
2026-09-23 01:50:28,593 - DEBUG - DNS解析重试中 hk.616049.xyz: [Errno -5] No address associated with hostname
2026-09-23 01:50:29,594 - WARNING - [hk.616049.xyz (HKG)] ├─ 无有效DNS记录，触发紧急更新
2026-09-23 02:02:43,600 - ERROR - CFST更新失败: None
2026-09-23 02:02:43,600 - INFO - --------------------------------------------------
2026-09-23 02:02:43,600 - INFO - [us.616049.xyz (LAX)] 开始处理节点维护
2026-09-23 02:02:43,647 - DEBUG - DNS解析重试中 us.616049.xyz: [Errno -5] No address associated with hostname
2026-09-23 02:02:44,658 - DEBUG - DNS解析重试中 us.616049.xyz: [Errno -5] No address associated with hostname
2026-09-23 02:02:45,728 - DEBUG - DNS解析重试中 us.616049.xyz: [Errno -5] No address associated with hostname
2026-09-23 02:02:46,730 - WARNING - [us.616049.xyz (LAX)] ├─ 无有效DNS记录，触发紧急更新
2026-09-23 02:15:00,979 - ERROR - CFST更新失败: None
2026-09-23 02:15:00,980 - INFO - --------------------------------------------------
2026-09-23 02:15:00,980 - INFO - [de.616049.xyz (FRA)] 开始处理节点维护
2026-09-23 02:15:01,052 - DEBUG - DNS解析重试中 de.616049.xyz: [Errno -5] No address associated with hostname
2026-09-23 02:15:02,059 - DEBUG - DNS解析重试中 de.616049.xyz: [Errno -5] No address associated with hostname
2026-09-23 02:15:03,127 - DEBUG - DNS解析重试中 de.616049.xyz: [Errno -5] No address associated with hostname
2026-09-23 02:15:04,129 - WARNING - [de.616049.xyz (FRA)] ├─ 无有效DNS记录，触发紧急更新
2026-09-23 02:27:18,215 - ERROR - CFST更新失败: None
2026-09-23 02:27:18,218 - DEBUG - Starting new HTTPS connection (1): api.telegram.org:443
2026-09-23 02:27:18,641 - DEBUG - https://api.telegram.org:443 "POST /bot/sendMessage HTTP/1.1" 404 55
