2026-08-16 02:16:02,535 - INFO - 启动维护任务 | 协议类型: IPV4
2026-08-16 02:16:02,535 - INFO - --------------------------------------------------
2026-08-16 02:16:02,535 - INFO - [hk.616049.xyz (HKG)] 开始处理节点维护
2026-08-16 02:16:02,548 - DEBUG - DNS解析重试中 hk.616049.xyz: [Errno -5] No address associated with hostname
2026-08-16 02:16:03,556 - DEBUG - DNS解析重试中 hk.616049.xyz: [Errno -5] No address associated with hostname
2026-08-16 02:16:04,568 - DEBUG - DNS解析重试中 hk.616049.xyz: [Errno -5] No address associated with hostname
2026-08-16 02:16:05,570 - WARNING - [hk.616049.xyz (HKG)] ├─ 无有效DNS记录，触发紧急更新
2026-08-16 02:28:40,599 - ERROR - CFST更新失败: None
2026-08-16 02:28:40,599 - INFO - --------------------------------------------------
2026-08-16 02:28:40,599 - INFO - [us.616049.xyz (LAX)] 开始处理节点维护
2026-08-16 02:28:40,629 - DEBUG - DNS解析重试中 us.616049.xyz: [Errno -5] No address associated with hostname
2026-08-16 02:28:41,645 - DEBUG - DNS解析重试中 us.616049.xyz: [Errno -5] No address associated with hostname
2026-08-16 02:28:42,680 - DEBUG - DNS解析重试中 us.616049.xyz: [Errno -5] No address associated with hostname
2026-08-16 02:28:43,681 - WARNING - [us.616049.xyz (LAX)] ├─ 无有效DNS记录，触发紧急更新
2026-08-16 02:41:18,774 - ERROR - CFST更新失败: None
2026-08-16 02:41:18,774 - INFO - --------------------------------------------------
2026-08-16 02:41:18,774 - INFO - [de.616049.xyz (FRA)] 开始处理节点维护
2026-08-16 02:41:18,804 - DEBUG - DNS解析重试中 de.616049.xyz: [Errno -5] No address associated with hostname
2026-08-16 02:41:19,819 - DEBUG - DNS解析重试中 de.616049.xyz: [Errno -5] No address associated with hostname
2026-08-16 02:41:20,836 - DEBUG - DNS解析重试中 de.616049.xyz: [Errno -5] No address associated with hostname
2026-08-16 02:41:21,837 - WARNING - [de.616049.xyz (FRA)] ├─ 无有效DNS记录，触发紧急更新
2026-08-16 02:53:57,011 - ERROR - CFST更新失败: None
2026-08-16 02:53:57,015 - DEBUG - Starting new HTTPS connection (1): api.telegram.org:443
2026-08-16 02:53:57,300 - DEBUG - https://api.telegram.org:443 "POST /bot/sendMessage HTTP/1.1" 404 55
