2026-09-30 05:41:55,589 - INFO - 启动维护任务 | 协议类型: IPV4
2026-09-30 05:41:55,589 - INFO - --------------------------------------------------
2026-09-30 05:41:55,589 - INFO - [hk.616049.xyz (HKG)] 开始处理节点维护
2026-09-30 05:41:55,636 - DEBUG - DNS解析重试中 hk.616049.xyz: [Errno -5] No address associated with hostname
2026-09-30 05:41:56,679 - DEBUG - DNS解析重试中 hk.616049.xyz: [Errno -5] No address associated with hostname
2026-09-30 05:41:57,908 - DEBUG - DNS解析重试中 hk.616049.xyz: [Errno -5] No address associated with hostname
2026-09-30 05:41:58,910 - WARNING - [hk.616049.xyz (HKG)] ├─ 无有效DNS记录，触发紧急更新
2026-09-30 05:54:33,482 - ERROR - CFST更新失败: None
2026-09-30 05:54:33,482 - INFO - --------------------------------------------------
2026-09-30 05:54:33,482 - INFO - [us.616049.xyz (LAX)] 开始处理节点维护
2026-09-30 05:54:33,542 - DEBUG - DNS解析重试中 us.616049.xyz: [Errno -5] No address associated with hostname
2026-09-30 05:54:34,592 - DEBUG - DNS解析重试中 us.616049.xyz: [Errno -5] No address associated with hostname
2026-09-30 05:54:35,645 - DEBUG - DNS解析重试中 us.616049.xyz: [Errno -5] No address associated with hostname
2026-09-30 05:54:36,646 - WARNING - [us.616049.xyz (LAX)] ├─ 无有效DNS记录，触发紧急更新
2026-09-30 06:07:11,576 - ERROR - CFST更新失败: None
2026-09-30 06:07:11,577 - INFO - --------------------------------------------------
2026-09-30 06:07:11,577 - INFO - [de.616049.xyz (FRA)] 开始处理节点维护
2026-09-30 06:07:11,625 - DEBUG - DNS解析重试中 de.616049.xyz: [Errno -5] No address associated with hostname
2026-09-30 06:07:12,675 - DEBUG - DNS解析重试中 de.616049.xyz: [Errno -5] No address associated with hostname
2026-09-30 06:07:13,720 - DEBUG - DNS解析重试中 de.616049.xyz: [Errno -5] No address associated with hostname
2026-09-30 06:07:14,721 - WARNING - [de.616049.xyz (FRA)] ├─ 无有效DNS记录，触发紧急更新
2026-09-30 06:19:49,334 - ERROR - CFST更新失败: None
2026-09-30 06:19:49,338 - DEBUG - Starting new HTTPS connection (1): api.telegram.org:443
2026-09-30 06:19:49,678 - DEBUG - https://api.telegram.org:443 "POST /bot/sendMessage HTTP/1.1" 404 55
