2026-08-14 20:44:27,972 - INFO - 启动维护任务 | 协议类型: IPV4
2026-08-14 20:44:27,972 - INFO - --------------------------------------------------
2026-08-14 20:44:27,972 - INFO - [hk.616049.xyz (HKG)] 开始处理节点维护
2026-08-14 20:44:27,993 - DEBUG - DNS解析重试中 hk.616049.xyz: [Errno -5] No address associated with hostname
2026-08-14 20:44:29,014 - DEBUG - DNS解析重试中 hk.616049.xyz: [Errno -5] No address associated with hostname
2026-08-14 20:44:30,034 - DEBUG - DNS解析重试中 hk.616049.xyz: [Errno -5] No address associated with hostname
2026-08-14 20:44:31,035 - WARNING - [hk.616049.xyz (HKG)] ├─ 无有效DNS记录，触发紧急更新
2026-08-14 20:57:06,093 - ERROR - CFST更新失败: None
2026-08-14 20:57:06,093 - INFO - --------------------------------------------------
2026-08-14 20:57:06,093 - INFO - [us.616049.xyz (LAX)] 开始处理节点维护
2026-08-14 20:57:06,119 - DEBUG - DNS解析重试中 us.616049.xyz: [Errno -5] No address associated with hostname
2026-08-14 20:57:07,143 - DEBUG - DNS解析重试中 us.616049.xyz: [Errno -5] No address associated with hostname
2026-08-14 20:57:08,164 - DEBUG - DNS解析重试中 us.616049.xyz: [Errno -5] No address associated with hostname
2026-08-14 20:57:09,166 - WARNING - [us.616049.xyz (LAX)] ├─ 无有效DNS记录，触发紧急更新
2026-08-14 21:09:43,738 - ERROR - CFST更新失败: None
2026-08-14 21:09:43,738 - INFO - --------------------------------------------------
2026-08-14 21:09:43,739 - INFO - [de.616049.xyz (FRA)] 开始处理节点维护
2026-08-14 21:09:43,786 - DEBUG - DNS解析重试中 de.616049.xyz: [Errno -5] No address associated with hostname
2026-08-14 21:09:44,821 - DEBUG - DNS解析重试中 de.616049.xyz: [Errno -5] No address associated with hostname
2026-08-14 21:09:45,841 - DEBUG - DNS解析重试中 de.616049.xyz: [Errno -5] No address associated with hostname
2026-08-14 21:09:46,842 - WARNING - [de.616049.xyz (FRA)] ├─ 无有效DNS记录，触发紧急更新
2026-08-14 21:22:22,399 - ERROR - CFST更新失败: None
2026-08-14 21:22:22,402 - DEBUG - Starting new HTTPS connection (1): api.telegram.org:443
2026-08-14 21:22:22,715 - DEBUG - https://api.telegram.org:443 "POST /bot/sendMessage HTTP/1.1" 404 55
