2026-07-28 23:59:10,346 - INFO - 启动维护任务 | 协议类型: IPV4
2026-07-28 23:59:10,346 - INFO - --------------------------------------------------
2026-07-28 23:59:10,346 - INFO - [hk.616049.xyz (HKG)] 开始处理节点维护
2026-07-28 23:59:10,378 - DEBUG - DNS解析重试中 hk.616049.xyz: [Errno -5] No address associated with hostname
2026-07-28 23:59:11,393 - DEBUG - DNS解析重试中 hk.616049.xyz: [Errno -5] No address associated with hostname
2026-07-28 23:59:12,403 - DEBUG - DNS解析重试中 hk.616049.xyz: [Errno -5] No address associated with hostname
2026-07-28 23:59:13,404 - WARNING - [hk.616049.xyz (HKG)] ├─ 无有效DNS记录，触发紧急更新
2026-07-29 00:11:47,066 - ERROR - CFST更新失败: None
2026-07-29 00:11:47,067 - INFO - --------------------------------------------------
2026-07-29 00:11:47,067 - INFO - [us.616049.xyz (LAX)] 开始处理节点维护
2026-07-29 00:11:47,082 - DEBUG - DNS解析重试中 us.616049.xyz: [Errno -5] No address associated with hostname
2026-07-29 00:11:48,105 - DEBUG - DNS解析重试中 us.616049.xyz: [Errno -5] No address associated with hostname
2026-07-29 00:11:49,119 - DEBUG - DNS解析重试中 us.616049.xyz: [Errno -5] No address associated with hostname
2026-07-29 00:11:50,121 - WARNING - [us.616049.xyz (LAX)] ├─ 无有效DNS记录，触发紧急更新
2026-07-29 00:24:23,588 - ERROR - CFST更新失败: None
2026-07-29 00:24:23,588 - INFO - --------------------------------------------------
2026-07-29 00:24:23,588 - INFO - [de.616049.xyz (FRA)] 开始处理节点维护
2026-07-29 00:24:23,611 - DEBUG - DNS解析重试中 de.616049.xyz: [Errno -5] No address associated with hostname
2026-07-29 00:24:24,626 - DEBUG - DNS解析重试中 de.616049.xyz: [Errno -5] No address associated with hostname
2026-07-29 00:24:25,640 - DEBUG - DNS解析重试中 de.616049.xyz: [Errno -5] No address associated with hostname
2026-07-29 00:24:26,641 - WARNING - [de.616049.xyz (FRA)] ├─ 无有效DNS记录，触发紧急更新
2026-07-29 00:37:00,213 - ERROR - CFST更新失败: None
2026-07-29 00:37:00,216 - DEBUG - Starting new HTTPS connection (1): api.telegram.org:443
2026-07-29 00:37:00,510 - DEBUG - https://api.telegram.org:443 "POST /bot/sendMessage HTTP/1.1" 404 55
