2026-08-24 04:12:47,499 - INFO - 启动维护任务 | 协议类型: IPV4
2026-08-24 04:12:47,499 - INFO - --------------------------------------------------
2026-08-24 04:12:47,499 - INFO - [hk.616049.xyz (HKG)] 开始处理节点维护
2026-08-24 04:12:47,537 - DEBUG - DNS解析重试中 hk.616049.xyz: [Errno -5] No address associated with hostname
2026-08-24 04:12:48,581 - DEBUG - DNS解析重试中 hk.616049.xyz: [Errno -5] No address associated with hostname
2026-08-24 04:12:49,637 - DEBUG - DNS解析重试中 hk.616049.xyz: [Errno -5] No address associated with hostname
2026-08-24 04:12:50,639 - WARNING - [hk.616049.xyz (HKG)] ├─ 无有效DNS记录，触发紧急更新
2026-08-24 04:25:22,565 - ERROR - CFST更新失败: None
2026-08-24 04:25:22,565 - INFO - --------------------------------------------------
2026-08-24 04:25:22,565 - INFO - [us.616049.xyz (LAX)] 开始处理节点维护
2026-08-24 04:25:22,615 - DEBUG - DNS解析重试中 us.616049.xyz: [Errno -5] No address associated with hostname
2026-08-24 04:25:23,649 - DEBUG - DNS解析重试中 us.616049.xyz: [Errno -5] No address associated with hostname
2026-08-24 04:25:24,658 - DEBUG - DNS解析重试中 us.616049.xyz: [Errno -5] No address associated with hostname
2026-08-24 04:25:25,659 - WARNING - [us.616049.xyz (LAX)] ├─ 无有效DNS记录，触发紧急更新
2026-08-24 04:37:57,204 - ERROR - CFST更新失败: None
2026-08-24 04:37:57,204 - INFO - --------------------------------------------------
2026-08-24 04:37:57,205 - INFO - [de.616049.xyz (FRA)] 开始处理节点维护
2026-08-24 04:37:57,239 - DEBUG - DNS解析重试中 de.616049.xyz: [Errno -5] No address associated with hostname
2026-08-24 04:37:58,275 - DEBUG - DNS解析重试中 de.616049.xyz: [Errno -5] No address associated with hostname
2026-08-24 04:37:59,311 - DEBUG - DNS解析重试中 de.616049.xyz: [Errno -5] No address associated with hostname
2026-08-24 04:38:00,312 - WARNING - [de.616049.xyz (FRA)] ├─ 无有效DNS记录，触发紧急更新
2026-08-24 04:50:32,463 - ERROR - CFST更新失败: None
2026-08-24 04:50:32,467 - DEBUG - Starting new HTTPS connection (1): api.telegram.org:443
2026-08-24 04:50:32,882 - DEBUG - https://api.telegram.org:443 "POST /bot/sendMessage HTTP/1.1" 404 55
