2026-08-26 18:25:54,235 - INFO - 启动维护任务 | 协议类型: IPV4
2026-08-26 18:25:54,235 - INFO - --------------------------------------------------
2026-08-26 18:25:54,235 - INFO - [hk.616049.xyz (HKG)] 开始处理节点维护
2026-08-26 18:25:54,295 - DEBUG - DNS解析重试中 hk.616049.xyz: [Errno -5] No address associated with hostname
2026-08-26 18:25:55,623 - DEBUG - DNS解析重试中 hk.616049.xyz: [Errno -5] No address associated with hostname
2026-08-26 18:25:56,694 - DEBUG - DNS解析重试中 hk.616049.xyz: [Errno -5] No address associated with hostname
2026-08-26 18:25:57,696 - WARNING - [hk.616049.xyz (HKG)] ├─ 无有效DNS记录，触发紧急更新
2026-08-26 18:38:24,052 - ERROR - CFST更新失败: None
2026-08-26 18:38:24,053 - INFO - --------------------------------------------------
2026-08-26 18:38:24,053 - INFO - [us.616049.xyz (LAX)] 开始处理节点维护
2026-08-26 18:38:24,112 - DEBUG - DNS解析重试中 us.616049.xyz: [Errno -5] No address associated with hostname
2026-08-26 18:38:30,263 - DEBUG - DNS解析重试中 us.616049.xyz: [Errno -5] No address associated with hostname
2026-08-26 18:38:31,310 - DEBUG - DNS解析重试中 us.616049.xyz: [Errno -5] No address associated with hostname
2026-08-26 18:38:32,311 - WARNING - [us.616049.xyz (LAX)] ├─ 无有效DNS记录，触发紧急更新
2026-08-26 18:50:58,508 - ERROR - CFST更新失败: None
2026-08-26 18:50:58,508 - INFO - --------------------------------------------------
2026-08-26 18:50:58,508 - INFO - [de.616049.xyz (FRA)] 开始处理节点维护
2026-08-26 18:50:58,594 - DEBUG - DNS解析重试中 de.616049.xyz: [Errno -5] No address associated with hostname
2026-08-26 18:50:59,665 - DEBUG - DNS解析重试中 de.616049.xyz: [Errno -5] No address associated with hostname
2026-08-26 18:51:00,742 - DEBUG - DNS解析重试中 de.616049.xyz: [Errno -5] No address associated with hostname
2026-08-26 18:51:01,744 - WARNING - [de.616049.xyz (FRA)] ├─ 无有效DNS记录，触发紧急更新
2026-08-26 19:03:31,119 - ERROR - CFST更新失败: None
2026-08-26 19:03:31,122 - DEBUG - Starting new HTTPS connection (1): api.telegram.org:443
2026-08-26 19:03:31,500 - DEBUG - https://api.telegram.org:443 "POST /bot/sendMessage HTTP/1.1" 404 55
