2026-08-08 00:42:52,793 - INFO - 启动维护任务 | 协议类型: IPV4
2026-08-08 00:42:52,793 - INFO - --------------------------------------------------
2026-08-08 00:42:52,793 - INFO - [hk.616049.xyz (HKG)] 开始处理节点维护
2026-08-08 00:42:52,804 - DEBUG - DNS解析重试中 hk.616049.xyz: [Errno -5] No address associated with hostname
2026-08-08 00:42:53,819 - DEBUG - DNS解析重试中 hk.616049.xyz: [Errno -5] No address associated with hostname
2026-08-08 00:42:54,886 - DEBUG - DNS解析重试中 hk.616049.xyz: [Errno -5] No address associated with hostname
2026-08-08 00:42:55,888 - WARNING - [hk.616049.xyz (HKG)] ├─ 无有效DNS记录，触发紧急更新
2026-08-08 00:55:27,329 - ERROR - CFST更新失败: None
2026-08-08 00:55:27,329 - INFO - --------------------------------------------------
2026-08-08 00:55:27,329 - INFO - [us.616049.xyz (LAX)] 开始处理节点维护
2026-08-08 00:55:27,345 - DEBUG - DNS解析重试中 us.616049.xyz: [Errno -5] No address associated with hostname
2026-08-08 00:55:28,356 - DEBUG - DNS解析重试中 us.616049.xyz: [Errno -5] No address associated with hostname
2026-08-08 00:55:34,377 - DEBUG - DNS解析重试中 us.616049.xyz: [Errno -5] No address associated with hostname
2026-08-08 00:55:35,378 - WARNING - [us.616049.xyz (LAX)] ├─ 无有效DNS记录，触发紧急更新
2026-08-08 01:08:06,289 - ERROR - CFST更新失败: None
2026-08-08 01:08:06,289 - INFO - --------------------------------------------------
2026-08-08 01:08:06,289 - INFO - [de.616049.xyz (FRA)] 开始处理节点维护
2026-08-08 01:08:06,301 - DEBUG - DNS解析重试中 de.616049.xyz: [Errno -5] No address associated with hostname
2026-08-08 01:08:07,334 - DEBUG - DNS解析重试中 de.616049.xyz: [Errno -5] No address associated with hostname
2026-08-08 01:08:08,349 - DEBUG - DNS解析重试中 de.616049.xyz: [Errno -5] No address associated with hostname
2026-08-08 01:08:09,351 - WARNING - [de.616049.xyz (FRA)] ├─ 无有效DNS记录，触发紧急更新
2026-08-08 01:20:42,208 - ERROR - CFST更新失败: None
2026-08-08 01:20:42,211 - DEBUG - Starting new HTTPS connection (1): api.telegram.org:443
2026-08-08 01:20:42,493 - DEBUG - https://api.telegram.org:443 "POST /bot/sendMessage HTTP/1.1" 404 55
