2026-07-28 21:43:51,806 - INFO - 启动维护任务 | 协议类型: IPV4
2026-07-28 21:43:51,806 - INFO - --------------------------------------------------
2026-07-28 21:43:51,806 - INFO - [hk.616049.xyz (HKG)] 开始处理节点维护
2026-07-28 21:43:51,817 - DEBUG - DNS解析重试中 hk.616049.xyz: [Errno -5] No address associated with hostname
2026-07-28 21:43:52,828 - DEBUG - DNS解析重试中 hk.616049.xyz: [Errno -5] No address associated with hostname
2026-07-28 21:43:53,834 - DEBUG - DNS解析重试中 hk.616049.xyz: [Errno -5] No address associated with hostname
2026-07-28 21:43:54,836 - WARNING - [hk.616049.xyz (HKG)] ├─ 无有效DNS记录，触发紧急更新
2026-07-28 21:56:26,641 - ERROR - CFST更新失败: None
2026-07-28 21:56:26,641 - INFO - --------------------------------------------------
2026-07-28 21:56:26,641 - INFO - [us.616049.xyz (LAX)] 开始处理节点维护
2026-07-28 21:56:26,660 - DEBUG - DNS解析重试中 us.616049.xyz: [Errno -5] No address associated with hostname
2026-07-28 21:56:27,678 - DEBUG - DNS解析重试中 us.616049.xyz: [Errno -5] No address associated with hostname
2026-07-28 21:56:28,690 - DEBUG - DNS解析重试中 us.616049.xyz: [Errno -5] No address associated with hostname
2026-07-28 21:56:29,692 - WARNING - [us.616049.xyz (LAX)] ├─ 无有效DNS记录，触发紧急更新
2026-07-28 22:09:00,542 - ERROR - CFST更新失败: None
2026-07-28 22:09:00,542 - INFO - --------------------------------------------------
2026-07-28 22:09:00,542 - INFO - [de.616049.xyz (FRA)] 开始处理节点维护
2026-07-28 22:09:00,552 - DEBUG - DNS解析重试中 de.616049.xyz: [Errno -5] No address associated with hostname
2026-07-28 22:09:01,564 - DEBUG - DNS解析重试中 de.616049.xyz: [Errno -5] No address associated with hostname
2026-07-28 22:09:02,595 - DEBUG - DNS解析重试中 de.616049.xyz: [Errno -5] No address associated with hostname
2026-07-28 22:09:03,596 - WARNING - [de.616049.xyz (FRA)] ├─ 无有效DNS记录，触发紧急更新
2026-07-28 22:21:35,071 - ERROR - CFST更新失败: None
2026-07-28 22:21:35,074 - DEBUG - Starting new HTTPS connection (1): api.telegram.org:443
2026-07-28 22:21:35,565 - DEBUG - https://api.telegram.org:443 "POST /bot/sendMessage HTTP/1.1" 404 55
