2026-07-30 21:39:56,201 - INFO - 启动维护任务 | 协议类型: IPV4
2026-07-30 21:39:56,201 - INFO - --------------------------------------------------
2026-07-30 21:39:56,201 - INFO - [hk.616049.xyz (HKG)] 开始处理节点维护
2026-07-30 21:39:56,235 - DEBUG - DNS解析重试中 hk.616049.xyz: [Errno -5] No address associated with hostname
2026-07-30 21:39:57,283 - DEBUG - DNS解析重试中 hk.616049.xyz: [Errno -5] No address associated with hostname
2026-07-30 21:39:58,351 - DEBUG - DNS解析重试中 hk.616049.xyz: [Errno -5] No address associated with hostname
2026-07-30 21:39:59,352 - WARNING - [hk.616049.xyz (HKG)] ├─ 无有效DNS记录，触发紧急更新
2026-07-30 21:52:21,884 - ERROR - CFST更新失败: None
2026-07-30 21:52:21,884 - INFO - --------------------------------------------------
2026-07-30 21:52:21,885 - INFO - [us.616049.xyz (LAX)] 开始处理节点维护
2026-07-30 21:52:21,926 - DEBUG - DNS解析重试中 us.616049.xyz: [Errno -5] No address associated with hostname
2026-07-30 21:52:22,976 - DEBUG - DNS解析重试中 us.616049.xyz: [Errno -5] No address associated with hostname
2026-07-30 21:52:24,011 - DEBUG - DNS解析重试中 us.616049.xyz: [Errno -5] No address associated with hostname
2026-07-30 21:52:25,012 - WARNING - [us.616049.xyz (LAX)] ├─ 无有效DNS记录，触发紧急更新
2026-07-30 22:04:47,020 - ERROR - CFST更新失败: None
2026-07-30 22:04:47,021 - INFO - --------------------------------------------------
2026-07-30 22:04:47,021 - INFO - [de.616049.xyz (FRA)] 开始处理节点维护
2026-07-30 22:04:47,068 - DEBUG - DNS解析重试中 de.616049.xyz: [Errno -5] No address associated with hostname
2026-07-30 22:04:48,136 - DEBUG - DNS解析重试中 de.616049.xyz: [Errno -5] No address associated with hostname
2026-07-30 22:04:49,177 - DEBUG - DNS解析重试中 de.616049.xyz: [Errno -5] No address associated with hostname
2026-07-30 22:04:50,178 - WARNING - [de.616049.xyz (FRA)] ├─ 无有效DNS记录，触发紧急更新
2026-07-30 22:17:12,279 - ERROR - CFST更新失败: None
2026-07-30 22:17:12,282 - DEBUG - Starting new HTTPS connection (1): api.telegram.org:443
2026-07-30 22:17:12,605 - DEBUG - https://api.telegram.org:443 "POST /bot/sendMessage HTTP/1.1" 404 55
