2026-09-30 01:21:26,399 - INFO - 启动维护任务 | 协议类型: IPV4
2026-09-30 01:21:26,399 - INFO - --------------------------------------------------
2026-09-30 01:21:26,399 - INFO - [hk.616049.xyz (HKG)] 开始处理节点维护
2026-09-30 01:21:26,432 - DEBUG - DNS解析重试中 hk.616049.xyz: [Errno -5] No address associated with hostname
2026-09-30 01:21:27,469 - DEBUG - DNS解析重试中 hk.616049.xyz: [Errno -5] No address associated with hostname
2026-09-30 01:21:28,480 - DEBUG - DNS解析重试中 hk.616049.xyz: [Errno -5] No address associated with hostname
2026-09-30 01:21:29,482 - WARNING - [hk.616049.xyz (HKG)] ├─ 无有效DNS记录，触发紧急更新
2026-09-30 01:33:59,305 - ERROR - CFST更新失败: None
2026-09-30 01:33:59,305 - INFO - --------------------------------------------------
2026-09-30 01:33:59,306 - INFO - [us.616049.xyz (LAX)] 开始处理节点维护
2026-09-30 01:33:59,335 - DEBUG - DNS解析重试中 us.616049.xyz: [Errno -5] No address associated with hostname
2026-09-30 01:34:00,368 - DEBUG - DNS解析重试中 us.616049.xyz: [Errno -5] No address associated with hostname
2026-09-30 01:34:01,381 - DEBUG - DNS解析重试中 us.616049.xyz: [Errno -5] No address associated with hostname
2026-09-30 01:34:02,382 - WARNING - [us.616049.xyz (LAX)] ├─ 无有效DNS记录，触发紧急更新
2026-09-30 01:46:31,780 - ERROR - CFST更新失败: None
2026-09-30 01:46:31,781 - INFO - --------------------------------------------------
2026-09-30 01:46:31,781 - INFO - [de.616049.xyz (FRA)] 开始处理节点维护
2026-09-30 01:46:31,815 - DEBUG - DNS解析重试中 de.616049.xyz: [Errno -5] No address associated with hostname
2026-09-30 01:46:32,847 - DEBUG - DNS解析重试中 de.616049.xyz: [Errno -5] No address associated with hostname
2026-09-30 01:46:33,859 - DEBUG - DNS解析重试中 de.616049.xyz: [Errno -5] No address associated with hostname
2026-09-30 01:46:34,860 - WARNING - [de.616049.xyz (FRA)] ├─ 无有效DNS记录，触发紧急更新
2026-09-30 01:59:05,038 - ERROR - CFST更新失败: None
2026-09-30 01:59:05,041 - DEBUG - Starting new HTTPS connection (1): api.telegram.org:443
2026-09-30 01:59:05,571 - DEBUG - https://api.telegram.org:443 "POST /bot/sendMessage HTTP/1.1" 404 55
