2026-08-01 06:52:33,358 - INFO - 启动维护任务 | 协议类型: IPV4
2026-08-01 06:52:33,358 - INFO - --------------------------------------------------
2026-08-01 06:52:33,358 - INFO - [hk.616049.xyz (HKG)] 开始处理节点维护
2026-08-01 06:52:33,371 - DEBUG - DNS解析重试中 hk.616049.xyz: [Errno -5] No address associated with hostname
2026-08-01 06:52:34,389 - DEBUG - DNS解析重试中 hk.616049.xyz: [Errno -5] No address associated with hostname
2026-08-01 06:52:35,414 - DEBUG - DNS解析重试中 hk.616049.xyz: [Errno -5] No address associated with hostname
2026-08-01 06:52:36,415 - WARNING - [hk.616049.xyz (HKG)] ├─ 无有效DNS记录，触发紧急更新
2026-08-01 07:05:13,777 - ERROR - CFST更新失败: None
2026-08-01 07:05:13,777 - INFO - --------------------------------------------------
2026-08-01 07:05:13,777 - INFO - [us.616049.xyz (LAX)] 开始处理节点维护
2026-08-01 07:05:13,797 - DEBUG - DNS解析重试中 us.616049.xyz: [Errno -5] No address associated with hostname
2026-08-01 07:05:14,844 - DEBUG - DNS解析重试中 us.616049.xyz: [Errno -5] No address associated with hostname
2026-08-01 07:05:15,865 - DEBUG - DNS解析重试中 us.616049.xyz: [Errno -5] No address associated with hostname
2026-08-01 07:05:16,866 - WARNING - [us.616049.xyz (LAX)] ├─ 无有效DNS记录，触发紧急更新
2026-08-01 07:17:51,812 - ERROR - CFST更新失败: None
2026-08-01 07:17:51,812 - INFO - --------------------------------------------------
2026-08-01 07:17:51,812 - INFO - [de.616049.xyz (FRA)] 开始处理节点维护
2026-08-01 07:17:51,833 - DEBUG - DNS解析重试中 de.616049.xyz: [Errno -5] No address associated with hostname
2026-08-01 07:17:52,849 - DEBUG - DNS解析重试中 de.616049.xyz: [Errno -5] No address associated with hostname
2026-08-01 07:17:53,870 - DEBUG - DNS解析重试中 de.616049.xyz: [Errno -5] No address associated with hostname
2026-08-01 07:17:54,871 - WARNING - [de.616049.xyz (FRA)] ├─ 无有效DNS记录，触发紧急更新
2026-08-01 07:30:28,804 - ERROR - CFST更新失败: None
2026-08-01 07:30:28,807 - DEBUG - Starting new HTTPS connection (1): api.telegram.org:443
2026-08-01 07:30:29,103 - DEBUG - https://api.telegram.org:443 "POST /bot/sendMessage HTTP/1.1" 404 55
