2026-09-14 07:48:25,869 - INFO - 启动维护任务 | 协议类型: IPV4
2026-09-14 07:48:25,869 - INFO - --------------------------------------------------
2026-09-14 07:48:25,869 - INFO - [hk.616049.xyz (HKG)] 开始处理节点维护
2026-09-14 07:48:25,952 - DEBUG - DNS解析重试中 hk.616049.xyz: [Errno -5] No address associated with hostname
2026-09-14 07:48:27,036 - DEBUG - DNS解析重试中 hk.616049.xyz: [Errno -5] No address associated with hostname
2026-09-14 07:48:28,100 - DEBUG - DNS解析重试中 hk.616049.xyz: [Errno -5] No address associated with hostname
2026-09-14 07:48:29,101 - WARNING - [hk.616049.xyz (HKG)] ├─ 无有效DNS记录，触发紧急更新
2026-09-14 08:01:06,171 - ERROR - CFST更新失败: None
2026-09-14 08:01:06,171 - INFO - --------------------------------------------------
2026-09-14 08:01:06,171 - INFO - [us.616049.xyz (LAX)] 开始处理节点维护
2026-09-14 08:01:06,233 - DEBUG - DNS解析重试中 us.616049.xyz: [Errno -5] No address associated with hostname
2026-09-14 08:01:07,292 - DEBUG - DNS解析重试中 us.616049.xyz: [Errno -5] No address associated with hostname
2026-09-14 08:01:08,375 - DEBUG - DNS解析重试中 us.616049.xyz: [Errno -5] No address associated with hostname
2026-09-14 08:01:09,377 - WARNING - [us.616049.xyz (LAX)] ├─ 无有效DNS记录，触发紧急更新
2026-09-14 08:13:45,479 - ERROR - CFST更新失败: None
2026-09-14 08:13:45,479 - INFO - --------------------------------------------------
2026-09-14 08:13:45,479 - INFO - [de.616049.xyz (FRA)] 开始处理节点维护
2026-09-14 08:13:45,535 - DEBUG - DNS解析重试中 de.616049.xyz: [Errno -5] No address associated with hostname
2026-09-14 08:13:46,607 - DEBUG - DNS解析重试中 de.616049.xyz: [Errno -5] No address associated with hostname
2026-09-14 08:13:47,699 - DEBUG - DNS解析重试中 de.616049.xyz: [Errno -5] No address associated with hostname
2026-09-14 08:13:48,701 - WARNING - [de.616049.xyz (FRA)] ├─ 无有效DNS记录，触发紧急更新
2026-09-14 08:26:29,972 - ERROR - CFST更新失败: None
2026-09-14 08:26:29,976 - DEBUG - Starting new HTTPS connection (1): api.telegram.org:443
2026-09-14 08:26:30,361 - DEBUG - https://api.telegram.org:443 "POST /bot/sendMessage HTTP/1.1" 404 55
