2026-08-02 19:11:12,992 - INFO - 启动维护任务 | 协议类型: IPV4
2026-08-02 19:11:12,993 - INFO - --------------------------------------------------
2026-08-02 19:11:12,993 - INFO - [hk.616049.xyz (HKG)] 开始处理节点维护
2026-08-02 19:11:13,047 - DEBUG - DNS解析重试中 hk.616049.xyz: [Errno -5] No address associated with hostname
2026-08-02 19:11:14,120 - DEBUG - DNS解析重试中 hk.616049.xyz: [Errno -5] No address associated with hostname
2026-08-02 19:11:15,172 - DEBUG - DNS解析重试中 hk.616049.xyz: [Errno -5] No address associated with hostname
2026-08-02 19:11:16,173 - WARNING - [hk.616049.xyz (HKG)] ├─ 无有效DNS记录，触发紧急更新
2026-08-02 19:23:49,866 - ERROR - CFST更新失败: None
2026-08-02 19:23:49,866 - INFO - --------------------------------------------------
2026-08-02 19:23:49,866 - INFO - [us.616049.xyz (LAX)] 开始处理节点维护
2026-08-02 19:23:49,915 - DEBUG - DNS解析重试中 us.616049.xyz: [Errno -5] No address associated with hostname
2026-08-02 19:23:50,966 - DEBUG - DNS解析重试中 us.616049.xyz: [Errno -5] No address associated with hostname
2026-08-02 19:23:51,974 - DEBUG - DNS解析重试中 us.616049.xyz: [Errno -5] No address associated with hostname
2026-08-02 19:23:52,975 - WARNING - [us.616049.xyz (LAX)] ├─ 无有效DNS记录，触发紧急更新
2026-08-02 19:36:26,005 - ERROR - CFST更新失败: None
2026-08-02 19:36:26,005 - INFO - --------------------------------------------------
2026-08-02 19:36:26,005 - INFO - [de.616049.xyz (FRA)] 开始处理节点维护
2026-08-02 19:36:30,268 - DEBUG - DNS解析重试中 de.616049.xyz: [Errno -5] No address associated with hostname
2026-08-02 19:36:31,340 - DEBUG - DNS解析重试中 de.616049.xyz: [Errno -5] No address associated with hostname
2026-08-02 19:36:32,410 - DEBUG - DNS解析重试中 de.616049.xyz: [Errno -5] No address associated with hostname
2026-08-02 19:36:33,411 - WARNING - [de.616049.xyz (FRA)] ├─ 无有效DNS记录，触发紧急更新
2026-08-02 19:49:06,677 - ERROR - CFST更新失败: None
2026-08-02 19:49:06,680 - DEBUG - Starting new HTTPS connection (1): api.telegram.org:443
2026-08-02 19:49:07,066 - DEBUG - https://api.telegram.org:443 "POST /bot/sendMessage HTTP/1.1" 404 55
