2026-08-08 18:22:04,965 - INFO - 启动维护任务 | 协议类型: IPV4
2026-08-08 18:22:04,965 - INFO - --------------------------------------------------
2026-08-08 18:22:04,965 - INFO - [hk.616049.xyz (HKG)] 开始处理节点维护
2026-08-08 18:22:04,991 - DEBUG - DNS解析重试中 hk.616049.xyz: [Errno -5] No address associated with hostname
2026-08-08 18:22:06,039 - DEBUG - DNS解析重试中 hk.616049.xyz: [Errno -5] No address associated with hostname
2026-08-08 18:22:07,076 - DEBUG - DNS解析重试中 hk.616049.xyz: [Errno -5] No address associated with hostname
2026-08-08 18:22:08,077 - WARNING - [hk.616049.xyz (HKG)] ├─ 无有效DNS记录，触发紧急更新
2026-08-08 18:34:21,794 - ERROR - CFST更新失败: None
2026-08-08 18:34:21,794 - INFO - --------------------------------------------------
2026-08-08 18:34:21,794 - INFO - [us.616049.xyz (LAX)] 开始处理节点维护
2026-08-08 18:34:21,830 - DEBUG - DNS解析重试中 us.616049.xyz: [Errno -5] No address associated with hostname
2026-08-08 18:34:22,873 - DEBUG - DNS解析重试中 us.616049.xyz: [Errno -5] No address associated with hostname
2026-08-08 18:34:23,914 - DEBUG - DNS解析重试中 us.616049.xyz: [Errno -5] No address associated with hostname
2026-08-08 18:34:24,915 - WARNING - [us.616049.xyz (LAX)] ├─ 无有效DNS记录，触发紧急更新
2026-08-08 18:46:36,801 - ERROR - CFST更新失败: None
2026-08-08 18:46:36,801 - INFO - --------------------------------------------------
2026-08-08 18:46:36,801 - INFO - [de.616049.xyz (FRA)] 开始处理节点维护
2026-08-08 18:46:36,826 - DEBUG - DNS解析重试中 de.616049.xyz: [Errno -5] No address associated with hostname
2026-08-08 18:46:37,854 - DEBUG - DNS解析重试中 de.616049.xyz: [Errno -5] No address associated with hostname
2026-08-08 18:46:38,886 - DEBUG - DNS解析重试中 de.616049.xyz: [Errno -5] No address associated with hostname
2026-08-08 18:46:39,888 - WARNING - [de.616049.xyz (FRA)] ├─ 无有效DNS记录，触发紧急更新
2026-08-08 18:58:52,040 - ERROR - CFST更新失败: None
2026-08-08 18:58:52,043 - DEBUG - Starting new HTTPS connection (1): api.telegram.org:443
2026-08-08 18:58:52,354 - DEBUG - https://api.telegram.org:443 "POST /bot/sendMessage HTTP/1.1" 404 55
