2026-09-20 03:48:44,910 - INFO - 启动维护任务 | 协议类型: IPV4
2026-09-20 03:48:44,910 - INFO - --------------------------------------------------
2026-09-20 03:48:44,910 - INFO - [hk.616049.xyz (HKG)] 开始处理节点维护
2026-09-20 03:48:44,926 - DEBUG - DNS解析重试中 hk.616049.xyz: [Errno -5] No address associated with hostname
2026-09-20 03:48:45,960 - DEBUG - DNS解析重试中 hk.616049.xyz: [Errno -5] No address associated with hostname
2026-09-20 03:48:46,974 - DEBUG - DNS解析重试中 hk.616049.xyz: [Errno -5] No address associated with hostname
2026-09-20 03:48:47,976 - WARNING - [hk.616049.xyz (HKG)] ├─ 无有效DNS记录，触发紧急更新
2026-09-20 04:01:19,137 - ERROR - CFST更新失败: None
2026-09-20 04:01:19,137 - INFO - --------------------------------------------------
2026-09-20 04:01:19,137 - INFO - [us.616049.xyz (LAX)] 开始处理节点维护
2026-09-20 04:01:19,153 - DEBUG - DNS解析重试中 us.616049.xyz: [Errno -5] No address associated with hostname
2026-09-20 04:01:20,168 - DEBUG - DNS解析重试中 us.616049.xyz: [Errno -5] No address associated with hostname
2026-09-20 04:01:21,187 - DEBUG - DNS解析重试中 us.616049.xyz: [Errno -5] No address associated with hostname
2026-09-20 04:01:22,189 - WARNING - [us.616049.xyz (LAX)] ├─ 无有效DNS记录，触发紧急更新
2026-09-20 04:13:52,758 - ERROR - CFST更新失败: None
2026-09-20 04:13:52,758 - INFO - --------------------------------------------------
2026-09-20 04:13:52,758 - INFO - [de.616049.xyz (FRA)] 开始处理节点维护
2026-09-20 04:13:52,778 - DEBUG - DNS解析重试中 de.616049.xyz: [Errno -5] No address associated with hostname
2026-09-20 04:13:53,795 - DEBUG - DNS解析重试中 de.616049.xyz: [Errno -5] No address associated with hostname
2026-09-20 04:13:54,809 - DEBUG - DNS解析重试中 de.616049.xyz: [Errno -5] No address associated with hostname
2026-09-20 04:13:55,811 - WARNING - [de.616049.xyz (FRA)] ├─ 无有效DNS记录，触发紧急更新
2026-09-20 04:26:27,990 - ERROR - CFST更新失败: None
2026-09-20 04:26:27,994 - DEBUG - Starting new HTTPS connection (1): api.telegram.org:443
2026-09-20 04:26:28,295 - DEBUG - https://api.telegram.org:443 "POST /bot/sendMessage HTTP/1.1" 404 55
