2026-09-22 15:05:44,689 - INFO - 启动维护任务 | 协议类型: IPV4
2026-09-22 15:05:44,689 - INFO - --------------------------------------------------
2026-09-22 15:05:44,689 - INFO - [hk.616049.xyz (HKG)] 开始处理节点维护
2026-09-22 15:05:44,731 - DEBUG - DNS解析重试中 hk.616049.xyz: [Errno -5] No address associated with hostname
2026-09-22 15:05:45,784 - DEBUG - DNS解析重试中 hk.616049.xyz: [Errno -5] No address associated with hostname
2026-09-22 15:05:46,818 - DEBUG - DNS解析重试中 hk.616049.xyz: [Errno -5] No address associated with hostname
2026-09-22 15:05:47,820 - WARNING - [hk.616049.xyz (HKG)] ├─ 无有效DNS记录，触发紧急更新
2026-09-22 15:18:06,303 - ERROR - CFST更新失败: None
2026-09-22 15:18:06,303 - INFO - --------------------------------------------------
2026-09-22 15:18:06,303 - INFO - [us.616049.xyz (LAX)] 开始处理节点维护
2026-09-22 15:18:06,351 - DEBUG - DNS解析重试中 us.616049.xyz: [Errno -5] No address associated with hostname
2026-09-22 15:18:07,390 - DEBUG - DNS解析重试中 us.616049.xyz: [Errno -5] No address associated with hostname
2026-09-22 15:18:08,449 - DEBUG - DNS解析重试中 us.616049.xyz: [Errno -5] No address associated with hostname
2026-09-22 15:18:09,450 - WARNING - [us.616049.xyz (LAX)] ├─ 无有效DNS记录，触发紧急更新
2026-09-22 15:30:22,902 - ERROR - CFST更新失败: None
2026-09-22 15:30:22,902 - INFO - --------------------------------------------------
2026-09-22 15:30:22,902 - INFO - [de.616049.xyz (FRA)] 开始处理节点维护
2026-09-22 15:30:22,946 - DEBUG - DNS解析重试中 de.616049.xyz: [Errno -5] No address associated with hostname
2026-09-22 15:30:23,979 - DEBUG - DNS解析重试中 de.616049.xyz: [Errno -5] No address associated with hostname
2026-09-22 15:30:25,019 - DEBUG - DNS解析重试中 de.616049.xyz: [Errno -5] No address associated with hostname
2026-09-22 15:30:26,020 - WARNING - [de.616049.xyz (FRA)] ├─ 无有效DNS记录，触发紧急更新
2026-09-22 15:42:45,035 - ERROR - CFST更新失败: None
2026-09-22 15:42:45,038 - DEBUG - Starting new HTTPS connection (1): api.telegram.org:443
2026-09-22 15:42:45,774 - DEBUG - https://api.telegram.org:443 "POST /bot/sendMessage HTTP/1.1" 404 55
