2026-08-01 19:11:29,813 - INFO - 启动维护任务 | 协议类型: IPV4
2026-08-01 19:11:29,813 - INFO - --------------------------------------------------
2026-08-01 19:11:29,813 - INFO - [hk.616049.xyz (HKG)] 开始处理节点维护
2026-08-01 19:11:29,824 - DEBUG - DNS解析重试中 hk.616049.xyz: [Errno -5] No address associated with hostname
2026-08-01 19:11:30,838 - DEBUG - DNS解析重试中 hk.616049.xyz: [Errno -5] No address associated with hostname
2026-08-01 19:11:31,850 - DEBUG - DNS解析重试中 hk.616049.xyz: [Errno -5] No address associated with hostname
2026-08-01 19:11:32,851 - WARNING - [hk.616049.xyz (HKG)] ├─ 无有效DNS记录，触发紧急更新
2026-08-01 19:24:04,156 - ERROR - CFST更新失败: None
2026-08-01 19:24:04,157 - INFO - --------------------------------------------------
2026-08-01 19:24:04,157 - INFO - [us.616049.xyz (LAX)] 开始处理节点维护
2026-08-01 19:24:04,178 - DEBUG - DNS解析重试中 us.616049.xyz: [Errno -5] No address associated with hostname
2026-08-01 19:24:05,192 - DEBUG - DNS解析重试中 us.616049.xyz: [Errno -5] No address associated with hostname
2026-08-01 19:24:06,205 - DEBUG - DNS解析重试中 us.616049.xyz: [Errno -5] No address associated with hostname
2026-08-01 19:24:07,206 - WARNING - [us.616049.xyz (LAX)] ├─ 无有效DNS记录，触发紧急更新
2026-08-01 19:36:38,736 - ERROR - CFST更新失败: None
2026-08-01 19:36:38,736 - INFO - --------------------------------------------------
2026-08-01 19:36:38,736 - INFO - [de.616049.xyz (FRA)] 开始处理节点维护
2026-08-01 19:36:38,747 - DEBUG - DNS解析重试中 de.616049.xyz: [Errno -5] No address associated with hostname
2026-08-01 19:36:39,761 - DEBUG - DNS解析重试中 de.616049.xyz: [Errno -5] No address associated with hostname
2026-08-01 19:36:40,773 - DEBUG - DNS解析重试中 de.616049.xyz: [Errno -5] No address associated with hostname
2026-08-01 19:36:41,775 - WARNING - [de.616049.xyz (FRA)] ├─ 无有效DNS记录，触发紧急更新
2026-08-01 19:49:14,324 - ERROR - CFST更新失败: None
2026-08-01 19:49:14,328 - DEBUG - Starting new HTTPS connection (1): api.telegram.org:443
2026-08-01 19:49:14,775 - DEBUG - https://api.telegram.org:443 "POST /bot/sendMessage HTTP/1.1" 404 55
