2026-08-24 22:33:16,022 - INFO - 启动维护任务 | 协议类型: IPV4
2026-08-24 22:33:16,022 - INFO - --------------------------------------------------
2026-08-24 22:33:16,022 - INFO - [hk.616049.xyz (HKG)] 开始处理节点维护
2026-08-24 22:33:16,067 - DEBUG - DNS解析重试中 hk.616049.xyz: [Errno -5] No address associated with hostname
2026-08-24 22:33:17,106 - DEBUG - DNS解析重试中 hk.616049.xyz: [Errno -5] No address associated with hostname
2026-08-24 22:33:18,161 - DEBUG - DNS解析重试中 hk.616049.xyz: [Errno -5] No address associated with hostname
2026-08-24 22:33:19,163 - WARNING - [hk.616049.xyz (HKG)] ├─ 无有效DNS记录，触发紧急更新
2026-08-24 22:45:45,143 - ERROR - CFST更新失败: None
2026-08-24 22:45:45,143 - INFO - --------------------------------------------------
2026-08-24 22:45:45,143 - INFO - [us.616049.xyz (LAX)] 开始处理节点维护
2026-08-24 22:45:45,185 - DEBUG - DNS解析重试中 us.616049.xyz: [Errno -5] No address associated with hostname
2026-08-24 22:45:46,218 - DEBUG - DNS解析重试中 us.616049.xyz: [Errno -5] No address associated with hostname
2026-08-24 22:45:47,267 - DEBUG - DNS解析重试中 us.616049.xyz: [Errno -5] No address associated with hostname
2026-08-24 22:45:48,268 - WARNING - [us.616049.xyz (LAX)] ├─ 无有效DNS记录，触发紧急更新
2026-08-24 22:58:07,374 - ERROR - CFST更新失败: None
2026-08-24 22:58:07,374 - INFO - --------------------------------------------------
2026-08-24 22:58:07,375 - INFO - [de.616049.xyz (FRA)] 开始处理节点维护
2026-08-24 22:58:07,425 - DEBUG - DNS解析重试中 de.616049.xyz: [Errno -5] No address associated with hostname
2026-08-24 22:58:08,468 - DEBUG - DNS解析重试中 de.616049.xyz: [Errno -5] No address associated with hostname
2026-08-24 22:58:09,499 - DEBUG - DNS解析重试中 de.616049.xyz: [Errno -5] No address associated with hostname
2026-08-24 22:58:10,500 - WARNING - [de.616049.xyz (FRA)] ├─ 无有效DNS记录，触发紧急更新
2026-08-24 23:10:33,101 - ERROR - CFST更新失败: None
2026-08-24 23:10:33,104 - DEBUG - Starting new HTTPS connection (1): api.telegram.org:443
2026-08-24 23:10:33,543 - DEBUG - https://api.telegram.org:443 "POST /bot/sendMessage HTTP/1.1" 404 55
