2026-08-18 00:16:56,576 - INFO - 启动维护任务 | 协议类型: IPV4
2026-08-18 00:16:56,576 - INFO - --------------------------------------------------
2026-08-18 00:16:56,576 - INFO - [hk.616049.xyz (HKG)] 开始处理节点维护
2026-08-18 00:16:56,596 - DEBUG - DNS解析重试中 hk.616049.xyz: [Errno -5] No address associated with hostname
2026-08-18 00:16:57,612 - DEBUG - DNS解析重试中 hk.616049.xyz: [Errno -5] No address associated with hostname
2026-08-18 00:16:58,624 - DEBUG - DNS解析重试中 hk.616049.xyz: [Errno -5] No address associated with hostname
2026-08-18 00:16:59,625 - WARNING - [hk.616049.xyz (HKG)] ├─ 无有效DNS记录，触发紧急更新
2026-08-18 00:29:29,873 - ERROR - CFST更新失败: None
2026-08-18 00:29:29,874 - INFO - --------------------------------------------------
2026-08-18 00:29:29,874 - INFO - [us.616049.xyz (LAX)] 开始处理节点维护
2026-08-18 00:29:29,899 - DEBUG - DNS解析重试中 us.616049.xyz: [Errno -5] No address associated with hostname
2026-08-18 00:29:30,914 - DEBUG - DNS解析重试中 us.616049.xyz: [Errno -5] No address associated with hostname
2026-08-18 00:29:31,936 - DEBUG - DNS解析重试中 us.616049.xyz: [Errno -5] No address associated with hostname
2026-08-18 00:29:32,938 - WARNING - [us.616049.xyz (LAX)] ├─ 无有效DNS记录，触发紧急更新
2026-08-18 00:42:03,131 - ERROR - CFST更新失败: None
2026-08-18 00:42:03,131 - INFO - --------------------------------------------------
2026-08-18 00:42:03,131 - INFO - [de.616049.xyz (FRA)] 开始处理节点维护
2026-08-18 00:42:03,151 - DEBUG - DNS解析重试中 de.616049.xyz: [Errno -5] No address associated with hostname
2026-08-18 00:42:04,165 - DEBUG - DNS解析重试中 de.616049.xyz: [Errno -5] No address associated with hostname
2026-08-18 00:42:05,188 - DEBUG - DNS解析重试中 de.616049.xyz: [Errno -5] No address associated with hostname
2026-08-18 00:42:06,189 - WARNING - [de.616049.xyz (FRA)] ├─ 无有效DNS记录，触发紧急更新
2026-08-18 00:54:36,551 - ERROR - CFST更新失败: None
2026-08-18 00:54:36,554 - DEBUG - Starting new HTTPS connection (1): api.telegram.org:443
2026-08-18 00:54:36,846 - DEBUG - https://api.telegram.org:443 "POST /bot/sendMessage HTTP/1.1" 404 55
