2026-09-22 05:28:31,610 - INFO - 启动维护任务 | 协议类型: IPV4
2026-09-22 05:28:31,611 - INFO - --------------------------------------------------
2026-09-22 05:28:31,611 - INFO - [hk.616049.xyz (HKG)] 开始处理节点维护
2026-09-22 05:28:31,654 - DEBUG - DNS解析重试中 hk.616049.xyz: [Errno -5] No address associated with hostname
2026-09-22 05:28:32,705 - DEBUG - DNS解析重试中 hk.616049.xyz: [Errno -5] No address associated with hostname
2026-09-22 05:28:33,752 - DEBUG - DNS解析重试中 hk.616049.xyz: [Errno -5] No address associated with hostname
2026-09-22 05:28:34,753 - WARNING - [hk.616049.xyz (HKG)] ├─ 无有效DNS记录，触发紧急更新
2026-09-22 05:41:10,347 - ERROR - CFST更新失败: None
2026-09-22 05:41:10,347 - INFO - --------------------------------------------------
2026-09-22 05:41:10,347 - INFO - [us.616049.xyz (LAX)] 开始处理节点维护
2026-09-22 05:41:10,385 - DEBUG - DNS解析重试中 us.616049.xyz: [Errno -5] No address associated with hostname
2026-09-22 05:41:11,438 - DEBUG - DNS解析重试中 us.616049.xyz: [Errno -5] No address associated with hostname
2026-09-22 05:41:12,500 - DEBUG - DNS解析重试中 us.616049.xyz: [Errno -5] No address associated with hostname
2026-09-22 05:41:13,500 - WARNING - [us.616049.xyz (LAX)] ├─ 无有效DNS记录，触发紧急更新
2026-09-22 05:53:48,341 - ERROR - CFST更新失败: None
2026-09-22 05:53:48,341 - INFO - --------------------------------------------------
2026-09-22 05:53:48,341 - INFO - [de.616049.xyz (FRA)] 开始处理节点维护
2026-09-22 05:53:48,404 - DEBUG - DNS解析重试中 de.616049.xyz: [Errno -5] No address associated with hostname
2026-09-22 05:53:49,442 - DEBUG - DNS解析重试中 de.616049.xyz: [Errno -5] No address associated with hostname
2026-09-22 05:53:50,480 - DEBUG - DNS解析重试中 de.616049.xyz: [Errno -5] No address associated with hostname
2026-09-22 05:53:51,482 - WARNING - [de.616049.xyz (FRA)] ├─ 无有效DNS记录，触发紧急更新
2026-09-22 06:06:26,618 - ERROR - CFST更新失败: None
2026-09-22 06:06:26,622 - DEBUG - Starting new HTTPS connection (1): api.telegram.org:443
2026-09-22 06:06:26,970 - DEBUG - https://api.telegram.org:443 "POST /bot/sendMessage HTTP/1.1" 404 55
