2026-08-08 20:29:47,933 - INFO - 启动维护任务 | 协议类型: IPV4
2026-08-08 20:29:47,933 - INFO - --------------------------------------------------
2026-08-08 20:29:47,933 - INFO - [hk.616049.xyz (HKG)] 开始处理节点维护
2026-08-08 20:29:47,967 - DEBUG - DNS解析重试中 hk.616049.xyz: [Errno -5] No address associated with hostname
2026-08-08 20:29:49,002 - DEBUG - DNS解析重试中 hk.616049.xyz: [Errno -5] No address associated with hostname
2026-08-08 20:29:50,052 - DEBUG - DNS解析重试中 hk.616049.xyz: [Errno -5] No address associated with hostname
2026-08-08 20:29:51,053 - WARNING - [hk.616049.xyz (HKG)] ├─ 无有效DNS记录，触发紧急更新
2026-08-08 20:42:23,475 - ERROR - CFST更新失败: None
2026-08-08 20:42:23,476 - INFO - --------------------------------------------------
2026-08-08 20:42:23,476 - INFO - [us.616049.xyz (LAX)] 开始处理节点维护
2026-08-08 20:42:23,509 - DEBUG - DNS解析重试中 us.616049.xyz: [Errno -5] No address associated with hostname
2026-08-08 20:42:24,554 - DEBUG - DNS解析重试中 us.616049.xyz: [Errno -5] No address associated with hostname
2026-08-08 20:42:25,562 - DEBUG - DNS解析重试中 us.616049.xyz: [Errno -5] No address associated with hostname
2026-08-08 20:42:26,564 - WARNING - [us.616049.xyz (LAX)] ├─ 无有效DNS记录，触发紧急更新
2026-08-08 20:54:59,517 - ERROR - CFST更新失败: None
2026-08-08 20:54:59,517 - INFO - --------------------------------------------------
2026-08-08 20:54:59,517 - INFO - [de.616049.xyz (FRA)] 开始处理节点维护
2026-08-08 20:54:59,553 - DEBUG - DNS解析重试中 de.616049.xyz: [Errno -5] No address associated with hostname
2026-08-08 20:55:00,587 - DEBUG - DNS解析重试中 de.616049.xyz: [Errno -5] No address associated with hostname
2026-08-08 20:55:01,623 - DEBUG - DNS解析重试中 de.616049.xyz: [Errno -5] No address associated with hostname
2026-08-08 20:55:02,624 - WARNING - [de.616049.xyz (FRA)] ├─ 无有效DNS记录，触发紧急更新
2026-08-08 21:07:34,456 - ERROR - CFST更新失败: None
2026-08-08 21:07:34,459 - DEBUG - Starting new HTTPS connection (1): api.telegram.org:443
2026-08-08 21:07:34,894 - DEBUG - https://api.telegram.org:443 "POST /bot/sendMessage HTTP/1.1" 404 55
