2026-09-10 21:58:50,691 - INFO - 启动维护任务 | 协议类型: IPV4
2026-09-10 21:58:50,691 - INFO - --------------------------------------------------
2026-09-10 21:58:50,691 - INFO - [hk.616049.xyz (HKG)] 开始处理节点维护
2026-09-10 21:58:50,714 - DEBUG - DNS解析重试中 hk.616049.xyz: [Errno -5] No address associated with hostname
2026-09-10 21:58:51,734 - DEBUG - DNS解析重试中 hk.616049.xyz: [Errno -5] No address associated with hostname
2026-09-10 21:58:52,761 - DEBUG - DNS解析重试中 hk.616049.xyz: [Errno -5] No address associated with hostname
2026-09-10 21:58:53,763 - WARNING - [hk.616049.xyz (HKG)] ├─ 无有效DNS记录，触发紧急更新
2026-09-10 22:11:29,472 - ERROR - CFST更新失败: None
2026-09-10 22:11:29,472 - INFO - --------------------------------------------------
2026-09-10 22:11:29,472 - INFO - [us.616049.xyz (LAX)] 开始处理节点维护
2026-09-10 22:11:29,501 - DEBUG - DNS解析重试中 us.616049.xyz: [Errno -5] No address associated with hostname
2026-09-10 22:11:30,535 - DEBUG - DNS解析重试中 us.616049.xyz: [Errno -5] No address associated with hostname
2026-09-10 22:11:31,570 - DEBUG - DNS解析重试中 us.616049.xyz: [Errno -5] No address associated with hostname
2026-09-10 22:11:32,572 - WARNING - [us.616049.xyz (LAX)] ├─ 无有效DNS记录，触发紧急更新
2026-09-10 22:24:08,371 - ERROR - CFST更新失败: None
2026-09-10 22:24:08,371 - INFO - --------------------------------------------------
2026-09-10 22:24:08,371 - INFO - [de.616049.xyz (FRA)] 开始处理节点维护
2026-09-10 22:24:08,408 - DEBUG - DNS解析重试中 de.616049.xyz: [Errno -5] No address associated with hostname
2026-09-10 22:24:09,469 - DEBUG - DNS解析重试中 de.616049.xyz: [Errno -5] No address associated with hostname
2026-09-10 22:24:10,510 - DEBUG - DNS解析重试中 de.616049.xyz: [Errno -5] No address associated with hostname
2026-09-10 22:24:11,511 - WARNING - [de.616049.xyz (FRA)] ├─ 无有效DNS记录，触发紧急更新
2026-09-10 22:36:48,260 - ERROR - CFST更新失败: None
2026-09-10 22:36:48,264 - DEBUG - Starting new HTTPS connection (1): api.telegram.org:443
2026-09-10 22:36:48,573 - DEBUG - https://api.telegram.org:443 "POST /bot/sendMessage HTTP/1.1" 404 55
