2026-07-28 12:56:20,092 - INFO - 启动维护任务 | 协议类型: IPV4
2026-07-28 12:56:20,092 - INFO - --------------------------------------------------
2026-07-28 12:56:20,092 - INFO - [hk.616049.xyz (HKG)] 开始处理节点维护
2026-07-28 12:56:20,145 - DEBUG - DNS解析重试中 hk.616049.xyz: [Errno -5] No address associated with hostname
2026-07-28 12:56:21,188 - DEBUG - DNS解析重试中 hk.616049.xyz: [Errno -5] No address associated with hostname
2026-07-28 12:56:22,223 - DEBUG - DNS解析重试中 hk.616049.xyz: [Errno -5] No address associated with hostname
2026-07-28 12:56:23,225 - WARNING - [hk.616049.xyz (HKG)] ├─ 无有效DNS记录，触发紧急更新
2026-07-28 13:08:46,411 - ERROR - CFST更新失败: None
2026-07-28 13:08:46,411 - INFO - --------------------------------------------------
2026-07-28 13:08:46,412 - INFO - [us.616049.xyz (LAX)] 开始处理节点维护
2026-07-28 13:08:46,482 - DEBUG - DNS解析重试中 us.616049.xyz: [Errno -5] No address associated with hostname
2026-07-28 13:08:47,541 - DEBUG - DNS解析重试中 us.616049.xyz: [Errno -5] No address associated with hostname
2026-07-28 13:08:48,580 - DEBUG - DNS解析重试中 us.616049.xyz: [Errno -5] No address associated with hostname
2026-07-28 13:08:49,581 - WARNING - [us.616049.xyz (LAX)] ├─ 无有效DNS记录，触发紧急更新
2026-07-28 13:21:13,085 - ERROR - CFST更新失败: None
2026-07-28 13:21:13,086 - INFO - --------------------------------------------------
2026-07-28 13:21:13,086 - INFO - [de.616049.xyz (FRA)] 开始处理节点维护
2026-07-28 13:21:13,169 - DEBUG - DNS解析重试中 de.616049.xyz: [Errno -5] No address associated with hostname
2026-07-28 13:21:14,226 - DEBUG - DNS解析重试中 de.616049.xyz: [Errno -5] No address associated with hostname
2026-07-28 13:21:15,257 - DEBUG - DNS解析重试中 de.616049.xyz: [Errno -5] No address associated with hostname
2026-07-28 13:21:16,259 - WARNING - [de.616049.xyz (FRA)] ├─ 无有效DNS记录，触发紧急更新
2026-07-28 13:33:39,214 - ERROR - CFST更新失败: None
2026-07-28 13:33:39,218 - DEBUG - Starting new HTTPS connection (1): api.telegram.org:443
2026-07-28 13:33:39,536 - DEBUG - https://api.telegram.org:443 "POST /bot/sendMessage HTTP/1.1" 404 55
