2026-08-12 02:49:50,209 - INFO - 启动维护任务 | 协议类型: IPV4
2026-08-12 02:49:50,209 - INFO - --------------------------------------------------
2026-08-12 02:49:50,209 - INFO - [hk.616049.xyz (HKG)] 开始处理节点维护
2026-08-12 02:49:50,231 - DEBUG - DNS解析重试中 hk.616049.xyz: [Errno -5] No address associated with hostname
2026-08-12 02:49:51,265 - DEBUG - DNS解析重试中 hk.616049.xyz: [Errno -5] No address associated with hostname
2026-08-12 02:49:52,272 - DEBUG - DNS解析重试中 hk.616049.xyz: [Errno -5] No address associated with hostname
2026-08-12 02:49:53,273 - WARNING - [hk.616049.xyz (HKG)] ├─ 无有效DNS记录，触发紧急更新
2026-08-12 03:02:25,942 - ERROR - CFST更新失败: None
2026-08-12 03:02:25,942 - INFO - --------------------------------------------------
2026-08-12 03:02:25,942 - INFO - [us.616049.xyz (LAX)] 开始处理节点维护
2026-08-12 03:02:25,951 - DEBUG - DNS解析重试中 us.616049.xyz: [Errno -5] No address associated with hostname
2026-08-12 03:02:26,965 - DEBUG - DNS解析重试中 us.616049.xyz: [Errno -5] No address associated with hostname
2026-08-12 03:02:27,992 - DEBUG - DNS解析重试中 us.616049.xyz: [Errno -5] No address associated with hostname
2026-08-12 03:02:28,993 - WARNING - [us.616049.xyz (LAX)] ├─ 无有效DNS记录，触发紧急更新
2026-08-12 03:14:59,346 - ERROR - CFST更新失败: None
2026-08-12 03:14:59,347 - INFO - --------------------------------------------------
2026-08-12 03:14:59,347 - INFO - [de.616049.xyz (FRA)] 开始处理节点维护
2026-08-12 03:14:59,370 - DEBUG - DNS解析重试中 de.616049.xyz: [Errno -5] No address associated with hostname
2026-08-12 03:15:00,391 - DEBUG - DNS解析重试中 de.616049.xyz: [Errno -5] No address associated with hostname
2026-08-12 03:15:01,403 - DEBUG - DNS解析重试中 de.616049.xyz: [Errno -5] No address associated with hostname
2026-08-12 03:15:02,405 - WARNING - [de.616049.xyz (FRA)] ├─ 无有效DNS记录，触发紧急更新
2026-08-12 03:27:33,806 - ERROR - CFST更新失败: None
2026-08-12 03:27:33,809 - DEBUG - Starting new HTTPS connection (1): api.telegram.org:443
2026-08-12 03:27:34,104 - DEBUG - https://api.telegram.org:443 "POST /bot/sendMessage HTTP/1.1" 404 55
