2026-08-26 12:31:16,812 - INFO - 启动维护任务 | 协议类型: IPV4
2026-08-26 12:31:16,812 - INFO - --------------------------------------------------
2026-08-26 12:31:16,812 - INFO - [hk.616049.xyz (HKG)] 开始处理节点维护
2026-08-26 12:31:16,865 - DEBUG - DNS解析重试中 hk.616049.xyz: [Errno -5] No address associated with hostname
2026-08-26 12:31:17,907 - DEBUG - DNS解析重试中 hk.616049.xyz: [Errno -5] No address associated with hostname
2026-08-26 12:31:18,947 - DEBUG - DNS解析重试中 hk.616049.xyz: [Errno -5] No address associated with hostname
2026-08-26 12:31:19,948 - WARNING - [hk.616049.xyz (HKG)] ├─ 无有效DNS记录，触发紧急更新
2026-08-26 12:43:51,402 - ERROR - CFST更新失败: None
2026-08-26 12:43:51,402 - INFO - --------------------------------------------------
2026-08-26 12:43:51,403 - INFO - [us.616049.xyz (LAX)] 开始处理节点维护
2026-08-26 12:43:51,445 - DEBUG - DNS解析重试中 us.616049.xyz: [Errno -5] No address associated with hostname
2026-08-26 12:43:52,483 - DEBUG - DNS解析重试中 us.616049.xyz: [Errno -5] No address associated with hostname
2026-08-26 12:43:53,539 - DEBUG - DNS解析重试中 us.616049.xyz: [Errno -5] No address associated with hostname
2026-08-26 12:43:54,540 - WARNING - [us.616049.xyz (LAX)] ├─ 无有效DNS记录，触发紧急更新
2026-08-26 12:56:25,271 - ERROR - CFST更新失败: None
2026-08-26 12:56:25,271 - INFO - --------------------------------------------------
2026-08-26 12:56:25,271 - INFO - [de.616049.xyz (FRA)] 开始处理节点维护
2026-08-26 12:56:25,308 - DEBUG - DNS解析重试中 de.616049.xyz: [Errno -5] No address associated with hostname
2026-08-26 12:56:26,401 - DEBUG - DNS解析重试中 de.616049.xyz: [Errno -5] No address associated with hostname
2026-08-26 12:56:27,410 - DEBUG - DNS解析重试中 de.616049.xyz: [Errno -5] No address associated with hostname
2026-08-26 12:56:28,411 - WARNING - [de.616049.xyz (FRA)] ├─ 无有效DNS记录，触发紧急更新
2026-08-26 13:09:00,101 - ERROR - CFST更新失败: None
2026-08-26 13:09:00,105 - DEBUG - Starting new HTTPS connection (1): api.telegram.org:443
2026-08-26 13:09:00,551 - DEBUG - https://api.telegram.org:443 "POST /bot/sendMessage HTTP/1.1" 404 55
