2026-10-02 18:10:54,722 - INFO - 启动维护任务 | 协议类型: IPV4
2026-10-02 18:10:54,723 - INFO - --------------------------------------------------
2026-10-02 18:10:54,723 - INFO - [hk.616049.xyz (HKG)] 开始处理节点维护
2026-10-02 18:10:54,752 - DEBUG - DNS解析重试中 hk.616049.xyz: [Errno -5] No address associated with hostname
2026-10-02 18:10:55,791 - DEBUG - DNS解析重试中 hk.616049.xyz: [Errno -5] No address associated with hostname
2026-10-02 18:10:56,827 - DEBUG - DNS解析重试中 hk.616049.xyz: [Errno -5] No address associated with hostname
2026-10-02 18:10:57,828 - WARNING - [hk.616049.xyz (HKG)] ├─ 无有效DNS记录，触发紧急更新
2026-10-02 18:23:09,250 - ERROR - CFST更新失败: None
2026-10-02 18:23:09,251 - INFO - --------------------------------------------------
2026-10-02 18:23:09,251 - INFO - [us.616049.xyz (LAX)] 开始处理节点维护
2026-10-02 18:23:09,300 - DEBUG - DNS解析重试中 us.616049.xyz: [Errno -5] No address associated with hostname
2026-10-02 18:23:10,333 - DEBUG - DNS解析重试中 us.616049.xyz: [Errno -5] No address associated with hostname
2026-10-02 18:23:11,340 - DEBUG - DNS解析重试中 us.616049.xyz: [Errno -5] No address associated with hostname
2026-10-02 18:23:12,341 - WARNING - [us.616049.xyz (LAX)] ├─ 无有效DNS记录，触发紧急更新
2026-10-02 18:35:28,540 - ERROR - CFST更新失败: None
2026-10-02 18:35:28,540 - INFO - --------------------------------------------------
2026-10-02 18:35:28,540 - INFO - [de.616049.xyz (FRA)] 开始处理节点维护
2026-10-02 18:35:28,577 - DEBUG - DNS解析重试中 de.616049.xyz: [Errno -5] No address associated with hostname
2026-10-02 18:35:29,728 - DEBUG - DNS解析重试中 de.616049.xyz: [Errno -5] No address associated with hostname
2026-10-02 18:35:30,761 - DEBUG - DNS解析重试中 de.616049.xyz: [Errno -5] No address associated with hostname
2026-10-02 18:35:31,762 - WARNING - [de.616049.xyz (FRA)] ├─ 无有效DNS记录，触发紧急更新
2026-10-02 18:47:48,439 - ERROR - CFST更新失败: None
2026-10-02 18:47:48,442 - DEBUG - Starting new HTTPS connection (1): api.telegram.org:443
2026-10-02 18:47:48,854 - DEBUG - https://api.telegram.org:443 "POST /bot/sendMessage HTTP/1.1" 404 55
