2026-08-05 05:02:35,982 - INFO - 启动维护任务 | 协议类型: IPV4
2026-08-05 05:02:35,982 - INFO - --------------------------------------------------
2026-08-05 05:02:35,982 - INFO - [hk.616049.xyz (HKG)] 开始处理节点维护
2026-08-05 05:02:35,993 - DEBUG - DNS解析重试中 hk.616049.xyz: [Errno -5] No address associated with hostname
2026-08-05 05:02:37,008 - DEBUG - DNS解析重试中 hk.616049.xyz: [Errno -5] No address associated with hostname
2026-08-05 05:02:38,027 - DEBUG - DNS解析重试中 hk.616049.xyz: [Errno -5] No address associated with hostname
2026-08-05 05:02:39,028 - WARNING - [hk.616049.xyz (HKG)] ├─ 无有效DNS记录，触发紧急更新
2026-08-05 05:15:11,885 - ERROR - CFST更新失败: None
2026-08-05 05:15:11,885 - INFO - --------------------------------------------------
2026-08-05 05:15:11,885 - INFO - [us.616049.xyz (LAX)] 开始处理节点维护
2026-08-05 05:15:11,912 - DEBUG - DNS解析重试中 us.616049.xyz: [Errno -5] No address associated with hostname
2026-08-05 05:15:12,925 - DEBUG - DNS解析重试中 us.616049.xyz: [Errno -5] No address associated with hostname
2026-08-05 05:15:13,937 - DEBUG - DNS解析重试中 us.616049.xyz: [Errno -5] No address associated with hostname
2026-08-05 05:15:14,938 - WARNING - [us.616049.xyz (LAX)] ├─ 无有效DNS记录，触发紧急更新
2026-08-05 05:27:47,867 - ERROR - CFST更新失败: None
2026-08-05 05:27:47,867 - INFO - --------------------------------------------------
2026-08-05 05:27:47,867 - INFO - [de.616049.xyz (FRA)] 开始处理节点维护
2026-08-05 05:27:47,878 - DEBUG - DNS解析重试中 de.616049.xyz: [Errno -5] No address associated with hostname
2026-08-05 05:27:48,898 - DEBUG - DNS解析重试中 de.616049.xyz: [Errno -5] No address associated with hostname
2026-08-05 05:27:49,972 - DEBUG - DNS解析重试中 de.616049.xyz: [Errno -5] No address associated with hostname
2026-08-05 05:27:50,974 - WARNING - [de.616049.xyz (FRA)] ├─ 无有效DNS记录，触发紧急更新
2026-08-05 05:40:22,181 - ERROR - CFST更新失败: None
2026-08-05 05:40:22,184 - DEBUG - Starting new HTTPS connection (1): api.telegram.org:443
2026-08-05 05:40:22,634 - DEBUG - https://api.telegram.org:443 "POST /bot/sendMessage HTTP/1.1" 404 55
