2026-07-31 14:37:17,433 - INFO - 启动维护任务 | 协议类型: IPV4
2026-07-31 14:37:17,433 - INFO - --------------------------------------------------
2026-07-31 14:37:17,433 - INFO - [hk.616049.xyz (HKG)] 开始处理节点维护
2026-07-31 14:37:17,456 - DEBUG - DNS解析重试中 hk.616049.xyz: [Errno -5] No address associated with hostname
2026-07-31 14:37:18,486 - DEBUG - DNS解析重试中 hk.616049.xyz: [Errno -5] No address associated with hostname
2026-07-31 14:37:19,491 - DEBUG - DNS解析重试中 hk.616049.xyz: [Errno -5] No address associated with hostname
2026-07-31 14:37:20,492 - WARNING - [hk.616049.xyz (HKG)] ├─ 无有效DNS记录，触发紧急更新
2026-07-31 14:49:52,606 - ERROR - CFST更新失败: None
2026-07-31 14:49:52,606 - INFO - --------------------------------------------------
2026-07-31 14:49:52,606 - INFO - [us.616049.xyz (LAX)] 开始处理节点维护
2026-07-31 14:49:52,617 - DEBUG - DNS解析重试中 us.616049.xyz: [Errno -5] No address associated with hostname
2026-07-31 14:49:53,646 - DEBUG - DNS解析重试中 us.616049.xyz: [Errno -5] No address associated with hostname
2026-07-31 14:49:54,663 - DEBUG - DNS解析重试中 us.616049.xyz: [Errno -5] No address associated with hostname
2026-07-31 14:49:55,664 - WARNING - [us.616049.xyz (LAX)] ├─ 无有效DNS记录，触发紧急更新
2026-07-31 15:02:26,290 - ERROR - CFST更新失败: None
2026-07-31 15:02:26,290 - INFO - --------------------------------------------------
2026-07-31 15:02:26,290 - INFO - [de.616049.xyz (FRA)] 开始处理节点维护
2026-07-31 15:02:26,310 - DEBUG - DNS解析重试中 de.616049.xyz: [Errno -5] No address associated with hostname
2026-07-31 15:02:27,321 - DEBUG - DNS解析重试中 de.616049.xyz: [Errno -5] No address associated with hostname
2026-07-31 15:02:28,338 - DEBUG - DNS解析重试中 de.616049.xyz: [Errno -5] No address associated with hostname
2026-07-31 15:02:29,340 - WARNING - [de.616049.xyz (FRA)] ├─ 无有效DNS记录，触发紧急更新
2026-07-31 15:15:01,291 - ERROR - CFST更新失败: None
2026-07-31 15:15:01,294 - DEBUG - Starting new HTTPS connection (1): api.telegram.org:443
2026-07-31 15:15:01,766 - DEBUG - https://api.telegram.org:443 "POST /bot/sendMessage HTTP/1.1" 404 55
