2026-08-10 04:21:21,128 - INFO - 启动维护任务 | 协议类型: IPV4
2026-08-10 04:21:21,128 - INFO - --------------------------------------------------
2026-08-10 04:21:21,128 - INFO - [hk.616049.xyz (HKG)] 开始处理节点维护
2026-08-10 04:21:21,164 - DEBUG - DNS解析重试中 hk.616049.xyz: [Errno -5] No address associated with hostname
2026-08-10 04:21:22,278 - DEBUG - DNS解析重试中 hk.616049.xyz: [Errno -5] No address associated with hostname
2026-08-10 04:21:23,336 - DEBUG - DNS解析重试中 hk.616049.xyz: [Errno -5] No address associated with hostname
2026-08-10 04:21:24,337 - WARNING - [hk.616049.xyz (HKG)] ├─ 无有效DNS记录，触发紧急更新
2026-08-10 04:33:14,887 - ERROR - CFST更新失败: None
2026-08-10 04:33:14,887 - INFO - --------------------------------------------------
2026-08-10 04:33:14,887 - INFO - [us.616049.xyz (LAX)] 开始处理节点维护
2026-08-10 04:33:14,936 - DEBUG - DNS解析重试中 us.616049.xyz: [Errno -5] No address associated with hostname
2026-08-10 04:33:15,975 - DEBUG - DNS解析重试中 us.616049.xyz: [Errno -5] No address associated with hostname
2026-08-10 04:33:16,986 - DEBUG - DNS解析重试中 us.616049.xyz: [Errno -5] No address associated with hostname
2026-08-10 04:33:17,987 - WARNING - [us.616049.xyz (LAX)] ├─ 无有效DNS记录，触发紧急更新
2026-08-10 04:45:06,905 - ERROR - CFST更新失败: None
2026-08-10 04:45:06,905 - INFO - --------------------------------------------------
2026-08-10 04:45:06,906 - INFO - [de.616049.xyz (FRA)] 开始处理节点维护
2026-08-10 04:45:06,944 - DEBUG - DNS解析重试中 de.616049.xyz: [Errno -5] No address associated with hostname
2026-08-10 04:45:07,990 - DEBUG - DNS解析重试中 de.616049.xyz: [Errno -5] No address associated with hostname
2026-08-10 04:45:09,030 - DEBUG - DNS解析重试中 de.616049.xyz: [Errno -5] No address associated with hostname
2026-08-10 04:45:10,031 - WARNING - [de.616049.xyz (FRA)] ├─ 无有效DNS记录，触发紧急更新
2026-08-10 04:56:59,316 - ERROR - CFST更新失败: None
2026-08-10 04:56:59,318 - DEBUG - Starting new HTTPS connection (1): api.telegram.org:443
2026-08-10 04:56:59,743 - DEBUG - https://api.telegram.org:443 "POST /bot/sendMessage HTTP/1.1" 404 55
