2026-07-30 06:53:05,531 - INFO - 启动维护任务 | 协议类型: IPV4
2026-07-30 06:53:05,532 - INFO - --------------------------------------------------
2026-07-30 06:53:05,532 - INFO - [hk.616049.xyz (HKG)] 开始处理节点维护
2026-07-30 06:53:05,575 - DEBUG - DNS解析重试中 hk.616049.xyz: [Errno -5] No address associated with hostname
2026-07-30 06:53:06,619 - DEBUG - DNS解析重试中 hk.616049.xyz: [Errno -5] No address associated with hostname
2026-07-30 06:53:07,665 - DEBUG - DNS解析重试中 hk.616049.xyz: [Errno -5] No address associated with hostname
2026-07-30 06:53:08,666 - WARNING - [hk.616049.xyz (HKG)] ├─ 无有效DNS记录，触发紧急更新
2026-07-30 07:05:27,996 - ERROR - CFST更新失败: None
2026-07-30 07:05:27,996 - INFO - --------------------------------------------------
2026-07-30 07:05:27,996 - INFO - [us.616049.xyz (LAX)] 开始处理节点维护
2026-07-30 07:05:28,044 - DEBUG - DNS解析重试中 us.616049.xyz: [Errno -5] No address associated with hostname
2026-07-30 07:05:29,051 - DEBUG - DNS解析重试中 us.616049.xyz: [Errno -5] No address associated with hostname
2026-07-30 07:05:30,095 - DEBUG - DNS解析重试中 us.616049.xyz: [Errno -5] No address associated with hostname
2026-07-30 07:05:31,096 - WARNING - [us.616049.xyz (LAX)] ├─ 无有效DNS记录，触发紧急更新
2026-07-30 07:17:49,996 - ERROR - CFST更新失败: None
2026-07-30 07:17:49,996 - INFO - --------------------------------------------------
2026-07-30 07:17:49,996 - INFO - [de.616049.xyz (FRA)] 开始处理节点维护
2026-07-30 07:17:50,053 - DEBUG - DNS解析重试中 de.616049.xyz: [Errno -5] No address associated with hostname
2026-07-30 07:17:51,105 - DEBUG - DNS解析重试中 de.616049.xyz: [Errno -5] No address associated with hostname
2026-07-30 07:17:52,154 - DEBUG - DNS解析重试中 de.616049.xyz: [Errno -5] No address associated with hostname
2026-07-30 07:17:53,155 - WARNING - [de.616049.xyz (FRA)] ├─ 无有效DNS记录，触发紧急更新
2026-07-30 07:30:12,156 - ERROR - CFST更新失败: None
2026-07-30 07:30:12,159 - DEBUG - Starting new HTTPS connection (1): api.telegram.org:443
2026-07-30 07:30:12,575 - DEBUG - https://api.telegram.org:443 "POST /bot/sendMessage HTTP/1.1" 404 55
