2026-09-27 15:23:16,811 - INFO - 启动维护任务 | 协议类型: IPV4
2026-09-27 15:23:16,812 - INFO - --------------------------------------------------
2026-09-27 15:23:16,812 - INFO - [hk.616049.xyz (HKG)] 开始处理节点维护
2026-09-27 15:23:16,856 - DEBUG - DNS解析重试中 hk.616049.xyz: [Errno -5] No address associated with hostname
2026-09-27 15:23:17,899 - DEBUG - DNS解析重试中 hk.616049.xyz: [Errno -5] No address associated with hostname
2026-09-27 15:23:18,940 - DEBUG - DNS解析重试中 hk.616049.xyz: [Errno -5] No address associated with hostname
2026-09-27 15:23:19,941 - WARNING - [hk.616049.xyz (HKG)] ├─ 无有效DNS记录，触发紧急更新
2026-09-27 15:35:50,085 - ERROR - CFST更新失败: None
2026-09-27 15:35:50,086 - INFO - --------------------------------------------------
2026-09-27 15:35:50,086 - INFO - [us.616049.xyz (LAX)] 开始处理节点维护
2026-09-27 15:35:50,142 - DEBUG - DNS解析重试中 us.616049.xyz: [Errno -5] No address associated with hostname
2026-09-27 15:35:51,207 - DEBUG - DNS解析重试中 us.616049.xyz: [Errno -5] No address associated with hostname
2026-09-27 15:35:52,246 - DEBUG - DNS解析重试中 us.616049.xyz: [Errno -5] No address associated with hostname
2026-09-27 15:35:53,247 - WARNING - [us.616049.xyz (LAX)] ├─ 无有效DNS记录，触发紧急更新
2026-09-27 15:48:23,661 - ERROR - CFST更新失败: None
2026-09-27 15:48:23,662 - INFO - --------------------------------------------------
2026-09-27 15:48:23,662 - INFO - [de.616049.xyz (FRA)] 开始处理节点维护
2026-09-27 15:48:23,726 - DEBUG - DNS解析重试中 de.616049.xyz: [Errno -5] No address associated with hostname
2026-09-27 15:48:24,773 - DEBUG - DNS解析重试中 de.616049.xyz: [Errno -5] No address associated with hostname
2026-09-27 15:48:25,827 - DEBUG - DNS解析重试中 de.616049.xyz: [Errno -5] No address associated with hostname
2026-09-27 15:48:26,828 - WARNING - [de.616049.xyz (FRA)] ├─ 无有效DNS记录，触发紧急更新
2026-09-27 16:00:58,212 - ERROR - CFST更新失败: None
2026-09-27 16:00:58,216 - DEBUG - Starting new HTTPS connection (1): api.telegram.org:443
2026-09-27 16:00:58,559 - DEBUG - https://api.telegram.org:443 "POST /bot/sendMessage HTTP/1.1" 404 55
