2026-08-24 20:30:16,133 - INFO - 启动维护任务 | 协议类型: IPV4
2026-08-24 20:30:16,133 - INFO - --------------------------------------------------
2026-08-24 20:30:16,133 - INFO - [hk.616049.xyz (HKG)] 开始处理节点维护
2026-08-24 20:30:16,152 - DEBUG - DNS解析重试中 hk.616049.xyz: [Errno -5] No address associated with hostname
2026-08-24 20:30:17,178 - DEBUG - DNS解析重试中 hk.616049.xyz: [Errno -5] No address associated with hostname
2026-08-24 20:30:18,194 - DEBUG - DNS解析重试中 hk.616049.xyz: [Errno -5] No address associated with hostname
2026-08-24 20:30:19,195 - WARNING - [hk.616049.xyz (HKG)] ├─ 无有效DNS记录，触发紧急更新
2026-08-24 20:42:35,917 - ERROR - CFST更新失败: None
2026-08-24 20:42:35,917 - INFO - --------------------------------------------------
2026-08-24 20:42:35,917 - INFO - [us.616049.xyz (LAX)] 开始处理节点维护
2026-08-24 20:42:35,935 - DEBUG - DNS解析重试中 us.616049.xyz: [Errno -5] No address associated with hostname
2026-08-24 20:42:36,966 - DEBUG - DNS解析重试中 us.616049.xyz: [Errno -5] No address associated with hostname
2026-08-24 20:42:37,989 - DEBUG - DNS解析重试中 us.616049.xyz: [Errno -5] No address associated with hostname
2026-08-24 20:42:38,991 - WARNING - [us.616049.xyz (LAX)] ├─ 无有效DNS记录，触发紧急更新
2026-08-24 20:54:51,500 - ERROR - CFST更新失败: None
2026-08-24 20:54:51,500 - INFO - --------------------------------------------------
2026-08-24 20:54:51,500 - INFO - [de.616049.xyz (FRA)] 开始处理节点维护
2026-08-24 20:54:51,518 - DEBUG - DNS解析重试中 de.616049.xyz: [Errno -5] No address associated with hostname
2026-08-24 20:54:52,533 - DEBUG - DNS解析重试中 de.616049.xyz: [Errno -5] No address associated with hostname
2026-08-24 20:54:53,548 - DEBUG - DNS解析重试中 de.616049.xyz: [Errno -5] No address associated with hostname
2026-08-24 20:54:54,549 - WARNING - [de.616049.xyz (FRA)] ├─ 无有效DNS记录，触发紧急更新
2026-08-24 21:07:07,623 - ERROR - CFST更新失败: None
2026-08-24 21:07:07,626 - DEBUG - Starting new HTTPS connection (1): api.telegram.org:443
2026-08-24 21:07:07,907 - DEBUG - https://api.telegram.org:443 "POST /bot/sendMessage HTTP/1.1" 404 55
