2026-09-12 21:16:20,569 - INFO - 启动维护任务 | 协议类型: IPV4
2026-09-12 21:16:20,569 - INFO - --------------------------------------------------
2026-09-12 21:16:20,569 - INFO - [hk.616049.xyz (HKG)] 开始处理节点维护
2026-09-12 21:16:20,612 - DEBUG - DNS解析重试中 hk.616049.xyz: [Errno -5] No address associated with hostname
2026-09-12 21:16:21,649 - DEBUG - DNS解析重试中 hk.616049.xyz: [Errno -5] No address associated with hostname
2026-09-12 21:16:22,689 - DEBUG - DNS解析重试中 hk.616049.xyz: [Errno -5] No address associated with hostname
2026-09-12 21:16:23,691 - WARNING - [hk.616049.xyz (HKG)] ├─ 无有效DNS记录，触发紧急更新
2026-09-12 21:28:37,192 - ERROR - CFST更新失败: None
2026-09-12 21:28:37,192 - INFO - --------------------------------------------------
2026-09-12 21:28:37,192 - INFO - [us.616049.xyz (LAX)] 开始处理节点维护
2026-09-12 21:28:37,229 - DEBUG - DNS解析重试中 us.616049.xyz: [Errno -5] No address associated with hostname
2026-09-12 21:28:38,265 - DEBUG - DNS解析重试中 us.616049.xyz: [Errno -5] No address associated with hostname
2026-09-12 21:28:39,302 - DEBUG - DNS解析重试中 us.616049.xyz: [Errno -5] No address associated with hostname
2026-09-12 21:28:40,303 - WARNING - [us.616049.xyz (LAX)] ├─ 无有效DNS记录，触发紧急更新
2026-09-12 21:40:53,369 - ERROR - CFST更新失败: None
2026-09-12 21:40:53,369 - INFO - --------------------------------------------------
2026-09-12 21:40:53,369 - INFO - [de.616049.xyz (FRA)] 开始处理节点维护
2026-09-12 21:40:53,404 - DEBUG - DNS解析重试中 de.616049.xyz: [Errno -5] No address associated with hostname
2026-09-12 21:40:54,412 - DEBUG - DNS解析重试中 de.616049.xyz: [Errno -5] No address associated with hostname
2026-09-12 21:40:55,450 - DEBUG - DNS解析重试中 de.616049.xyz: [Errno -5] No address associated with hostname
2026-09-12 21:40:56,451 - WARNING - [de.616049.xyz (FRA)] ├─ 无有效DNS记录，触发紧急更新
2026-09-12 21:53:09,886 - ERROR - CFST更新失败: None
2026-09-12 21:53:09,889 - DEBUG - Starting new HTTPS connection (1): api.telegram.org:443
2026-09-12 21:53:10,304 - DEBUG - https://api.telegram.org:443 "POST /bot/sendMessage HTTP/1.1" 404 55
