2026-08-15 12:21:11,364 - INFO - 启动维护任务 | 协议类型: IPV4
2026-08-15 12:21:11,364 - INFO - --------------------------------------------------
2026-08-15 12:21:11,364 - INFO - [hk.616049.xyz (HKG)] 开始处理节点维护
2026-08-15 12:21:11,405 - DEBUG - DNS解析重试中 hk.616049.xyz: [Errno -5] No address associated with hostname
2026-08-15 12:21:12,438 - DEBUG - DNS解析重试中 hk.616049.xyz: [Errno -5] No address associated with hostname
2026-08-15 12:21:13,469 - DEBUG - DNS解析重试中 hk.616049.xyz: [Errno -5] No address associated with hostname
2026-08-15 12:21:14,471 - WARNING - [hk.616049.xyz (HKG)] ├─ 无有效DNS记录，触发紧急更新
2026-08-15 12:33:49,267 - ERROR - CFST更新失败: None
2026-08-15 12:33:49,267 - INFO - --------------------------------------------------
2026-08-15 12:33:49,267 - INFO - [us.616049.xyz (LAX)] 开始处理节点维护
2026-08-15 12:33:49,307 - DEBUG - DNS解析重试中 us.616049.xyz: [Errno -5] No address associated with hostname
2026-08-15 12:33:50,348 - DEBUG - DNS解析重试中 us.616049.xyz: [Errno -5] No address associated with hostname
2026-08-15 12:33:51,386 - DEBUG - DNS解析重试中 us.616049.xyz: [Errno -5] No address associated with hostname
2026-08-15 12:33:52,387 - WARNING - [us.616049.xyz (LAX)] ├─ 无有效DNS记录，触发紧急更新
2026-08-15 12:46:27,021 - ERROR - CFST更新失败: None
2026-08-15 12:46:27,021 - INFO - --------------------------------------------------
2026-08-15 12:46:27,022 - INFO - [de.616049.xyz (FRA)] 开始处理节点维护
2026-08-15 12:46:27,055 - DEBUG - DNS解析重试中 de.616049.xyz: [Errno -5] No address associated with hostname
2026-08-15 12:46:28,095 - DEBUG - DNS解析重试中 de.616049.xyz: [Errno -5] No address associated with hostname
2026-08-15 12:46:29,147 - DEBUG - DNS解析重试中 de.616049.xyz: [Errno -5] No address associated with hostname
2026-08-15 12:46:30,148 - WARNING - [de.616049.xyz (FRA)] ├─ 无有效DNS记录，触发紧急更新
2026-08-15 12:59:04,689 - ERROR - CFST更新失败: None
2026-08-15 12:59:04,693 - DEBUG - Starting new HTTPS connection (1): api.telegram.org:443
2026-08-15 12:59:05,001 - DEBUG - https://api.telegram.org:443 "POST /bot/sendMessage HTTP/1.1" 404 55
