2026-08-02 13:27:10,854 - INFO - 启动维护任务 | 协议类型: IPV4
2026-08-02 13:27:10,854 - INFO - --------------------------------------------------
2026-08-02 13:27:10,854 - INFO - [hk.616049.xyz (HKG)] 开始处理节点维护
2026-08-02 13:27:10,929 - DEBUG - DNS解析重试中 hk.616049.xyz: [Errno -5] No address associated with hostname
2026-08-02 13:27:11,998 - DEBUG - DNS解析重试中 hk.616049.xyz: [Errno -5] No address associated with hostname
2026-08-02 13:27:13,050 - DEBUG - DNS解析重试中 hk.616049.xyz: [Errno -5] No address associated with hostname
2026-08-02 13:27:14,051 - WARNING - [hk.616049.xyz (HKG)] ├─ 无有效DNS记录，触发紧急更新
2026-08-02 13:39:47,950 - ERROR - CFST更新失败: None
2026-08-02 13:39:47,951 - INFO - --------------------------------------------------
2026-08-02 13:39:47,951 - INFO - [us.616049.xyz (LAX)] 开始处理节点维护
2026-08-02 13:39:48,021 - DEBUG - DNS解析重试中 us.616049.xyz: [Errno -5] No address associated with hostname
2026-08-02 13:39:49,097 - DEBUG - DNS解析重试中 us.616049.xyz: [Errno -5] No address associated with hostname
2026-08-02 13:39:50,153 - DEBUG - DNS解析重试中 us.616049.xyz: [Errno -5] No address associated with hostname
2026-08-02 13:39:51,154 - WARNING - [us.616049.xyz (LAX)] ├─ 无有效DNS记录，触发紧急更新
2026-08-02 13:52:24,108 - ERROR - CFST更新失败: None
2026-08-02 13:52:24,108 - INFO - --------------------------------------------------
2026-08-02 13:52:24,108 - INFO - [de.616049.xyz (FRA)] 开始处理节点维护
2026-08-02 13:52:24,200 - DEBUG - DNS解析重试中 de.616049.xyz: [Errno -5] No address associated with hostname
2026-08-02 13:52:25,252 - DEBUG - DNS解析重试中 de.616049.xyz: [Errno -5] No address associated with hostname
2026-08-02 13:52:26,324 - DEBUG - DNS解析重试中 de.616049.xyz: [Errno -5] No address associated with hostname
2026-08-02 13:52:27,325 - WARNING - [de.616049.xyz (FRA)] ├─ 无有效DNS记录，触发紧急更新
2026-08-02 14:05:00,377 - ERROR - CFST更新失败: None
2026-08-02 14:05:00,380 - DEBUG - Starting new HTTPS connection (1): api.telegram.org:443
2026-08-02 14:05:00,764 - DEBUG - https://api.telegram.org:443 "POST /bot/sendMessage HTTP/1.1" 404 55
