2026-09-28 05:06:20,403 - INFO - 启动维护任务 | 协议类型: IPV4
2026-09-28 05:06:20,403 - INFO - --------------------------------------------------
2026-09-28 05:06:20,403 - INFO - [hk.616049.xyz (HKG)] 开始处理节点维护
2026-09-28 05:06:20,437 - DEBUG - DNS解析重试中 hk.616049.xyz: [Errno -5] No address associated with hostname
2026-09-28 05:06:21,460 - DEBUG - DNS解析重试中 hk.616049.xyz: [Errno -5] No address associated with hostname
2026-09-28 05:06:22,480 - DEBUG - DNS解析重试中 hk.616049.xyz: [Errno -5] No address associated with hostname
2026-09-28 05:06:23,482 - WARNING - [hk.616049.xyz (HKG)] ├─ 无有效DNS记录，触发紧急更新
2026-09-28 05:18:55,303 - ERROR - CFST更新失败: None
2026-09-28 05:18:55,303 - INFO - --------------------------------------------------
2026-09-28 05:18:55,303 - INFO - [us.616049.xyz (LAX)] 开始处理节点维护
2026-09-28 05:18:55,322 - DEBUG - DNS解析重试中 us.616049.xyz: [Errno -5] No address associated with hostname
2026-09-28 05:18:56,337 - DEBUG - DNS解析重试中 us.616049.xyz: [Errno -5] No address associated with hostname
2026-09-28 05:18:57,363 - DEBUG - DNS解析重试中 us.616049.xyz: [Errno -5] No address associated with hostname
2026-09-28 05:18:58,365 - WARNING - [us.616049.xyz (LAX)] ├─ 无有效DNS记录，触发紧急更新
2026-09-28 05:31:29,174 - ERROR - CFST更新失败: None
2026-09-28 05:31:29,174 - INFO - --------------------------------------------------
2026-09-28 05:31:29,175 - INFO - [de.616049.xyz (FRA)] 开始处理节点维护
2026-09-28 05:31:29,194 - DEBUG - DNS解析重试中 de.616049.xyz: [Errno -5] No address associated with hostname
2026-09-28 05:31:30,223 - DEBUG - DNS解析重试中 de.616049.xyz: [Errno -5] No address associated with hostname
2026-09-28 05:31:31,254 - DEBUG - DNS解析重试中 de.616049.xyz: [Errno -5] No address associated with hostname
2026-09-28 05:31:32,255 - WARNING - [de.616049.xyz (FRA)] ├─ 无有效DNS记录，触发紧急更新
2026-09-28 05:44:02,727 - ERROR - CFST更新失败: None
2026-09-28 05:44:02,731 - DEBUG - Starting new HTTPS connection (1): api.telegram.org:443
2026-09-28 05:44:03,171 - DEBUG - https://api.telegram.org:443 "POST /bot/sendMessage HTTP/1.1" 404 55
