2026-09-16 07:51:18,568 - INFO - 启动维护任务 | 协议类型: IPV4
2026-09-16 07:51:18,568 - INFO - --------------------------------------------------
2026-09-16 07:51:18,568 - INFO - [hk.616049.xyz (HKG)] 开始处理节点维护
2026-09-16 07:51:18,596 - DEBUG - DNS解析重试中 hk.616049.xyz: [Errno -5] No address associated with hostname
2026-09-16 07:51:19,623 - DEBUG - DNS解析重试中 hk.616049.xyz: [Errno -5] No address associated with hostname
2026-09-16 07:51:20,661 - DEBUG - DNS解析重试中 hk.616049.xyz: [Errno -5] No address associated with hostname
2026-09-16 07:51:21,663 - WARNING - [hk.616049.xyz (HKG)] ├─ 无有效DNS记录，触发紧急更新
2026-09-16 08:03:52,368 - ERROR - CFST更新失败: None
2026-09-16 08:03:52,368 - INFO - --------------------------------------------------
2026-09-16 08:03:52,368 - INFO - [us.616049.xyz (LAX)] 开始处理节点维护
2026-09-16 08:03:52,388 - DEBUG - DNS解析重试中 us.616049.xyz: [Errno -5] No address associated with hostname
2026-09-16 08:03:53,403 - DEBUG - DNS解析重试中 us.616049.xyz: [Errno -5] No address associated with hostname
2026-09-16 08:03:54,428 - DEBUG - DNS解析重试中 us.616049.xyz: [Errno -5] No address associated with hostname
2026-09-16 08:03:55,429 - WARNING - [us.616049.xyz (LAX)] ├─ 无有效DNS记录，触发紧急更新
2026-09-16 08:16:26,122 - ERROR - CFST更新失败: None
2026-09-16 08:16:26,122 - INFO - --------------------------------------------------
2026-09-16 08:16:26,122 - INFO - [de.616049.xyz (FRA)] 开始处理节点维护
2026-09-16 08:16:26,136 - DEBUG - DNS解析重试中 de.616049.xyz: [Errno -5] No address associated with hostname
2026-09-16 08:16:27,157 - DEBUG - DNS解析重试中 de.616049.xyz: [Errno -5] No address associated with hostname
2026-09-16 08:16:28,174 - DEBUG - DNS解析重试中 de.616049.xyz: [Errno -5] No address associated with hostname
2026-09-16 08:16:29,175 - WARNING - [de.616049.xyz (FRA)] ├─ 无有效DNS记录，触发紧急更新
2026-09-16 08:29:00,849 - ERROR - CFST更新失败: None
2026-09-16 08:29:00,852 - DEBUG - Starting new HTTPS connection (1): api.telegram.org:443
2026-09-16 08:29:01,132 - DEBUG - https://api.telegram.org:443 "POST /bot/sendMessage HTTP/1.1" 404 55
