2026-08-14 18:50:22,468 - INFO - 启动维护任务 | 协议类型: IPV4
2026-08-14 18:50:22,468 - INFO - --------------------------------------------------
2026-08-14 18:50:22,468 - INFO - [hk.616049.xyz (HKG)] 开始处理节点维护
2026-08-14 18:50:22,487 - DEBUG - DNS解析重试中 hk.616049.xyz: [Errno -5] No address associated with hostname
2026-08-14 18:50:23,516 - DEBUG - DNS解析重试中 hk.616049.xyz: [Errno -5] No address associated with hostname
2026-08-14 18:50:24,550 - DEBUG - DNS解析重试中 hk.616049.xyz: [Errno -5] No address associated with hostname
2026-08-14 18:50:25,551 - WARNING - [hk.616049.xyz (HKG)] ├─ 无有效DNS记录，触发紧急更新
2026-08-14 19:03:00,205 - ERROR - CFST更新失败: None
2026-08-14 19:03:00,205 - INFO - --------------------------------------------------
2026-08-14 19:03:00,205 - INFO - [us.616049.xyz (LAX)] 开始处理节点维护
2026-08-14 19:03:00,242 - DEBUG - DNS解析重试中 us.616049.xyz: [Errno -5] No address associated with hostname
2026-08-14 19:03:01,265 - DEBUG - DNS解析重试中 us.616049.xyz: [Errno -5] No address associated with hostname
2026-08-14 19:03:02,287 - DEBUG - DNS解析重试中 us.616049.xyz: [Errno -5] No address associated with hostname
2026-08-14 19:03:03,288 - WARNING - [us.616049.xyz (LAX)] ├─ 无有效DNS记录，触发紧急更新
2026-08-14 19:15:42,971 - ERROR - CFST更新失败: None
2026-08-14 19:15:42,971 - INFO - --------------------------------------------------
2026-08-14 19:15:42,971 - INFO - [de.616049.xyz (FRA)] 开始处理节点维护
2026-08-14 19:15:42,990 - DEBUG - DNS解析重试中 de.616049.xyz: [Errno -5] No address associated with hostname
2026-08-14 19:15:44,023 - DEBUG - DNS解析重试中 de.616049.xyz: [Errno -5] No address associated with hostname
2026-08-14 19:15:45,206 - DEBUG - DNS解析重试中 de.616049.xyz: [Errno -5] No address associated with hostname
2026-08-14 19:15:46,207 - WARNING - [de.616049.xyz (FRA)] ├─ 无有效DNS记录，触发紧急更新
2026-08-14 19:28:20,843 - ERROR - CFST更新失败: None
2026-08-14 19:28:20,847 - DEBUG - Starting new HTTPS connection (1): api.telegram.org:443
2026-08-14 19:28:21,137 - DEBUG - https://api.telegram.org:443 "POST /bot/sendMessage HTTP/1.1" 404 55
