2026-09-02 21:58:31,518 - INFO - 启动维护任务 | 协议类型: IPV4
2026-09-02 21:58:31,518 - INFO - --------------------------------------------------
2026-09-02 21:58:31,518 - INFO - [hk.616049.xyz (HKG)] 开始处理节点维护
2026-09-02 21:58:31,546 - DEBUG - DNS解析重试中 hk.616049.xyz: [Errno -5] No address associated with hostname
2026-09-02 21:58:32,603 - DEBUG - DNS解析重试中 hk.616049.xyz: [Errno -5] No address associated with hostname
2026-09-02 21:58:33,629 - DEBUG - DNS解析重试中 hk.616049.xyz: [Errno -5] No address associated with hostname
2026-09-02 21:58:34,630 - WARNING - [hk.616049.xyz (HKG)] ├─ 无有效DNS记录，触发紧急更新
2026-09-02 22:11:14,281 - ERROR - CFST更新失败: None
2026-09-02 22:11:14,282 - INFO - --------------------------------------------------
2026-09-02 22:11:14,282 - INFO - [us.616049.xyz (LAX)] 开始处理节点维护
2026-09-02 22:11:14,300 - DEBUG - DNS解析重试中 us.616049.xyz: [Errno -5] No address associated with hostname
2026-09-02 22:11:15,324 - DEBUG - DNS解析重试中 us.616049.xyz: [Errno -5] No address associated with hostname
2026-09-02 22:11:16,356 - DEBUG - DNS解析重试中 us.616049.xyz: [Errno -5] No address associated with hostname
2026-09-02 22:11:17,357 - WARNING - [us.616049.xyz (LAX)] ├─ 无有效DNS记录，触发紧急更新
2026-09-02 22:23:58,798 - ERROR - CFST更新失败: None
2026-09-02 22:23:58,799 - INFO - --------------------------------------------------
2026-09-02 22:23:58,799 - INFO - [de.616049.xyz (FRA)] 开始处理节点维护
2026-09-02 22:23:58,825 - DEBUG - DNS解析重试中 de.616049.xyz: [Errno -5] No address associated with hostname
2026-09-02 22:23:59,850 - DEBUG - DNS解析重试中 de.616049.xyz: [Errno -5] No address associated with hostname
2026-09-02 22:24:00,885 - DEBUG - DNS解析重试中 de.616049.xyz: [Errno -5] No address associated with hostname
2026-09-02 22:24:01,886 - WARNING - [de.616049.xyz (FRA)] ├─ 无有效DNS记录，触发紧急更新
2026-09-02 22:36:41,997 - ERROR - CFST更新失败: None
2026-09-02 22:36:42,001 - DEBUG - Starting new HTTPS connection (1): api.telegram.org:443
2026-09-02 22:36:42,573 - DEBUG - https://api.telegram.org:443 "POST /bot/sendMessage HTTP/1.1" 404 55
