2026-08-09 09:03:22,849 - INFO - 启动维护任务 | 协议类型: IPV4
2026-08-09 09:03:22,850 - INFO - --------------------------------------------------
2026-08-09 09:03:22,850 - INFO - [hk.616049.xyz (HKG)] 开始处理节点维护
2026-08-09 09:03:22,926 - DEBUG - DNS解析重试中 hk.616049.xyz: [Errno -5] No address associated with hostname
2026-08-09 09:03:24,014 - DEBUG - DNS解析重试中 hk.616049.xyz: [Errno -5] No address associated with hostname
2026-08-09 09:03:25,223 - DEBUG - DNS解析重试中 hk.616049.xyz: [Errno -5] No address associated with hostname
2026-08-09 09:03:26,224 - WARNING - [hk.616049.xyz (HKG)] ├─ 无有效DNS记录，触发紧急更新
2026-08-09 09:16:06,222 - ERROR - CFST更新失败: None
2026-08-09 09:16:06,222 - INFO - --------------------------------------------------
2026-08-09 09:16:06,222 - INFO - [us.616049.xyz (LAX)] 开始处理节点维护
2026-08-09 09:16:06,276 - DEBUG - DNS解析重试中 us.616049.xyz: [Errno -5] No address associated with hostname
2026-08-09 09:16:07,337 - DEBUG - DNS解析重试中 us.616049.xyz: [Errno -5] No address associated with hostname
2026-08-09 09:16:08,399 - DEBUG - DNS解析重试中 us.616049.xyz: [Errno -5] No address associated with hostname
2026-08-09 09:16:09,400 - WARNING - [us.616049.xyz (LAX)] ├─ 无有效DNS记录，触发紧急更新
2026-08-09 09:28:55,282 - ERROR - CFST更新失败: None
2026-08-09 09:28:55,282 - INFO - --------------------------------------------------
2026-08-09 09:28:55,282 - INFO - [de.616049.xyz (FRA)] 开始处理节点维护
2026-08-09 09:28:55,343 - DEBUG - DNS解析重试中 de.616049.xyz: [Errno -5] No address associated with hostname
2026-08-09 09:28:56,397 - DEBUG - DNS解析重试中 de.616049.xyz: [Errno -5] No address associated with hostname
2026-08-09 09:28:57,474 - DEBUG - DNS解析重试中 de.616049.xyz: [Errno -5] No address associated with hostname
2026-08-09 09:28:58,475 - WARNING - [de.616049.xyz (FRA)] ├─ 无有效DNS记录，触发紧急更新
2026-08-09 09:41:38,449 - ERROR - CFST更新失败: None
2026-08-09 09:41:38,452 - DEBUG - Starting new HTTPS connection (1): api.telegram.org:443
2026-08-09 09:41:38,839 - DEBUG - https://api.telegram.org:443 "POST /bot/sendMessage HTTP/1.1" 404 55
