2026-08-08 06:26:09,073 - INFO - 启动维护任务 | 协议类型: IPV4
2026-08-08 06:26:09,074 - INFO - --------------------------------------------------
2026-08-08 06:26:09,074 - INFO - [hk.616049.xyz (HKG)] 开始处理节点维护
2026-08-08 06:26:09,083 - DEBUG - DNS解析重试中 hk.616049.xyz: [Errno -5] No address associated with hostname
2026-08-08 06:26:10,122 - DEBUG - DNS解析重试中 hk.616049.xyz: [Errno -5] No address associated with hostname
2026-08-08 06:26:11,134 - DEBUG - DNS解析重试中 hk.616049.xyz: [Errno -5] No address associated with hostname
2026-08-08 06:26:12,136 - WARNING - [hk.616049.xyz (HKG)] ├─ 无有效DNS记录，触发紧急更新
2026-08-08 06:38:44,863 - ERROR - CFST更新失败: None
2026-08-08 06:38:44,863 - INFO - --------------------------------------------------
2026-08-08 06:38:44,863 - INFO - [us.616049.xyz (LAX)] 开始处理节点维护
2026-08-08 06:38:44,887 - DEBUG - DNS解析重试中 us.616049.xyz: [Errno -5] No address associated with hostname
2026-08-08 06:38:45,907 - DEBUG - DNS解析重试中 us.616049.xyz: [Errno -5] No address associated with hostname
2026-08-08 06:38:46,926 - DEBUG - DNS解析重试中 us.616049.xyz: [Errno -5] No address associated with hostname
2026-08-08 06:38:47,927 - WARNING - [us.616049.xyz (LAX)] ├─ 无有效DNS记录，触发紧急更新
2026-08-08 06:51:20,657 - ERROR - CFST更新失败: None
2026-08-08 06:51:20,657 - INFO - --------------------------------------------------
2026-08-08 06:51:20,658 - INFO - [de.616049.xyz (FRA)] 开始处理节点维护
2026-08-08 06:51:20,666 - DEBUG - DNS解析重试中 de.616049.xyz: [Errno -5] No address associated with hostname
2026-08-08 06:51:21,693 - DEBUG - DNS解析重试中 de.616049.xyz: [Errno -5] No address associated with hostname
2026-08-08 06:51:22,718 - DEBUG - DNS解析重试中 de.616049.xyz: [Errno -5] No address associated with hostname
2026-08-08 06:51:23,720 - WARNING - [de.616049.xyz (FRA)] ├─ 无有效DNS记录，触发紧急更新
2026-08-08 07:03:56,323 - ERROR - CFST更新失败: None
2026-08-08 07:03:56,326 - DEBUG - Starting new HTTPS connection (1): api.telegram.org:443
2026-08-08 07:03:56,777 - DEBUG - https://api.telegram.org:443 "POST /bot/sendMessage HTTP/1.1" 404 55
