2026-09-19 04:11:48,330 - INFO - 启动维护任务 | 协议类型: IPV4
2026-09-19 04:11:48,330 - INFO - --------------------------------------------------
2026-09-19 04:11:48,330 - INFO - [hk.616049.xyz (HKG)] 开始处理节点维护
2026-09-19 04:11:48,365 - DEBUG - DNS解析重试中 hk.616049.xyz: [Errno -5] No address associated with hostname
2026-09-19 04:11:49,409 - DEBUG - DNS解析重试中 hk.616049.xyz: [Errno -5] No address associated with hostname
2026-09-19 04:11:50,433 - DEBUG - DNS解析重试中 hk.616049.xyz: [Errno -5] No address associated with hostname
2026-09-19 04:11:51,434 - WARNING - [hk.616049.xyz (HKG)] ├─ 无有效DNS记录，触发紧急更新
2026-09-19 04:24:27,580 - ERROR - CFST更新失败: None
2026-09-19 04:24:27,581 - INFO - --------------------------------------------------
2026-09-19 04:24:27,581 - INFO - [us.616049.xyz (LAX)] 开始处理节点维护
2026-09-19 04:24:27,608 - DEBUG - DNS解析重试中 us.616049.xyz: [Errno -5] No address associated with hostname
2026-09-19 04:24:28,640 - DEBUG - DNS解析重试中 us.616049.xyz: [Errno -5] No address associated with hostname
2026-09-19 04:24:29,662 - DEBUG - DNS解析重试中 us.616049.xyz: [Errno -5] No address associated with hostname
2026-09-19 04:24:30,664 - WARNING - [us.616049.xyz (LAX)] ├─ 无有效DNS记录，触发紧急更新
2026-09-19 04:37:05,996 - ERROR - CFST更新失败: None
2026-09-19 04:37:05,996 - INFO - --------------------------------------------------
2026-09-19 04:37:05,997 - INFO - [de.616049.xyz (FRA)] 开始处理节点维护
2026-09-19 04:37:06,030 - DEBUG - DNS解析重试中 de.616049.xyz: [Errno -5] No address associated with hostname
2026-09-19 04:37:07,058 - DEBUG - DNS解析重试中 de.616049.xyz: [Errno -5] No address associated with hostname
2026-09-19 04:37:08,080 - DEBUG - DNS解析重试中 de.616049.xyz: [Errno -5] No address associated with hostname
2026-09-19 04:37:09,081 - WARNING - [de.616049.xyz (FRA)] ├─ 无有效DNS记录，触发紧急更新
2026-09-19 04:49:44,841 - ERROR - CFST更新失败: None
2026-09-19 04:49:44,845 - DEBUG - Starting new HTTPS connection (1): api.telegram.org:443
2026-09-19 04:49:45,137 - DEBUG - https://api.telegram.org:443 "POST /bot/sendMessage HTTP/1.1" 404 55
