2026-08-03 04:43:29,048 - INFO - 启动维护任务 | 协议类型: IPV4
2026-08-03 04:43:29,048 - INFO - --------------------------------------------------
2026-08-03 04:43:29,048 - INFO - [hk.616049.xyz (HKG)] 开始处理节点维护
2026-08-03 04:43:29,108 - DEBUG - DNS解析重试中 hk.616049.xyz: [Errno -5] No address associated with hostname
2026-08-03 04:43:30,170 - DEBUG - DNS解析重试中 hk.616049.xyz: [Errno -5] No address associated with hostname
2026-08-03 04:43:31,228 - DEBUG - DNS解析重试中 hk.616049.xyz: [Errno -5] No address associated with hostname
2026-08-03 04:43:32,229 - WARNING - [hk.616049.xyz (HKG)] ├─ 无有效DNS记录，触发紧急更新
2026-08-03 04:55:53,520 - ERROR - CFST更新失败: None
2026-08-03 04:55:53,520 - INFO - --------------------------------------------------
2026-08-03 04:55:53,520 - INFO - [us.616049.xyz (LAX)] 开始处理节点维护
2026-08-03 04:55:53,576 - DEBUG - DNS解析重试中 us.616049.xyz: [Errno -5] No address associated with hostname
2026-08-03 04:55:54,634 - DEBUG - DNS解析重试中 us.616049.xyz: [Errno -5] No address associated with hostname
2026-08-03 04:55:55,669 - DEBUG - DNS解析重试中 us.616049.xyz: [Errno -5] No address associated with hostname
2026-08-03 04:55:56,670 - WARNING - [us.616049.xyz (LAX)] ├─ 无有效DNS记录，触发紧急更新
2026-08-03 05:08:19,018 - ERROR - CFST更新失败: None
2026-08-03 05:08:19,018 - INFO - --------------------------------------------------
2026-08-03 05:08:19,018 - INFO - [de.616049.xyz (FRA)] 开始处理节点维护
2026-08-03 05:08:19,081 - DEBUG - DNS解析重试中 de.616049.xyz: [Errno -5] No address associated with hostname
2026-08-03 05:08:20,146 - DEBUG - DNS解析重试中 de.616049.xyz: [Errno -5] No address associated with hostname
2026-08-03 05:08:21,202 - DEBUG - DNS解析重试中 de.616049.xyz: [Errno -5] No address associated with hostname
2026-08-03 05:08:22,204 - WARNING - [de.616049.xyz (FRA)] ├─ 无有效DNS记录，触发紧急更新
2026-08-03 05:20:40,447 - ERROR - CFST更新失败: None
2026-08-03 05:20:40,450 - DEBUG - Starting new HTTPS connection (1): api.telegram.org:443
2026-08-03 05:20:40,820 - DEBUG - https://api.telegram.org:443 "POST /bot/sendMessage HTTP/1.1" 404 55
