2026-08-13 00:47:57,137 - INFO - 启动维护任务 | 协议类型: IPV4
2026-08-13 00:47:57,137 - INFO - --------------------------------------------------
2026-08-13 00:47:57,137 - INFO - [hk.616049.xyz (HKG)] 开始处理节点维护
2026-08-13 00:47:57,154 - DEBUG - DNS解析重试中 hk.616049.xyz: [Errno -5] No address associated with hostname
2026-08-13 00:47:58,170 - DEBUG - DNS解析重试中 hk.616049.xyz: [Errno -5] No address associated with hostname
2026-08-13 00:47:59,183 - DEBUG - DNS解析重试中 hk.616049.xyz: [Errno -5] No address associated with hostname
2026-08-13 00:48:00,184 - WARNING - [hk.616049.xyz (HKG)] ├─ 无有效DNS记录，触发紧急更新
2026-08-13 01:00:34,712 - ERROR - CFST更新失败: None
2026-08-13 01:00:34,713 - INFO - --------------------------------------------------
2026-08-13 01:00:34,713 - INFO - [us.616049.xyz (LAX)] 开始处理节点维护
2026-08-13 01:00:34,729 - DEBUG - DNS解析重试中 us.616049.xyz: [Errno -5] No address associated with hostname
2026-08-13 01:00:35,754 - DEBUG - DNS解析重试中 us.616049.xyz: [Errno -5] No address associated with hostname
2026-08-13 01:00:36,764 - DEBUG - DNS解析重试中 us.616049.xyz: [Errno -5] No address associated with hostname
2026-08-13 01:00:37,765 - WARNING - [us.616049.xyz (LAX)] ├─ 无有效DNS记录，触发紧急更新
2026-08-13 01:13:12,412 - ERROR - CFST更新失败: None
2026-08-13 01:13:12,412 - INFO - --------------------------------------------------
2026-08-13 01:13:12,412 - INFO - [de.616049.xyz (FRA)] 开始处理节点维护
2026-08-13 01:13:12,430 - DEBUG - DNS解析重试中 de.616049.xyz: [Errno -5] No address associated with hostname
2026-08-13 01:13:13,444 - DEBUG - DNS解析重试中 de.616049.xyz: [Errno -5] No address associated with hostname
2026-08-13 01:13:14,492 - DEBUG - DNS解析重试中 de.616049.xyz: [Errno -5] No address associated with hostname
2026-08-13 01:13:15,494 - WARNING - [de.616049.xyz (FRA)] ├─ 无有效DNS记录，触发紧急更新
2026-08-13 01:25:49,928 - ERROR - CFST更新失败: None
2026-08-13 01:25:49,931 - DEBUG - Starting new HTTPS connection (1): api.telegram.org:443
2026-08-13 01:25:50,225 - DEBUG - https://api.telegram.org:443 "POST /bot/sendMessage HTTP/1.1" 404 55
