2026-09-08 16:27:13,395 - INFO - 启动维护任务 | 协议类型: IPV4
2026-09-08 16:27:13,395 - INFO - --------------------------------------------------
2026-09-08 16:27:13,395 - INFO - [hk.616049.xyz (HKG)] 开始处理节点维护
2026-09-08 16:27:13,454 - DEBUG - DNS解析重试中 hk.616049.xyz: [Errno -5] No address associated with hostname
2026-09-08 16:27:14,511 - DEBUG - DNS解析重试中 hk.616049.xyz: [Errno -5] No address associated with hostname
2026-09-08 16:27:15,538 - DEBUG - DNS解析重试中 hk.616049.xyz: [Errno -5] No address associated with hostname
2026-09-08 16:27:16,540 - WARNING - [hk.616049.xyz (HKG)] ├─ 无有效DNS记录，触发紧急更新
2026-09-08 16:39:49,056 - ERROR - CFST更新失败: None
2026-09-08 16:39:49,056 - INFO - --------------------------------------------------
2026-09-08 16:39:49,056 - INFO - [us.616049.xyz (LAX)] 开始处理节点维护
2026-09-08 16:39:49,093 - DEBUG - DNS解析重试中 us.616049.xyz: [Errno -5] No address associated with hostname
2026-09-08 16:39:50,122 - DEBUG - DNS解析重试中 us.616049.xyz: [Errno -5] No address associated with hostname
2026-09-08 16:39:51,172 - DEBUG - DNS解析重试中 us.616049.xyz: [Errno -5] No address associated with hostname
2026-09-08 16:39:52,174 - WARNING - [us.616049.xyz (LAX)] ├─ 无有效DNS记录，触发紧急更新
2026-09-08 16:52:23,799 - ERROR - CFST更新失败: None
2026-09-08 16:52:23,799 - INFO - --------------------------------------------------
2026-09-08 16:52:23,799 - INFO - [de.616049.xyz (FRA)] 开始处理节点维护
2026-09-08 16:52:23,833 - DEBUG - DNS解析重试中 de.616049.xyz: [Errno -5] No address associated with hostname
2026-09-08 16:52:24,869 - DEBUG - DNS解析重试中 de.616049.xyz: [Errno -5] No address associated with hostname
2026-09-08 16:52:25,888 - DEBUG - DNS解析重试中 de.616049.xyz: [Errno -5] No address associated with hostname
2026-09-08 16:52:26,889 - WARNING - [de.616049.xyz (FRA)] ├─ 无有效DNS记录，触发紧急更新
2026-09-08 17:04:59,973 - ERROR - CFST更新失败: None
2026-09-08 17:04:59,977 - DEBUG - Starting new HTTPS connection (1): api.telegram.org:443
2026-09-08 17:05:00,305 - DEBUG - https://api.telegram.org:443 "POST /bot/sendMessage HTTP/1.1" 404 55
