2026-08-18 16:25:22,837 - INFO - 启动维护任务 | 协议类型: IPV4
2026-08-18 16:25:22,837 - INFO - --------------------------------------------------
2026-08-18 16:25:22,837 - INFO - [hk.616049.xyz (HKG)] 开始处理节点维护
2026-08-18 16:25:22,864 - DEBUG - DNS解析重试中 hk.616049.xyz: [Errno -5] No address associated with hostname
2026-08-18 16:25:23,890 - DEBUG - DNS解析重试中 hk.616049.xyz: [Errno -5] No address associated with hostname
2026-08-18 16:25:24,905 - DEBUG - DNS解析重试中 hk.616049.xyz: [Errno -5] No address associated with hostname
2026-08-18 16:25:25,906 - WARNING - [hk.616049.xyz (HKG)] ├─ 无有效DNS记录，触发紧急更新
2026-08-18 16:37:56,942 - ERROR - CFST更新失败: None
2026-08-18 16:37:56,942 - INFO - --------------------------------------------------
2026-08-18 16:37:56,942 - INFO - [us.616049.xyz (LAX)] 开始处理节点维护
2026-08-18 16:37:56,964 - DEBUG - DNS解析重试中 us.616049.xyz: [Errno -5] No address associated with hostname
2026-08-18 16:37:57,977 - DEBUG - DNS解析重试中 us.616049.xyz: [Errno -5] No address associated with hostname
2026-08-18 16:37:58,989 - DEBUG - DNS解析重试中 us.616049.xyz: [Errno -5] No address associated with hostname
2026-08-18 16:37:59,991 - WARNING - [us.616049.xyz (LAX)] ├─ 无有效DNS记录，触发紧急更新
2026-08-18 16:50:31,229 - ERROR - CFST更新失败: None
2026-08-18 16:50:31,229 - INFO - --------------------------------------------------
2026-08-18 16:50:31,229 - INFO - [de.616049.xyz (FRA)] 开始处理节点维护
2026-08-18 16:50:31,240 - DEBUG - DNS解析重试中 de.616049.xyz: [Errno -5] No address associated with hostname
2026-08-18 16:50:32,257 - DEBUG - DNS解析重试中 de.616049.xyz: [Errno -5] No address associated with hostname
2026-08-18 16:50:33,271 - DEBUG - DNS解析重试中 de.616049.xyz: [Errno -5] No address associated with hostname
2026-08-18 16:50:34,272 - WARNING - [de.616049.xyz (FRA)] ├─ 无有效DNS记录，触发紧急更新
2026-08-18 17:03:05,700 - ERROR - CFST更新失败: None
2026-08-18 17:03:05,703 - DEBUG - Starting new HTTPS connection (1): api.telegram.org:443
2026-08-18 17:03:05,989 - DEBUG - https://api.telegram.org:443 "POST /bot/sendMessage HTTP/1.1" 404 55
