2026-08-05 16:21:20,790 - INFO - 启动维护任务 | 协议类型: IPV4
2026-08-05 16:21:20,791 - INFO - --------------------------------------------------
2026-08-05 16:21:20,791 - INFO - [hk.616049.xyz (HKG)] 开始处理节点维护
2026-08-05 16:21:20,838 - DEBUG - DNS解析重试中 hk.616049.xyz: [Errno -5] No address associated with hostname
2026-08-05 16:21:21,884 - DEBUG - DNS解析重试中 hk.616049.xyz: [Errno -5] No address associated with hostname
2026-08-05 16:21:22,923 - DEBUG - DNS解析重试中 hk.616049.xyz: [Errno -5] No address associated with hostname
2026-08-05 16:21:23,924 - WARNING - [hk.616049.xyz (HKG)] ├─ 无有效DNS记录，触发紧急更新
2026-08-05 16:33:55,956 - ERROR - CFST更新失败: None
2026-08-05 16:33:55,957 - INFO - --------------------------------------------------
2026-08-05 16:33:55,957 - INFO - [us.616049.xyz (LAX)] 开始处理节点维护
2026-08-05 16:33:55,996 - DEBUG - DNS解析重试中 us.616049.xyz: [Errno -5] No address associated with hostname
2026-08-05 16:33:57,033 - DEBUG - DNS解析重试中 us.616049.xyz: [Errno -5] No address associated with hostname
2026-08-05 16:33:58,071 - DEBUG - DNS解析重试中 us.616049.xyz: [Errno -5] No address associated with hostname
2026-08-05 16:33:59,072 - WARNING - [us.616049.xyz (LAX)] ├─ 无有效DNS记录，触发紧急更新
2026-08-05 16:46:30,402 - ERROR - CFST更新失败: None
2026-08-05 16:46:30,403 - INFO - --------------------------------------------------
2026-08-05 16:46:30,403 - INFO - [de.616049.xyz (FRA)] 开始处理节点维护
2026-08-05 16:46:30,448 - DEBUG - DNS解析重试中 de.616049.xyz: [Errno -5] No address associated with hostname
2026-08-05 16:46:31,503 - DEBUG - DNS解析重试中 de.616049.xyz: [Errno -5] No address associated with hostname
2026-08-05 16:46:32,549 - DEBUG - DNS解析重试中 de.616049.xyz: [Errno -5] No address associated with hostname
2026-08-05 16:46:33,550 - WARNING - [de.616049.xyz (FRA)] ├─ 无有效DNS记录，触发紧急更新
2026-08-05 16:59:05,801 - ERROR - CFST更新失败: None
2026-08-05 16:59:05,805 - DEBUG - Starting new HTTPS connection (1): api.telegram.org:443
2026-08-05 16:59:06,307 - DEBUG - https://api.telegram.org:443 "POST /bot/sendMessage HTTP/1.1" 404 55
