2026-08-29 16:27:50,048 - INFO - 启动维护任务 | 协议类型: IPV4
2026-08-29 16:27:50,048 - INFO - --------------------------------------------------
2026-08-29 16:27:50,048 - INFO - [hk.616049.xyz (HKG)] 开始处理节点维护
2026-08-29 16:27:50,067 - DEBUG - DNS解析重试中 hk.616049.xyz: [Errno -5] No address associated with hostname
2026-08-29 16:27:51,090 - DEBUG - DNS解析重试中 hk.616049.xyz: [Errno -5] No address associated with hostname
2026-08-29 16:27:52,116 - DEBUG - DNS解析重试中 hk.616049.xyz: [Errno -5] No address associated with hostname
2026-08-29 16:27:53,117 - WARNING - [hk.616049.xyz (HKG)] ├─ 无有效DNS记录，触发紧急更新
2026-08-29 16:40:28,070 - ERROR - CFST更新失败: None
2026-08-29 16:40:28,071 - INFO - --------------------------------------------------
2026-08-29 16:40:28,071 - INFO - [us.616049.xyz (LAX)] 开始处理节点维护
2026-08-29 16:40:28,096 - DEBUG - DNS解析重试中 us.616049.xyz: [Errno -5] No address associated with hostname
2026-08-29 16:40:29,124 - DEBUG - DNS解析重试中 us.616049.xyz: [Errno -5] No address associated with hostname
2026-08-29 16:40:30,149 - DEBUG - DNS解析重试中 us.616049.xyz: [Errno -5] No address associated with hostname
2026-08-29 16:40:31,150 - WARNING - [us.616049.xyz (LAX)] ├─ 无有效DNS记录，触发紧急更新
2026-08-29 16:53:05,395 - ERROR - CFST更新失败: None
2026-08-29 16:53:05,395 - INFO - --------------------------------------------------
2026-08-29 16:53:05,395 - INFO - [de.616049.xyz (FRA)] 开始处理节点维护
2026-08-29 16:53:05,414 - DEBUG - DNS解析重试中 de.616049.xyz: [Errno -5] No address associated with hostname
2026-08-29 16:53:06,438 - DEBUG - DNS解析重试中 de.616049.xyz: [Errno -5] No address associated with hostname
2026-08-29 16:53:07,458 - DEBUG - DNS解析重试中 de.616049.xyz: [Errno -5] No address associated with hostname
2026-08-29 16:53:08,459 - WARNING - [de.616049.xyz (FRA)] ├─ 无有效DNS记录，触发紧急更新
2026-08-29 17:05:42,816 - ERROR - CFST更新失败: None
2026-08-29 17:05:42,820 - DEBUG - Starting new HTTPS connection (1): api.telegram.org:443
2026-08-29 17:05:43,106 - DEBUG - https://api.telegram.org:443 "POST /bot/sendMessage HTTP/1.1" 404 55
