2026-09-13 21:59:35,601 - INFO - 启动维护任务 | 协议类型: IPV4
2026-09-13 21:59:35,601 - INFO - --------------------------------------------------
2026-09-13 21:59:35,601 - INFO - [hk.616049.xyz (HKG)] 开始处理节点维护
2026-09-13 21:59:35,637 - DEBUG - DNS解析重试中 hk.616049.xyz: [Errno -5] No address associated with hostname
2026-09-13 21:59:36,683 - DEBUG - DNS解析重试中 hk.616049.xyz: [Errno -5] No address associated with hostname
2026-09-13 21:59:37,690 - DEBUG - DNS解析重试中 hk.616049.xyz: [Errno -5] No address associated with hostname
2026-09-13 21:59:38,691 - WARNING - [hk.616049.xyz (HKG)] ├─ 无有效DNS记录，触发紧急更新
2026-09-13 22:11:52,029 - ERROR - CFST更新失败: None
2026-09-13 22:11:52,029 - INFO - --------------------------------------------------
2026-09-13 22:11:52,029 - INFO - [us.616049.xyz (LAX)] 开始处理节点维护
2026-09-13 22:11:52,062 - DEBUG - DNS解析重试中 us.616049.xyz: [Errno -5] No address associated with hostname
2026-09-13 22:11:53,115 - DEBUG - DNS解析重试中 us.616049.xyz: [Errno -5] No address associated with hostname
2026-09-13 22:11:54,121 - DEBUG - DNS解析重试中 us.616049.xyz: [Errno -5] No address associated with hostname
2026-09-13 22:11:55,122 - WARNING - [us.616049.xyz (LAX)] ├─ 无有效DNS记录，触发紧急更新
2026-09-13 22:24:07,933 - ERROR - CFST更新失败: None
2026-09-13 22:24:07,933 - INFO - --------------------------------------------------
2026-09-13 22:24:07,933 - INFO - [de.616049.xyz (FRA)] 开始处理节点维护
2026-09-13 22:24:07,977 - DEBUG - DNS解析重试中 de.616049.xyz: [Errno -5] No address associated with hostname
2026-09-13 22:24:09,012 - DEBUG - DNS解析重试中 de.616049.xyz: [Errno -5] No address associated with hostname
2026-09-13 22:24:10,053 - DEBUG - DNS解析重试中 de.616049.xyz: [Errno -5] No address associated with hostname
2026-09-13 22:24:11,054 - WARNING - [de.616049.xyz (FRA)] ├─ 无有效DNS记录，触发紧急更新
2026-09-13 22:36:24,166 - ERROR - CFST更新失败: None
2026-09-13 22:36:24,169 - DEBUG - Starting new HTTPS connection (1): api.telegram.org:443
2026-09-13 22:36:24,586 - DEBUG - https://api.telegram.org:443 "POST /bot/sendMessage HTTP/1.1" 404 55
