2026-08-17 16:33:04,748 - INFO - 启动维护任务 | 协议类型: IPV4
2026-08-17 16:33:04,748 - INFO - --------------------------------------------------
2026-08-17 16:33:04,748 - INFO - [hk.616049.xyz (HKG)] 开始处理节点维护
2026-08-17 16:33:04,772 - DEBUG - DNS解析重试中 hk.616049.xyz: [Errno -5] No address associated with hostname
2026-08-17 16:33:05,816 - DEBUG - DNS解析重试中 hk.616049.xyz: [Errno -5] No address associated with hostname
2026-08-17 16:33:06,837 - DEBUG - DNS解析重试中 hk.616049.xyz: [Errno -5] No address associated with hostname
2026-08-17 16:33:07,838 - WARNING - [hk.616049.xyz (HKG)] ├─ 无有效DNS记录，触发紧急更新
2026-08-17 16:45:43,755 - ERROR - CFST更新失败: None
2026-08-17 16:45:43,755 - INFO - --------------------------------------------------
2026-08-17 16:45:43,755 - INFO - [us.616049.xyz (LAX)] 开始处理节点维护
2026-08-17 16:45:43,780 - DEBUG - DNS解析重试中 us.616049.xyz: [Errno -5] No address associated with hostname
2026-08-17 16:45:44,814 - DEBUG - DNS解析重试中 us.616049.xyz: [Errno -5] No address associated with hostname
2026-08-17 16:45:45,821 - DEBUG - DNS解析重试中 us.616049.xyz: [Errno -5] No address associated with hostname
2026-08-17 16:45:46,823 - WARNING - [us.616049.xyz (LAX)] ├─ 无有效DNS记录，触发紧急更新
2026-08-17 16:58:27,522 - ERROR - CFST更新失败: None
2026-08-17 16:58:27,522 - INFO - --------------------------------------------------
2026-08-17 16:58:27,522 - INFO - [de.616049.xyz (FRA)] 开始处理节点维护
2026-08-17 16:58:27,542 - DEBUG - DNS解析重试中 de.616049.xyz: [Errno -5] No address associated with hostname
2026-08-17 16:58:28,562 - DEBUG - DNS解析重试中 de.616049.xyz: [Errno -5] No address associated with hostname
2026-08-17 16:58:29,589 - DEBUG - DNS解析重试中 de.616049.xyz: [Errno -5] No address associated with hostname
2026-08-17 16:58:30,591 - WARNING - [de.616049.xyz (FRA)] ├─ 无有效DNS记录，触发紧急更新
2026-08-17 17:11:06,003 - ERROR - CFST更新失败: None
2026-08-17 17:11:06,007 - DEBUG - Starting new HTTPS connection (1): api.telegram.org:443
2026-08-17 17:11:06,307 - DEBUG - https://api.telegram.org:443 "POST /bot/sendMessage HTTP/1.1" 404 55
