2026-08-01 14:21:18,364 - INFO - 启动维护任务 | 协议类型: IPV4
2026-08-01 14:21:18,364 - INFO - --------------------------------------------------
2026-08-01 14:21:18,364 - INFO - [hk.616049.xyz (HKG)] 开始处理节点维护
2026-08-01 14:21:18,379 - DEBUG - DNS解析重试中 hk.616049.xyz: [Errno -5] No address associated with hostname
2026-08-01 14:21:19,399 - DEBUG - DNS解析重试中 hk.616049.xyz: [Errno -5] No address associated with hostname
2026-08-01 14:21:20,417 - DEBUG - DNS解析重试中 hk.616049.xyz: [Errno -5] No address associated with hostname
2026-08-01 14:21:21,418 - WARNING - [hk.616049.xyz (HKG)] ├─ 无有效DNS记录，触发紧急更新
2026-08-01 14:33:51,737 - ERROR - CFST更新失败: None
2026-08-01 14:33:51,737 - INFO - --------------------------------------------------
2026-08-01 14:33:51,737 - INFO - [us.616049.xyz (LAX)] 开始处理节点维护
2026-08-01 14:33:51,750 - DEBUG - DNS解析重试中 us.616049.xyz: [Errno -5] No address associated with hostname
2026-08-01 14:33:52,771 - DEBUG - DNS解析重试中 us.616049.xyz: [Errno -5] No address associated with hostname
2026-08-01 14:33:53,783 - DEBUG - DNS解析重试中 us.616049.xyz: [Errno -5] No address associated with hostname
2026-08-01 14:33:54,784 - WARNING - [us.616049.xyz (LAX)] ├─ 无有效DNS记录，触发紧急更新
2026-08-01 14:46:25,512 - ERROR - CFST更新失败: None
2026-08-01 14:46:25,512 - INFO - --------------------------------------------------
2026-08-01 14:46:25,512 - INFO - [de.616049.xyz (FRA)] 开始处理节点维护
2026-08-01 14:46:25,526 - DEBUG - DNS解析重试中 de.616049.xyz: [Errno -5] No address associated with hostname
2026-08-01 14:46:26,743 - DEBUG - DNS解析重试中 de.616049.xyz: [Errno -5] No address associated with hostname
2026-08-01 14:46:27,760 - DEBUG - DNS解析重试中 de.616049.xyz: [Errno -5] No address associated with hostname
2026-08-01 14:46:28,761 - WARNING - [de.616049.xyz (FRA)] ├─ 无有效DNS记录，触发紧急更新
2026-08-01 14:59:00,383 - ERROR - CFST更新失败: None
2026-08-01 14:59:00,387 - DEBUG - Starting new HTTPS connection (1): api.telegram.org:443
2026-08-01 14:59:00,673 - DEBUG - https://api.telegram.org:443 "POST /bot/sendMessage HTTP/1.1" 404 55
