2026-07-27 06:52:06,971 - INFO - 启动维护任务 | 协议类型: IPV4
2026-07-27 06:52:06,971 - INFO - --------------------------------------------------
2026-07-27 06:52:06,971 - INFO - [hk.616049.xyz (HKG)] 开始处理节点维护
2026-07-27 06:52:07,018 - DEBUG - DNS解析重试中 hk.616049.xyz: [Errno -5] No address associated with hostname
2026-07-27 06:52:08,067 - DEBUG - DNS解析重试中 hk.616049.xyz: [Errno -5] No address associated with hostname
2026-07-27 06:52:09,122 - DEBUG - DNS解析重试中 hk.616049.xyz: [Errno -5] No address associated with hostname
2026-07-27 06:52:10,124 - WARNING - [hk.616049.xyz (HKG)] ├─ 无有效DNS记录，触发紧急更新
2026-07-27 07:04:08,443 - ERROR - CFST更新失败: None
2026-07-27 07:04:08,443 - INFO - --------------------------------------------------
2026-07-27 07:04:08,443 - INFO - [us.616049.xyz (LAX)] 开始处理节点维护
2026-07-27 07:04:08,492 - DEBUG - DNS解析重试中 us.616049.xyz: [Errno -5] No address associated with hostname
2026-07-27 07:04:09,560 - DEBUG - DNS解析重试中 us.616049.xyz: [Errno -5] No address associated with hostname
2026-07-27 07:04:10,617 - DEBUG - DNS解析重试中 us.616049.xyz: [Errno -5] No address associated with hostname
2026-07-27 07:04:11,618 - WARNING - [us.616049.xyz (LAX)] ├─ 无有效DNS记录，触发紧急更新
2026-07-27 07:16:09,080 - ERROR - CFST更新失败: None
2026-07-27 07:16:09,080 - INFO - --------------------------------------------------
2026-07-27 07:16:09,080 - INFO - [de.616049.xyz (FRA)] 开始处理节点维护
2026-07-27 07:16:09,138 - DEBUG - DNS解析重试中 de.616049.xyz: [Errno -5] No address associated with hostname
2026-07-27 07:16:10,209 - DEBUG - DNS解析重试中 de.616049.xyz: [Errno -5] No address associated with hostname
2026-07-27 07:16:11,258 - DEBUG - DNS解析重试中 de.616049.xyz: [Errno -5] No address associated with hostname
2026-07-27 07:16:12,259 - WARNING - [de.616049.xyz (FRA)] ├─ 无有效DNS记录，触发紧急更新
2026-07-27 07:28:16,789 - ERROR - CFST更新失败: None
2026-07-27 07:28:16,792 - DEBUG - Starting new HTTPS connection (1): api.telegram.org:443
2026-07-27 07:28:17,151 - DEBUG - https://api.telegram.org:443 "POST /bot/sendMessage HTTP/1.1" 404 55
