2026-08-18 04:16:16,798 - INFO - 启动维护任务 | 协议类型: IPV4
2026-08-18 04:16:16,798 - INFO - --------------------------------------------------
2026-08-18 04:16:16,798 - INFO - [hk.616049.xyz (HKG)] 开始处理节点维护
2026-08-18 04:16:16,819 - DEBUG - DNS解析重试中 hk.616049.xyz: [Errno -5] No address associated with hostname
2026-08-18 04:16:17,846 - DEBUG - DNS解析重试中 hk.616049.xyz: [Errno -5] No address associated with hostname
2026-08-18 04:16:18,873 - DEBUG - DNS解析重试中 hk.616049.xyz: [Errno -5] No address associated with hostname
2026-08-18 04:16:19,874 - WARNING - [hk.616049.xyz (HKG)] ├─ 无有效DNS记录，触发紧急更新
2026-08-18 04:28:54,517 - ERROR - CFST更新失败: None
2026-08-18 04:28:54,518 - INFO - --------------------------------------------------
2026-08-18 04:28:54,518 - INFO - [us.616049.xyz (LAX)] 开始处理节点维护
2026-08-18 04:28:54,537 - DEBUG - DNS解析重试中 us.616049.xyz: [Errno -5] No address associated with hostname
2026-08-18 04:28:55,555 - DEBUG - DNS解析重试中 us.616049.xyz: [Errno -5] No address associated with hostname
2026-08-18 04:28:56,572 - DEBUG - DNS解析重试中 us.616049.xyz: [Errno -5] No address associated with hostname
2026-08-18 04:28:57,573 - WARNING - [us.616049.xyz (LAX)] ├─ 无有效DNS记录，触发紧急更新
2026-08-18 04:41:33,511 - ERROR - CFST更新失败: None
2026-08-18 04:41:33,512 - INFO - --------------------------------------------------
2026-08-18 04:41:33,512 - INFO - [de.616049.xyz (FRA)] 开始处理节点维护
2026-08-18 04:41:33,540 - DEBUG - DNS解析重试中 de.616049.xyz: [Errno -5] No address associated with hostname
2026-08-18 04:41:34,577 - DEBUG - DNS解析重试中 de.616049.xyz: [Errno -5] No address associated with hostname
2026-08-18 04:41:35,613 - DEBUG - DNS解析重试中 de.616049.xyz: [Errno -5] No address associated with hostname
2026-08-18 04:41:36,614 - WARNING - [de.616049.xyz (FRA)] ├─ 无有效DNS记录，触发紧急更新
2026-08-18 04:54:11,346 - ERROR - CFST更新失败: None
2026-08-18 04:54:11,353 - DEBUG - Starting new HTTPS connection (1): api.telegram.org:443
2026-08-18 04:54:11,648 - DEBUG - https://api.telegram.org:443 "POST /bot/sendMessage HTTP/1.1" 404 55
