2026-09-01 17:01:58,198 - INFO - 启动维护任务 | 协议类型: IPV4
2026-09-01 17:01:58,199 - INFO - --------------------------------------------------
2026-09-01 17:01:58,199 - INFO - [hk.616049.xyz (HKG)] 开始处理节点维护
2026-09-01 17:01:58,263 - DEBUG - DNS解析重试中 hk.616049.xyz: [Errno -5] No address associated with hostname
2026-09-01 17:01:59,318 - DEBUG - DNS解析重试中 hk.616049.xyz: [Errno -5] No address associated with hostname
2026-09-01 17:02:00,362 - DEBUG - DNS解析重试中 hk.616049.xyz: [Errno -5] No address associated with hostname
2026-09-01 17:02:01,363 - WARNING - [hk.616049.xyz (HKG)] ├─ 无有效DNS记录，触发紧急更新
2026-09-01 17:14:11,980 - ERROR - CFST更新失败: None
2026-09-01 17:14:11,980 - INFO - --------------------------------------------------
2026-09-01 17:14:11,980 - INFO - [us.616049.xyz (LAX)] 开始处理节点维护
2026-09-01 17:14:12,037 - DEBUG - DNS解析重试中 us.616049.xyz: [Errno -5] No address associated with hostname
2026-09-01 17:14:13,078 - DEBUG - DNS解析重试中 us.616049.xyz: [Errno -5] No address associated with hostname
2026-09-01 17:14:14,125 - DEBUG - DNS解析重试中 us.616049.xyz: [Errno -5] No address associated with hostname
2026-09-01 17:14:15,126 - WARNING - [us.616049.xyz (LAX)] ├─ 无有效DNS记录，触发紧急更新
2026-09-01 17:26:25,682 - ERROR - CFST更新失败: None
2026-09-01 17:26:25,682 - INFO - --------------------------------------------------
2026-09-01 17:26:25,682 - INFO - [de.616049.xyz (FRA)] 开始处理节点维护
2026-09-01 17:26:25,725 - DEBUG - DNS解析重试中 de.616049.xyz: [Errno -5] No address associated with hostname
2026-09-01 17:26:26,777 - DEBUG - DNS解析重试中 de.616049.xyz: [Errno -5] No address associated with hostname
2026-09-01 17:26:27,792 - DEBUG - DNS解析重试中 de.616049.xyz: [Errno -5] No address associated with hostname
2026-09-01 17:26:28,793 - WARNING - [de.616049.xyz (FRA)] ├─ 无有效DNS记录，触发紧急更新
2026-09-01 17:38:39,238 - ERROR - CFST更新失败: None
2026-09-01 17:38:39,241 - DEBUG - Starting new HTTPS connection (1): api.telegram.org:443
2026-09-01 17:38:39,588 - DEBUG - https://api.telegram.org:443 "POST /bot/sendMessage HTTP/1.1" 404 55
