2026-09-02 06:13:46,270 - INFO - 启动维护任务 | 协议类型: IPV4
2026-09-02 06:13:46,270 - INFO - --------------------------------------------------
2026-09-02 06:13:46,270 - INFO - [hk.616049.xyz (HKG)] 开始处理节点维护
2026-09-02 06:13:46,286 - DEBUG - DNS解析重试中 hk.616049.xyz: [Errno -5] No address associated with hostname
2026-09-02 06:13:47,311 - DEBUG - DNS解析重试中 hk.616049.xyz: [Errno -5] No address associated with hostname
2026-09-02 06:13:48,324 - DEBUG - DNS解析重试中 hk.616049.xyz: [Errno -5] No address associated with hostname
2026-09-02 06:13:49,325 - WARNING - [hk.616049.xyz (HKG)] ├─ 无有效DNS记录，触发紧急更新
2026-09-02 06:26:22,031 - ERROR - CFST更新失败: None
2026-09-02 06:26:22,032 - INFO - --------------------------------------------------
2026-09-02 06:26:22,032 - INFO - [us.616049.xyz (LAX)] 开始处理节点维护
2026-09-02 06:26:22,053 - DEBUG - DNS解析重试中 us.616049.xyz: [Errno -5] No address associated with hostname
2026-09-02 06:26:23,062 - DEBUG - DNS解析重试中 us.616049.xyz: [Errno -5] No address associated with hostname
2026-09-02 06:26:24,082 - DEBUG - DNS解析重试中 us.616049.xyz: [Errno -5] No address associated with hostname
2026-09-02 06:26:25,083 - WARNING - [us.616049.xyz (LAX)] ├─ 无有效DNS记录，触发紧急更新
2026-09-02 06:38:58,589 - ERROR - CFST更新失败: None
2026-09-02 06:38:58,589 - INFO - --------------------------------------------------
2026-09-02 06:38:58,589 - INFO - [de.616049.xyz (FRA)] 开始处理节点维护
2026-09-02 06:38:58,609 - DEBUG - DNS解析重试中 de.616049.xyz: [Errno -5] No address associated with hostname
2026-09-02 06:38:59,625 - DEBUG - DNS解析重试中 de.616049.xyz: [Errno -5] No address associated with hostname
2026-09-02 06:39:00,640 - DEBUG - DNS解析重试中 de.616049.xyz: [Errno -5] No address associated with hostname
2026-09-02 06:39:01,641 - WARNING - [de.616049.xyz (FRA)] ├─ 无有效DNS记录，触发紧急更新
2026-09-02 06:51:33,557 - ERROR - CFST更新失败: None
2026-09-02 06:51:33,560 - DEBUG - Starting new HTTPS connection (1): api.telegram.org:443
2026-09-02 06:51:34,048 - DEBUG - https://api.telegram.org:443 "POST /bot/sendMessage HTTP/1.1" 404 55
