2026-08-18 08:43:57,808 - INFO - 启动维护任务 | 协议类型: IPV4
2026-08-18 08:43:57,808 - INFO - --------------------------------------------------
2026-08-18 08:43:57,809 - INFO - [hk.616049.xyz (HKG)] 开始处理节点维护
2026-08-18 08:43:57,866 - DEBUG - DNS解析重试中 hk.616049.xyz: [Errno -5] No address associated with hostname
2026-08-18 08:43:58,918 - DEBUG - DNS解析重试中 hk.616049.xyz: [Errno -5] No address associated with hostname
2026-08-18 08:43:59,962 - DEBUG - DNS解析重试中 hk.616049.xyz: [Errno -5] No address associated with hostname
2026-08-18 08:44:00,964 - WARNING - [hk.616049.xyz (HKG)] ├─ 无有效DNS记录，触发紧急更新
2026-08-18 08:56:03,978 - ERROR - CFST更新失败: None
2026-08-18 08:56:03,978 - INFO - --------------------------------------------------
2026-08-18 08:56:03,978 - INFO - [us.616049.xyz (LAX)] 开始处理节点维护
2026-08-18 08:56:04,022 - DEBUG - DNS解析重试中 us.616049.xyz: [Errno -5] No address associated with hostname
2026-08-18 08:56:05,083 - DEBUG - DNS解析重试中 us.616049.xyz: [Errno -5] No address associated with hostname
2026-08-18 08:56:06,155 - DEBUG - DNS解析重试中 us.616049.xyz: [Errno -5] No address associated with hostname
2026-08-18 08:56:07,157 - WARNING - [us.616049.xyz (LAX)] ├─ 无有效DNS记录，触发紧急更新
2026-08-18 09:08:08,985 - ERROR - CFST更新失败: None
2026-08-18 09:08:08,985 - INFO - --------------------------------------------------
2026-08-18 09:08:08,986 - INFO - [de.616049.xyz (FRA)] 开始处理节点维护
2026-08-18 09:08:09,368 - DEBUG - DNS解析重试中 de.616049.xyz: [Errno -5] No address associated with hostname
2026-08-18 09:08:10,472 - DEBUG - DNS解析重试中 de.616049.xyz: [Errno -5] No address associated with hostname
2026-08-18 09:08:11,541 - DEBUG - DNS解析重试中 de.616049.xyz: [Errno -5] No address associated with hostname
2026-08-18 09:08:12,542 - WARNING - [de.616049.xyz (FRA)] ├─ 无有效DNS记录，触发紧急更新
2026-08-18 09:20:14,219 - ERROR - CFST更新失败: None
2026-08-18 09:20:14,221 - DEBUG - Starting new HTTPS connection (1): api.telegram.org:443
2026-08-18 09:20:14,582 - DEBUG - https://api.telegram.org:443 "POST /bot/sendMessage HTTP/1.1" 404 55
