2026-09-18 03:26:01,735 - INFO - 启动维护任务 | 协议类型: IPV4
2026-09-18 03:26:01,735 - INFO - --------------------------------------------------
2026-09-18 03:26:01,735 - INFO - [hk.616049.xyz (HKG)] 开始处理节点维护
2026-09-18 03:26:01,745 - DEBUG - DNS解析重试中 hk.616049.xyz: [Errno -5] No address associated with hostname
2026-09-18 03:26:02,776 - DEBUG - DNS解析重试中 hk.616049.xyz: [Errno -5] No address associated with hostname
2026-09-18 03:26:03,792 - DEBUG - DNS解析重试中 hk.616049.xyz: [Errno -5] No address associated with hostname
2026-09-18 03:26:04,794 - WARNING - [hk.616049.xyz (HKG)] ├─ 无有效DNS记录，触发紧急更新
2026-09-18 03:38:37,222 - ERROR - CFST更新失败: None
2026-09-18 03:38:37,222 - INFO - --------------------------------------------------
2026-09-18 03:38:37,222 - INFO - [us.616049.xyz (LAX)] 开始处理节点维护
2026-09-18 03:38:37,265 - DEBUG - DNS解析重试中 us.616049.xyz: [Errno -5] No address associated with hostname
2026-09-18 03:38:38,280 - DEBUG - DNS解析重试中 us.616049.xyz: [Errno -5] No address associated with hostname
2026-09-18 03:38:39,294 - DEBUG - DNS解析重试中 us.616049.xyz: [Errno -5] No address associated with hostname
2026-09-18 03:38:40,295 - WARNING - [us.616049.xyz (LAX)] ├─ 无有效DNS记录，触发紧急更新
2026-09-18 03:51:11,919 - ERROR - CFST更新失败: None
2026-09-18 03:51:11,919 - INFO - --------------------------------------------------
2026-09-18 03:51:11,920 - INFO - [de.616049.xyz (FRA)] 开始处理节点维护
2026-09-18 03:51:11,939 - DEBUG - DNS解析重试中 de.616049.xyz: [Errno -5] No address associated with hostname
2026-09-18 03:51:12,953 - DEBUG - DNS解析重试中 de.616049.xyz: [Errno -5] No address associated with hostname
2026-09-18 03:51:13,976 - DEBUG - DNS解析重试中 de.616049.xyz: [Errno -5] No address associated with hostname
2026-09-18 03:51:14,977 - WARNING - [de.616049.xyz (FRA)] ├─ 无有效DNS记录，触发紧急更新
2026-09-18 04:03:47,616 - ERROR - CFST更新失败: None
2026-09-18 04:03:47,619 - DEBUG - Starting new HTTPS connection (1): api.telegram.org:443
2026-09-18 04:03:48,075 - DEBUG - https://api.telegram.org:443 "POST /bot/sendMessage HTTP/1.1" 404 55
