2026-07-26 06:44:10,097 - INFO - 启动维护任务 | 协议类型: IPV4
2026-07-26 06:44:10,097 - INFO - --------------------------------------------------
2026-07-26 06:44:10,097 - INFO - [hk.616049.xyz (HKG)] 开始处理节点维护
2026-07-26 06:44:10,112 - DEBUG - DNS解析重试中 hk.616049.xyz: [Errno -5] No address associated with hostname
2026-07-26 06:44:11,129 - DEBUG - DNS解析重试中 hk.616049.xyz: [Errno -5] No address associated with hostname
2026-07-26 06:44:12,143 - DEBUG - DNS解析重试中 hk.616049.xyz: [Errno -5] No address associated with hostname
2026-07-26 06:44:13,145 - WARNING - [hk.616049.xyz (HKG)] ├─ 无有效DNS记录，触发紧急更新
2026-07-26 06:56:43,817 - ERROR - CFST更新失败: None
2026-07-26 06:56:43,817 - INFO - --------------------------------------------------
2026-07-26 06:56:43,817 - INFO - [us.616049.xyz (LAX)] 开始处理节点维护
2026-07-26 06:56:43,835 - DEBUG - DNS解析重试中 us.616049.xyz: [Errno -5] No address associated with hostname
2026-07-26 06:56:44,848 - DEBUG - DNS解析重试中 us.616049.xyz: [Errno -5] No address associated with hostname
2026-07-26 06:56:45,876 - DEBUG - DNS解析重试中 us.616049.xyz: [Errno -5] No address associated with hostname
2026-07-26 06:56:46,877 - WARNING - [us.616049.xyz (LAX)] ├─ 无有效DNS记录，触发紧急更新
2026-07-26 07:09:17,568 - ERROR - CFST更新失败: None
2026-07-26 07:09:17,568 - INFO - --------------------------------------------------
2026-07-26 07:09:17,568 - INFO - [de.616049.xyz (FRA)] 开始处理节点维护
2026-07-26 07:09:17,581 - DEBUG - DNS解析重试中 de.616049.xyz: [Errno -5] No address associated with hostname
2026-07-26 07:09:18,600 - DEBUG - DNS解析重试中 de.616049.xyz: [Errno -5] No address associated with hostname
2026-07-26 07:09:19,612 - DEBUG - DNS解析重试中 de.616049.xyz: [Errno -5] No address associated with hostname
2026-07-26 07:09:20,613 - WARNING - [de.616049.xyz (FRA)] ├─ 无有效DNS记录，触发紧急更新
2026-07-26 07:21:53,099 - ERROR - CFST更新失败: None
2026-07-26 07:21:53,103 - DEBUG - Starting new HTTPS connection (1): api.telegram.org:443
2026-07-26 07:21:53,382 - DEBUG - https://api.telegram.org:443 "POST /bot/sendMessage HTTP/1.1" 404 55
