2026-08-11 14:51:54,457 - INFO - 启动维护任务 | 协议类型: IPV4
2026-08-11 14:51:54,457 - INFO - --------------------------------------------------
2026-08-11 14:51:54,457 - INFO - [hk.616049.xyz (HKG)] 开始处理节点维护
2026-08-11 14:51:54,518 - DEBUG - DNS解析重试中 hk.616049.xyz: [Errno -5] No address associated with hostname
2026-08-11 14:51:55,561 - DEBUG - DNS解析重试中 hk.616049.xyz: [Errno -5] No address associated with hostname
2026-08-11 14:51:56,606 - DEBUG - DNS解析重试中 hk.616049.xyz: [Errno -5] No address associated with hostname
2026-08-11 14:51:57,607 - WARNING - [hk.616049.xyz (HKG)] ├─ 无有效DNS记录，触发紧急更新
2026-08-11 15:04:42,135 - ERROR - CFST更新失败: None
2026-08-11 15:04:42,135 - INFO - --------------------------------------------------
2026-08-11 15:04:42,135 - INFO - [us.616049.xyz (LAX)] 开始处理节点维护
2026-08-11 15:04:42,174 - DEBUG - DNS解析重试中 us.616049.xyz: [Errno -5] No address associated with hostname
2026-08-11 15:04:43,223 - DEBUG - DNS解析重试中 us.616049.xyz: [Errno -5] No address associated with hostname
2026-08-11 15:04:44,277 - DEBUG - DNS解析重试中 us.616049.xyz: [Errno -5] No address associated with hostname
2026-08-11 15:04:45,278 - WARNING - [us.616049.xyz (LAX)] ├─ 无有效DNS记录，触发紧急更新
2026-08-11 15:17:27,592 - ERROR - CFST更新失败: None
2026-08-11 15:17:27,592 - INFO - --------------------------------------------------
2026-08-11 15:17:27,592 - INFO - [de.616049.xyz (FRA)] 开始处理节点维护
2026-08-11 15:17:27,645 - DEBUG - DNS解析重试中 de.616049.xyz: [Errno -5] No address associated with hostname
2026-08-11 15:17:28,705 - DEBUG - DNS解析重试中 de.616049.xyz: [Errno -5] No address associated with hostname
2026-08-11 15:17:29,747 - DEBUG - DNS解析重试中 de.616049.xyz: [Errno -5] No address associated with hostname
2026-08-11 15:17:30,748 - WARNING - [de.616049.xyz (FRA)] ├─ 无有效DNS记录，触发紧急更新
2026-08-11 15:30:12,886 - ERROR - CFST更新失败: None
2026-08-11 15:30:12,890 - DEBUG - Starting new HTTPS connection (1): api.telegram.org:443
2026-08-11 15:30:13,247 - DEBUG - https://api.telegram.org:443 "POST /bot/sendMessage HTTP/1.1" 404 55
