2026-07-29 05:00:10,038 - INFO - 启动维护任务 | 协议类型: IPV4
2026-07-29 05:00:10,038 - INFO - --------------------------------------------------
2026-07-29 05:00:10,039 - INFO - [hk.616049.xyz (HKG)] 开始处理节点维护
2026-07-29 05:00:10,050 - DEBUG - DNS解析重试中 hk.616049.xyz: [Errno -5] No address associated with hostname
2026-07-29 05:00:11,079 - DEBUG - DNS解析重试中 hk.616049.xyz: [Errno -5] No address associated with hostname
2026-07-29 05:00:12,093 - DEBUG - DNS解析重试中 hk.616049.xyz: [Errno -5] No address associated with hostname
2026-07-29 05:00:13,094 - WARNING - [hk.616049.xyz (HKG)] ├─ 无有效DNS记录，触发紧急更新
2026-07-29 05:12:43,310 - ERROR - CFST更新失败: None
2026-07-29 05:12:43,310 - INFO - --------------------------------------------------
2026-07-29 05:12:43,310 - INFO - [us.616049.xyz (LAX)] 开始处理节点维护
2026-07-29 05:12:43,360 - DEBUG - DNS解析重试中 us.616049.xyz: [Errno -5] No address associated with hostname
2026-07-29 05:12:44,372 - DEBUG - DNS解析重试中 us.616049.xyz: [Errno -5] No address associated with hostname
2026-07-29 05:12:45,385 - DEBUG - DNS解析重试中 us.616049.xyz: [Errno -5] No address associated with hostname
2026-07-29 05:12:46,386 - WARNING - [us.616049.xyz (LAX)] ├─ 无有效DNS记录，触发紧急更新
2026-07-29 05:25:17,248 - ERROR - CFST更新失败: None
2026-07-29 05:25:17,248 - INFO - --------------------------------------------------
2026-07-29 05:25:17,248 - INFO - [de.616049.xyz (FRA)] 开始处理节点维护
2026-07-29 05:25:17,270 - DEBUG - DNS解析重试中 de.616049.xyz: [Errno -5] No address associated with hostname
2026-07-29 05:25:18,287 - DEBUG - DNS解析重试中 de.616049.xyz: [Errno -5] No address associated with hostname
2026-07-29 05:25:19,293 - DEBUG - DNS解析重试中 de.616049.xyz: [Errno -5] No address associated with hostname
2026-07-29 05:25:20,293 - WARNING - [de.616049.xyz (FRA)] ├─ 无有效DNS记录，触发紧急更新
2026-07-29 05:37:50,998 - ERROR - CFST更新失败: None
2026-07-29 05:37:51,001 - DEBUG - Starting new HTTPS connection (1): api.telegram.org:443
2026-07-29 05:37:51,284 - DEBUG - https://api.telegram.org:443 "POST /bot/sendMessage HTTP/1.1" 404 55
