2026-08-10 02:26:54,831 - INFO - 启动维护任务 | 协议类型: IPV4
2026-08-10 02:26:54,831 - INFO - --------------------------------------------------
2026-08-10 02:26:54,831 - INFO - [hk.616049.xyz (HKG)] 开始处理节点维护
2026-08-10 02:26:54,871 - DEBUG - DNS解析重试中 hk.616049.xyz: [Errno -5] No address associated with hostname
2026-08-10 02:26:55,926 - DEBUG - DNS解析重试中 hk.616049.xyz: [Errno -5] No address associated with hostname
2026-08-10 02:26:56,936 - DEBUG - DNS解析重试中 hk.616049.xyz: [Errno -5] No address associated with hostname
2026-08-10 02:26:57,937 - WARNING - [hk.616049.xyz (HKG)] ├─ 无有效DNS记录，触发紧急更新
2026-08-10 02:39:40,261 - ERROR - CFST更新失败: None
2026-08-10 02:39:40,262 - INFO - --------------------------------------------------
2026-08-10 02:39:40,262 - INFO - [us.616049.xyz (LAX)] 开始处理节点维护
2026-08-10 02:39:40,316 - DEBUG - DNS解析重试中 us.616049.xyz: [Errno -5] No address associated with hostname
2026-08-10 02:39:41,362 - DEBUG - DNS解析重试中 us.616049.xyz: [Errno -5] No address associated with hostname
2026-08-10 02:39:42,369 - DEBUG - DNS解析重试中 us.616049.xyz: [Errno -5] No address associated with hostname
2026-08-10 02:39:43,370 - WARNING - [us.616049.xyz (LAX)] ├─ 无有效DNS记录，触发紧急更新
2026-08-10 02:52:26,412 - ERROR - CFST更新失败: None
2026-08-10 02:52:26,412 - INFO - --------------------------------------------------
2026-08-10 02:52:26,412 - INFO - [de.616049.xyz (FRA)] 开始处理节点维护
2026-08-10 02:52:26,468 - DEBUG - DNS解析重试中 de.616049.xyz: [Errno -5] No address associated with hostname
2026-08-10 02:52:27,517 - DEBUG - DNS解析重试中 de.616049.xyz: [Errno -5] No address associated with hostname
2026-08-10 02:52:28,525 - DEBUG - DNS解析重试中 de.616049.xyz: [Errno -5] No address associated with hostname
2026-08-10 02:52:29,526 - WARNING - [de.616049.xyz (FRA)] ├─ 无有效DNS记录，触发紧急更新
2026-08-10 03:05:11,744 - ERROR - CFST更新失败: None
2026-08-10 03:05:11,748 - DEBUG - Starting new HTTPS connection (1): api.telegram.org:443
2026-08-10 03:05:12,179 - DEBUG - https://api.telegram.org:443 "POST /bot/sendMessage HTTP/1.1" 404 55
