2026-09-15 15:00:03,488 - INFO - 启动维护任务 | 协议类型: IPV4
2026-09-15 15:00:03,488 - INFO - --------------------------------------------------
2026-09-15 15:00:03,488 - INFO - [hk.616049.xyz (HKG)] 开始处理节点维护
2026-09-15 15:00:03,573 - DEBUG - DNS解析重试中 hk.616049.xyz: [Errno -5] No address associated with hostname
2026-09-15 15:00:04,649 - DEBUG - DNS解析重试中 hk.616049.xyz: [Errno -5] No address associated with hostname
2026-09-15 15:00:05,700 - DEBUG - DNS解析重试中 hk.616049.xyz: [Errno -5] No address associated with hostname
2026-09-15 15:00:06,702 - WARNING - [hk.616049.xyz (HKG)] ├─ 无有效DNS记录，触发紧急更新
2026-09-15 15:12:24,742 - ERROR - CFST更新失败: None
2026-09-15 15:12:24,742 - INFO - --------------------------------------------------
2026-09-15 15:12:24,742 - INFO - [us.616049.xyz (LAX)] 开始处理节点维护
2026-09-15 15:12:24,791 - DEBUG - DNS解析重试中 us.616049.xyz: [Errno -5] No address associated with hostname
2026-09-15 15:12:25,853 - DEBUG - DNS解析重试中 us.616049.xyz: [Errno -5] No address associated with hostname
2026-09-15 15:12:26,889 - DEBUG - DNS解析重试中 us.616049.xyz: [Errno -5] No address associated with hostname
2026-09-15 15:12:27,890 - WARNING - [us.616049.xyz (LAX)] ├─ 无有效DNS记录，触发紧急更新
2026-09-15 15:24:41,395 - ERROR - CFST更新失败: None
2026-09-15 15:24:41,396 - INFO - --------------------------------------------------
2026-09-15 15:24:41,396 - INFO - [de.616049.xyz (FRA)] 开始处理节点维护
2026-09-15 15:24:41,438 - DEBUG - DNS解析重试中 de.616049.xyz: [Errno -5] No address associated with hostname
2026-09-15 15:24:42,481 - DEBUG - DNS解析重试中 de.616049.xyz: [Errno -5] No address associated with hostname
2026-09-15 15:24:43,526 - DEBUG - DNS解析重试中 de.616049.xyz: [Errno -5] No address associated with hostname
2026-09-15 15:24:44,528 - WARNING - [de.616049.xyz (FRA)] ├─ 无有效DNS记录，触发紧急更新
2026-09-15 15:37:02,594 - ERROR - CFST更新失败: None
2026-09-15 15:37:02,597 - DEBUG - Starting new HTTPS connection (1): api.telegram.org:443
2026-09-15 15:37:03,077 - DEBUG - https://api.telegram.org:443 "POST /bot/sendMessage HTTP/1.1" 404 55
