2026-08-11 18:42:43,424 - INFO - 启动维护任务 | 协议类型: IPV4
2026-08-11 18:42:43,424 - INFO - --------------------------------------------------
2026-08-11 18:42:43,424 - INFO - [hk.616049.xyz (HKG)] 开始处理节点维护
2026-08-11 18:42:43,471 - DEBUG - DNS解析重试中 hk.616049.xyz: [Errno -5] No address associated with hostname
2026-08-11 18:42:44,514 - DEBUG - DNS解析重试中 hk.616049.xyz: [Errno -5] No address associated with hostname
2026-08-11 18:42:45,559 - DEBUG - DNS解析重试中 hk.616049.xyz: [Errno -5] No address associated with hostname
2026-08-11 18:42:46,560 - WARNING - [hk.616049.xyz (HKG)] ├─ 无有效DNS记录，触发紧急更新
2026-08-11 18:55:18,355 - ERROR - CFST更新失败: None
2026-08-11 18:55:18,355 - INFO - --------------------------------------------------
2026-08-11 18:55:18,355 - INFO - [us.616049.xyz (LAX)] 开始处理节点维护
2026-08-11 18:55:18,394 - DEBUG - DNS解析重试中 us.616049.xyz: [Errno -5] No address associated with hostname
2026-08-11 18:55:19,442 - DEBUG - DNS解析重试中 us.616049.xyz: [Errno -5] No address associated with hostname
2026-08-11 18:55:20,501 - DEBUG - DNS解析重试中 us.616049.xyz: [Errno -5] No address associated with hostname
2026-08-11 18:55:21,502 - WARNING - [us.616049.xyz (LAX)] ├─ 无有效DNS记录，触发紧急更新
2026-08-11 19:07:52,974 - ERROR - CFST更新失败: None
2026-08-11 19:07:52,975 - INFO - --------------------------------------------------
2026-08-11 19:07:52,975 - INFO - [de.616049.xyz (FRA)] 开始处理节点维护
2026-08-11 19:07:53,013 - DEBUG - DNS解析重试中 de.616049.xyz: [Errno -5] No address associated with hostname
2026-08-11 19:07:54,049 - DEBUG - DNS解析重试中 de.616049.xyz: [Errno -5] No address associated with hostname
2026-08-11 19:07:55,095 - DEBUG - DNS解析重试中 de.616049.xyz: [Errno -5] No address associated with hostname
2026-08-11 19:07:56,096 - WARNING - [de.616049.xyz (FRA)] ├─ 无有效DNS记录，触发紧急更新
2026-08-11 19:20:28,720 - ERROR - CFST更新失败: None
2026-08-11 19:20:28,724 - DEBUG - Starting new HTTPS connection (1): api.telegram.org:443
2026-08-11 19:20:29,178 - DEBUG - https://api.telegram.org:443 "POST /bot/sendMessage HTTP/1.1" 404 55
