2026-09-19 10:26:24,948 - INFO - 启动维护任务 | 协议类型: IPV4
2026-09-19 10:26:24,948 - INFO - --------------------------------------------------
2026-09-19 10:26:24,948 - INFO - [hk.616049.xyz (HKG)] 开始处理节点维护
2026-09-19 10:26:24,987 - DEBUG - DNS解析重试中 hk.616049.xyz: [Errno -5] No address associated with hostname
2026-09-19 10:26:26,035 - DEBUG - DNS解析重试中 hk.616049.xyz: [Errno -5] No address associated with hostname
2026-09-19 10:26:27,268 - DEBUG - DNS解析重试中 hk.616049.xyz: [Errno -5] No address associated with hostname
2026-09-19 10:26:28,269 - WARNING - [hk.616049.xyz (HKG)] ├─ 无有效DNS记录，触发紧急更新
2026-09-19 10:39:00,478 - ERROR - CFST更新失败: None
2026-09-19 10:39:00,478 - INFO - --------------------------------------------------
2026-09-19 10:39:00,478 - INFO - [us.616049.xyz (LAX)] 开始处理节点维护
2026-09-19 10:39:00,522 - DEBUG - DNS解析重试中 us.616049.xyz: [Errno -5] No address associated with hostname
2026-09-19 10:39:01,559 - DEBUG - DNS解析重试中 us.616049.xyz: [Errno -5] No address associated with hostname
2026-09-19 10:39:02,600 - DEBUG - DNS解析重试中 us.616049.xyz: [Errno -5] No address associated with hostname
2026-09-19 10:39:03,601 - WARNING - [us.616049.xyz (LAX)] ├─ 无有效DNS记录，触发紧急更新
2026-09-19 10:51:35,606 - ERROR - CFST更新失败: None
2026-09-19 10:51:35,606 - INFO - --------------------------------------------------
2026-09-19 10:51:35,606 - INFO - [de.616049.xyz (FRA)] 开始处理节点维护
2026-09-19 10:51:35,659 - DEBUG - DNS解析重试中 de.616049.xyz: [Errno -5] No address associated with hostname
2026-09-19 10:51:36,701 - DEBUG - DNS解析重试中 de.616049.xyz: [Errno -5] No address associated with hostname
2026-09-19 10:51:37,746 - DEBUG - DNS解析重试中 de.616049.xyz: [Errno -5] No address associated with hostname
2026-09-19 10:51:38,747 - WARNING - [de.616049.xyz (FRA)] ├─ 无有效DNS记录，触发紧急更新
2026-09-19 11:04:11,619 - ERROR - CFST更新失败: None
2026-09-19 11:04:11,623 - DEBUG - Starting new HTTPS connection (1): api.telegram.org:443
2026-09-19 11:04:12,071 - DEBUG - https://api.telegram.org:443 "POST /bot/sendMessage HTTP/1.1" 404 55
