2026-08-14 06:31:54,868 - INFO - 启动维护任务 | 协议类型: IPV4
2026-08-14 06:31:54,868 - INFO - --------------------------------------------------
2026-08-14 06:31:54,868 - INFO - [hk.616049.xyz (HKG)] 开始处理节点维护
2026-08-14 06:31:54,911 - DEBUG - DNS解析重试中 hk.616049.xyz: [Errno -5] No address associated with hostname
2026-08-14 06:31:55,954 - DEBUG - DNS解析重试中 hk.616049.xyz: [Errno -5] No address associated with hostname
2026-08-14 06:31:56,994 - DEBUG - DNS解析重试中 hk.616049.xyz: [Errno -5] No address associated with hostname
2026-08-14 06:31:57,996 - WARNING - [hk.616049.xyz (HKG)] ├─ 无有效DNS记录，触发紧急更新
2026-08-14 06:44:30,622 - ERROR - CFST更新失败: None
2026-08-14 06:44:30,622 - INFO - --------------------------------------------------
2026-08-14 06:44:30,622 - INFO - [us.616049.xyz (LAX)] 开始处理节点维护
2026-08-14 06:44:30,672 - DEBUG - DNS解析重试中 us.616049.xyz: [Errno -5] No address associated with hostname
2026-08-14 06:44:31,719 - DEBUG - DNS解析重试中 us.616049.xyz: [Errno -5] No address associated with hostname
2026-08-14 06:44:32,757 - DEBUG - DNS解析重试中 us.616049.xyz: [Errno -5] No address associated with hostname
2026-08-14 06:44:33,758 - WARNING - [us.616049.xyz (LAX)] ├─ 无有效DNS记录，触发紧急更新
2026-08-14 06:57:06,642 - ERROR - CFST更新失败: None
2026-08-14 06:57:06,643 - INFO - --------------------------------------------------
2026-08-14 06:57:06,643 - INFO - [de.616049.xyz (FRA)] 开始处理节点维护
2026-08-14 06:57:06,696 - DEBUG - DNS解析重试中 de.616049.xyz: [Errno -5] No address associated with hostname
2026-08-14 06:57:07,739 - DEBUG - DNS解析重试中 de.616049.xyz: [Errno -5] No address associated with hostname
2026-08-14 06:57:08,779 - DEBUG - DNS解析重试中 de.616049.xyz: [Errno -5] No address associated with hostname
2026-08-14 06:57:09,780 - WARNING - [de.616049.xyz (FRA)] ├─ 无有效DNS记录，触发紧急更新
2026-08-14 07:09:43,240 - ERROR - CFST更新失败: None
2026-08-14 07:09:43,244 - DEBUG - Starting new HTTPS connection (1): api.telegram.org:443
2026-08-14 07:09:43,698 - DEBUG - https://api.telegram.org:443 "POST /bot/sendMessage HTTP/1.1" 404 55
