2026-09-25 17:13:40,611 - INFO - 启动维护任务 | 协议类型: IPV4
2026-09-25 17:13:40,611 - INFO - --------------------------------------------------
2026-09-25 17:13:40,611 - INFO - [hk.616049.xyz (HKG)] 开始处理节点维护
2026-09-25 17:13:40,662 - DEBUG - DNS解析重试中 hk.616049.xyz: [Errno -5] No address associated with hostname
2026-09-25 17:13:41,715 - DEBUG - DNS解析重试中 hk.616049.xyz: [Errno -5] No address associated with hostname
2026-09-25 17:13:42,767 - DEBUG - DNS解析重试中 hk.616049.xyz: [Errno -5] No address associated with hostname
2026-09-25 17:13:43,769 - WARNING - [hk.616049.xyz (HKG)] ├─ 无有效DNS记录，触发紧急更新
2026-09-25 17:26:24,879 - ERROR - CFST更新失败: None
2026-09-25 17:26:24,879 - INFO - --------------------------------------------------
2026-09-25 17:26:24,879 - INFO - [us.616049.xyz (LAX)] 开始处理节点维护
2026-09-25 17:26:24,931 - DEBUG - DNS解析重试中 us.616049.xyz: [Errno -5] No address associated with hostname
2026-09-25 17:26:25,975 - DEBUG - DNS解析重试中 us.616049.xyz: [Errno -5] No address associated with hostname
2026-09-25 17:26:27,025 - DEBUG - DNS解析重试中 us.616049.xyz: [Errno -5] No address associated with hostname
2026-09-25 17:26:28,026 - WARNING - [us.616049.xyz (LAX)] ├─ 无有效DNS记录，触发紧急更新
2026-09-25 17:39:09,064 - ERROR - CFST更新失败: None
2026-09-25 17:39:09,064 - INFO - --------------------------------------------------
2026-09-25 17:39:09,064 - INFO - [de.616049.xyz (FRA)] 开始处理节点维护
2026-09-25 17:39:09,116 - DEBUG - DNS解析重试中 de.616049.xyz: [Errno -5] No address associated with hostname
2026-09-25 17:39:10,160 - DEBUG - DNS解析重试中 de.616049.xyz: [Errno -5] No address associated with hostname
2026-09-25 17:39:11,205 - DEBUG - DNS解析重试中 de.616049.xyz: [Errno -5] No address associated with hostname
2026-09-25 17:39:12,207 - WARNING - [de.616049.xyz (FRA)] ├─ 无有效DNS记录，触发紧急更新
2026-09-25 17:51:52,387 - ERROR - CFST更新失败: None
2026-09-25 17:51:52,391 - DEBUG - Starting new HTTPS connection (1): api.telegram.org:443
2026-09-25 17:51:52,737 - DEBUG - https://api.telegram.org:443 "POST /bot/sendMessage HTTP/1.1" 404 55
