2026-08-19 10:50:06,449 - INFO - 启动维护任务 | 协议类型: IPV4
2026-08-19 10:50:06,449 - INFO - --------------------------------------------------
2026-08-19 10:50:06,449 - INFO - [hk.616049.xyz (HKG)] 开始处理节点维护
2026-08-19 10:50:06,481 - DEBUG - DNS解析重试中 hk.616049.xyz: [Errno -5] No address associated with hostname
2026-08-19 10:50:07,521 - DEBUG - DNS解析重试中 hk.616049.xyz: [Errno -5] No address associated with hostname
2026-08-19 10:50:08,548 - DEBUG - DNS解析重试中 hk.616049.xyz: [Errno -5] No address associated with hostname
2026-08-19 10:50:09,550 - WARNING - [hk.616049.xyz (HKG)] ├─ 无有效DNS记录，触发紧急更新
2026-08-19 11:02:23,300 - ERROR - CFST更新失败: None
2026-08-19 11:02:23,300 - INFO - --------------------------------------------------
2026-08-19 11:02:23,300 - INFO - [us.616049.xyz (LAX)] 开始处理节点维护
2026-08-19 11:02:23,342 - DEBUG - DNS解析重试中 us.616049.xyz: [Errno -5] No address associated with hostname
2026-08-19 11:02:24,377 - DEBUG - DNS解析重试中 us.616049.xyz: [Errno -5] No address associated with hostname
2026-08-19 11:02:25,412 - DEBUG - DNS解析重试中 us.616049.xyz: [Errno -5] No address associated with hostname
2026-08-19 11:02:26,414 - WARNING - [us.616049.xyz (LAX)] ├─ 无有效DNS记录，触发紧急更新
2026-08-19 11:14:40,033 - ERROR - CFST更新失败: None
2026-08-19 11:14:40,033 - INFO - --------------------------------------------------
2026-08-19 11:14:40,034 - INFO - [de.616049.xyz (FRA)] 开始处理节点维护
2026-08-19 11:14:40,069 - DEBUG - DNS解析重试中 de.616049.xyz: [Errno -5] No address associated with hostname
2026-08-19 11:14:41,107 - DEBUG - DNS解析重试中 de.616049.xyz: [Errno -5] No address associated with hostname
2026-08-19 11:14:42,149 - DEBUG - DNS解析重试中 de.616049.xyz: [Errno -5] No address associated with hostname
2026-08-19 11:14:43,150 - WARNING - [de.616049.xyz (FRA)] ├─ 无有效DNS记录，触发紧急更新
2026-08-19 11:26:56,295 - ERROR - CFST更新失败: None
2026-08-19 11:26:56,298 - DEBUG - Starting new HTTPS connection (1): api.telegram.org:443
2026-08-19 11:26:56,708 - DEBUG - https://api.telegram.org:443 "POST /bot/sendMessage HTTP/1.1" 404 55
