2026-10-10 18:18:22,049 - INFO - 启动维护任务 | 协议类型: IPV4
2026-10-10 18:18:22,050 - INFO - --------------------------------------------------
2026-10-10 18:18:22,050 - INFO - [hk.616049.xyz (HKG)] 开始处理节点维护
2026-10-10 18:18:22,091 - DEBUG - DNS解析重试中 hk.616049.xyz: [Errno -5] No address associated with hostname
2026-10-10 18:18:23,132 - DEBUG - DNS解析重试中 hk.616049.xyz: [Errno -5] No address associated with hostname
2026-10-10 18:18:24,169 - DEBUG - DNS解析重试中 hk.616049.xyz: [Errno -5] No address associated with hostname
2026-10-10 18:18:25,170 - WARNING - [hk.616049.xyz (HKG)] ├─ 无有效DNS记录，触发紧急更新
2026-10-10 18:30:55,989 - ERROR - CFST更新失败: None
2026-10-10 18:30:55,990 - INFO - --------------------------------------------------
2026-10-10 18:30:55,990 - INFO - [us.616049.xyz (LAX)] 开始处理节点维护
2026-10-10 18:30:56,037 - DEBUG - DNS解析重试中 us.616049.xyz: [Errno -5] No address associated with hostname
2026-10-10 18:30:57,080 - DEBUG - DNS解析重试中 us.616049.xyz: [Errno -5] No address associated with hostname
2026-10-10 18:30:58,119 - DEBUG - DNS解析重试中 us.616049.xyz: [Errno -5] No address associated with hostname
2026-10-10 18:30:59,120 - WARNING - [us.616049.xyz (LAX)] ├─ 无有效DNS记录，触发紧急更新
2026-10-10 18:43:30,636 - ERROR - CFST更新失败: None
2026-10-10 18:43:30,636 - INFO - --------------------------------------------------
2026-10-10 18:43:30,636 - INFO - [de.616049.xyz (FRA)] 开始处理节点维护
2026-10-10 18:43:30,674 - DEBUG - DNS解析重试中 de.616049.xyz: [Errno -5] No address associated with hostname
2026-10-10 18:43:31,680 - DEBUG - DNS解析重试中 de.616049.xyz: [Errno -5] No address associated with hostname
2026-10-10 18:43:32,729 - DEBUG - DNS解析重试中 de.616049.xyz: [Errno -5] No address associated with hostname
2026-10-10 18:43:33,731 - WARNING - [de.616049.xyz (FRA)] ├─ 无有效DNS记录，触发紧急更新
2026-10-10 18:56:04,218 - ERROR - CFST更新失败: None
2026-10-10 18:56:04,222 - DEBUG - Starting new HTTPS connection (1): api.telegram.org:443
2026-10-10 18:56:04,570 - DEBUG - https://api.telegram.org:443 "POST /bot/sendMessage HTTP/1.1" 404 55
