2026-08-25 14:31:09,869 - INFO - 启动维护任务 | 协议类型: IPV4
2026-08-25 14:31:09,869 - INFO - --------------------------------------------------
2026-08-25 14:31:09,869 - INFO - [hk.616049.xyz (HKG)] 开始处理节点维护
2026-08-25 14:31:09,890 - DEBUG - DNS解析重试中 hk.616049.xyz: [Errno -5] No address associated with hostname
2026-08-25 14:31:10,898 - DEBUG - DNS解析重试中 hk.616049.xyz: [Errno -5] No address associated with hostname
2026-08-25 14:31:11,936 - DEBUG - DNS解析重试中 hk.616049.xyz: [Errno -5] No address associated with hostname
2026-08-25 14:31:12,937 - WARNING - [hk.616049.xyz (HKG)] ├─ 无有效DNS记录，触发紧急更新
2026-08-25 14:43:48,590 - ERROR - CFST更新失败: None
2026-08-25 14:43:48,590 - INFO - --------------------------------------------------
2026-08-25 14:43:48,590 - INFO - [us.616049.xyz (LAX)] 开始处理节点维护
2026-08-25 14:43:48,610 - DEBUG - DNS解析重试中 us.616049.xyz: [Errno -5] No address associated with hostname
2026-08-25 14:43:49,640 - DEBUG - DNS解析重试中 us.616049.xyz: [Errno -5] No address associated with hostname
2026-08-25 14:43:50,676 - DEBUG - DNS解析重试中 us.616049.xyz: [Errno -5] No address associated with hostname
2026-08-25 14:43:51,678 - WARNING - [us.616049.xyz (LAX)] ├─ 无有效DNS记录，触发紧急更新
2026-08-25 14:56:26,594 - ERROR - CFST更新失败: None
2026-08-25 14:56:26,595 - INFO - --------------------------------------------------
2026-08-25 14:56:26,595 - INFO - [de.616049.xyz (FRA)] 开始处理节点维护
2026-08-25 14:56:26,628 - DEBUG - DNS解析重试中 de.616049.xyz: [Errno -5] No address associated with hostname
2026-08-25 14:56:27,655 - DEBUG - DNS解析重试中 de.616049.xyz: [Errno -5] No address associated with hostname
2026-08-25 14:56:28,677 - DEBUG - DNS解析重试中 de.616049.xyz: [Errno -5] No address associated with hostname
2026-08-25 14:56:29,679 - WARNING - [de.616049.xyz (FRA)] ├─ 无有效DNS记录，触发紧急更新
2026-08-25 15:09:05,242 - ERROR - CFST更新失败: None
2026-08-25 15:09:05,246 - DEBUG - Starting new HTTPS connection (1): api.telegram.org:443
2026-08-25 15:09:05,543 - DEBUG - https://api.telegram.org:443 "POST /bot/sendMessage HTTP/1.1" 404 55
