2026-09-30 15:45:38,104 - INFO - 启动维护任务 | 协议类型: IPV4
2026-09-30 15:45:38,104 - INFO - --------------------------------------------------
2026-09-30 15:45:38,105 - INFO - [hk.616049.xyz (HKG)] 开始处理节点维护
2026-09-30 15:45:38,177 - DEBUG - DNS解析重试中 hk.616049.xyz: [Errno -5] No address associated with hostname
2026-09-30 15:45:39,235 - DEBUG - DNS解析重试中 hk.616049.xyz: [Errno -5] No address associated with hostname
2026-09-30 15:45:40,291 - DEBUG - DNS解析重试中 hk.616049.xyz: [Errno -5] No address associated with hostname
2026-09-30 15:45:41,292 - WARNING - [hk.616049.xyz (HKG)] ├─ 无有效DNS记录，触发紧急更新
2026-09-30 15:58:13,222 - ERROR - CFST更新失败: None
2026-09-30 15:58:13,222 - INFO - --------------------------------------------------
2026-09-30 15:58:13,222 - INFO - [us.616049.xyz (LAX)] 开始处理节点维护
2026-09-30 15:58:13,274 - DEBUG - DNS解析重试中 us.616049.xyz: [Errno -5] No address associated with hostname
2026-09-30 15:58:14,345 - DEBUG - DNS解析重试中 us.616049.xyz: [Errno -5] No address associated with hostname
2026-09-30 15:58:15,421 - DEBUG - DNS解析重试中 us.616049.xyz: [Errno -5] No address associated with hostname
2026-09-30 15:58:16,422 - WARNING - [us.616049.xyz (LAX)] ├─ 无有效DNS记录，触发紧急更新
2026-09-30 16:10:48,194 - ERROR - CFST更新失败: None
2026-09-30 16:10:48,194 - INFO - --------------------------------------------------
2026-09-30 16:10:48,194 - INFO - [de.616049.xyz (FRA)] 开始处理节点维护
2026-09-30 16:10:48,248 - DEBUG - DNS解析重试中 de.616049.xyz: [Errno -5] No address associated with hostname
2026-09-30 16:10:49,301 - DEBUG - DNS解析重试中 de.616049.xyz: [Errno -5] No address associated with hostname
2026-09-30 16:10:50,373 - DEBUG - DNS解析重试中 de.616049.xyz: [Errno -5] No address associated with hostname
2026-09-30 16:10:51,375 - WARNING - [de.616049.xyz (FRA)] ├─ 无有效DNS记录，触发紧急更新
2026-09-30 16:23:23,375 - ERROR - CFST更新失败: None
2026-09-30 16:23:23,379 - DEBUG - Starting new HTTPS connection (1): api.telegram.org:443
2026-09-30 16:23:23,768 - DEBUG - https://api.telegram.org:443 "POST /bot/sendMessage HTTP/1.1" 404 55
