2026-09-24 10:26:01,325 - INFO - 启动维护任务 | 协议类型: IPV4
2026-09-24 10:26:01,325 - INFO - --------------------------------------------------
2026-09-24 10:26:01,326 - INFO - [hk.616049.xyz (HKG)] 开始处理节点维护
2026-09-24 10:26:01,357 - DEBUG - DNS解析重试中 hk.616049.xyz: [Errno -5] No address associated with hostname
2026-09-24 10:26:02,378 - DEBUG - DNS解析重试中 hk.616049.xyz: [Errno -5] No address associated with hostname
2026-09-24 10:26:03,411 - DEBUG - DNS解析重试中 hk.616049.xyz: [Errno -5] No address associated with hostname
2026-09-24 10:26:04,413 - WARNING - [hk.616049.xyz (HKG)] ├─ 无有效DNS记录，触发紧急更新
2026-09-24 10:38:35,466 - ERROR - CFST更新失败: None
2026-09-24 10:38:35,466 - INFO - --------------------------------------------------
2026-09-24 10:38:35,466 - INFO - [us.616049.xyz (LAX)] 开始处理节点维护
2026-09-24 10:38:35,508 - DEBUG - DNS解析重试中 us.616049.xyz: [Errno -5] No address associated with hostname
2026-09-24 10:38:36,526 - DEBUG - DNS解析重试中 us.616049.xyz: [Errno -5] No address associated with hostname
2026-09-24 10:38:37,557 - DEBUG - DNS解析重试中 us.616049.xyz: [Errno -5] No address associated with hostname
2026-09-24 10:38:38,558 - WARNING - [us.616049.xyz (LAX)] ├─ 无有效DNS记录，触发紧急更新
2026-09-24 10:51:08,153 - ERROR - CFST更新失败: None
2026-09-24 10:51:08,153 - INFO - --------------------------------------------------
2026-09-24 10:51:08,153 - INFO - [de.616049.xyz (FRA)] 开始处理节点维护
2026-09-24 10:51:08,181 - DEBUG - DNS解析重试中 de.616049.xyz: [Errno -5] No address associated with hostname
2026-09-24 10:51:09,200 - DEBUG - DNS解析重试中 de.616049.xyz: [Errno -5] No address associated with hostname
2026-09-24 10:51:10,206 - DEBUG - DNS解析重试中 de.616049.xyz: [Errno -5] No address associated with hostname
2026-09-24 10:51:11,208 - WARNING - [de.616049.xyz (FRA)] ├─ 无有效DNS记录，触发紧急更新
2026-09-24 11:03:41,288 - ERROR - CFST更新失败: None
2026-09-24 11:03:41,292 - DEBUG - Starting new HTTPS connection (1): api.telegram.org:443
2026-09-24 11:03:41,745 - DEBUG - https://api.telegram.org:443 "POST /bot/sendMessage HTTP/1.1" 404 55
