2026-09-07 07:22:01,248 - INFO - 启动维护任务 | 协议类型: IPV4
2026-09-07 07:22:01,248 - INFO - --------------------------------------------------
2026-09-07 07:22:01,248 - INFO - [hk.616049.xyz (HKG)] 开始处理节点维护
2026-09-07 07:22:01,263 - DEBUG - DNS解析重试中 hk.616049.xyz: [Errno -5] No address associated with hostname
2026-09-07 07:22:02,298 - DEBUG - DNS解析重试中 hk.616049.xyz: [Errno -5] No address associated with hostname
2026-09-07 07:22:03,313 - DEBUG - DNS解析重试中 hk.616049.xyz: [Errno -5] No address associated with hostname
2026-09-07 07:22:04,314 - WARNING - [hk.616049.xyz (HKG)] ├─ 无有效DNS记录，触发紧急更新
2026-09-07 07:34:35,306 - ERROR - CFST更新失败: None
2026-09-07 07:34:35,306 - INFO - --------------------------------------------------
2026-09-07 07:34:35,306 - INFO - [us.616049.xyz (LAX)] 开始处理节点维护
2026-09-07 07:34:35,335 - DEBUG - DNS解析重试中 us.616049.xyz: [Errno -5] No address associated with hostname
2026-09-07 07:34:36,351 - DEBUG - DNS解析重试中 us.616049.xyz: [Errno -5] No address associated with hostname
2026-09-07 07:34:37,376 - DEBUG - DNS解析重试中 us.616049.xyz: [Errno -5] No address associated with hostname
2026-09-07 07:34:38,377 - WARNING - [us.616049.xyz (LAX)] ├─ 无有效DNS记录，触发紧急更新
2026-09-07 07:47:07,018 - ERROR - CFST更新失败: None
2026-09-07 07:47:07,018 - INFO - --------------------------------------------------
2026-09-07 07:47:07,018 - INFO - [de.616049.xyz (FRA)] 开始处理节点维护
2026-09-07 07:47:07,041 - DEBUG - DNS解析重试中 de.616049.xyz: [Errno -5] No address associated with hostname
2026-09-07 07:47:08,065 - DEBUG - DNS解析重试中 de.616049.xyz: [Errno -5] No address associated with hostname
2026-09-07 07:47:09,096 - DEBUG - DNS解析重试中 de.616049.xyz: [Errno -5] No address associated with hostname
2026-09-07 07:47:10,098 - WARNING - [de.616049.xyz (FRA)] ├─ 无有效DNS记录，触发紧急更新
2026-09-07 07:59:39,225 - ERROR - CFST更新失败: None
2026-09-07 07:59:39,228 - DEBUG - Starting new HTTPS connection (1): api.telegram.org:443
2026-09-07 07:59:39,506 - DEBUG - https://api.telegram.org:443 "POST /bot/sendMessage HTTP/1.1" 404 55
