2026-09-30 08:55:09,832 - INFO - 启动维护任务 | 协议类型: IPV4
2026-09-30 08:55:09,832 - INFO - --------------------------------------------------
2026-09-30 08:55:09,832 - INFO - [hk.616049.xyz (HKG)] 开始处理节点维护
2026-09-30 08:55:09,859 - DEBUG - DNS解析重试中 hk.616049.xyz: [Errno -5] No address associated with hostname
2026-09-30 08:55:10,893 - DEBUG - DNS解析重试中 hk.616049.xyz: [Errno -5] No address associated with hostname
2026-09-30 08:55:11,907 - DEBUG - DNS解析重试中 hk.616049.xyz: [Errno -5] No address associated with hostname
2026-09-30 08:55:12,908 - WARNING - [hk.616049.xyz (HKG)] ├─ 无有效DNS记录，触发紧急更新
2026-09-30 09:07:43,049 - ERROR - CFST更新失败: None
2026-09-30 09:07:43,049 - INFO - --------------------------------------------------
2026-09-30 09:07:43,049 - INFO - [us.616049.xyz (LAX)] 开始处理节点维护
2026-09-30 09:07:43,170 - DEBUG - DNS解析重试中 us.616049.xyz: [Errno -5] No address associated with hostname
2026-09-30 09:07:44,203 - DEBUG - DNS解析重试中 us.616049.xyz: [Errno -5] No address associated with hostname
2026-09-30 09:07:45,221 - DEBUG - DNS解析重试中 us.616049.xyz: [Errno -5] No address associated with hostname
2026-09-30 09:07:46,222 - WARNING - [us.616049.xyz (LAX)] ├─ 无有效DNS记录，触发紧急更新
2026-09-30 09:20:15,548 - ERROR - CFST更新失败: None
2026-09-30 09:20:15,548 - INFO - --------------------------------------------------
2026-09-30 09:20:15,548 - INFO - [de.616049.xyz (FRA)] 开始处理节点维护
2026-09-30 09:20:15,573 - DEBUG - DNS解析重试中 de.616049.xyz: [Errno -5] No address associated with hostname
2026-09-30 09:20:16,596 - DEBUG - DNS解析重试中 de.616049.xyz: [Errno -5] No address associated with hostname
2026-09-30 09:20:17,609 - DEBUG - DNS解析重试中 de.616049.xyz: [Errno -5] No address associated with hostname
2026-09-30 09:20:18,611 - WARNING - [de.616049.xyz (FRA)] ├─ 无有效DNS记录，触发紧急更新
2026-09-30 09:32:49,448 - ERROR - CFST更新失败: None
2026-09-30 09:32:49,452 - DEBUG - Starting new HTTPS connection (1): api.telegram.org:443
2026-09-30 09:32:49,730 - DEBUG - https://api.telegram.org:443 "POST /bot/sendMessage HTTP/1.1" 404 55
