2026-09-09 22:03:26,425 - INFO - 启动维护任务 | 协议类型: IPV4
2026-09-09 22:03:26,425 - INFO - --------------------------------------------------
2026-09-09 22:03:26,425 - INFO - [hk.616049.xyz (HKG)] 开始处理节点维护
2026-09-09 22:03:26,483 - DEBUG - DNS解析重试中 hk.616049.xyz: [Errno -5] No address associated with hostname
2026-09-09 22:03:27,567 - DEBUG - DNS解析重试中 hk.616049.xyz: [Errno -5] No address associated with hostname
2026-09-09 22:03:28,622 - DEBUG - DNS解析重试中 hk.616049.xyz: [Errno -5] No address associated with hostname
2026-09-09 22:03:29,624 - WARNING - [hk.616049.xyz (HKG)] ├─ 无有效DNS记录，触发紧急更新
2026-09-09 22:16:06,656 - ERROR - CFST更新失败: None
2026-09-09 22:16:06,656 - INFO - --------------------------------------------------
2026-09-09 22:16:06,656 - INFO - [us.616049.xyz (LAX)] 开始处理节点维护
2026-09-09 22:16:06,716 - DEBUG - DNS解析重试中 us.616049.xyz: [Errno -5] No address associated with hostname
2026-09-09 22:16:07,752 - DEBUG - DNS解析重试中 us.616049.xyz: [Errno -5] No address associated with hostname
2026-09-09 22:16:08,760 - DEBUG - DNS解析重试中 us.616049.xyz: [Errno -5] No address associated with hostname
2026-09-09 22:16:09,761 - WARNING - [us.616049.xyz (LAX)] ├─ 无有效DNS记录，触发紧急更新
2026-09-09 22:28:46,211 - ERROR - CFST更新失败: None
2026-09-09 22:28:46,212 - INFO - --------------------------------------------------
2026-09-09 22:28:46,212 - INFO - [de.616049.xyz (FRA)] 开始处理节点维护
2026-09-09 22:28:46,277 - DEBUG - DNS解析重试中 de.616049.xyz: [Errno -5] No address associated with hostname
2026-09-09 22:28:47,344 - DEBUG - DNS解析重试中 de.616049.xyz: [Errno -5] No address associated with hostname
2026-09-09 22:28:48,435 - DEBUG - DNS解析重试中 de.616049.xyz: [Errno -5] No address associated with hostname
2026-09-09 22:28:49,436 - WARNING - [de.616049.xyz (FRA)] ├─ 无有效DNS记录，触发紧急更新
2026-09-09 22:41:31,426 - ERROR - CFST更新失败: None
2026-09-09 22:41:31,429 - DEBUG - Starting new HTTPS connection (1): api.telegram.org:443
2026-09-09 22:41:31,814 - DEBUG - https://api.telegram.org:443 "POST /bot/sendMessage HTTP/1.1" 404 55
