2026-09-23 07:55:36,083 - INFO - 启动维护任务 | 协议类型: IPV4
2026-09-23 07:55:36,083 - INFO - --------------------------------------------------
2026-09-23 07:55:36,083 - INFO - [hk.616049.xyz (HKG)] 开始处理节点维护
2026-09-23 07:55:36,118 - DEBUG - DNS解析重试中 hk.616049.xyz: [Errno -5] No address associated with hostname
2026-09-23 07:55:37,144 - DEBUG - DNS解析重试中 hk.616049.xyz: [Errno -5] No address associated with hostname
2026-09-23 07:55:38,171 - DEBUG - DNS解析重试中 hk.616049.xyz: [Errno -5] No address associated with hostname
2026-09-23 07:55:39,173 - WARNING - [hk.616049.xyz (HKG)] ├─ 无有效DNS记录，触发紧急更新
2026-09-23 08:08:10,447 - ERROR - CFST更新失败: None
2026-09-23 08:08:10,448 - INFO - --------------------------------------------------
2026-09-23 08:08:10,448 - INFO - [us.616049.xyz (LAX)] 开始处理节点维护
2026-09-23 08:08:10,492 - DEBUG - DNS解析重试中 us.616049.xyz: [Errno -5] No address associated with hostname
2026-09-23 08:08:11,520 - DEBUG - DNS解析重试中 us.616049.xyz: [Errno -5] No address associated with hostname
2026-09-23 08:08:12,549 - DEBUG - DNS解析重试中 us.616049.xyz: [Errno -5] No address associated with hostname
2026-09-23 08:08:13,550 - WARNING - [us.616049.xyz (LAX)] ├─ 无有效DNS记录，触发紧急更新
2026-09-23 08:20:45,056 - ERROR - CFST更新失败: None
2026-09-23 08:20:45,056 - INFO - --------------------------------------------------
2026-09-23 08:20:45,056 - INFO - [de.616049.xyz (FRA)] 开始处理节点维护
2026-09-23 08:20:45,074 - DEBUG - DNS解析重试中 de.616049.xyz: [Errno -5] No address associated with hostname
2026-09-23 08:20:46,102 - DEBUG - DNS解析重试中 de.616049.xyz: [Errno -5] No address associated with hostname
2026-09-23 08:20:47,124 - DEBUG - DNS解析重试中 de.616049.xyz: [Errno -5] No address associated with hostname
2026-09-23 08:20:48,125 - WARNING - [de.616049.xyz (FRA)] ├─ 无有效DNS记录，触发紧急更新
2026-09-23 08:33:20,013 - ERROR - CFST更新失败: None
2026-09-23 08:33:20,017 - DEBUG - Starting new HTTPS connection (1): api.telegram.org:443
2026-09-23 08:33:20,309 - DEBUG - https://api.telegram.org:443 "POST /bot/sendMessage HTTP/1.1" 404 55
