2026-07-31 01:17:04,552 - INFO - 启动维护任务 | 协议类型: IPV4
2026-07-31 01:17:04,553 - INFO - --------------------------------------------------
2026-07-31 01:17:04,553 - INFO - [hk.616049.xyz (HKG)] 开始处理节点维护
2026-07-31 01:17:04,563 - DEBUG - DNS解析重试中 hk.616049.xyz: [Errno -5] No address associated with hostname
2026-07-31 01:17:05,579 - DEBUG - DNS解析重试中 hk.616049.xyz: [Errno -5] No address associated with hostname
2026-07-31 01:17:06,596 - DEBUG - DNS解析重试中 hk.616049.xyz: [Errno -5] No address associated with hostname
2026-07-31 01:17:07,597 - WARNING - [hk.616049.xyz (HKG)] ├─ 无有效DNS记录，触发紧急更新
2026-07-31 01:29:39,034 - ERROR - CFST更新失败: None
2026-07-31 01:29:39,034 - INFO - --------------------------------------------------
2026-07-31 01:29:39,034 - INFO - [us.616049.xyz (LAX)] 开始处理节点维护
2026-07-31 01:29:39,049 - DEBUG - DNS解析重试中 us.616049.xyz: [Errno -5] No address associated with hostname
2026-07-31 01:29:40,070 - DEBUG - DNS解析重试中 us.616049.xyz: [Errno -5] No address associated with hostname
2026-07-31 01:29:41,081 - DEBUG - DNS解析重试中 us.616049.xyz: [Errno -5] No address associated with hostname
2026-07-31 01:29:42,083 - WARNING - [us.616049.xyz (LAX)] ├─ 无有效DNS记录，触发紧急更新
2026-07-31 01:42:13,072 - ERROR - CFST更新失败: None
2026-07-31 01:42:13,073 - INFO - --------------------------------------------------
2026-07-31 01:42:13,073 - INFO - [de.616049.xyz (FRA)] 开始处理节点维护
2026-07-31 01:42:13,097 - DEBUG - DNS解析重试中 de.616049.xyz: [Errno -5] No address associated with hostname
2026-07-31 01:42:14,108 - DEBUG - DNS解析重试中 de.616049.xyz: [Errno -5] No address associated with hostname
2026-07-31 01:42:15,118 - DEBUG - DNS解析重试中 de.616049.xyz: [Errno -5] No address associated with hostname
2026-07-31 01:42:16,119 - WARNING - [de.616049.xyz (FRA)] ├─ 无有效DNS记录，触发紧急更新
2026-07-31 01:54:47,734 - ERROR - CFST更新失败: None
2026-07-31 01:54:47,737 - DEBUG - Starting new HTTPS connection (1): api.telegram.org:443
2026-07-31 01:54:48,202 - DEBUG - https://api.telegram.org:443 "POST /bot/sendMessage HTTP/1.1" 404 55
