2026-07-30 19:45:53,165 - INFO - 启动维护任务 | 协议类型: IPV4
2026-07-30 19:45:53,165 - INFO - --------------------------------------------------
2026-07-30 19:45:53,165 - INFO - [hk.616049.xyz (HKG)] 开始处理节点维护
2026-07-30 19:45:53,181 - DEBUG - DNS解析重试中 hk.616049.xyz: [Errno -5] No address associated with hostname
2026-07-30 19:45:54,195 - DEBUG - DNS解析重试中 hk.616049.xyz: [Errno -5] No address associated with hostname
2026-07-30 19:45:55,209 - DEBUG - DNS解析重试中 hk.616049.xyz: [Errno -5] No address associated with hostname
2026-07-30 19:45:56,210 - WARNING - [hk.616049.xyz (HKG)] ├─ 无有效DNS记录，触发紧急更新
2026-07-30 19:58:30,109 - ERROR - CFST更新失败: None
2026-07-30 19:58:30,109 - INFO - --------------------------------------------------
2026-07-30 19:58:30,109 - INFO - [us.616049.xyz (LAX)] 开始处理节点维护
2026-07-30 19:58:30,130 - DEBUG - DNS解析重试中 us.616049.xyz: [Errno -5] No address associated with hostname
2026-07-30 19:58:31,156 - DEBUG - DNS解析重试中 us.616049.xyz: [Errno -5] No address associated with hostname
2026-07-30 19:58:32,176 - DEBUG - DNS解析重试中 us.616049.xyz: [Errno -5] No address associated with hostname
2026-07-30 19:58:33,177 - WARNING - [us.616049.xyz (LAX)] ├─ 无有效DNS记录，触发紧急更新
2026-07-30 20:11:07,409 - ERROR - CFST更新失败: None
2026-07-30 20:11:07,409 - INFO - --------------------------------------------------
2026-07-30 20:11:07,409 - INFO - [de.616049.xyz (FRA)] 开始处理节点维护
2026-07-30 20:11:07,428 - DEBUG - DNS解析重试中 de.616049.xyz: [Errno -5] No address associated with hostname
2026-07-30 20:11:08,450 - DEBUG - DNS解析重试中 de.616049.xyz: [Errno -5] No address associated with hostname
2026-07-30 20:11:09,466 - DEBUG - DNS解析重试中 de.616049.xyz: [Errno -5] No address associated with hostname
2026-07-30 20:11:10,467 - WARNING - [de.616049.xyz (FRA)] ├─ 无有效DNS记录，触发紧急更新
2026-07-30 20:23:44,895 - ERROR - CFST更新失败: None
2026-07-30 20:23:44,899 - DEBUG - Starting new HTTPS connection (1): api.telegram.org:443
2026-07-30 20:23:45,177 - DEBUG - https://api.telegram.org:443 "POST /bot/sendMessage HTTP/1.1" 404 55
