2026-08-13 02:50:52,078 - INFO - 启动维护任务 | 协议类型: IPV4
2026-08-13 02:50:52,078 - INFO - --------------------------------------------------
2026-08-13 02:50:52,078 - INFO - [hk.616049.xyz (HKG)] 开始处理节点维护
2026-08-13 02:50:52,118 - DEBUG - DNS解析重试中 hk.616049.xyz: [Errno -5] No address associated with hostname
2026-08-13 02:50:53,175 - DEBUG - DNS解析重试中 hk.616049.xyz: [Errno -5] No address associated with hostname
2026-08-13 02:50:54,214 - DEBUG - DNS解析重试中 hk.616049.xyz: [Errno -5] No address associated with hostname
2026-08-13 02:50:55,216 - WARNING - [hk.616049.xyz (HKG)] ├─ 无有效DNS记录，触发紧急更新
2026-08-13 03:03:37,862 - ERROR - CFST更新失败: None
2026-08-13 03:03:37,862 - INFO - --------------------------------------------------
2026-08-13 03:03:37,862 - INFO - [us.616049.xyz (LAX)] 开始处理节点维护
2026-08-13 03:03:37,904 - DEBUG - DNS解析重试中 us.616049.xyz: [Errno -5] No address associated with hostname
2026-08-13 03:03:38,923 - DEBUG - DNS解析重试中 us.616049.xyz: [Errno -5] No address associated with hostname
2026-08-13 03:03:39,997 - DEBUG - DNS解析重试中 us.616049.xyz: [Errno -5] No address associated with hostname
2026-08-13 03:03:40,998 - WARNING - [us.616049.xyz (LAX)] ├─ 无有效DNS记录，触发紧急更新
2026-08-13 03:16:24,005 - ERROR - CFST更新失败: None
2026-08-13 03:16:24,005 - INFO - --------------------------------------------------
2026-08-13 03:16:24,005 - INFO - [de.616049.xyz (FRA)] 开始处理节点维护
2026-08-13 03:16:24,047 - DEBUG - DNS解析重试中 de.616049.xyz: [Errno -5] No address associated with hostname
2026-08-13 03:16:25,107 - DEBUG - DNS解析重试中 de.616049.xyz: [Errno -5] No address associated with hostname
2026-08-13 03:16:26,155 - DEBUG - DNS解析重试中 de.616049.xyz: [Errno -5] No address associated with hostname
2026-08-13 03:16:27,156 - WARNING - [de.616049.xyz (FRA)] ├─ 无有效DNS记录，触发紧急更新
2026-08-13 03:29:09,659 - ERROR - CFST更新失败: None
2026-08-13 03:29:09,663 - DEBUG - Starting new HTTPS connection (1): api.telegram.org:443
2026-08-13 03:29:10,012 - DEBUG - https://api.telegram.org:443 "POST /bot/sendMessage HTTP/1.1" 404 55
