2026-09-19 07:46:08,152 - INFO - 启动维护任务 | 协议类型: IPV4
2026-09-19 07:46:08,153 - INFO - --------------------------------------------------
2026-09-19 07:46:08,153 - INFO - [hk.616049.xyz (HKG)] 开始处理节点维护
2026-09-19 07:46:08,184 - DEBUG - DNS解析重试中 hk.616049.xyz: [Errno -5] No address associated with hostname
2026-09-19 07:46:09,199 - DEBUG - DNS解析重试中 hk.616049.xyz: [Errno -5] No address associated with hostname
2026-09-19 07:46:10,211 - DEBUG - DNS解析重试中 hk.616049.xyz: [Errno -5] No address associated with hostname
2026-09-19 07:46:11,213 - WARNING - [hk.616049.xyz (HKG)] ├─ 无有效DNS记录，触发紧急更新
2026-09-19 07:58:41,577 - ERROR - CFST更新失败: None
2026-09-19 07:58:41,577 - INFO - --------------------------------------------------
2026-09-19 07:58:41,577 - INFO - [us.616049.xyz (LAX)] 开始处理节点维护
2026-09-19 07:58:41,746 - DEBUG - DNS解析重试中 us.616049.xyz: [Errno -5] No address associated with hostname
2026-09-19 07:58:42,761 - DEBUG - DNS解析重试中 us.616049.xyz: [Errno -5] No address associated with hostname
2026-09-19 07:58:43,796 - DEBUG - DNS解析重试中 us.616049.xyz: [Errno -5] No address associated with hostname
2026-09-19 07:58:44,797 - WARNING - [us.616049.xyz (LAX)] ├─ 无有效DNS记录，触发紧急更新
2026-09-19 08:11:15,080 - ERROR - CFST更新失败: None
2026-09-19 08:11:15,080 - INFO - --------------------------------------------------
2026-09-19 08:11:15,080 - INFO - [de.616049.xyz (FRA)] 开始处理节点维护
2026-09-19 08:11:15,097 - DEBUG - DNS解析重试中 de.616049.xyz: [Errno -5] No address associated with hostname
2026-09-19 08:11:16,150 - DEBUG - DNS解析重试中 de.616049.xyz: [Errno -5] No address associated with hostname
2026-09-19 08:11:17,165 - DEBUG - DNS解析重试中 de.616049.xyz: [Errno -5] No address associated with hostname
2026-09-19 08:11:18,166 - WARNING - [de.616049.xyz (FRA)] ├─ 无有效DNS记录，触发紧急更新
2026-09-19 08:23:49,186 - ERROR - CFST更新失败: None
2026-09-19 08:23:49,190 - DEBUG - Starting new HTTPS connection (1): api.telegram.org:443
2026-09-19 08:23:49,472 - DEBUG - https://api.telegram.org:443 "POST /bot/sendMessage HTTP/1.1" 404 55
