2026-08-12 18:53:20,697 - INFO - 启动维护任务 | 协议类型: IPV4
2026-08-12 18:53:20,697 - INFO - --------------------------------------------------
2026-08-12 18:53:20,697 - INFO - [hk.616049.xyz (HKG)] 开始处理节点维护
2026-08-12 18:53:20,713 - DEBUG - DNS解析重试中 hk.616049.xyz: [Errno -5] No address associated with hostname
2026-08-12 18:53:21,728 - DEBUG - DNS解析重试中 hk.616049.xyz: [Errno -5] No address associated with hostname
2026-08-12 18:53:22,740 - DEBUG - DNS解析重试中 hk.616049.xyz: [Errno -5] No address associated with hostname
2026-08-12 18:53:23,742 - WARNING - [hk.616049.xyz (HKG)] ├─ 无有效DNS记录，触发紧急更新
2026-08-12 19:05:36,457 - ERROR - CFST更新失败: None
2026-08-12 19:05:36,457 - INFO - --------------------------------------------------
2026-08-12 19:05:36,457 - INFO - [us.616049.xyz (LAX)] 开始处理节点维护
2026-08-12 19:05:36,469 - DEBUG - DNS解析重试中 us.616049.xyz: [Errno -5] No address associated with hostname
2026-08-12 19:05:37,479 - DEBUG - DNS解析重试中 us.616049.xyz: [Errno -5] No address associated with hostname
2026-08-12 19:05:38,486 - DEBUG - DNS解析重试中 us.616049.xyz: [Errno -5] No address associated with hostname
2026-08-12 19:05:39,487 - WARNING - [us.616049.xyz (LAX)] ├─ 无有效DNS记录，触发紧急更新
2026-08-12 19:17:57,154 - ERROR - CFST更新失败: None
2026-08-12 19:17:57,154 - INFO - --------------------------------------------------
2026-08-12 19:17:57,154 - INFO - [de.616049.xyz (FRA)] 开始处理节点维护
2026-08-12 19:17:57,165 - DEBUG - DNS解析重试中 de.616049.xyz: [Errno -5] No address associated with hostname
2026-08-12 19:17:58,212 - DEBUG - DNS解析重试中 de.616049.xyz: [Errno -5] No address associated with hostname
2026-08-12 19:17:59,238 - DEBUG - DNS解析重试中 de.616049.xyz: [Errno -5] No address associated with hostname
2026-08-12 19:18:00,239 - WARNING - [de.616049.xyz (FRA)] ├─ 无有效DNS记录，触发紧急更新
2026-08-12 19:30:12,374 - ERROR - CFST更新失败: None
2026-08-12 19:30:12,377 - DEBUG - Starting new HTTPS connection (1): api.telegram.org:443
2026-08-12 19:30:12,824 - DEBUG - https://api.telegram.org:443 "POST /bot/sendMessage HTTP/1.1" 404 55
