2026-07-26 00:47:21,637 - INFO - 启动维护任务 | 协议类型: IPV4
2026-07-26 00:47:21,637 - INFO - --------------------------------------------------
2026-07-26 00:47:21,638 - INFO - [hk.616049.xyz (HKG)] 开始处理节点维护
2026-07-26 00:47:21,682 - DEBUG - DNS解析重试中 hk.616049.xyz: [Errno -5] No address associated with hostname
2026-07-26 00:47:22,740 - DEBUG - DNS解析重试中 hk.616049.xyz: [Errno -5] No address associated with hostname
2026-07-26 00:47:23,787 - DEBUG - DNS解析重试中 hk.616049.xyz: [Errno -5] No address associated with hostname
2026-07-26 00:47:24,789 - WARNING - [hk.616049.xyz (HKG)] ├─ 无有效DNS记录，触发紧急更新
2026-07-26 00:59:36,174 - ERROR - CFST更新失败: None
2026-07-26 00:59:36,175 - INFO - --------------------------------------------------
2026-07-26 00:59:36,175 - INFO - [us.616049.xyz (LAX)] 开始处理节点维护
2026-07-26 00:59:36,211 - DEBUG - DNS解析重试中 us.616049.xyz: [Errno -5] No address associated with hostname
2026-07-26 00:59:37,257 - DEBUG - DNS解析重试中 us.616049.xyz: [Errno -5] No address associated with hostname
2026-07-26 00:59:38,307 - DEBUG - DNS解析重试中 us.616049.xyz: [Errno -5] No address associated with hostname
2026-07-26 00:59:39,308 - WARNING - [us.616049.xyz (LAX)] ├─ 无有效DNS记录，触发紧急更新
2026-07-26 01:11:55,521 - ERROR - CFST更新失败: None
2026-07-26 01:11:55,521 - INFO - --------------------------------------------------
2026-07-26 01:11:55,521 - INFO - [de.616049.xyz (FRA)] 开始处理节点维护
2026-07-26 01:11:55,565 - DEBUG - DNS解析重试中 de.616049.xyz: [Errno -5] No address associated with hostname
2026-07-26 01:11:56,635 - DEBUG - DNS解析重试中 de.616049.xyz: [Errno -5] No address associated with hostname
2026-07-26 01:11:57,667 - DEBUG - DNS解析重试中 de.616049.xyz: [Errno -5] No address associated with hostname
2026-07-26 01:11:58,669 - WARNING - [de.616049.xyz (FRA)] ├─ 无有效DNS记录，触发紧急更新
2026-07-26 01:24:10,077 - ERROR - CFST更新失败: None
2026-07-26 01:24:10,081 - DEBUG - Starting new HTTPS connection (1): api.telegram.org:443
2026-07-26 01:24:10,553 - DEBUG - https://api.telegram.org:443 "POST /bot/sendMessage HTTP/1.1" 404 55
