2026-08-21 14:31:18,867 - INFO - 启动维护任务 | 协议类型: IPV4
2026-08-21 14:31:18,867 - INFO - --------------------------------------------------
2026-08-21 14:31:18,867 - INFO - [hk.616049.xyz (HKG)] 开始处理节点维护
2026-08-21 14:31:18,891 - DEBUG - DNS解析重试中 hk.616049.xyz: [Errno -5] No address associated with hostname
2026-08-21 14:31:19,920 - DEBUG - DNS解析重试中 hk.616049.xyz: [Errno -5] No address associated with hostname
2026-08-21 14:31:20,948 - DEBUG - DNS解析重试中 hk.616049.xyz: [Errno -5] No address associated with hostname
2026-08-21 14:31:21,950 - WARNING - [hk.616049.xyz (HKG)] ├─ 无有效DNS记录，触发紧急更新
2026-08-21 14:43:53,057 - ERROR - CFST更新失败: None
2026-08-21 14:43:53,057 - INFO - --------------------------------------------------
2026-08-21 14:43:53,057 - INFO - [us.616049.xyz (LAX)] 开始处理节点维护
2026-08-21 14:43:53,086 - DEBUG - DNS解析重试中 us.616049.xyz: [Errno -5] No address associated with hostname
2026-08-21 14:43:54,136 - DEBUG - DNS解析重试中 us.616049.xyz: [Errno -5] No address associated with hostname
2026-08-21 14:43:55,177 - DEBUG - DNS解析重试中 us.616049.xyz: [Errno -5] No address associated with hostname
2026-08-21 14:43:56,178 - WARNING - [us.616049.xyz (LAX)] ├─ 无有效DNS记录，触发紧急更新
2026-08-21 14:56:30,100 - ERROR - CFST更新失败: None
2026-08-21 14:56:30,101 - INFO - --------------------------------------------------
2026-08-21 14:56:30,101 - INFO - [de.616049.xyz (FRA)] 开始处理节点维护
2026-08-21 14:56:30,139 - DEBUG - DNS解析重试中 de.616049.xyz: [Errno -5] No address associated with hostname
2026-08-21 14:56:31,173 - DEBUG - DNS解析重试中 de.616049.xyz: [Errno -5] No address associated with hostname
2026-08-21 14:56:32,202 - DEBUG - DNS解析重试中 de.616049.xyz: [Errno -5] No address associated with hostname
2026-08-21 14:56:33,204 - WARNING - [de.616049.xyz (FRA)] ├─ 无有效DNS记录，触发紧急更新
2026-08-21 15:09:05,679 - ERROR - CFST更新失败: None
2026-08-21 15:09:05,682 - DEBUG - Starting new HTTPS connection (1): api.telegram.org:443
2026-08-21 15:09:05,995 - DEBUG - https://api.telegram.org:443 "POST /bot/sendMessage HTTP/1.1" 404 55
