2026-08-11 09:04:39,739 - INFO - 启动维护任务 | 协议类型: IPV4
2026-08-11 09:04:39,739 - INFO - --------------------------------------------------
2026-08-11 09:04:39,739 - INFO - [hk.616049.xyz (HKG)] 开始处理节点维护
2026-08-11 09:04:39,811 - DEBUG - DNS解析重试中 hk.616049.xyz: [Errno -5] No address associated with hostname
2026-08-11 09:04:40,864 - DEBUG - DNS解析重试中 hk.616049.xyz: [Errno -5] No address associated with hostname
2026-08-11 09:04:41,934 - DEBUG - DNS解析重试中 hk.616049.xyz: [Errno -5] No address associated with hostname
2026-08-11 09:04:42,936 - WARNING - [hk.616049.xyz (HKG)] ├─ 无有效DNS记录，触发紧急更新
2026-08-11 09:17:19,810 - ERROR - CFST更新失败: None
2026-08-11 09:17:19,811 - INFO - --------------------------------------------------
2026-08-11 09:17:19,811 - INFO - [us.616049.xyz (LAX)] 开始处理节点维护
2026-08-11 09:17:19,864 - DEBUG - DNS解析重试中 us.616049.xyz: [Errno -5] No address associated with hostname
2026-08-11 09:17:20,925 - DEBUG - DNS解析重试中 us.616049.xyz: [Errno -5] No address associated with hostname
2026-08-11 09:17:21,982 - DEBUG - DNS解析重试中 us.616049.xyz: [Errno -5] No address associated with hostname
2026-08-11 09:17:22,983 - WARNING - [us.616049.xyz (LAX)] ├─ 无有效DNS记录，触发紧急更新
2026-08-11 09:29:59,935 - ERROR - CFST更新失败: None
2026-08-11 09:29:59,935 - INFO - --------------------------------------------------
2026-08-11 09:29:59,935 - INFO - [de.616049.xyz (FRA)] 开始处理节点维护
2026-08-11 09:30:00,010 - DEBUG - DNS解析重试中 de.616049.xyz: [Errno -5] No address associated with hostname
2026-08-11 09:30:01,027 - DEBUG - DNS解析重试中 de.616049.xyz: [Errno -5] No address associated with hostname
2026-08-11 09:30:02,083 - DEBUG - DNS解析重试中 de.616049.xyz: [Errno -5] No address associated with hostname
2026-08-11 09:30:03,084 - WARNING - [de.616049.xyz (FRA)] ├─ 无有效DNS记录，触发紧急更新
2026-08-11 09:42:40,479 - ERROR - CFST更新失败: None
2026-08-11 09:42:40,482 - DEBUG - Starting new HTTPS connection (1): api.telegram.org:443
2026-08-11 09:42:40,862 - DEBUG - https://api.telegram.org:443 "POST /bot/sendMessage HTTP/1.1" 404 55
