2026-08-03 02:57:41,784 - INFO - 启动维护任务 | 协议类型: IPV4
2026-08-03 02:57:41,785 - INFO - --------------------------------------------------
2026-08-03 02:57:41,785 - INFO - [hk.616049.xyz (HKG)] 开始处理节点维护
2026-08-03 02:57:41,824 - DEBUG - DNS解析重试中 hk.616049.xyz: [Errno -5] No address associated with hostname
2026-08-03 02:57:42,867 - DEBUG - DNS解析重试中 hk.616049.xyz: [Errno -5] No address associated with hostname
2026-08-03 02:57:43,905 - DEBUG - DNS解析重试中 hk.616049.xyz: [Errno -5] No address associated with hostname
2026-08-03 02:57:44,906 - WARNING - [hk.616049.xyz (HKG)] ├─ 无有效DNS记录，触发紧急更新
2026-08-03 03:10:18,079 - ERROR - CFST更新失败: None
2026-08-03 03:10:18,080 - INFO - --------------------------------------------------
2026-08-03 03:10:18,080 - INFO - [us.616049.xyz (LAX)] 开始处理节点维护
2026-08-03 03:10:18,213 - DEBUG - DNS解析重试中 us.616049.xyz: [Errno -5] No address associated with hostname
2026-08-03 03:10:19,270 - DEBUG - DNS解析重试中 us.616049.xyz: [Errno -5] No address associated with hostname
2026-08-03 03:10:20,310 - DEBUG - DNS解析重试中 us.616049.xyz: [Errno -5] No address associated with hostname
2026-08-03 03:10:21,311 - WARNING - [us.616049.xyz (LAX)] ├─ 无有效DNS记录，触发紧急更新
2026-08-03 03:22:53,702 - ERROR - CFST更新失败: None
2026-08-03 03:22:53,702 - INFO - --------------------------------------------------
2026-08-03 03:22:53,702 - INFO - [de.616049.xyz (FRA)] 开始处理节点维护
2026-08-03 03:22:53,748 - DEBUG - DNS解析重试中 de.616049.xyz: [Errno -5] No address associated with hostname
2026-08-03 03:22:54,795 - DEBUG - DNS解析重试中 de.616049.xyz: [Errno -5] No address associated with hostname
2026-08-03 03:22:55,803 - DEBUG - DNS解析重试中 de.616049.xyz: [Errno -5] No address associated with hostname
2026-08-03 03:22:56,804 - WARNING - [de.616049.xyz (FRA)] ├─ 无有效DNS记录，触发紧急更新
2026-08-03 03:35:28,863 - ERROR - CFST更新失败: None
2026-08-03 03:35:28,866 - DEBUG - Starting new HTTPS connection (1): api.telegram.org:443
2026-08-03 03:35:29,372 - DEBUG - https://api.telegram.org:443 "POST /bot/sendMessage HTTP/1.1" 404 55
