2026-08-23 00:13:42,310 - INFO - 启动维护任务 | 协议类型: IPV4
2026-08-23 00:13:42,310 - INFO - --------------------------------------------------
2026-08-23 00:13:42,310 - INFO - [hk.616049.xyz (HKG)] 开始处理节点维护
2026-08-23 00:13:42,329 - DEBUG - DNS解析重试中 hk.616049.xyz: [Errno -5] No address associated with hostname
2026-08-23 00:13:43,343 - DEBUG - DNS解析重试中 hk.616049.xyz: [Errno -5] No address associated with hostname
2026-08-23 00:13:44,355 - DEBUG - DNS解析重试中 hk.616049.xyz: [Errno -5] No address associated with hostname
2026-08-23 00:13:45,356 - WARNING - [hk.616049.xyz (HKG)] ├─ 无有效DNS记录，触发紧急更新
2026-08-23 00:26:18,023 - ERROR - CFST更新失败: None
2026-08-23 00:26:18,023 - INFO - --------------------------------------------------
2026-08-23 00:26:18,024 - INFO - [us.616049.xyz (LAX)] 开始处理节点维护
2026-08-23 00:26:18,046 - DEBUG - DNS解析重试中 us.616049.xyz: [Errno -5] No address associated with hostname
2026-08-23 00:26:19,057 - DEBUG - DNS解析重试中 us.616049.xyz: [Errno -5] No address associated with hostname
2026-08-23 00:26:20,069 - DEBUG - DNS解析重试中 us.616049.xyz: [Errno -5] No address associated with hostname
2026-08-23 00:26:21,071 - WARNING - [us.616049.xyz (LAX)] ├─ 无有效DNS记录，触发紧急更新
2026-08-23 00:38:53,349 - ERROR - CFST更新失败: None
2026-08-23 00:38:53,350 - INFO - --------------------------------------------------
2026-08-23 00:38:53,350 - INFO - [de.616049.xyz (FRA)] 开始处理节点维护
2026-08-23 00:38:53,362 - DEBUG - DNS解析重试中 de.616049.xyz: [Errno -5] No address associated with hostname
2026-08-23 00:38:54,373 - DEBUG - DNS解析重试中 de.616049.xyz: [Errno -5] No address associated with hostname
2026-08-23 00:38:55,387 - DEBUG - DNS解析重试中 de.616049.xyz: [Errno -5] No address associated with hostname
2026-08-23 00:38:56,389 - WARNING - [de.616049.xyz (FRA)] ├─ 无有效DNS记录，触发紧急更新
2026-08-23 00:51:29,293 - ERROR - CFST更新失败: None
2026-08-23 00:51:29,297 - DEBUG - Starting new HTTPS connection (1): api.telegram.org:443
2026-08-23 00:51:29,757 - DEBUG - https://api.telegram.org:443 "POST /bot/sendMessage HTTP/1.1" 404 55
