2026-09-25 03:38:57,583 - INFO - 启动维护任务 | 协议类型: IPV4
2026-09-25 03:38:57,583 - INFO - --------------------------------------------------
2026-09-25 03:38:57,584 - INFO - [hk.616049.xyz (HKG)] 开始处理节点维护
2026-09-25 03:38:57,647 - DEBUG - DNS解析重试中 hk.616049.xyz: [Errno -5] No address associated with hostname
2026-09-25 03:38:58,704 - DEBUG - DNS解析重试中 hk.616049.xyz: [Errno -5] No address associated with hostname
2026-09-25 03:38:59,766 - DEBUG - DNS解析重试中 hk.616049.xyz: [Errno -5] No address associated with hostname
2026-09-25 03:39:00,767 - WARNING - [hk.616049.xyz (HKG)] ├─ 无有效DNS记录，触发紧急更新
2026-09-25 03:50:57,410 - ERROR - CFST更新失败: None
2026-09-25 03:50:57,411 - INFO - --------------------------------------------------
2026-09-25 03:50:57,411 - INFO - [us.616049.xyz (LAX)] 开始处理节点维护
2026-09-25 03:50:57,480 - DEBUG - DNS解析重试中 us.616049.xyz: [Errno -5] No address associated with hostname
2026-09-25 03:50:58,537 - DEBUG - DNS解析重试中 us.616049.xyz: [Errno -5] No address associated with hostname
2026-09-25 03:50:59,601 - DEBUG - DNS解析重试中 us.616049.xyz: [Errno -5] No address associated with hostname
2026-09-25 03:51:00,603 - WARNING - [us.616049.xyz (LAX)] ├─ 无有效DNS记录，触发紧急更新
2026-09-25 04:02:57,243 - ERROR - CFST更新失败: None
2026-09-25 04:02:57,243 - INFO - --------------------------------------------------
2026-09-25 04:02:57,243 - INFO - [de.616049.xyz (FRA)] 开始处理节点维护
2026-09-25 04:02:57,323 - DEBUG - DNS解析重试中 de.616049.xyz: [Errno -5] No address associated with hostname
2026-09-25 04:02:58,379 - DEBUG - DNS解析重试中 de.616049.xyz: [Errno -5] No address associated with hostname
2026-09-25 04:02:59,445 - DEBUG - DNS解析重试中 de.616049.xyz: [Errno -5] No address associated with hostname
2026-09-25 04:03:00,446 - WARNING - [de.616049.xyz (FRA)] ├─ 无有效DNS记录，触发紧急更新
2026-09-25 04:14:58,691 - ERROR - CFST更新失败: None
2026-09-25 04:14:58,694 - DEBUG - Starting new HTTPS connection (1): api.telegram.org:443
2026-09-25 04:14:59,056 - DEBUG - https://api.telegram.org:443 "POST /bot/sendMessage HTTP/1.1" 404 55
