2026-08-08 14:36:32,747 - INFO - 启动维护任务 | 协议类型: IPV4
2026-08-08 14:36:32,747 - INFO - --------------------------------------------------
2026-08-08 14:36:32,747 - INFO - [hk.616049.xyz (HKG)] 开始处理节点维护
2026-08-08 14:36:32,768 - DEBUG - DNS解析重试中 hk.616049.xyz: [Errno -5] No address associated with hostname
2026-08-08 14:36:33,789 - DEBUG - DNS解析重试中 hk.616049.xyz: [Errno -5] No address associated with hostname
2026-08-08 14:36:34,834 - DEBUG - DNS解析重试中 hk.616049.xyz: [Errno -5] No address associated with hostname
2026-08-08 14:36:35,835 - WARNING - [hk.616049.xyz (HKG)] ├─ 无有效DNS记录，触发紧急更新
2026-08-08 14:49:06,564 - ERROR - CFST更新失败: None
2026-08-08 14:49:06,564 - INFO - --------------------------------------------------
2026-08-08 14:49:06,564 - INFO - [us.616049.xyz (LAX)] 开始处理节点维护
2026-08-08 14:49:06,574 - DEBUG - DNS解析重试中 us.616049.xyz: [Errno -5] No address associated with hostname
2026-08-08 14:49:07,580 - DEBUG - DNS解析重试中 us.616049.xyz: [Errno -5] No address associated with hostname
2026-08-08 14:49:08,592 - DEBUG - DNS解析重试中 us.616049.xyz: [Errno -5] No address associated with hostname
2026-08-08 14:49:09,593 - WARNING - [us.616049.xyz (LAX)] ├─ 无有效DNS记录，触发紧急更新
2026-08-08 15:01:40,932 - ERROR - CFST更新失败: None
2026-08-08 15:01:40,932 - INFO - --------------------------------------------------
2026-08-08 15:01:40,932 - INFO - [de.616049.xyz (FRA)] 开始处理节点维护
2026-08-08 15:01:40,969 - DEBUG - DNS解析重试中 de.616049.xyz: [Errno -5] No address associated with hostname
2026-08-08 15:01:41,980 - DEBUG - DNS解析重试中 de.616049.xyz: [Errno -5] No address associated with hostname
2026-08-08 15:01:43,008 - DEBUG - DNS解析重试中 de.616049.xyz: [Errno -5] No address associated with hostname
2026-08-08 15:01:44,010 - WARNING - [de.616049.xyz (FRA)] ├─ 无有效DNS记录，触发紧急更新
2026-08-08 15:14:17,224 - ERROR - CFST更新失败: None
2026-08-08 15:14:17,228 - DEBUG - Starting new HTTPS connection (1): api.telegram.org:443
2026-08-08 15:14:17,684 - DEBUG - https://api.telegram.org:443 "POST /bot/sendMessage HTTP/1.1" 404 55
