2026-09-07 16:46:30,615 - INFO - 启动维护任务 | 协议类型: IPV4
2026-09-07 16:46:30,615 - INFO - --------------------------------------------------
2026-09-07 16:46:30,615 - INFO - [hk.616049.xyz (HKG)] 开始处理节点维护
2026-09-07 16:46:30,625 - DEBUG - DNS解析重试中 hk.616049.xyz: [Errno -5] No address associated with hostname
2026-09-07 16:46:31,660 - DEBUG - DNS解析重试中 hk.616049.xyz: [Errno -5] No address associated with hostname
2026-09-07 16:46:32,677 - DEBUG - DNS解析重试中 hk.616049.xyz: [Errno -5] No address associated with hostname
2026-09-07 16:46:33,678 - WARNING - [hk.616049.xyz (HKG)] ├─ 无有效DNS记录，触发紧急更新
2026-09-07 16:59:04,946 - ERROR - CFST更新失败: None
2026-09-07 16:59:04,946 - INFO - --------------------------------------------------
2026-09-07 16:59:04,946 - INFO - [us.616049.xyz (LAX)] 开始处理节点维护
2026-09-07 16:59:04,961 - DEBUG - DNS解析重试中 us.616049.xyz: [Errno -5] No address associated with hostname
2026-09-07 16:59:05,976 - DEBUG - DNS解析重试中 us.616049.xyz: [Errno -5] No address associated with hostname
2026-09-07 16:59:06,987 - DEBUG - DNS解析重试中 us.616049.xyz: [Errno -5] No address associated with hostname
2026-09-07 16:59:07,988 - WARNING - [us.616049.xyz (LAX)] ├─ 无有效DNS记录，触发紧急更新
2026-09-07 17:11:39,236 - ERROR - CFST更新失败: None
2026-09-07 17:11:39,237 - INFO - --------------------------------------------------
2026-09-07 17:11:39,237 - INFO - [de.616049.xyz (FRA)] 开始处理节点维护
2026-09-07 17:11:39,255 - DEBUG - DNS解析重试中 de.616049.xyz: [Errno -5] No address associated with hostname
2026-09-07 17:11:40,267 - DEBUG - DNS解析重试中 de.616049.xyz: [Errno -5] No address associated with hostname
2026-09-07 17:11:41,280 - DEBUG - DNS解析重试中 de.616049.xyz: [Errno -5] No address associated with hostname
2026-09-07 17:11:42,282 - WARNING - [de.616049.xyz (FRA)] ├─ 无有效DNS记录，触发紧急更新
2026-09-07 17:24:13,673 - ERROR - CFST更新失败: None
2026-09-07 17:24:13,676 - DEBUG - Starting new HTTPS connection (1): api.telegram.org:443
2026-09-07 17:24:14,131 - DEBUG - https://api.telegram.org:443 "POST /bot/sendMessage HTTP/1.1" 404 55
