2026-09-06 07:28:07,593 - INFO - 启动维护任务 | 协议类型: IPV4
2026-09-06 07:28:07,593 - INFO - --------------------------------------------------
2026-09-06 07:28:07,593 - INFO - [hk.616049.xyz (HKG)] 开始处理节点维护
2026-09-06 07:28:07,631 - DEBUG - DNS解析重试中 hk.616049.xyz: [Errno -5] No address associated with hostname
2026-09-06 07:28:08,676 - DEBUG - DNS解析重试中 hk.616049.xyz: [Errno -5] No address associated with hostname
2026-09-06 07:28:09,717 - DEBUG - DNS解析重试中 hk.616049.xyz: [Errno -5] No address associated with hostname
2026-09-06 07:28:10,719 - WARNING - [hk.616049.xyz (HKG)] ├─ 无有效DNS记录，触发紧急更新
2026-09-06 07:40:51,137 - ERROR - CFST更新失败: None
2026-09-06 07:40:51,137 - INFO - --------------------------------------------------
2026-09-06 07:40:51,138 - INFO - [us.616049.xyz (LAX)] 开始处理节点维护
2026-09-06 07:40:51,251 - DEBUG - DNS解析重试中 us.616049.xyz: [Errno -5] No address associated with hostname
2026-09-06 07:40:52,381 - DEBUG - DNS解析重试中 us.616049.xyz: [Errno -5] No address associated with hostname
2026-09-06 07:40:53,420 - DEBUG - DNS解析重试中 us.616049.xyz: [Errno -5] No address associated with hostname
2026-09-06 07:40:54,421 - WARNING - [us.616049.xyz (LAX)] ├─ 无有效DNS记录，触发紧急更新
2026-09-06 07:53:31,171 - ERROR - CFST更新失败: None
2026-09-06 07:53:31,171 - INFO - --------------------------------------------------
2026-09-06 07:53:31,171 - INFO - [de.616049.xyz (FRA)] 开始处理节点维护
2026-09-06 07:53:31,199 - DEBUG - DNS解析重试中 de.616049.xyz: [Errno -5] No address associated with hostname
2026-09-06 07:53:32,231 - DEBUG - DNS解析重试中 de.616049.xyz: [Errno -5] No address associated with hostname
2026-09-06 07:53:33,239 - DEBUG - DNS解析重试中 de.616049.xyz: [Errno -5] No address associated with hostname
2026-09-06 07:53:34,240 - WARNING - [de.616049.xyz (FRA)] ├─ 无有效DNS记录，触发紧急更新
2026-09-06 08:06:14,521 - ERROR - CFST更新失败: None
2026-09-06 08:06:14,525 - DEBUG - Starting new HTTPS connection (1): api.telegram.org:443
2026-09-06 08:06:14,906 - DEBUG - https://api.telegram.org:443 "POST /bot/sendMessage HTTP/1.1" 404 55
