2026-08-24 06:12:53,266 - INFO - 启动维护任务 | 协议类型: IPV4
2026-08-24 06:12:53,266 - INFO - --------------------------------------------------
2026-08-24 06:12:53,266 - INFO - [hk.616049.xyz (HKG)] 开始处理节点维护
2026-08-24 06:12:53,287 - DEBUG - DNS解析重试中 hk.616049.xyz: [Errno -5] No address associated with hostname
2026-08-24 06:12:54,311 - DEBUG - DNS解析重试中 hk.616049.xyz: [Errno -5] No address associated with hostname
2026-08-24 06:12:55,327 - DEBUG - DNS解析重试中 hk.616049.xyz: [Errno -5] No address associated with hostname
2026-08-24 06:12:56,328 - WARNING - [hk.616049.xyz (HKG)] ├─ 无有效DNS记录，触发紧急更新
2026-08-24 06:25:08,758 - ERROR - CFST更新失败: None
2026-08-24 06:25:08,758 - INFO - --------------------------------------------------
2026-08-24 06:25:08,758 - INFO - [us.616049.xyz (LAX)] 开始处理节点维护
2026-08-24 06:25:08,777 - DEBUG - DNS解析重试中 us.616049.xyz: [Errno -5] No address associated with hostname
2026-08-24 06:25:09,801 - DEBUG - DNS解析重试中 us.616049.xyz: [Errno -5] No address associated with hostname
2026-08-24 06:25:10,848 - DEBUG - DNS解析重试中 us.616049.xyz: [Errno -5] No address associated with hostname
2026-08-24 06:25:11,849 - WARNING - [us.616049.xyz (LAX)] ├─ 无有效DNS记录，触发紧急更新
2026-08-24 06:37:23,869 - ERROR - CFST更新失败: None
2026-08-24 06:37:23,869 - INFO - --------------------------------------------------
2026-08-24 06:37:23,869 - INFO - [de.616049.xyz (FRA)] 开始处理节点维护
2026-08-24 06:37:23,888 - DEBUG - DNS解析重试中 de.616049.xyz: [Errno -5] No address associated with hostname
2026-08-24 06:37:24,903 - DEBUG - DNS解析重试中 de.616049.xyz: [Errno -5] No address associated with hostname
2026-08-24 06:37:25,940 - DEBUG - DNS解析重试中 de.616049.xyz: [Errno -5] No address associated with hostname
2026-08-24 06:37:26,942 - WARNING - [de.616049.xyz (FRA)] ├─ 无有效DNS记录，触发紧急更新
2026-08-24 06:49:39,238 - ERROR - CFST更新失败: None
2026-08-24 06:49:39,241 - DEBUG - Starting new HTTPS connection (1): api.telegram.org:443
2026-08-24 06:49:39,514 - DEBUG - https://api.telegram.org:443 "POST /bot/sendMessage HTTP/1.1" 404 55
