2026-08-05 06:53:57,509 - INFO - 启动维护任务 | 协议类型: IPV4
2026-08-05 06:53:57,509 - INFO - --------------------------------------------------
2026-08-05 06:53:57,509 - INFO - [hk.616049.xyz (HKG)] 开始处理节点维护
2026-08-05 06:53:57,570 - DEBUG - DNS解析重试中 hk.616049.xyz: [Errno -5] No address associated with hostname
2026-08-05 06:53:58,622 - DEBUG - DNS解析重试中 hk.616049.xyz: [Errno -5] No address associated with hostname
2026-08-05 06:53:59,684 - DEBUG - DNS解析重试中 hk.616049.xyz: [Errno -5] No address associated with hostname
2026-08-05 06:54:00,685 - WARNING - [hk.616049.xyz (HKG)] ├─ 无有效DNS记录，触发紧急更新
2026-08-05 07:05:59,242 - ERROR - CFST更新失败: None
2026-08-05 07:05:59,242 - INFO - --------------------------------------------------
2026-08-05 07:05:59,242 - INFO - [us.616049.xyz (LAX)] 开始处理节点维护
2026-08-05 07:05:59,293 - DEBUG - DNS解析重试中 us.616049.xyz: [Errno -5] No address associated with hostname
2026-08-05 07:06:00,369 - DEBUG - DNS解析重试中 us.616049.xyz: [Errno -5] No address associated with hostname
2026-08-05 07:06:01,419 - DEBUG - DNS解析重试中 us.616049.xyz: [Errno -5] No address associated with hostname
2026-08-05 07:06:02,420 - WARNING - [us.616049.xyz (LAX)] ├─ 无有效DNS记录，触发紧急更新
2026-08-05 07:18:05,956 - ERROR - CFST更新失败: None
2026-08-05 07:18:05,956 - INFO - --------------------------------------------------
2026-08-05 07:18:05,956 - INFO - [de.616049.xyz (FRA)] 开始处理节点维护
2026-08-05 07:18:06,004 - DEBUG - DNS解析重试中 de.616049.xyz: [Errno -5] No address associated with hostname
2026-08-05 07:18:07,052 - DEBUG - DNS解析重试中 de.616049.xyz: [Errno -5] No address associated with hostname
2026-08-05 07:18:08,105 - DEBUG - DNS解析重试中 de.616049.xyz: [Errno -5] No address associated with hostname
2026-08-05 07:18:09,107 - WARNING - [de.616049.xyz (FRA)] ├─ 无有效DNS记录，触发紧急更新
2026-08-05 07:30:07,722 - ERROR - CFST更新失败: None
2026-08-05 07:30:07,725 - DEBUG - Starting new HTTPS connection (1): api.telegram.org:443
2026-08-05 07:30:08,066 - DEBUG - https://api.telegram.org:443 "POST /bot/sendMessage HTTP/1.1" 404 55
