2026-08-05 03:19:34,246 - INFO - 启动维护任务 | 协议类型: IPV4
2026-08-05 03:19:34,246 - INFO - --------------------------------------------------
2026-08-05 03:19:34,246 - INFO - [hk.616049.xyz (HKG)] 开始处理节点维护
2026-08-05 03:19:34,291 - DEBUG - DNS解析重试中 hk.616049.xyz: [Errno -5] No address associated with hostname
2026-08-05 03:19:35,298 - DEBUG - DNS解析重试中 hk.616049.xyz: [Errno -5] No address associated with hostname
2026-08-05 03:19:36,339 - DEBUG - DNS解析重试中 hk.616049.xyz: [Errno -5] No address associated with hostname
2026-08-05 03:19:37,340 - WARNING - [hk.616049.xyz (HKG)] ├─ 无有效DNS记录，触发紧急更新
2026-08-05 03:32:19,974 - ERROR - CFST更新失败: None
2026-08-05 03:32:19,974 - INFO - --------------------------------------------------
2026-08-05 03:32:19,974 - INFO - [us.616049.xyz (LAX)] 开始处理节点维护
2026-08-05 03:32:20,018 - DEBUG - DNS解析重试中 us.616049.xyz: [Errno -5] No address associated with hostname
2026-08-05 03:32:21,100 - DEBUG - DNS解析重试中 us.616049.xyz: [Errno -5] No address associated with hostname
2026-08-05 03:32:22,165 - DEBUG - DNS解析重试中 us.616049.xyz: [Errno -5] No address associated with hostname
2026-08-05 03:32:23,167 - WARNING - [us.616049.xyz (LAX)] ├─ 无有效DNS记录，触发紧急更新
2026-08-05 03:44:59,789 - ERROR - CFST更新失败: None
2026-08-05 03:44:59,790 - INFO - --------------------------------------------------
2026-08-05 03:44:59,790 - INFO - [de.616049.xyz (FRA)] 开始处理节点维护
2026-08-05 03:44:59,835 - DEBUG - DNS解析重试中 de.616049.xyz: [Errno -5] No address associated with hostname
2026-08-05 03:45:00,882 - DEBUG - DNS解析重试中 de.616049.xyz: [Errno -5] No address associated with hostname
2026-08-05 03:45:01,930 - DEBUG - DNS解析重试中 de.616049.xyz: [Errno -5] No address associated with hostname
2026-08-05 03:45:02,931 - WARNING - [de.616049.xyz (FRA)] ├─ 无有效DNS记录，触发紧急更新
2026-08-05 03:57:38,970 - ERROR - CFST更新失败: None
2026-08-05 03:57:38,973 - DEBUG - Starting new HTTPS connection (1): api.telegram.org:443
2026-08-05 03:57:39,337 - DEBUG - https://api.telegram.org:443 "POST /bot/sendMessage HTTP/1.1" 404 55
