2026-08-24 00:15:11,029 - INFO - 启动维护任务 | 协议类型: IPV4
2026-08-24 00:15:11,029 - INFO - --------------------------------------------------
2026-08-24 00:15:11,029 - INFO - [hk.616049.xyz (HKG)] 开始处理节点维护
2026-08-24 00:15:11,040 - DEBUG - DNS解析重试中 hk.616049.xyz: [Errno -5] No address associated with hostname
2026-08-24 00:15:12,054 - DEBUG - DNS解析重试中 hk.616049.xyz: [Errno -5] No address associated with hostname
2026-08-24 00:15:13,082 - DEBUG - DNS解析重试中 hk.616049.xyz: [Errno -5] No address associated with hostname
2026-08-24 00:15:14,083 - WARNING - [hk.616049.xyz (HKG)] ├─ 无有效DNS记录，触发紧急更新
2026-08-24 00:27:48,602 - ERROR - CFST更新失败: None
2026-08-24 00:27:48,603 - INFO - --------------------------------------------------
2026-08-24 00:27:48,603 - INFO - [us.616049.xyz (LAX)] 开始处理节点维护
2026-08-24 00:27:48,624 - DEBUG - DNS解析重试中 us.616049.xyz: [Errno -5] No address associated with hostname
2026-08-24 00:27:49,638 - DEBUG - DNS解析重试中 us.616049.xyz: [Errno -5] No address associated with hostname
2026-08-24 00:27:50,654 - DEBUG - DNS解析重试中 us.616049.xyz: [Errno -5] No address associated with hostname
2026-08-24 00:27:51,655 - WARNING - [us.616049.xyz (LAX)] ├─ 无有效DNS记录，触发紧急更新
2026-08-24 00:40:25,379 - ERROR - CFST更新失败: None
2026-08-24 00:40:25,379 - INFO - --------------------------------------------------
2026-08-24 00:40:25,379 - INFO - [de.616049.xyz (FRA)] 开始处理节点维护
2026-08-24 00:40:25,397 - DEBUG - DNS解析重试中 de.616049.xyz: [Errno -5] No address associated with hostname
2026-08-24 00:40:26,418 - DEBUG - DNS解析重试中 de.616049.xyz: [Errno -5] No address associated with hostname
2026-08-24 00:40:27,447 - DEBUG - DNS解析重试中 de.616049.xyz: [Errno -5] No address associated with hostname
2026-08-24 00:40:28,449 - WARNING - [de.616049.xyz (FRA)] ├─ 无有效DNS记录，触发紧急更新
2026-08-24 00:53:02,759 - ERROR - CFST更新失败: None
2026-08-24 00:53:02,763 - DEBUG - Starting new HTTPS connection (1): api.telegram.org:443
2026-08-24 00:53:03,047 - DEBUG - https://api.telegram.org:443 "POST /bot/sendMessage HTTP/1.1" 404 55
