2026-09-12 07:43:29,909 - INFO - 启动维护任务 | 协议类型: IPV4
2026-09-12 07:43:29,909 - INFO - --------------------------------------------------
2026-09-12 07:43:29,909 - INFO - [hk.616049.xyz (HKG)] 开始处理节点维护
2026-09-12 07:43:29,928 - DEBUG - DNS解析重试中 hk.616049.xyz: [Errno -5] No address associated with hostname
2026-09-12 07:43:30,942 - DEBUG - DNS解析重试中 hk.616049.xyz: [Errno -5] No address associated with hostname
2026-09-12 07:43:31,957 - DEBUG - DNS解析重试中 hk.616049.xyz: [Errno -5] No address associated with hostname
2026-09-12 07:43:32,959 - WARNING - [hk.616049.xyz (HKG)] ├─ 无有效DNS记录，触发紧急更新
2026-09-12 07:56:03,783 - ERROR - CFST更新失败: None
2026-09-12 07:56:03,783 - INFO - --------------------------------------------------
2026-09-12 07:56:03,783 - INFO - [us.616049.xyz (LAX)] 开始处理节点维护
2026-09-12 07:56:03,795 - DEBUG - DNS解析重试中 us.616049.xyz: [Errno -5] No address associated with hostname
2026-09-12 07:56:04,809 - DEBUG - DNS解析重试中 us.616049.xyz: [Errno -5] No address associated with hostname
2026-09-12 07:56:05,824 - DEBUG - DNS解析重试中 us.616049.xyz: [Errno -5] No address associated with hostname
2026-09-12 07:56:06,825 - WARNING - [us.616049.xyz (LAX)] ├─ 无有效DNS记录，触发紧急更新
2026-09-12 08:08:38,385 - ERROR - CFST更新失败: None
2026-09-12 08:08:38,385 - INFO - --------------------------------------------------
2026-09-12 08:08:38,385 - INFO - [de.616049.xyz (FRA)] 开始处理节点维护
2026-09-12 08:08:38,406 - DEBUG - DNS解析重试中 de.616049.xyz: [Errno -5] No address associated with hostname
2026-09-12 08:08:39,426 - DEBUG - DNS解析重试中 de.616049.xyz: [Errno -5] No address associated with hostname
2026-09-12 08:08:40,445 - DEBUG - DNS解析重试中 de.616049.xyz: [Errno -5] No address associated with hostname
2026-09-12 08:08:41,446 - WARNING - [de.616049.xyz (FRA)] ├─ 无有效DNS记录，触发紧急更新
2026-09-12 08:21:13,389 - ERROR - CFST更新失败: None
2026-09-12 08:21:13,393 - DEBUG - Starting new HTTPS connection (1): api.telegram.org:443
2026-09-12 08:21:13,679 - DEBUG - https://api.telegram.org:443 "POST /bot/sendMessage HTTP/1.1" 404 55
