2026-08-24 18:28:51,324 - INFO - 启动维护任务 | 协议类型: IPV4
2026-08-24 18:28:51,324 - INFO - --------------------------------------------------
2026-08-24 18:28:51,325 - INFO - [hk.616049.xyz (HKG)] 开始处理节点维护
2026-08-24 18:28:51,334 - DEBUG - DNS解析重试中 hk.616049.xyz: [Errno -5] No address associated with hostname
2026-08-24 18:28:52,351 - DEBUG - DNS解析重试中 hk.616049.xyz: [Errno -5] No address associated with hostname
2026-08-24 18:28:53,370 - DEBUG - DNS解析重试中 hk.616049.xyz: [Errno -5] No address associated with hostname
2026-08-24 18:28:54,371 - WARNING - [hk.616049.xyz (HKG)] ├─ 无有效DNS记录，触发紧急更新
2026-08-24 18:41:26,783 - ERROR - CFST更新失败: None
2026-08-24 18:41:26,783 - INFO - --------------------------------------------------
2026-08-24 18:41:26,783 - INFO - [us.616049.xyz (LAX)] 开始处理节点维护
2026-08-24 18:41:26,794 - DEBUG - DNS解析重试中 us.616049.xyz: [Errno -5] No address associated with hostname
2026-08-24 18:41:27,808 - DEBUG - DNS解析重试中 us.616049.xyz: [Errno -5] No address associated with hostname
2026-08-24 18:41:28,815 - DEBUG - DNS解析重试中 us.616049.xyz: [Errno -5] No address associated with hostname
2026-08-24 18:41:29,816 - WARNING - [us.616049.xyz (LAX)] ├─ 无有效DNS记录，触发紧急更新
2026-08-24 18:54:01,258 - ERROR - CFST更新失败: None
2026-08-24 18:54:01,258 - INFO - --------------------------------------------------
2026-08-24 18:54:01,258 - INFO - [de.616049.xyz (FRA)] 开始处理节点维护
2026-08-24 18:54:01,270 - DEBUG - DNS解析重试中 de.616049.xyz: [Errno -5] No address associated with hostname
2026-08-24 18:54:02,284 - DEBUG - DNS解析重试中 de.616049.xyz: [Errno -5] No address associated with hostname
2026-08-24 18:54:03,313 - DEBUG - DNS解析重试中 de.616049.xyz: [Errno -5] No address associated with hostname
2026-08-24 18:54:04,314 - WARNING - [de.616049.xyz (FRA)] ├─ 无有效DNS记录，触发紧急更新
2026-08-24 19:06:36,707 - ERROR - CFST更新失败: None
2026-08-24 19:06:36,710 - DEBUG - Starting new HTTPS connection (1): api.telegram.org:443
2026-08-24 19:06:37,188 - DEBUG - https://api.telegram.org:443 "POST /bot/sendMessage HTTP/1.1" 404 55
