2026-07-26 04:40:59,382 - INFO - 启动维护任务 | 协议类型: IPV4
2026-07-26 04:40:59,382 - INFO - --------------------------------------------------
2026-07-26 04:40:59,383 - INFO - [hk.616049.xyz (HKG)] 开始处理节点维护
2026-07-26 04:40:59,427 - DEBUG - DNS解析重试中 hk.616049.xyz: [Errno -5] No address associated with hostname
2026-07-26 04:41:00,578 - DEBUG - DNS解析重试中 hk.616049.xyz: [Errno -5] No address associated with hostname
2026-07-26 04:41:01,614 - DEBUG - DNS解析重试中 hk.616049.xyz: [Errno -5] No address associated with hostname
2026-07-26 04:41:02,615 - WARNING - [hk.616049.xyz (HKG)] ├─ 无有效DNS记录，触发紧急更新
2026-07-26 04:53:35,081 - ERROR - CFST更新失败: None
2026-07-26 04:53:35,082 - INFO - --------------------------------------------------
2026-07-26 04:53:35,082 - INFO - [us.616049.xyz (LAX)] 开始处理节点维护
2026-07-26 04:53:35,115 - DEBUG - DNS解析重试中 us.616049.xyz: [Errno -5] No address associated with hostname
2026-07-26 04:53:36,148 - DEBUG - DNS解析重试中 us.616049.xyz: [Errno -5] No address associated with hostname
2026-07-26 04:53:37,181 - DEBUG - DNS解析重试中 us.616049.xyz: [Errno -5] No address associated with hostname
2026-07-26 04:53:38,182 - WARNING - [us.616049.xyz (LAX)] ├─ 无有效DNS记录，触发紧急更新
2026-07-26 05:06:10,686 - ERROR - CFST更新失败: None
2026-07-26 05:06:10,686 - INFO - --------------------------------------------------
2026-07-26 05:06:10,686 - INFO - [de.616049.xyz (FRA)] 开始处理节点维护
2026-07-26 05:06:10,746 - DEBUG - DNS解析重试中 de.616049.xyz: [Errno -5] No address associated with hostname
2026-07-26 05:06:11,780 - DEBUG - DNS解析重试中 de.616049.xyz: [Errno -5] No address associated with hostname
2026-07-26 05:06:12,813 - DEBUG - DNS解析重试中 de.616049.xyz: [Errno -5] No address associated with hostname
2026-07-26 05:06:13,814 - WARNING - [de.616049.xyz (FRA)] ├─ 无有效DNS记录，触发紧急更新
2026-07-26 05:18:45,591 - ERROR - CFST更新失败: None
2026-07-26 05:18:45,594 - DEBUG - Starting new HTTPS connection (1): api.telegram.org:443
2026-07-26 05:18:46,087 - DEBUG - https://api.telegram.org:443 "POST /bot/sendMessage HTTP/1.1" 404 55
