2026-09-11 21:57:38,237 - INFO - 启动维护任务 | 协议类型: IPV4
2026-09-11 21:57:38,237 - INFO - --------------------------------------------------
2026-09-11 21:57:38,237 - INFO - [hk.616049.xyz (HKG)] 开始处理节点维护
2026-09-11 21:57:38,274 - DEBUG - DNS解析重试中 hk.616049.xyz: [Errno -5] No address associated with hostname
2026-09-11 21:57:39,302 - DEBUG - DNS解析重试中 hk.616049.xyz: [Errno -5] No address associated with hostname
2026-09-11 21:57:40,333 - DEBUG - DNS解析重试中 hk.616049.xyz: [Errno -5] No address associated with hostname
2026-09-11 21:57:41,334 - WARNING - [hk.616049.xyz (HKG)] ├─ 无有效DNS记录，触发紧急更新
2026-09-11 22:10:17,619 - ERROR - CFST更新失败: None
2026-09-11 22:10:17,620 - INFO - --------------------------------------------------
2026-09-11 22:10:17,620 - INFO - [us.616049.xyz (LAX)] 开始处理节点维护
2026-09-11 22:10:17,660 - DEBUG - DNS解析重试中 us.616049.xyz: [Errno -5] No address associated with hostname
2026-09-11 22:10:18,697 - DEBUG - DNS解析重试中 us.616049.xyz: [Errno -5] No address associated with hostname
2026-09-11 22:10:19,744 - DEBUG - DNS解析重试中 us.616049.xyz: [Errno -5] No address associated with hostname
2026-09-11 22:10:20,745 - WARNING - [us.616049.xyz (LAX)] ├─ 无有效DNS记录，触发紧急更新
2026-09-11 22:22:55,984 - ERROR - CFST更新失败: None
2026-09-11 22:22:55,984 - INFO - --------------------------------------------------
2026-09-11 22:22:55,984 - INFO - [de.616049.xyz (FRA)] 开始处理节点维护
2026-09-11 22:22:56,028 - DEBUG - DNS解析重试中 de.616049.xyz: [Errno -5] No address associated with hostname
2026-09-11 22:22:57,091 - DEBUG - DNS解析重试中 de.616049.xyz: [Errno -5] No address associated with hostname
2026-09-11 22:22:58,108 - DEBUG - DNS解析重试中 de.616049.xyz: [Errno -5] No address associated with hostname
2026-09-11 22:22:59,109 - WARNING - [de.616049.xyz (FRA)] ├─ 无有效DNS记录，触发紧急更新
2026-09-11 22:35:39,548 - ERROR - CFST更新失败: None
2026-09-11 22:35:39,552 - DEBUG - Starting new HTTPS connection (1): api.telegram.org:443
2026-09-11 22:35:39,861 - DEBUG - https://api.telegram.org:443 "POST /bot/sendMessage HTTP/1.1" 404 55
