2026-08-02 02:56:43,694 - INFO - 启动维护任务 | 协议类型: IPV4
2026-08-02 02:56:43,694 - INFO - --------------------------------------------------
2026-08-02 02:56:43,694 - INFO - [hk.616049.xyz (HKG)] 开始处理节点维护
2026-08-02 02:56:43,729 - DEBUG - DNS解析重试中 hk.616049.xyz: [Errno -5] No address associated with hostname
2026-08-02 02:56:44,754 - DEBUG - DNS解析重试中 hk.616049.xyz: [Errno -5] No address associated with hostname
2026-08-02 02:56:45,786 - DEBUG - DNS解析重试中 hk.616049.xyz: [Errno -5] No address associated with hostname
2026-08-02 02:56:46,788 - WARNING - [hk.616049.xyz (HKG)] ├─ 无有效DNS记录，触发紧急更新
2026-08-02 03:09:17,705 - ERROR - CFST更新失败: None
2026-08-02 03:09:17,705 - INFO - --------------------------------------------------
2026-08-02 03:09:17,705 - INFO - [us.616049.xyz (LAX)] 开始处理节点维护
2026-08-02 03:09:17,718 - DEBUG - DNS解析重试中 us.616049.xyz: [Errno -5] No address associated with hostname
2026-08-02 03:09:18,734 - DEBUG - DNS解析重试中 us.616049.xyz: [Errno -5] No address associated with hostname
2026-08-02 03:09:19,751 - DEBUG - DNS解析重试中 us.616049.xyz: [Errno -5] No address associated with hostname
2026-08-02 03:09:20,753 - WARNING - [us.616049.xyz (LAX)] ├─ 无有效DNS记录，触发紧急更新
2026-08-02 03:21:50,824 - ERROR - CFST更新失败: None
2026-08-02 03:21:50,824 - INFO - --------------------------------------------------
2026-08-02 03:21:50,824 - INFO - [de.616049.xyz (FRA)] 开始处理节点维护
2026-08-02 03:21:50,843 - DEBUG - DNS解析重试中 de.616049.xyz: [Errno -5] No address associated with hostname
2026-08-02 03:21:51,858 - DEBUG - DNS解析重试中 de.616049.xyz: [Errno -5] No address associated with hostname
2026-08-02 03:21:52,871 - DEBUG - DNS解析重试中 de.616049.xyz: [Errno -5] No address associated with hostname
2026-08-02 03:21:53,873 - WARNING - [de.616049.xyz (FRA)] ├─ 无有效DNS记录，触发紧急更新
2026-08-02 03:34:24,956 - ERROR - CFST更新失败: None
2026-08-02 03:34:24,959 - DEBUG - Starting new HTTPS connection (1): api.telegram.org:443
2026-08-02 03:34:25,234 - DEBUG - https://api.telegram.org:443 "POST /bot/sendMessage HTTP/1.1" 404 55
