2026-09-21 07:44:12,413 - INFO - 启动维护任务 | 协议类型: IPV4
2026-09-21 07:44:12,413 - INFO - --------------------------------------------------
2026-09-21 07:44:12,413 - INFO - [hk.616049.xyz (HKG)] 开始处理节点维护
2026-09-21 07:44:12,470 - DEBUG - DNS解析重试中 hk.616049.xyz: [Errno -5] No address associated with hostname
2026-09-21 07:44:13,521 - DEBUG - DNS解析重试中 hk.616049.xyz: [Errno -5] No address associated with hostname
2026-09-21 07:44:14,621 - DEBUG - DNS解析重试中 hk.616049.xyz: [Errno -5] No address associated with hostname
2026-09-21 07:44:15,623 - WARNING - [hk.616049.xyz (HKG)] ├─ 无有效DNS记录，触发紧急更新
2026-09-21 07:56:26,839 - ERROR - CFST更新失败: None
2026-09-21 07:56:26,840 - INFO - --------------------------------------------------
2026-09-21 07:56:26,840 - INFO - [us.616049.xyz (LAX)] 开始处理节点维护
2026-09-21 07:56:26,890 - DEBUG - DNS解析重试中 us.616049.xyz: [Errno -5] No address associated with hostname
2026-09-21 07:56:27,978 - DEBUG - DNS解析重试中 us.616049.xyz: [Errno -5] No address associated with hostname
2026-09-21 07:56:29,033 - DEBUG - DNS解析重试中 us.616049.xyz: [Errno -5] No address associated with hostname
2026-09-21 07:56:30,035 - WARNING - [us.616049.xyz (LAX)] ├─ 无有效DNS记录，触发紧急更新
2026-09-21 08:08:41,880 - ERROR - CFST更新失败: None
2026-09-21 08:08:41,880 - INFO - --------------------------------------------------
2026-09-21 08:08:41,881 - INFO - [de.616049.xyz (FRA)] 开始处理节点维护
2026-09-21 08:08:41,948 - DEBUG - DNS解析重试中 de.616049.xyz: [Errno -5] No address associated with hostname
2026-09-21 08:08:42,993 - DEBUG - DNS解析重试中 de.616049.xyz: [Errno -5] No address associated with hostname
2026-09-21 08:08:44,063 - DEBUG - DNS解析重试中 de.616049.xyz: [Errno -5] No address associated with hostname
2026-09-21 08:08:45,064 - WARNING - [de.616049.xyz (FRA)] ├─ 无有效DNS记录，触发紧急更新
2026-09-21 08:20:56,048 - ERROR - CFST更新失败: None
2026-09-21 08:20:56,050 - DEBUG - Starting new HTTPS connection (1): api.telegram.org:443
2026-09-21 08:20:56,390 - DEBUG - https://api.telegram.org:443 "POST /bot/sendMessage HTTP/1.1" 404 55
