2026-09-26 16:57:02,850 - INFO - 启动维护任务 | 协议类型: IPV4
2026-09-26 16:57:02,850 - INFO - --------------------------------------------------
2026-09-26 16:57:02,850 - INFO - [hk.616049.xyz (HKG)] 开始处理节点维护
2026-09-26 16:57:02,903 - DEBUG - DNS解析重试中 hk.616049.xyz: [Errno -5] No address associated with hostname
2026-09-26 16:57:03,952 - DEBUG - DNS解析重试中 hk.616049.xyz: [Errno -5] No address associated with hostname
2026-09-26 16:57:04,993 - DEBUG - DNS解析重试中 hk.616049.xyz: [Errno -5] No address associated with hostname
2026-09-26 16:57:05,995 - WARNING - [hk.616049.xyz (HKG)] ├─ 无有效DNS记录，触发紧急更新
2026-09-26 17:09:00,686 - ERROR - CFST更新失败: None
2026-09-26 17:09:00,686 - INFO - --------------------------------------------------
2026-09-26 17:09:00,686 - INFO - [us.616049.xyz (LAX)] 开始处理节点维护
2026-09-26 17:09:00,736 - DEBUG - DNS解析重试中 us.616049.xyz: [Errno -5] No address associated with hostname
2026-09-26 17:09:01,787 - DEBUG - DNS解析重试中 us.616049.xyz: [Errno -5] No address associated with hostname
2026-09-26 17:09:02,833 - DEBUG - DNS解析重试中 us.616049.xyz: [Errno -5] No address associated with hostname
2026-09-26 17:09:03,835 - WARNING - [us.616049.xyz (LAX)] ├─ 无有效DNS记录，触发紧急更新
2026-09-26 17:20:57,944 - ERROR - CFST更新失败: None
2026-09-26 17:20:57,945 - INFO - --------------------------------------------------
2026-09-26 17:20:57,945 - INFO - [de.616049.xyz (FRA)] 开始处理节点维护
2026-09-26 17:20:58,004 - DEBUG - DNS解析重试中 de.616049.xyz: [Errno -5] No address associated with hostname
2026-09-26 17:20:59,055 - DEBUG - DNS解析重试中 de.616049.xyz: [Errno -5] No address associated with hostname
2026-09-26 17:21:00,116 - DEBUG - DNS解析重试中 de.616049.xyz: [Errno -5] No address associated with hostname
2026-09-26 17:21:01,116 - WARNING - [de.616049.xyz (FRA)] ├─ 无有效DNS记录，触发紧急更新
2026-09-26 17:32:56,283 - ERROR - CFST更新失败: None
2026-09-26 17:32:56,285 - DEBUG - Starting new HTTPS connection (1): api.telegram.org:443
2026-09-26 17:32:56,625 - DEBUG - https://api.telegram.org:443 "POST /bot/sendMessage HTTP/1.1" 404 55
