2026-09-02 16:15:32,321 - INFO - 启动维护任务 | 协议类型: IPV4
2026-09-02 16:15:32,321 - INFO - --------------------------------------------------
2026-09-02 16:15:32,321 - INFO - [hk.616049.xyz (HKG)] 开始处理节点维护
2026-09-02 16:15:32,657 - DEBUG - DNS解析重试中 hk.616049.xyz: [Errno -5] No address associated with hostname
2026-09-02 16:15:33,672 - DEBUG - DNS解析重试中 hk.616049.xyz: [Errno -5] No address associated with hostname
2026-09-02 16:15:34,677 - DEBUG - DNS解析重试中 hk.616049.xyz: [Errno -5] No address associated with hostname
2026-09-02 16:15:35,678 - WARNING - [hk.616049.xyz (HKG)] ├─ 无有效DNS记录，触发紧急更新
2026-09-02 16:28:07,353 - ERROR - CFST更新失败: None
2026-09-02 16:28:07,354 - INFO - --------------------------------------------------
2026-09-02 16:28:07,354 - INFO - [us.616049.xyz (LAX)] 开始处理节点维护
2026-09-02 16:28:07,372 - DEBUG - DNS解析重试中 us.616049.xyz: [Errno -5] No address associated with hostname
2026-09-02 16:28:08,434 - DEBUG - DNS解析重试中 us.616049.xyz: [Errno -5] No address associated with hostname
2026-09-02 16:28:09,450 - DEBUG - DNS解析重试中 us.616049.xyz: [Errno -5] No address associated with hostname
2026-09-02 16:28:10,451 - WARNING - [us.616049.xyz (LAX)] ├─ 无有效DNS记录，触发紧急更新
2026-09-02 16:40:41,869 - ERROR - CFST更新失败: None
2026-09-02 16:40:41,869 - INFO - --------------------------------------------------
2026-09-02 16:40:41,869 - INFO - [de.616049.xyz (FRA)] 开始处理节点维护
2026-09-02 16:40:41,879 - DEBUG - DNS解析重试中 de.616049.xyz: [Errno -5] No address associated with hostname
2026-09-02 16:40:42,891 - DEBUG - DNS解析重试中 de.616049.xyz: [Errno -5] No address associated with hostname
2026-09-02 16:40:43,914 - DEBUG - DNS解析重试中 de.616049.xyz: [Errno -5] No address associated with hostname
2026-09-02 16:40:44,916 - WARNING - [de.616049.xyz (FRA)] ├─ 无有效DNS记录，触发紧急更新
2026-09-02 16:53:16,503 - ERROR - CFST更新失败: None
2026-09-02 16:53:16,507 - DEBUG - Starting new HTTPS connection (1): api.telegram.org:443
2026-09-02 16:53:16,961 - DEBUG - https://api.telegram.org:443 "POST /bot/sendMessage HTTP/1.1" 404 55
