2026-09-19 01:35:54,079 - INFO - 启动维护任务 | 协议类型: IPV4
2026-09-19 01:35:54,079 - INFO - --------------------------------------------------
2026-09-19 01:35:54,079 - INFO - [hk.616049.xyz (HKG)] 开始处理节点维护
2026-09-19 01:35:54,100 - DEBUG - DNS解析重试中 hk.616049.xyz: [Errno -5] No address associated with hostname
2026-09-19 01:35:55,121 - DEBUG - DNS解析重试中 hk.616049.xyz: [Errno -5] No address associated with hostname
2026-09-19 01:35:56,149 - DEBUG - DNS解析重试中 hk.616049.xyz: [Errno -5] No address associated with hostname
2026-09-19 01:35:57,151 - WARNING - [hk.616049.xyz (HKG)] ├─ 无有效DNS记录，触发紧急更新
2026-09-19 01:48:27,835 - ERROR - CFST更新失败: None
2026-09-19 01:48:27,835 - INFO - --------------------------------------------------
2026-09-19 01:48:27,835 - INFO - [us.616049.xyz (LAX)] 开始处理节点维护
2026-09-19 01:48:27,868 - DEBUG - DNS解析重试中 us.616049.xyz: [Errno -5] No address associated with hostname
2026-09-19 01:48:28,900 - DEBUG - DNS解析重试中 us.616049.xyz: [Errno -5] No address associated with hostname
2026-09-19 01:48:29,936 - DEBUG - DNS解析重试中 us.616049.xyz: [Errno -5] No address associated with hostname
2026-09-19 01:48:30,937 - WARNING - [us.616049.xyz (LAX)] ├─ 无有效DNS记录，触发紧急更新
2026-09-19 02:01:02,381 - ERROR - CFST更新失败: None
2026-09-19 02:01:02,381 - INFO - --------------------------------------------------
2026-09-19 02:01:02,381 - INFO - [de.616049.xyz (FRA)] 开始处理节点维护
2026-09-19 02:01:02,437 - DEBUG - DNS解析重试中 de.616049.xyz: [Errno -5] No address associated with hostname
2026-09-19 02:01:03,479 - DEBUG - DNS解析重试中 de.616049.xyz: [Errno -5] No address associated with hostname
2026-09-19 02:01:04,502 - DEBUG - DNS解析重试中 de.616049.xyz: [Errno -5] No address associated with hostname
2026-09-19 02:01:05,503 - WARNING - [de.616049.xyz (FRA)] ├─ 无有效DNS记录，触发紧急更新
2026-09-19 02:13:38,244 - ERROR - CFST更新失败: None
2026-09-19 02:13:38,247 - DEBUG - Starting new HTTPS connection (1): api.telegram.org:443
2026-09-19 02:13:38,541 - DEBUG - https://api.telegram.org:443 "POST /bot/sendMessage HTTP/1.1" 404 55
