2026-08-09 12:56:15,073 - INFO - 启动维护任务 | 协议类型: IPV4
2026-08-09 12:56:15,073 - INFO - --------------------------------------------------
2026-08-09 12:56:15,073 - INFO - [hk.616049.xyz (HKG)] 开始处理节点维护
2026-08-09 12:56:15,091 - DEBUG - DNS解析重试中 hk.616049.xyz: [Errno -5] No address associated with hostname
2026-08-09 12:56:16,113 - DEBUG - DNS解析重试中 hk.616049.xyz: [Errno -5] No address associated with hostname
2026-08-09 12:56:17,130 - DEBUG - DNS解析重试中 hk.616049.xyz: [Errno -5] No address associated with hostname
2026-08-09 12:56:18,131 - WARNING - [hk.616049.xyz (HKG)] ├─ 无有效DNS记录，触发紧急更新
2026-08-09 13:08:49,241 - ERROR - CFST更新失败: None
2026-08-09 13:08:49,242 - INFO - --------------------------------------------------
2026-08-09 13:08:49,242 - INFO - [us.616049.xyz (LAX)] 开始处理节点维护
2026-08-09 13:08:49,254 - DEBUG - DNS解析重试中 us.616049.xyz: [Errno -5] No address associated with hostname
2026-08-09 13:08:50,271 - DEBUG - DNS解析重试中 us.616049.xyz: [Errno -5] No address associated with hostname
2026-08-09 13:08:51,286 - DEBUG - DNS解析重试中 us.616049.xyz: [Errno -5] No address associated with hostname
2026-08-09 13:08:52,288 - WARNING - [us.616049.xyz (LAX)] ├─ 无有效DNS记录，触发紧急更新
2026-08-09 13:21:25,321 - ERROR - CFST更新失败: None
2026-08-09 13:21:25,322 - INFO - --------------------------------------------------
2026-08-09 13:21:25,322 - INFO - [de.616049.xyz (FRA)] 开始处理节点维护
2026-08-09 13:21:25,337 - DEBUG - DNS解析重试中 de.616049.xyz: [Errno -5] No address associated with hostname
2026-08-09 13:21:26,343 - DEBUG - DNS解析重试中 de.616049.xyz: [Errno -5] No address associated with hostname
2026-08-09 13:21:27,359 - DEBUG - DNS解析重试中 de.616049.xyz: [Errno -5] No address associated with hostname
2026-08-09 13:21:28,361 - WARNING - [de.616049.xyz (FRA)] ├─ 无有效DNS记录，触发紧急更新
2026-08-09 13:34:02,466 - ERROR - CFST更新失败: None
2026-08-09 13:34:02,469 - DEBUG - Starting new HTTPS connection (1): api.telegram.org:443
2026-08-09 13:34:02,747 - DEBUG - https://api.telegram.org:443 "POST /bot/sendMessage HTTP/1.1" 404 55
