2026-10-04 08:16:01,792 - INFO - 启动维护任务 | 协议类型: IPV4
2026-10-04 08:16:01,792 - INFO - --------------------------------------------------
2026-10-04 08:16:01,792 - INFO - [hk.616049.xyz (HKG)] 开始处理节点维护
2026-10-04 08:16:01,823 - DEBUG - DNS解析重试中 hk.616049.xyz: [Errno -5] No address associated with hostname
2026-10-04 08:16:02,846 - DEBUG - DNS解析重试中 hk.616049.xyz: [Errno -5] No address associated with hostname
2026-10-04 08:16:03,877 - DEBUG - DNS解析重试中 hk.616049.xyz: [Errno -5] No address associated with hostname
2026-10-04 08:16:04,878 - WARNING - [hk.616049.xyz (HKG)] ├─ 无有效DNS记录，触发紧急更新
2026-10-04 08:28:34,723 - ERROR - CFST更新失败: None
2026-10-04 08:28:34,723 - INFO - --------------------------------------------------
2026-10-04 08:28:34,723 - INFO - [us.616049.xyz (LAX)] 开始处理节点维护
2026-10-04 08:28:34,738 - DEBUG - DNS解析重试中 us.616049.xyz: [Errno -5] No address associated with hostname
2026-10-04 08:28:35,751 - DEBUG - DNS解析重试中 us.616049.xyz: [Errno -5] No address associated with hostname
2026-10-04 08:28:36,813 - DEBUG - DNS解析重试中 us.616049.xyz: [Errno -5] No address associated with hostname
2026-10-04 08:28:37,814 - WARNING - [us.616049.xyz (LAX)] ├─ 无有效DNS记录，触发紧急更新
2026-10-04 08:41:08,170 - ERROR - CFST更新失败: None
2026-10-04 08:41:08,171 - INFO - --------------------------------------------------
2026-10-04 08:41:08,171 - INFO - [de.616049.xyz (FRA)] 开始处理节点维护
2026-10-04 08:41:08,201 - DEBUG - DNS解析重试中 de.616049.xyz: [Errno -5] No address associated with hostname
2026-10-04 08:41:09,222 - DEBUG - DNS解析重试中 de.616049.xyz: [Errno -5] No address associated with hostname
2026-10-04 08:41:10,267 - DEBUG - DNS解析重试中 de.616049.xyz: [Errno -5] No address associated with hostname
2026-10-04 08:41:11,268 - WARNING - [de.616049.xyz (FRA)] ├─ 无有效DNS记录，触发紧急更新
2026-10-04 08:53:40,574 - ERROR - CFST更新失败: None
2026-10-04 08:53:40,577 - DEBUG - Starting new HTTPS connection (1): api.telegram.org:443
2026-10-04 08:53:40,874 - DEBUG - https://api.telegram.org:443 "POST /bot/sendMessage HTTP/1.1" 404 55
