2026-10-07 03:15:43,494 - INFO - 启动维护任务 | 协议类型: IPV4
2026-10-07 03:15:43,494 - INFO - --------------------------------------------------
2026-10-07 03:15:43,494 - INFO - [hk.616049.xyz (HKG)] 开始处理节点维护
2026-10-07 03:15:43,522 - DEBUG - DNS解析重试中 hk.616049.xyz: [Errno -5] No address associated with hostname
2026-10-07 03:15:44,543 - DEBUG - DNS解析重试中 hk.616049.xyz: [Errno -5] No address associated with hostname
2026-10-07 03:15:45,558 - DEBUG - DNS解析重试中 hk.616049.xyz: [Errno -5] No address associated with hostname
2026-10-07 03:15:46,559 - WARNING - [hk.616049.xyz (HKG)] ├─ 无有效DNS记录，触发紧急更新
2026-10-07 03:28:17,334 - ERROR - CFST更新失败: None
2026-10-07 03:28:17,335 - INFO - --------------------------------------------------
2026-10-07 03:28:17,335 - INFO - [us.616049.xyz (LAX)] 开始处理节点维护
2026-10-07 03:28:17,348 - DEBUG - DNS解析重试中 us.616049.xyz: [Errno -5] No address associated with hostname
2026-10-07 03:28:18,362 - DEBUG - DNS解析重试中 us.616049.xyz: [Errno -5] No address associated with hostname
2026-10-07 03:28:19,378 - DEBUG - DNS解析重试中 us.616049.xyz: [Errno -5] No address associated with hostname
2026-10-07 03:28:20,379 - WARNING - [us.616049.xyz (LAX)] ├─ 无有效DNS记录，触发紧急更新
2026-10-07 03:40:51,044 - ERROR - CFST更新失败: None
2026-10-07 03:40:51,044 - INFO - --------------------------------------------------
2026-10-07 03:40:51,044 - INFO - [de.616049.xyz (FRA)] 开始处理节点维护
2026-10-07 03:40:51,059 - DEBUG - DNS解析重试中 de.616049.xyz: [Errno -5] No address associated with hostname
2026-10-07 03:40:52,103 - DEBUG - DNS解析重试中 de.616049.xyz: [Errno -5] No address associated with hostname
2026-10-07 03:40:53,117 - DEBUG - DNS解析重试中 de.616049.xyz: [Errno -5] No address associated with hostname
2026-10-07 03:40:54,118 - WARNING - [de.616049.xyz (FRA)] ├─ 无有效DNS记录，触发紧急更新
2026-10-07 03:53:25,655 - ERROR - CFST更新失败: None
2026-10-07 03:53:25,659 - DEBUG - Starting new HTTPS connection (1): api.telegram.org:443
2026-10-07 03:53:25,955 - DEBUG - https://api.telegram.org:443 "POST /bot/sendMessage HTTP/1.1" 404 55
