2026-09-05 19:35:49,139 - INFO - 启动维护任务 | 协议类型: IPV4
2026-09-05 19:35:49,139 - INFO - --------------------------------------------------
2026-09-05 19:35:49,139 - INFO - [hk.616049.xyz (HKG)] 开始处理节点维护
2026-09-05 19:35:49,157 - DEBUG - DNS解析重试中 hk.616049.xyz: [Errno -5] No address associated with hostname
2026-09-05 19:35:50,176 - DEBUG - DNS解析重试中 hk.616049.xyz: [Errno -5] No address associated with hostname
2026-09-05 19:35:51,200 - DEBUG - DNS解析重试中 hk.616049.xyz: [Errno -5] No address associated with hostname
2026-09-05 19:35:52,201 - WARNING - [hk.616049.xyz (HKG)] ├─ 无有效DNS记录，触发紧急更新
2026-09-05 19:48:23,350 - ERROR - CFST更新失败: None
2026-09-05 19:48:23,350 - INFO - --------------------------------------------------
2026-09-05 19:48:23,350 - INFO - [us.616049.xyz (LAX)] 开始处理节点维护
2026-09-05 19:48:23,368 - DEBUG - DNS解析重试中 us.616049.xyz: [Errno -5] No address associated with hostname
2026-09-05 19:48:24,391 - DEBUG - DNS解析重试中 us.616049.xyz: [Errno -5] No address associated with hostname
2026-09-05 19:48:25,403 - DEBUG - DNS解析重试中 us.616049.xyz: [Errno -5] No address associated with hostname
2026-09-05 19:48:26,405 - WARNING - [us.616049.xyz (LAX)] ├─ 无有效DNS记录，触发紧急更新
2026-09-05 20:00:57,730 - ERROR - CFST更新失败: None
2026-09-05 20:00:57,730 - INFO - --------------------------------------------------
2026-09-05 20:00:57,730 - INFO - [de.616049.xyz (FRA)] 开始处理节点维护
2026-09-05 20:00:57,748 - DEBUG - DNS解析重试中 de.616049.xyz: [Errno -5] No address associated with hostname
2026-09-05 20:00:58,764 - DEBUG - DNS解析重试中 de.616049.xyz: [Errno -5] No address associated with hostname
2026-09-05 20:00:59,786 - DEBUG - DNS解析重试中 de.616049.xyz: [Errno -5] No address associated with hostname
2026-09-05 20:01:00,788 - WARNING - [de.616049.xyz (FRA)] ├─ 无有效DNS记录，触发紧急更新
2026-09-05 20:13:32,793 - ERROR - CFST更新失败: None
2026-09-05 20:13:32,796 - DEBUG - Starting new HTTPS connection (1): api.telegram.org:443
2026-09-05 20:13:33,080 - DEBUG - https://api.telegram.org:443 "POST /bot/sendMessage HTTP/1.1" 404 55
