2026-07-25 15:52:23,808 - INFO - 启动维护任务 | 协议类型: IPV4
2026-07-25 15:52:23,808 - INFO - --------------------------------------------------
2026-07-25 15:52:23,808 - INFO - [hk.616049.xyz (HKG)] 开始处理节点维护
2026-07-25 15:52:23,830 - DEBUG - DNS解析重试中 hk.616049.xyz: [Errno -5] No address associated with hostname
2026-07-25 15:52:24,850 - DEBUG - DNS解析重试中 hk.616049.xyz: [Errno -5] No address associated with hostname
2026-07-25 15:52:25,873 - DEBUG - DNS解析重试中 hk.616049.xyz: [Errno -5] No address associated with hostname
2026-07-25 15:52:26,874 - WARNING - [hk.616049.xyz (HKG)] ├─ 无有效DNS记录，触发紧急更新
2026-07-25 16:05:07,376 - ERROR - CFST更新失败: None
2026-07-25 16:05:07,377 - INFO - --------------------------------------------------
2026-07-25 16:05:07,377 - INFO - [us.616049.xyz (LAX)] 开始处理节点维护
2026-07-25 16:05:07,395 - DEBUG - DNS解析重试中 us.616049.xyz: [Errno -5] No address associated with hostname
2026-07-25 16:05:08,424 - DEBUG - DNS解析重试中 us.616049.xyz: [Errno -5] No address associated with hostname
2026-07-25 16:05:09,443 - DEBUG - DNS解析重试中 us.616049.xyz: [Errno -5] No address associated with hostname
2026-07-25 16:05:10,444 - WARNING - [us.616049.xyz (LAX)] ├─ 无有效DNS记录，触发紧急更新
2026-07-25 16:17:44,836 - ERROR - CFST更新失败: None
2026-07-25 16:17:44,837 - INFO - --------------------------------------------------
2026-07-25 16:17:44,837 - INFO - [de.616049.xyz (FRA)] 开始处理节点维护
2026-07-25 16:17:44,873 - DEBUG - DNS解析重试中 de.616049.xyz: [Errno -5] No address associated with hostname
2026-07-25 16:17:45,892 - DEBUG - DNS解析重试中 de.616049.xyz: [Errno -5] No address associated with hostname
2026-07-25 16:17:46,913 - DEBUG - DNS解析重试中 de.616049.xyz: [Errno -5] No address associated with hostname
2026-07-25 16:17:47,914 - WARNING - [de.616049.xyz (FRA)] ├─ 无有效DNS记录，触发紧急更新
2026-07-25 16:30:22,659 - ERROR - CFST更新失败: None
2026-07-25 16:30:22,662 - DEBUG - Starting new HTTPS connection (1): api.telegram.org:443
2026-07-25 16:30:22,961 - DEBUG - https://api.telegram.org:443 "POST /bot/sendMessage HTTP/1.1" 404 55
