2026-08-10 15:13:59,467 - INFO - 启动维护任务 | 协议类型: IPV4
2026-08-10 15:13:59,467 - INFO - --------------------------------------------------
2026-08-10 15:13:59,467 - INFO - [hk.616049.xyz (HKG)] 开始处理节点维护
2026-08-10 15:13:59,478 - DEBUG - DNS解析重试中 hk.616049.xyz: [Errno -5] No address associated with hostname
2026-08-10 15:14:00,489 - DEBUG - DNS解析重试中 hk.616049.xyz: [Errno -5] No address associated with hostname
2026-08-10 15:14:01,495 - DEBUG - DNS解析重试中 hk.616049.xyz: [Errno -5] No address associated with hostname
2026-08-10 15:14:02,496 - WARNING - [hk.616049.xyz (HKG)] ├─ 无有效DNS记录，触发紧急更新
2026-08-10 15:26:34,061 - ERROR - CFST更新失败: None
2026-08-10 15:26:34,062 - INFO - --------------------------------------------------
2026-08-10 15:26:34,062 - INFO - [us.616049.xyz (LAX)] 开始处理节点维护
2026-08-10 15:26:34,096 - DEBUG - DNS解析重试中 us.616049.xyz: [Errno -5] No address associated with hostname
2026-08-10 15:26:35,130 - DEBUG - DNS解析重试中 us.616049.xyz: [Errno -5] No address associated with hostname
2026-08-10 15:26:36,135 - DEBUG - DNS解析重试中 us.616049.xyz: [Errno -5] No address associated with hostname
2026-08-10 15:26:37,136 - WARNING - [us.616049.xyz (LAX)] ├─ 无有效DNS记录，触发紧急更新
2026-08-10 15:39:08,668 - ERROR - CFST更新失败: None
2026-08-10 15:39:08,669 - INFO - --------------------------------------------------
2026-08-10 15:39:08,669 - INFO - [de.616049.xyz (FRA)] 开始处理节点维护
2026-08-10 15:39:08,681 - DEBUG - DNS解析重试中 de.616049.xyz: [Errno -5] No address associated with hostname
2026-08-10 15:39:09,691 - DEBUG - DNS解析重试中 de.616049.xyz: [Errno -5] No address associated with hostname
2026-08-10 15:39:10,700 - DEBUG - DNS解析重试中 de.616049.xyz: [Errno -5] No address associated with hostname
2026-08-10 15:39:11,702 - WARNING - [de.616049.xyz (FRA)] ├─ 无有效DNS记录，触发紧急更新
2026-08-10 15:51:45,961 - ERROR - CFST更新失败: None
2026-08-10 15:51:45,965 - DEBUG - Starting new HTTPS connection (1): api.telegram.org:443
2026-08-10 15:51:46,459 - DEBUG - https://api.telegram.org:443 "POST /bot/sendMessage HTTP/1.1" 404 55
