2026-08-09 18:23:54,722 - INFO - 启动维护任务 | 协议类型: IPV4
2026-08-09 18:23:54,722 - INFO - --------------------------------------------------
2026-08-09 18:23:54,722 - INFO - [hk.616049.xyz (HKG)] 开始处理节点维护
2026-08-09 18:23:54,742 - DEBUG - DNS解析重试中 hk.616049.xyz: [Errno -5] No address associated with hostname
2026-08-09 18:23:55,771 - DEBUG - DNS解析重试中 hk.616049.xyz: [Errno -5] No address associated with hostname
2026-08-09 18:23:56,799 - DEBUG - DNS解析重试中 hk.616049.xyz: [Errno -5] No address associated with hostname
2026-08-09 18:23:57,801 - WARNING - [hk.616049.xyz (HKG)] ├─ 无有效DNS记录，触发紧急更新
2026-08-09 18:36:35,150 - ERROR - CFST更新失败: None
2026-08-09 18:36:35,150 - INFO - --------------------------------------------------
2026-08-09 18:36:35,150 - INFO - [us.616049.xyz (LAX)] 开始处理节点维护
2026-08-09 18:36:35,183 - DEBUG - DNS解析重试中 us.616049.xyz: [Errno -5] No address associated with hostname
2026-08-09 18:36:36,208 - DEBUG - DNS解析重试中 us.616049.xyz: [Errno -5] No address associated with hostname
2026-08-09 18:36:37,233 - DEBUG - DNS解析重试中 us.616049.xyz: [Errno -5] No address associated with hostname
2026-08-09 18:36:38,234 - WARNING - [us.616049.xyz (LAX)] ├─ 无有效DNS记录，触发紧急更新
2026-08-09 18:49:13,521 - ERROR - CFST更新失败: None
2026-08-09 18:49:13,521 - INFO - --------------------------------------------------
2026-08-09 18:49:13,521 - INFO - [de.616049.xyz (FRA)] 开始处理节点维护
2026-08-09 18:49:13,564 - DEBUG - DNS解析重试中 de.616049.xyz: [Errno -5] No address associated with hostname
2026-08-09 18:49:14,592 - DEBUG - DNS解析重试中 de.616049.xyz: [Errno -5] No address associated with hostname
2026-08-09 18:49:15,620 - DEBUG - DNS解析重试中 de.616049.xyz: [Errno -5] No address associated with hostname
2026-08-09 18:49:16,621 - WARNING - [de.616049.xyz (FRA)] ├─ 无有效DNS记录，触发紧急更新
2026-08-09 19:01:57,481 - ERROR - CFST更新失败: None
2026-08-09 19:01:57,485 - DEBUG - Starting new HTTPS connection (1): api.telegram.org:443
2026-08-09 19:01:57,775 - DEBUG - https://api.telegram.org:443 "POST /bot/sendMessage HTTP/1.1" 404 55
