2026-09-20 07:55:28,614 - INFO - 启动维护任务 | 协议类型: IPV4
2026-09-20 07:55:28,614 - INFO - --------------------------------------------------
2026-09-20 07:55:28,615 - INFO - [hk.616049.xyz (HKG)] 开始处理节点维护
2026-09-20 07:55:28,652 - DEBUG - DNS解析重试中 hk.616049.xyz: [Errno -5] No address associated with hostname
2026-09-20 07:55:29,695 - DEBUG - DNS解析重试中 hk.616049.xyz: [Errno -5] No address associated with hostname
2026-09-20 07:55:30,739 - DEBUG - DNS解析重试中 hk.616049.xyz: [Errno -5] No address associated with hostname
2026-09-20 07:55:31,740 - WARNING - [hk.616049.xyz (HKG)] ├─ 无有效DNS记录，触发紧急更新
2026-09-20 08:07:59,193 - ERROR - CFST更新失败: None
2026-09-20 08:07:59,193 - INFO - --------------------------------------------------
2026-09-20 08:07:59,193 - INFO - [us.616049.xyz (LAX)] 开始处理节点维护
2026-09-20 08:07:59,269 - DEBUG - DNS解析重试中 us.616049.xyz: [Errno -5] No address associated with hostname
2026-09-20 08:08:00,294 - DEBUG - DNS解析重试中 us.616049.xyz: [Errno -5] No address associated with hostname
2026-09-20 08:08:01,357 - DEBUG - DNS解析重试中 us.616049.xyz: [Errno -5] No address associated with hostname
2026-09-20 08:08:02,358 - WARNING - [us.616049.xyz (LAX)] ├─ 无有效DNS记录，触发紧急更新
2026-09-20 08:20:28,702 - ERROR - CFST更新失败: None
2026-09-20 08:20:28,702 - INFO - --------------------------------------------------
2026-09-20 08:20:28,702 - INFO - [de.616049.xyz (FRA)] 开始处理节点维护
2026-09-20 08:20:28,764 - DEBUG - DNS解析重试中 de.616049.xyz: [Errno -5] No address associated with hostname
2026-09-20 08:20:29,826 - DEBUG - DNS解析重试中 de.616049.xyz: [Errno -5] No address associated with hostname
2026-09-20 08:20:30,898 - DEBUG - DNS解析重试中 de.616049.xyz: [Errno -5] No address associated with hostname
2026-09-20 08:20:31,899 - WARNING - [de.616049.xyz (FRA)] ├─ 无有效DNS记录，触发紧急更新
2026-09-20 08:33:04,015 - ERROR - CFST更新失败: None
2026-09-20 08:33:04,018 - DEBUG - Starting new HTTPS connection (1): api.telegram.org:443
2026-09-20 08:33:04,794 - DEBUG - https://api.telegram.org:443 "POST /bot/sendMessage HTTP/1.1" 404 55
