2026-07-27 14:55:41,513 - INFO - 启动维护任务 | 协议类型: IPV4
2026-07-27 14:55:41,514 - INFO - --------------------------------------------------
2026-07-27 14:55:41,514 - INFO - [hk.616049.xyz (HKG)] 开始处理节点维护
2026-07-27 14:55:41,526 - DEBUG - DNS解析重试中 hk.616049.xyz: [Errno -5] No address associated with hostname
2026-07-27 14:55:42,616 - DEBUG - DNS解析重试中 hk.616049.xyz: [Errno -5] No address associated with hostname
2026-07-27 14:55:43,639 - DEBUG - DNS解析重试中 hk.616049.xyz: [Errno -5] No address associated with hostname
2026-07-27 14:55:44,641 - WARNING - [hk.616049.xyz (HKG)] ├─ 无有效DNS记录，触发紧急更新
2026-07-27 15:08:14,259 - ERROR - CFST更新失败: None
2026-07-27 15:08:14,259 - INFO - --------------------------------------------------
2026-07-27 15:08:14,259 - INFO - [us.616049.xyz (LAX)] 开始处理节点维护
2026-07-27 15:08:14,284 - DEBUG - DNS解析重试中 us.616049.xyz: [Errno -5] No address associated with hostname
2026-07-27 15:08:15,304 - DEBUG - DNS解析重试中 us.616049.xyz: [Errno -5] No address associated with hostname
2026-07-27 15:08:16,315 - DEBUG - DNS解析重试中 us.616049.xyz: [Errno -5] No address associated with hostname
2026-07-27 15:08:17,317 - WARNING - [us.616049.xyz (LAX)] ├─ 无有效DNS记录，触发紧急更新
2026-07-27 15:20:46,800 - ERROR - CFST更新失败: None
2026-07-27 15:20:46,800 - INFO - --------------------------------------------------
2026-07-27 15:20:46,800 - INFO - [de.616049.xyz (FRA)] 开始处理节点维护
2026-07-27 15:20:46,816 - DEBUG - DNS解析重试中 de.616049.xyz: [Errno -5] No address associated with hostname
2026-07-27 15:20:47,830 - DEBUG - DNS解析重试中 de.616049.xyz: [Errno -5] No address associated with hostname
2026-07-27 15:20:48,852 - DEBUG - DNS解析重试中 de.616049.xyz: [Errno -5] No address associated with hostname
2026-07-27 15:20:49,853 - WARNING - [de.616049.xyz (FRA)] ├─ 无有效DNS记录，触发紧急更新
2026-07-27 15:33:19,782 - ERROR - CFST更新失败: None
2026-07-27 15:33:19,786 - DEBUG - Starting new HTTPS connection (1): api.telegram.org:443
2026-07-27 15:33:20,077 - DEBUG - https://api.telegram.org:443 "POST /bot/sendMessage HTTP/1.1" 404 55
