2026-08-26 16:32:52,393 - INFO - 启动维护任务 | 协议类型: IPV4
2026-08-26 16:32:52,393 - INFO - --------------------------------------------------
2026-08-26 16:32:52,393 - INFO - [hk.616049.xyz (HKG)] 开始处理节点维护
2026-08-26 16:32:52,423 - DEBUG - DNS解析重试中 hk.616049.xyz: [Errno -5] No address associated with hostname
2026-08-26 16:32:53,445 - DEBUG - DNS解析重试中 hk.616049.xyz: [Errno -5] No address associated with hostname
2026-08-26 16:32:54,486 - DEBUG - DNS解析重试中 hk.616049.xyz: [Errno -5] No address associated with hostname
2026-08-26 16:32:55,487 - WARNING - [hk.616049.xyz (HKG)] ├─ 无有效DNS记录，触发紧急更新
2026-08-26 16:45:31,522 - ERROR - CFST更新失败: None
2026-08-26 16:45:31,523 - INFO - --------------------------------------------------
2026-08-26 16:45:31,523 - INFO - [us.616049.xyz (LAX)] 开始处理节点维护
2026-08-26 16:45:31,539 - DEBUG - DNS解析重试中 us.616049.xyz: [Errno -5] No address associated with hostname
2026-08-26 16:45:32,564 - DEBUG - DNS解析重试中 us.616049.xyz: [Errno -5] No address associated with hostname
2026-08-26 16:45:33,581 - DEBUG - DNS解析重试中 us.616049.xyz: [Errno -5] No address associated with hostname
2026-08-26 16:45:34,582 - WARNING - [us.616049.xyz (LAX)] ├─ 无有效DNS记录，触发紧急更新
2026-08-26 16:58:10,201 - ERROR - CFST更新失败: None
2026-08-26 16:58:10,201 - INFO - --------------------------------------------------
2026-08-26 16:58:10,201 - INFO - [de.616049.xyz (FRA)] 开始处理节点维护
2026-08-26 16:58:10,215 - DEBUG - DNS解析重试中 de.616049.xyz: [Errno -5] No address associated with hostname
2026-08-26 16:58:11,260 - DEBUG - DNS解析重试中 de.616049.xyz: [Errno -5] No address associated with hostname
2026-08-26 16:58:12,276 - DEBUG - DNS解析重试中 de.616049.xyz: [Errno -5] No address associated with hostname
2026-08-26 16:58:13,277 - WARNING - [de.616049.xyz (FRA)] ├─ 无有效DNS记录，触发紧急更新
2026-08-26 17:10:47,515 - ERROR - CFST更新失败: None
2026-08-26 17:10:47,518 - DEBUG - Starting new HTTPS connection (1): api.telegram.org:443
2026-08-26 17:10:47,810 - DEBUG - https://api.telegram.org:443 "POST /bot/sendMessage HTTP/1.1" 404 55
