2026-10-06 07:30:48,014 - INFO - 启动维护任务 | 协议类型: IPV4
2026-10-06 07:30:48,014 - INFO - --------------------------------------------------
2026-10-06 07:30:48,014 - INFO - [hk.616049.xyz (HKG)] 开始处理节点维护
2026-10-06 07:30:48,057 - DEBUG - DNS解析重试中 hk.616049.xyz: [Errno -5] No address associated with hostname
2026-10-06 07:30:49,097 - DEBUG - DNS解析重试中 hk.616049.xyz: [Errno -5] No address associated with hostname
2026-10-06 07:30:50,138 - DEBUG - DNS解析重试中 hk.616049.xyz: [Errno -5] No address associated with hostname
2026-10-06 07:30:51,140 - WARNING - [hk.616049.xyz (HKG)] ├─ 无有效DNS记录，触发紧急更新
2026-10-06 07:43:21,748 - ERROR - CFST更新失败: None
2026-10-06 07:43:21,748 - INFO - --------------------------------------------------
2026-10-06 07:43:21,748 - INFO - [us.616049.xyz (LAX)] 开始处理节点维护
2026-10-06 07:43:21,788 - DEBUG - DNS解析重试中 us.616049.xyz: [Errno -5] No address associated with hostname
2026-10-06 07:43:22,834 - DEBUG - DNS解析重试中 us.616049.xyz: [Errno -5] No address associated with hostname
2026-10-06 07:43:23,882 - DEBUG - DNS解析重试中 us.616049.xyz: [Errno -5] No address associated with hostname
2026-10-06 07:43:24,884 - WARNING - [us.616049.xyz (LAX)] ├─ 无有效DNS记录，触发紧急更新
2026-10-06 07:55:55,385 - ERROR - CFST更新失败: None
2026-10-06 07:55:55,385 - INFO - --------------------------------------------------
2026-10-06 07:55:55,385 - INFO - [de.616049.xyz (FRA)] 开始处理节点维护
2026-10-06 07:55:55,429 - DEBUG - DNS解析重试中 de.616049.xyz: [Errno -5] No address associated with hostname
2026-10-06 07:55:56,470 - DEBUG - DNS解析重试中 de.616049.xyz: [Errno -5] No address associated with hostname
2026-10-06 07:55:57,512 - DEBUG - DNS解析重试中 de.616049.xyz: [Errno -5] No address associated with hostname
2026-10-06 07:55:58,514 - WARNING - [de.616049.xyz (FRA)] ├─ 无有效DNS记录，触发紧急更新
2026-10-06 08:08:30,104 - ERROR - CFST更新失败: None
2026-10-06 08:08:30,108 - DEBUG - Starting new HTTPS connection (1): api.telegram.org:443
2026-10-06 08:08:30,564 - DEBUG - https://api.telegram.org:443 "POST /bot/sendMessage HTTP/1.1" 404 55
