2026-09-28 16:01:19,029 - INFO - 启动维护任务 | 协议类型: IPV4
2026-09-28 16:01:19,029 - INFO - --------------------------------------------------
2026-09-28 16:01:19,030 - INFO - [hk.616049.xyz (HKG)] 开始处理节点维护
2026-09-28 16:01:19,064 - DEBUG - DNS解析重试中 hk.616049.xyz: [Errno -5] No address associated with hostname
2026-09-28 16:01:20,103 - DEBUG - DNS解析重试中 hk.616049.xyz: [Errno -5] No address associated with hostname
2026-09-28 16:01:21,142 - DEBUG - DNS解析重试中 hk.616049.xyz: [Errno -5] No address associated with hostname
2026-09-28 16:01:22,143 - WARNING - [hk.616049.xyz (HKG)] ├─ 无有效DNS记录，触发紧急更新
2026-09-28 16:13:53,240 - ERROR - CFST更新失败: None
2026-09-28 16:13:53,240 - INFO - --------------------------------------------------
2026-09-28 16:13:53,240 - INFO - [us.616049.xyz (LAX)] 开始处理节点维护
2026-09-28 16:13:53,279 - DEBUG - DNS解析重试中 us.616049.xyz: [Errno -5] No address associated with hostname
2026-09-28 16:13:54,305 - DEBUG - DNS解析重试中 us.616049.xyz: [Errno -5] No address associated with hostname
2026-09-28 16:13:55,341 - DEBUG - DNS解析重试中 us.616049.xyz: [Errno -5] No address associated with hostname
2026-09-28 16:13:56,342 - WARNING - [us.616049.xyz (LAX)] ├─ 无有效DNS记录，触发紧急更新
2026-09-28 16:26:25,887 - ERROR - CFST更新失败: None
2026-09-28 16:26:25,887 - INFO - --------------------------------------------------
2026-09-28 16:26:25,887 - INFO - [de.616049.xyz (FRA)] 开始处理节点维护
2026-09-28 16:26:25,929 - DEBUG - DNS解析重试中 de.616049.xyz: [Errno -5] No address associated with hostname
2026-09-28 16:26:26,977 - DEBUG - DNS解析重试中 de.616049.xyz: [Errno -5] No address associated with hostname
2026-09-28 16:26:28,022 - DEBUG - DNS解析重试中 de.616049.xyz: [Errno -5] No address associated with hostname
2026-09-28 16:26:29,023 - WARNING - [de.616049.xyz (FRA)] ├─ 无有效DNS记录，触发紧急更新
2026-09-28 16:38:59,916 - ERROR - CFST更新失败: None
2026-09-28 16:38:59,920 - DEBUG - Starting new HTTPS connection (1): api.telegram.org:443
2026-09-28 16:39:00,241 - DEBUG - https://api.telegram.org:443 "POST /bot/sendMessage HTTP/1.1" 404 55
