2026-09-28 08:09:59,001 - INFO - 启动维护任务 | 协议类型: IPV4
2026-09-28 08:09:59,001 - INFO - --------------------------------------------------
2026-09-28 08:09:59,001 - INFO - [hk.616049.xyz (HKG)] 开始处理节点维护
2026-09-28 08:09:59,023 - DEBUG - DNS解析重试中 hk.616049.xyz: [Errno -5] No address associated with hostname
2026-09-28 08:10:00,036 - DEBUG - DNS解析重试中 hk.616049.xyz: [Errno -5] No address associated with hostname
2026-09-28 08:10:01,071 - DEBUG - DNS解析重试中 hk.616049.xyz: [Errno -5] No address associated with hostname
2026-09-28 08:10:02,072 - WARNING - [hk.616049.xyz (HKG)] ├─ 无有效DNS记录，触发紧急更新
2026-09-28 08:22:33,724 - ERROR - CFST更新失败: None
2026-09-28 08:22:33,724 - INFO - --------------------------------------------------
2026-09-28 08:22:33,724 - INFO - [us.616049.xyz (LAX)] 开始处理节点维护
2026-09-28 08:22:33,738 - DEBUG - DNS解析重试中 us.616049.xyz: [Errno -5] No address associated with hostname
2026-09-28 08:22:34,779 - DEBUG - DNS解析重试中 us.616049.xyz: [Errno -5] No address associated with hostname
2026-09-28 08:22:35,799 - DEBUG - DNS解析重试中 us.616049.xyz: [Errno -5] No address associated with hostname
2026-09-28 08:22:36,800 - WARNING - [us.616049.xyz (LAX)] ├─ 无有效DNS记录，触发紧急更新
2026-09-28 08:35:07,779 - ERROR - CFST更新失败: None
2026-09-28 08:35:07,779 - INFO - --------------------------------------------------
2026-09-28 08:35:07,779 - INFO - [de.616049.xyz (FRA)] 开始处理节点维护
2026-09-28 08:35:07,795 - DEBUG - DNS解析重试中 de.616049.xyz: [Errno -5] No address associated with hostname
2026-09-28 08:35:08,814 - DEBUG - DNS解析重试中 de.616049.xyz: [Errno -5] No address associated with hostname
2026-09-28 08:35:09,821 - DEBUG - DNS解析重试中 de.616049.xyz: [Errno -5] No address associated with hostname
2026-09-28 08:35:10,822 - WARNING - [de.616049.xyz (FRA)] ├─ 无有效DNS记录，触发紧急更新
2026-09-28 08:47:42,628 - ERROR - CFST更新失败: None
2026-09-28 08:47:42,631 - DEBUG - Starting new HTTPS connection (1): api.telegram.org:443
2026-09-28 08:47:43,087 - DEBUG - https://api.telegram.org:443 "POST /bot/sendMessage HTTP/1.1" 404 55
