2026-09-16 16:57:28,956 - INFO - 启动维护任务 | 协议类型: IPV4
2026-09-16 16:57:28,956 - INFO - --------------------------------------------------
2026-09-16 16:57:28,956 - INFO - [hk.616049.xyz (HKG)] 开始处理节点维护
2026-09-16 16:57:28,988 - DEBUG - DNS解析重试中 hk.616049.xyz: [Errno -5] No address associated with hostname
2026-09-16 16:57:30,000 - DEBUG - DNS解析重试中 hk.616049.xyz: [Errno -5] No address associated with hostname
2026-09-16 16:57:31,011 - DEBUG - DNS解析重试中 hk.616049.xyz: [Errno -5] No address associated with hostname
2026-09-16 16:57:32,013 - WARNING - [hk.616049.xyz (HKG)] ├─ 无有效DNS记录，触发紧急更新
2026-09-16 17:10:04,571 - ERROR - CFST更新失败: None
2026-09-16 17:10:04,572 - INFO - --------------------------------------------------
2026-09-16 17:10:04,572 - INFO - [us.616049.xyz (LAX)] 开始处理节点维护
2026-09-16 17:10:04,589 - DEBUG - DNS解析重试中 us.616049.xyz: [Errno -5] No address associated with hostname
2026-09-16 17:10:05,606 - DEBUG - DNS解析重试中 us.616049.xyz: [Errno -5] No address associated with hostname
2026-09-16 17:10:06,622 - DEBUG - DNS解析重试中 us.616049.xyz: [Errno -5] No address associated with hostname
2026-09-16 17:10:07,623 - WARNING - [us.616049.xyz (LAX)] ├─ 无有效DNS记录，触发紧急更新
2026-09-16 17:22:39,388 - ERROR - CFST更新失败: None
2026-09-16 17:22:39,388 - INFO - --------------------------------------------------
2026-09-16 17:22:39,388 - INFO - [de.616049.xyz (FRA)] 开始处理节点维护
2026-09-16 17:22:39,408 - DEBUG - DNS解析重试中 de.616049.xyz: [Errno -5] No address associated with hostname
2026-09-16 17:22:40,424 - DEBUG - DNS解析重试中 de.616049.xyz: [Errno -5] No address associated with hostname
2026-09-16 17:22:41,438 - DEBUG - DNS解析重试中 de.616049.xyz: [Errno -5] No address associated with hostname
2026-09-16 17:22:42,440 - WARNING - [de.616049.xyz (FRA)] ├─ 无有效DNS记录，触发紧急更新
2026-09-16 17:35:14,773 - ERROR - CFST更新失败: None
2026-09-16 17:35:14,776 - DEBUG - Starting new HTTPS connection (1): api.telegram.org:443
2026-09-16 17:35:15,236 - DEBUG - https://api.telegram.org:443 "POST /bot/sendMessage HTTP/1.1" 404 55
