2026-08-16 10:52:08,762 - INFO - 启动维护任务 | 协议类型: IPV4
2026-08-16 10:52:08,762 - INFO - --------------------------------------------------
2026-08-16 10:52:08,762 - INFO - [hk.616049.xyz (HKG)] 开始处理节点维护
2026-08-16 10:52:08,777 - DEBUG - DNS解析重试中 hk.616049.xyz: [Errno -5] No address associated with hostname
2026-08-16 10:52:09,798 - DEBUG - DNS解析重试中 hk.616049.xyz: [Errno -5] No address associated with hostname
2026-08-16 10:52:10,819 - DEBUG - DNS解析重试中 hk.616049.xyz: [Errno -5] No address associated with hostname
2026-08-16 10:52:11,820 - WARNING - [hk.616049.xyz (HKG)] ├─ 无有效DNS记录，触发紧急更新
2026-08-16 11:04:42,053 - ERROR - CFST更新失败: None
2026-08-16 11:04:42,053 - INFO - --------------------------------------------------
2026-08-16 11:04:42,053 - INFO - [us.616049.xyz (LAX)] 开始处理节点维护
2026-08-16 11:04:42,065 - DEBUG - DNS解析重试中 us.616049.xyz: [Errno -5] No address associated with hostname
2026-08-16 11:04:43,077 - DEBUG - DNS解析重试中 us.616049.xyz: [Errno -5] No address associated with hostname
2026-08-16 11:04:44,091 - DEBUG - DNS解析重试中 us.616049.xyz: [Errno -5] No address associated with hostname
2026-08-16 11:04:45,093 - WARNING - [us.616049.xyz (LAX)] ├─ 无有效DNS记录，触发紧急更新
2026-08-16 11:17:15,374 - ERROR - CFST更新失败: None
2026-08-16 11:17:15,374 - INFO - --------------------------------------------------
2026-08-16 11:17:15,374 - INFO - [de.616049.xyz (FRA)] 开始处理节点维护
2026-08-16 11:17:15,409 - DEBUG - DNS解析重试中 de.616049.xyz: [Errno -5] No address associated with hostname
2026-08-16 11:17:16,433 - DEBUG - DNS解析重试中 de.616049.xyz: [Errno -5] No address associated with hostname
2026-08-16 11:17:21,322 - DEBUG - DNS解析重试中 de.616049.xyz: [Errno -5] No address associated with hostname
2026-08-16 11:17:22,323 - WARNING - [de.616049.xyz (FRA)] ├─ 无有效DNS记录，触发紧急更新
2026-08-16 11:29:52,910 - ERROR - CFST更新失败: None
2026-08-16 11:29:52,913 - DEBUG - Starting new HTTPS connection (1): api.telegram.org:443
2026-08-16 11:29:53,187 - DEBUG - https://api.telegram.org:443 "POST /bot/sendMessage HTTP/1.1" 404 55
