2026-10-05 01:55:34,158 - INFO - 启动维护任务 | 协议类型: IPV4
2026-10-05 01:55:34,158 - INFO - --------------------------------------------------
2026-10-05 01:55:34,158 - INFO - [hk.616049.xyz (HKG)] 开始处理节点维护
2026-10-05 01:55:34,216 - DEBUG - DNS解析重试中 hk.616049.xyz: [Errno -5] No address associated with hostname
2026-10-05 01:55:35,267 - DEBUG - DNS解析重试中 hk.616049.xyz: [Errno -5] No address associated with hostname
2026-10-05 01:55:36,323 - DEBUG - DNS解析重试中 hk.616049.xyz: [Errno -5] No address associated with hostname
2026-10-05 01:55:37,323 - WARNING - [hk.616049.xyz (HKG)] ├─ 无有效DNS记录，触发紧急更新
2026-10-05 02:08:13,989 - ERROR - CFST更新失败: None
2026-10-05 02:08:13,989 - INFO - --------------------------------------------------
2026-10-05 02:08:13,989 - INFO - [us.616049.xyz (LAX)] 开始处理节点维护
2026-10-05 02:08:14,045 - DEBUG - DNS解析重试中 us.616049.xyz: [Errno -5] No address associated with hostname
2026-10-05 02:08:15,103 - DEBUG - DNS解析重试中 us.616049.xyz: [Errno -5] No address associated with hostname
2026-10-05 02:08:16,177 - DEBUG - DNS解析重试中 us.616049.xyz: [Errno -5] No address associated with hostname
2026-10-05 02:08:17,178 - WARNING - [us.616049.xyz (LAX)] ├─ 无有效DNS记录，触发紧急更新
2026-10-05 02:20:55,052 - ERROR - CFST更新失败: None
2026-10-05 02:20:55,052 - INFO - --------------------------------------------------
2026-10-05 02:20:55,052 - INFO - [de.616049.xyz (FRA)] 开始处理节点维护
2026-10-05 02:20:55,127 - DEBUG - DNS解析重试中 de.616049.xyz: [Errno -5] No address associated with hostname
2026-10-05 02:20:56,203 - DEBUG - DNS解析重试中 de.616049.xyz: [Errno -5] No address associated with hostname
2026-10-05 02:20:57,275 - DEBUG - DNS解析重试中 de.616049.xyz: [Errno -5] No address associated with hostname
2026-10-05 02:20:58,275 - WARNING - [de.616049.xyz (FRA)] ├─ 无有效DNS记录，触发紧急更新
2026-10-05 02:33:33,655 - ERROR - CFST更新失败: None
2026-10-05 02:33:33,659 - DEBUG - Starting new HTTPS connection (1): api.telegram.org:443
2026-10-05 02:33:34,046 - DEBUG - https://api.telegram.org:443 "POST /bot/sendMessage HTTP/1.1" 404 55
