2026-10-01 04:25:24,914 - INFO - 启动维护任务 | 协议类型: IPV4
2026-10-01 04:25:24,914 - INFO - --------------------------------------------------
2026-10-01 04:25:24,914 - INFO - [hk.616049.xyz (HKG)] 开始处理节点维护
2026-10-01 04:25:24,968 - DEBUG - DNS解析重试中 hk.616049.xyz: [Errno -5] No address associated with hostname
2026-10-01 04:25:26,019 - DEBUG - DNS解析重试中 hk.616049.xyz: [Errno -5] No address associated with hostname
2026-10-01 04:25:27,063 - DEBUG - DNS解析重试中 hk.616049.xyz: [Errno -5] No address associated with hostname
2026-10-01 04:25:28,064 - WARNING - [hk.616049.xyz (HKG)] ├─ 无有效DNS记录，触发紧急更新
2026-10-01 04:38:08,658 - ERROR - CFST更新失败: None
2026-10-01 04:38:08,658 - INFO - --------------------------------------------------
2026-10-01 04:38:08,658 - INFO - [us.616049.xyz (LAX)] 开始处理节点维护
2026-10-01 04:38:08,711 - DEBUG - DNS解析重试中 us.616049.xyz: [Errno -5] No address associated with hostname
2026-10-01 04:38:09,783 - DEBUG - DNS解析重试中 us.616049.xyz: [Errno -5] No address associated with hostname
2026-10-01 04:38:10,858 - DEBUG - DNS解析重试中 us.616049.xyz: [Errno -5] No address associated with hostname
2026-10-01 04:38:11,860 - WARNING - [us.616049.xyz (LAX)] ├─ 无有效DNS记录，触发紧急更新
2026-10-01 04:50:46,549 - ERROR - CFST更新失败: None
2026-10-01 04:50:46,549 - INFO - --------------------------------------------------
2026-10-01 04:50:46,549 - INFO - [de.616049.xyz (FRA)] 开始处理节点维护
2026-10-01 04:50:46,600 - DEBUG - DNS解析重试中 de.616049.xyz: [Errno -5] No address associated with hostname
2026-10-01 04:50:47,650 - DEBUG - DNS解析重试中 de.616049.xyz: [Errno -5] No address associated with hostname
2026-10-01 04:50:48,723 - DEBUG - DNS解析重试中 de.616049.xyz: [Errno -5] No address associated with hostname
2026-10-01 04:50:49,724 - WARNING - [de.616049.xyz (FRA)] ├─ 无有效DNS记录，触发紧急更新
2026-10-01 05:03:24,695 - ERROR - CFST更新失败: None
2026-10-01 05:03:24,699 - DEBUG - Starting new HTTPS connection (1): api.telegram.org:443
2026-10-01 05:03:25,041 - DEBUG - https://api.telegram.org:443 "POST /bot/sendMessage HTTP/1.1" 404 55
