2026-08-20 22:26:49,454 - INFO - 启动维护任务 | 协议类型: IPV4
2026-08-20 22:26:49,454 - INFO - --------------------------------------------------
2026-08-20 22:26:49,454 - INFO - [hk.616049.xyz (HKG)] 开始处理节点维护
2026-08-20 22:26:49,568 - DEBUG - DNS解析重试中 hk.616049.xyz: [Errno -5] No address associated with hostname
2026-08-20 22:26:50,606 - DEBUG - DNS解析重试中 hk.616049.xyz: [Errno -5] No address associated with hostname
2026-08-20 22:26:51,645 - DEBUG - DNS解析重试中 hk.616049.xyz: [Errno -5] No address associated with hostname
2026-08-20 22:26:52,646 - WARNING - [hk.616049.xyz (HKG)] ├─ 无有效DNS记录，触发紧急更新
2026-08-20 22:39:24,726 - ERROR - CFST更新失败: None
2026-08-20 22:39:24,727 - INFO - --------------------------------------------------
2026-08-20 22:39:24,727 - INFO - [us.616049.xyz (LAX)] 开始处理节点维护
2026-08-20 22:39:24,774 - DEBUG - DNS解析重试中 us.616049.xyz: [Errno -5] No address associated with hostname
2026-08-20 22:39:25,813 - DEBUG - DNS解析重试中 us.616049.xyz: [Errno -5] No address associated with hostname
2026-08-20 22:39:26,849 - DEBUG - DNS解析重试中 us.616049.xyz: [Errno -5] No address associated with hostname
2026-08-20 22:39:27,850 - WARNING - [us.616049.xyz (LAX)] ├─ 无有效DNS记录，触发紧急更新
2026-08-20 22:51:59,100 - ERROR - CFST更新失败: None
2026-08-20 22:51:59,100 - INFO - --------------------------------------------------
2026-08-20 22:51:59,100 - INFO - [de.616049.xyz (FRA)] 开始处理节点维护
2026-08-20 22:51:59,144 - DEBUG - DNS解析重试中 de.616049.xyz: [Errno -5] No address associated with hostname
2026-08-20 22:52:00,187 - DEBUG - DNS解析重试中 de.616049.xyz: [Errno -5] No address associated with hostname
2026-08-20 22:52:01,243 - DEBUG - DNS解析重试中 de.616049.xyz: [Errno -5] No address associated with hostname
2026-08-20 22:52:02,244 - WARNING - [de.616049.xyz (FRA)] ├─ 无有效DNS记录，触发紧急更新
2026-08-20 23:04:34,850 - ERROR - CFST更新失败: None
2026-08-20 23:04:34,854 - DEBUG - Starting new HTTPS connection (1): api.telegram.org:443
2026-08-20 23:04:35,356 - DEBUG - https://api.telegram.org:443 "POST /bot/sendMessage HTTP/1.1" 404 55
