2026-08-09 02:24:12,816 - INFO - 启动维护任务 | 协议类型: IPV4
2026-08-09 02:24:12,816 - INFO - --------------------------------------------------
2026-08-09 02:24:12,816 - INFO - [hk.616049.xyz (HKG)] 开始处理节点维护
2026-08-09 02:24:12,852 - DEBUG - DNS解析重试中 hk.616049.xyz: [Errno -5] No address associated with hostname
2026-08-09 02:24:13,889 - DEBUG - DNS解析重试中 hk.616049.xyz: [Errno -5] No address associated with hostname
2026-08-09 02:24:14,927 - DEBUG - DNS解析重试中 hk.616049.xyz: [Errno -5] No address associated with hostname
2026-08-09 02:24:15,928 - WARNING - [hk.616049.xyz (HKG)] ├─ 无有效DNS记录，触发紧急更新
2026-08-09 02:36:47,942 - ERROR - CFST更新失败: None
2026-08-09 02:36:47,943 - INFO - --------------------------------------------------
2026-08-09 02:36:47,943 - INFO - [us.616049.xyz (LAX)] 开始处理节点维护
2026-08-09 02:36:47,980 - DEBUG - DNS解析重试中 us.616049.xyz: [Errno -5] No address associated with hostname
2026-08-09 02:36:49,021 - DEBUG - DNS解析重试中 us.616049.xyz: [Errno -5] No address associated with hostname
2026-08-09 02:36:50,084 - DEBUG - DNS解析重试中 us.616049.xyz: [Errno -5] No address associated with hostname
2026-08-09 02:36:51,085 - WARNING - [us.616049.xyz (LAX)] ├─ 无有效DNS记录，触发紧急更新
2026-08-09 02:49:23,328 - ERROR - CFST更新失败: None
2026-08-09 02:49:23,328 - INFO - --------------------------------------------------
2026-08-09 02:49:23,328 - INFO - [de.616049.xyz (FRA)] 开始处理节点维护
2026-08-09 02:49:23,364 - DEBUG - DNS解析重试中 de.616049.xyz: [Errno -5] No address associated with hostname
2026-08-09 02:49:24,413 - DEBUG - DNS解析重试中 de.616049.xyz: [Errno -5] No address associated with hostname
2026-08-09 02:49:25,459 - DEBUG - DNS解析重试中 de.616049.xyz: [Errno -5] No address associated with hostname
2026-08-09 02:49:26,460 - WARNING - [de.616049.xyz (FRA)] ├─ 无有效DNS记录，触发紧急更新
2026-08-09 03:01:59,001 - ERROR - CFST更新失败: None
2026-08-09 03:01:59,005 - DEBUG - Starting new HTTPS connection (1): api.telegram.org:443
2026-08-09 03:01:59,762 - DEBUG - https://api.telegram.org:443 "POST /bot/sendMessage HTTP/1.1" 404 55
