2026-08-20 08:44:19,654 - INFO - 启动维护任务 | 协议类型: IPV4
2026-08-20 08:44:19,655 - INFO - --------------------------------------------------
2026-08-20 08:44:19,655 - INFO - [hk.616049.xyz (HKG)] 开始处理节点维护
2026-08-20 08:44:19,668 - DEBUG - DNS解析重试中 hk.616049.xyz: [Errno -5] No address associated with hostname
2026-08-20 08:44:20,682 - DEBUG - DNS解析重试中 hk.616049.xyz: [Errno -5] No address associated with hostname
2026-08-20 08:44:21,697 - DEBUG - DNS解析重试中 hk.616049.xyz: [Errno -5] No address associated with hostname
2026-08-20 08:44:22,698 - WARNING - [hk.616049.xyz (HKG)] ├─ 无有效DNS记录，触发紧急更新
2026-08-20 08:56:53,246 - ERROR - CFST更新失败: None
2026-08-20 08:56:53,246 - INFO - --------------------------------------------------
2026-08-20 08:56:53,247 - INFO - [us.616049.xyz (LAX)] 开始处理节点维护
2026-08-20 08:56:53,257 - DEBUG - DNS解析重试中 us.616049.xyz: [Errno -5] No address associated with hostname
2026-08-20 08:56:54,273 - DEBUG - DNS解析重试中 us.616049.xyz: [Errno -5] No address associated with hostname
2026-08-20 08:56:55,300 - DEBUG - DNS解析重试中 us.616049.xyz: [Errno -5] No address associated with hostname
2026-08-20 08:56:56,301 - WARNING - [us.616049.xyz (LAX)] ├─ 无有效DNS记录，触发紧急更新
2026-08-20 09:09:27,138 - ERROR - CFST更新失败: None
2026-08-20 09:09:27,138 - INFO - --------------------------------------------------
2026-08-20 09:09:27,139 - INFO - [de.616049.xyz (FRA)] 开始处理节点维护
2026-08-20 09:09:27,154 - DEBUG - DNS解析重试中 de.616049.xyz: [Errno -5] No address associated with hostname
2026-08-20 09:09:28,176 - DEBUG - DNS解析重试中 de.616049.xyz: [Errno -5] No address associated with hostname
2026-08-20 09:09:29,189 - DEBUG - DNS解析重试中 de.616049.xyz: [Errno -5] No address associated with hostname
2026-08-20 09:09:30,191 - WARNING - [de.616049.xyz (FRA)] ├─ 无有效DNS记录，触发紧急更新
2026-08-20 09:22:01,555 - ERROR - CFST更新失败: None
2026-08-20 09:22:01,559 - DEBUG - Starting new HTTPS connection (1): api.telegram.org:443
2026-08-20 09:22:01,839 - DEBUG - https://api.telegram.org:443 "POST /bot/sendMessage HTTP/1.1" 404 55
