2026-08-05 19:51:39,649 - INFO - 启动维护任务 | 协议类型: IPV4
2026-08-05 19:51:39,649 - INFO - --------------------------------------------------
2026-08-05 19:51:39,649 - INFO - [hk.616049.xyz (HKG)] 开始处理节点维护
2026-08-05 19:51:39,680 - DEBUG - DNS解析重试中 hk.616049.xyz: [Errno -5] No address associated with hostname
2026-08-05 19:51:40,697 - DEBUG - DNS解析重试中 hk.616049.xyz: [Errno -5] No address associated with hostname
2026-08-05 19:51:41,708 - DEBUG - DNS解析重试中 hk.616049.xyz: [Errno -5] No address associated with hostname
2026-08-05 19:51:42,709 - WARNING - [hk.616049.xyz (HKG)] ├─ 无有效DNS记录，触发紧急更新
2026-08-05 20:03:55,429 - ERROR - CFST更新失败: None
2026-08-05 20:03:55,429 - INFO - --------------------------------------------------
2026-08-05 20:03:55,429 - INFO - [us.616049.xyz (LAX)] 开始处理节点维护
2026-08-05 20:03:55,447 - DEBUG - DNS解析重试中 us.616049.xyz: [Errno -5] No address associated with hostname
2026-08-05 20:03:56,467 - DEBUG - DNS解析重试中 us.616049.xyz: [Errno -5] No address associated with hostname
2026-08-05 20:03:57,479 - DEBUG - DNS解析重试中 us.616049.xyz: [Errno -5] No address associated with hostname
2026-08-05 20:03:58,481 - WARNING - [us.616049.xyz (LAX)] ├─ 无有效DNS记录，触发紧急更新
2026-08-05 20:16:15,933 - ERROR - CFST更新失败: None
2026-08-05 20:16:15,933 - INFO - --------------------------------------------------
2026-08-05 20:16:15,933 - INFO - [de.616049.xyz (FRA)] 开始处理节点维护
2026-08-05 20:16:15,957 - DEBUG - DNS解析重试中 de.616049.xyz: [Errno -5] No address associated with hostname
2026-08-05 20:16:16,989 - DEBUG - DNS解析重试中 de.616049.xyz: [Errno -5] No address associated with hostname
2026-08-05 20:16:17,999 - DEBUG - DNS解析重试中 de.616049.xyz: [Errno -5] No address associated with hostname
2026-08-05 20:16:19,001 - WARNING - [de.616049.xyz (FRA)] ├─ 无有效DNS记录，触发紧急更新
2026-08-05 20:28:31,042 - ERROR - CFST更新失败: None
2026-08-05 20:28:31,045 - DEBUG - Starting new HTTPS connection (1): api.telegram.org:443
2026-08-05 20:28:31,512 - DEBUG - https://api.telegram.org:443 "POST /bot/sendMessage HTTP/1.1" 404 55
