2026-09-16 22:29:01,300 - INFO - 启动维护任务 | 协议类型: IPV4
2026-09-16 22:29:01,300 - INFO - --------------------------------------------------
2026-09-16 22:29:01,300 - INFO - [hk.616049.xyz (HKG)] 开始处理节点维护
2026-09-16 22:29:01,319 - DEBUG - DNS解析重试中 hk.616049.xyz: [Errno -5] No address associated with hostname
2026-09-16 22:29:02,370 - DEBUG - DNS解析重试中 hk.616049.xyz: [Errno -5] No address associated with hostname
2026-09-16 22:29:03,409 - DEBUG - DNS解析重试中 hk.616049.xyz: [Errno -5] No address associated with hostname
2026-09-16 22:29:04,410 - WARNING - [hk.616049.xyz (HKG)] ├─ 无有效DNS记录，触发紧急更新
2026-09-16 22:41:40,035 - ERROR - CFST更新失败: None
2026-09-16 22:41:40,036 - INFO - --------------------------------------------------
2026-09-16 22:41:40,036 - INFO - [us.616049.xyz (LAX)] 开始处理节点维护
2026-09-16 22:41:40,056 - DEBUG - DNS解析重试中 us.616049.xyz: [Errno -5] No address associated with hostname
2026-09-16 22:41:41,082 - DEBUG - DNS解析重试中 us.616049.xyz: [Errno -5] No address associated with hostname
2026-09-16 22:41:42,108 - DEBUG - DNS解析重试中 us.616049.xyz: [Errno -5] No address associated with hostname
2026-09-16 22:41:43,109 - WARNING - [us.616049.xyz (LAX)] ├─ 无有效DNS记录，触发紧急更新
2026-09-16 22:54:18,385 - ERROR - CFST更新失败: None
2026-09-16 22:54:18,385 - INFO - --------------------------------------------------
2026-09-16 22:54:18,385 - INFO - [de.616049.xyz (FRA)] 开始处理节点维护
2026-09-16 22:54:18,407 - DEBUG - DNS解析重试中 de.616049.xyz: [Errno -5] No address associated with hostname
2026-09-16 22:54:19,438 - DEBUG - DNS解析重试中 de.616049.xyz: [Errno -5] No address associated with hostname
2026-09-16 22:54:20,484 - DEBUG - DNS解析重试中 de.616049.xyz: [Errno -5] No address associated with hostname
2026-09-16 22:54:21,485 - WARNING - [de.616049.xyz (FRA)] ├─ 无有效DNS记录，触发紧急更新
2026-09-16 23:06:56,402 - ERROR - CFST更新失败: None
2026-09-16 23:06:56,406 - DEBUG - Starting new HTTPS connection (1): api.telegram.org:443
2026-09-16 23:06:56,701 - DEBUG - https://api.telegram.org:443 "POST /bot/sendMessage HTTP/1.1" 404 55
