2026-08-23 10:54:49,631 - INFO - 启动维护任务 | 协议类型: IPV4
2026-08-23 10:54:49,631 - INFO - --------------------------------------------------
2026-08-23 10:54:49,631 - INFO - [hk.616049.xyz (HKG)] 开始处理节点维护
2026-08-23 10:54:49,693 - DEBUG - DNS解析重试中 hk.616049.xyz: [Errno -5] No address associated with hostname
2026-08-23 10:54:50,739 - DEBUG - DNS解析重试中 hk.616049.xyz: [Errno -5] No address associated with hostname
2026-08-23 10:54:51,798 - DEBUG - DNS解析重试中 hk.616049.xyz: [Errno -5] No address associated with hostname
2026-08-23 10:54:52,799 - WARNING - [hk.616049.xyz (HKG)] ├─ 无有效DNS记录，触发紧急更新
2026-08-23 11:07:28,770 - ERROR - CFST更新失败: None
2026-08-23 11:07:28,770 - INFO - --------------------------------------------------
2026-08-23 11:07:28,770 - INFO - [us.616049.xyz (LAX)] 开始处理节点维护
2026-08-23 11:07:28,820 - DEBUG - DNS解析重试中 us.616049.xyz: [Errno -5] No address associated with hostname
2026-08-23 11:07:29,873 - DEBUG - DNS解析重试中 us.616049.xyz: [Errno -5] No address associated with hostname
2026-08-23 11:07:30,919 - DEBUG - DNS解析重试中 us.616049.xyz: [Errno -5] No address associated with hostname
2026-08-23 11:07:31,920 - WARNING - [us.616049.xyz (LAX)] ├─ 无有效DNS记录，触发紧急更新
2026-08-23 11:20:07,720 - ERROR - CFST更新失败: None
2026-08-23 11:20:07,721 - INFO - --------------------------------------------------
2026-08-23 11:20:07,721 - INFO - [de.616049.xyz (FRA)] 开始处理节点维护
2026-08-23 11:20:07,761 - DEBUG - DNS解析重试中 de.616049.xyz: [Errno -5] No address associated with hostname
2026-08-23 11:20:08,801 - DEBUG - DNS解析重试中 de.616049.xyz: [Errno -5] No address associated with hostname
2026-08-23 11:20:09,812 - DEBUG - DNS解析重试中 de.616049.xyz: [Errno -5] No address associated with hostname
2026-08-23 11:20:10,813 - WARNING - [de.616049.xyz (FRA)] ├─ 无有效DNS记录，触发紧急更新
2026-08-23 11:32:51,960 - ERROR - CFST更新失败: None
2026-08-23 11:32:51,964 - DEBUG - Starting new HTTPS connection (1): api.telegram.org:443
2026-08-23 11:32:52,346 - DEBUG - https://api.telegram.org:443 "POST /bot/sendMessage HTTP/1.1" 404 55
