2026-08-04 16:23:45,774 - INFO - 启动维护任务 | 协议类型: IPV4
2026-08-04 16:23:45,774 - INFO - --------------------------------------------------
2026-08-04 16:23:45,774 - INFO - [hk.616049.xyz (HKG)] 开始处理节点维护
2026-08-04 16:23:45,784 - DEBUG - DNS解析重试中 hk.616049.xyz: [Errno -5] No address associated with hostname
2026-08-04 16:23:46,859 - DEBUG - DNS解析重试中 hk.616049.xyz: [Errno -5] No address associated with hostname
2026-08-04 16:23:47,877 - DEBUG - DNS解析重试中 hk.616049.xyz: [Errno -5] No address associated with hostname
2026-08-04 16:23:48,878 - WARNING - [hk.616049.xyz (HKG)] ├─ 无有效DNS记录，触发紧急更新
2026-08-04 16:36:20,552 - ERROR - CFST更新失败: None
2026-08-04 16:36:20,552 - INFO - --------------------------------------------------
2026-08-04 16:36:20,552 - INFO - [us.616049.xyz (LAX)] 开始处理节点维护
2026-08-04 16:36:20,633 - DEBUG - DNS解析重试中 us.616049.xyz: [Errno -5] No address associated with hostname
2026-08-04 16:36:21,645 - DEBUG - DNS解析重试中 us.616049.xyz: [Errno -5] No address associated with hostname
2026-08-04 16:36:22,664 - DEBUG - DNS解析重试中 us.616049.xyz: [Errno -5] No address associated with hostname
2026-08-04 16:36:23,666 - WARNING - [us.616049.xyz (LAX)] ├─ 无有效DNS记录，触发紧急更新
2026-08-04 16:48:57,267 - ERROR - CFST更新失败: None
2026-08-04 16:48:57,267 - INFO - --------------------------------------------------
2026-08-04 16:48:57,268 - INFO - [de.616049.xyz (FRA)] 开始处理节点维护
2026-08-04 16:48:57,280 - DEBUG - DNS解析重试中 de.616049.xyz: [Errno -5] No address associated with hostname
2026-08-04 16:48:58,295 - DEBUG - DNS解析重试中 de.616049.xyz: [Errno -5] No address associated with hostname
2026-08-04 16:48:59,306 - DEBUG - DNS解析重试中 de.616049.xyz: [Errno -5] No address associated with hostname
2026-08-04 16:49:00,308 - WARNING - [de.616049.xyz (FRA)] ├─ 无有效DNS记录，触发紧急更新
2026-08-04 17:01:31,073 - ERROR - CFST更新失败: None
2026-08-04 17:01:31,076 - DEBUG - Starting new HTTPS connection (1): api.telegram.org:443
2026-08-04 17:01:31,582 - DEBUG - https://api.telegram.org:443 "POST /bot/sendMessage HTTP/1.1" 404 55
