2026-08-13 15:14:08,857 - INFO - 启动维护任务 | 协议类型: IPV4
2026-08-13 15:14:08,857 - INFO - --------------------------------------------------
2026-08-13 15:14:08,857 - INFO - [hk.616049.xyz (HKG)] 开始处理节点维护
2026-08-13 15:14:08,872 - DEBUG - DNS解析重试中 hk.616049.xyz: [Errno -5] No address associated with hostname
2026-08-13 15:14:09,887 - DEBUG - DNS解析重试中 hk.616049.xyz: [Errno -5] No address associated with hostname
2026-08-13 15:14:10,898 - DEBUG - DNS解析重试中 hk.616049.xyz: [Errno -5] No address associated with hostname
2026-08-13 15:14:11,899 - WARNING - [hk.616049.xyz (HKG)] ├─ 无有效DNS记录，触发紧急更新
2026-08-13 15:26:43,387 - ERROR - CFST更新失败: None
2026-08-13 15:26:43,388 - INFO - --------------------------------------------------
2026-08-13 15:26:43,388 - INFO - [us.616049.xyz (LAX)] 开始处理节点维护
2026-08-13 15:26:43,398 - DEBUG - DNS解析重试中 us.616049.xyz: [Errno -5] No address associated with hostname
2026-08-13 15:26:44,418 - DEBUG - DNS解析重试中 us.616049.xyz: [Errno -5] No address associated with hostname
2026-08-13 15:26:45,429 - DEBUG - DNS解析重试中 us.616049.xyz: [Errno -5] No address associated with hostname
2026-08-13 15:26:46,430 - WARNING - [us.616049.xyz (LAX)] ├─ 无有效DNS记录，触发紧急更新
2026-08-13 15:39:17,442 - ERROR - CFST更新失败: None
2026-08-13 15:39:17,443 - INFO - --------------------------------------------------
2026-08-13 15:39:17,443 - INFO - [de.616049.xyz (FRA)] 开始处理节点维护
2026-08-13 15:39:17,472 - DEBUG - DNS解析重试中 de.616049.xyz: [Errno -5] No address associated with hostname
2026-08-13 15:39:18,491 - DEBUG - DNS解析重试中 de.616049.xyz: [Errno -5] No address associated with hostname
2026-08-13 15:39:19,511 - DEBUG - DNS解析重试中 de.616049.xyz: [Errno -5] No address associated with hostname
2026-08-13 15:39:20,513 - WARNING - [de.616049.xyz (FRA)] ├─ 无有效DNS记录，触发紧急更新
2026-08-13 15:51:52,395 - ERROR - CFST更新失败: None
2026-08-13 15:51:52,399 - DEBUG - Starting new HTTPS connection (1): api.telegram.org:443
2026-08-13 15:51:52,896 - DEBUG - https://api.telegram.org:443 "POST /bot/sendMessage HTTP/1.1" 404 55
