2026-08-16 20:21:31,877 - INFO - 启动维护任务 | 协议类型: IPV4
2026-08-16 20:21:31,877 - INFO - --------------------------------------------------
2026-08-16 20:21:31,877 - INFO - [hk.616049.xyz (HKG)] 开始处理节点维护
2026-08-16 20:21:31,906 - DEBUG - DNS解析重试中 hk.616049.xyz: [Errno -5] No address associated with hostname
2026-08-16 20:21:32,928 - DEBUG - DNS解析重试中 hk.616049.xyz: [Errno -5] No address associated with hostname
2026-08-16 20:21:33,951 - DEBUG - DNS解析重试中 hk.616049.xyz: [Errno -5] No address associated with hostname
2026-08-16 20:21:34,953 - WARNING - [hk.616049.xyz (HKG)] ├─ 无有效DNS记录，触发紧急更新
2026-08-16 20:34:10,532 - ERROR - CFST更新失败: None
2026-08-16 20:34:10,532 - INFO - --------------------------------------------------
2026-08-16 20:34:10,532 - INFO - [us.616049.xyz (LAX)] 开始处理节点维护
2026-08-16 20:34:10,558 - DEBUG - DNS解析重试中 us.616049.xyz: [Errno -5] No address associated with hostname
2026-08-16 20:34:11,584 - DEBUG - DNS解析重试中 us.616049.xyz: [Errno -5] No address associated with hostname
2026-08-16 20:34:12,607 - DEBUG - DNS解析重试中 us.616049.xyz: [Errno -5] No address associated with hostname
2026-08-16 20:34:13,609 - WARNING - [us.616049.xyz (LAX)] ├─ 无有效DNS记录，触发紧急更新
2026-08-16 20:46:49,470 - ERROR - CFST更新失败: None
2026-08-16 20:46:49,470 - INFO - --------------------------------------------------
2026-08-16 20:46:49,470 - INFO - [de.616049.xyz (FRA)] 开始处理节点维护
2026-08-16 20:46:49,488 - DEBUG - DNS解析重试中 de.616049.xyz: [Errno -5] No address associated with hostname
2026-08-16 20:46:50,512 - DEBUG - DNS解析重试中 de.616049.xyz: [Errno -5] No address associated with hostname
2026-08-16 20:46:51,557 - DEBUG - DNS解析重试中 de.616049.xyz: [Errno -5] No address associated with hostname
2026-08-16 20:46:52,559 - WARNING - [de.616049.xyz (FRA)] ├─ 无有效DNS记录，触发紧急更新
2026-08-16 20:59:28,047 - ERROR - CFST更新失败: None
2026-08-16 20:59:28,051 - DEBUG - Starting new HTTPS connection (1): api.telegram.org:443
2026-08-16 20:59:28,341 - DEBUG - https://api.telegram.org:443 "POST /bot/sendMessage HTTP/1.1" 404 55
