2026-08-17 22:19:07,740 - INFO - 启动维护任务 | 协议类型: IPV4
2026-08-17 22:19:07,740 - INFO - --------------------------------------------------
2026-08-17 22:19:07,741 - INFO - [hk.616049.xyz (HKG)] 开始处理节点维护
2026-08-17 22:19:07,783 - DEBUG - DNS解析重试中 hk.616049.xyz: [Errno -5] No address associated with hostname
2026-08-17 22:19:08,815 - DEBUG - DNS解析重试中 hk.616049.xyz: [Errno -5] No address associated with hostname
2026-08-17 22:19:09,845 - DEBUG - DNS解析重试中 hk.616049.xyz: [Errno -5] No address associated with hostname
2026-08-17 22:19:10,846 - WARNING - [hk.616049.xyz (HKG)] ├─ 无有效DNS记录，触发紧急更新
2026-08-17 22:31:42,667 - ERROR - CFST更新失败: None
2026-08-17 22:31:42,667 - INFO - --------------------------------------------------
2026-08-17 22:31:42,667 - INFO - [us.616049.xyz (LAX)] 开始处理节点维护
2026-08-17 22:31:42,716 - DEBUG - DNS解析重试中 us.616049.xyz: [Errno -5] No address associated with hostname
2026-08-17 22:31:43,755 - DEBUG - DNS解析重试中 us.616049.xyz: [Errno -5] No address associated with hostname
2026-08-17 22:31:46,961 - DEBUG - DNS解析重试中 us.616049.xyz: [Errno -5] No address associated with hostname
2026-08-17 22:31:47,962 - WARNING - [us.616049.xyz (LAX)] ├─ 无有效DNS记录，触发紧急更新
2026-08-17 22:44:21,075 - ERROR - CFST更新失败: None
2026-08-17 22:44:21,076 - INFO - --------------------------------------------------
2026-08-17 22:44:21,076 - INFO - [de.616049.xyz (FRA)] 开始处理节点维护
2026-08-17 22:44:21,106 - DEBUG - DNS解析重试中 de.616049.xyz: [Errno -5] No address associated with hostname
2026-08-17 22:44:22,141 - DEBUG - DNS解析重试中 de.616049.xyz: [Errno -5] No address associated with hostname
2026-08-17 22:44:23,174 - DEBUG - DNS解析重试中 de.616049.xyz: [Errno -5] No address associated with hostname
2026-08-17 22:44:24,175 - WARNING - [de.616049.xyz (FRA)] ├─ 无有效DNS记录，触发紧急更新
2026-08-17 22:56:56,179 - ERROR - CFST更新失败: None
2026-08-17 22:56:56,183 - DEBUG - Starting new HTTPS connection (1): api.telegram.org:443
2026-08-17 22:56:56,511 - DEBUG - https://api.telegram.org:443 "POST /bot/sendMessage HTTP/1.1" 404 55
