2026-08-13 06:31:32,015 - INFO - 启动维护任务 | 协议类型: IPV4
2026-08-13 06:31:32,015 - INFO - --------------------------------------------------
2026-08-13 06:31:32,015 - INFO - [hk.616049.xyz (HKG)] 开始处理节点维护
2026-08-13 06:31:32,077 - DEBUG - DNS解析重试中 hk.616049.xyz: [Errno -5] No address associated with hostname
2026-08-13 06:31:33,123 - DEBUG - DNS解析重试中 hk.616049.xyz: [Errno -5] No address associated with hostname
2026-08-13 06:31:34,160 - DEBUG - DNS解析重试中 hk.616049.xyz: [Errno -5] No address associated with hostname
2026-08-13 06:31:35,161 - WARNING - [hk.616049.xyz (HKG)] ├─ 无有效DNS记录，触发紧急更新
2026-08-13 06:43:47,450 - ERROR - CFST更新失败: None
2026-08-13 06:43:47,451 - INFO - --------------------------------------------------
2026-08-13 06:43:47,451 - INFO - [us.616049.xyz (LAX)] 开始处理节点维护
2026-08-13 06:43:47,498 - DEBUG - DNS解析重试中 us.616049.xyz: [Errno -5] No address associated with hostname
2026-08-13 06:43:48,548 - DEBUG - DNS解析重试中 us.616049.xyz: [Errno -5] No address associated with hostname
2026-08-13 06:43:49,576 - DEBUG - DNS解析重试中 us.616049.xyz: [Errno -5] No address associated with hostname
2026-08-13 06:43:50,577 - WARNING - [us.616049.xyz (LAX)] ├─ 无有效DNS记录，触发紧急更新
2026-08-13 06:56:04,423 - ERROR - CFST更新失败: None
2026-08-13 06:56:04,423 - INFO - --------------------------------------------------
2026-08-13 06:56:04,423 - INFO - [de.616049.xyz (FRA)] 开始处理节点维护
2026-08-13 06:56:04,464 - DEBUG - DNS解析重试中 de.616049.xyz: [Errno -5] No address associated with hostname
2026-08-13 06:56:05,503 - DEBUG - DNS解析重试中 de.616049.xyz: [Errno -5] No address associated with hostname
2026-08-13 06:56:06,538 - DEBUG - DNS解析重试中 de.616049.xyz: [Errno -5] No address associated with hostname
2026-08-13 06:56:07,539 - WARNING - [de.616049.xyz (FRA)] ├─ 无有效DNS记录，触发紧急更新
2026-08-13 07:08:21,524 - ERROR - CFST更新失败: None
2026-08-13 07:08:21,527 - DEBUG - Starting new HTTPS connection (1): api.telegram.org:443
2026-08-13 07:08:21,849 - DEBUG - https://api.telegram.org:443 "POST /bot/sendMessage HTTP/1.1" 404 55
