2026-08-18 22:24:06,922 - INFO - 启动维护任务 | 协议类型: IPV4
2026-08-18 22:24:06,923 - INFO - --------------------------------------------------
2026-08-18 22:24:06,923 - INFO - [hk.616049.xyz (HKG)] 开始处理节点维护
2026-08-18 22:24:06,935 - DEBUG - DNS解析重试中 hk.616049.xyz: [Errno -5] No address associated with hostname
2026-08-18 22:24:07,956 - DEBUG - DNS解析重试中 hk.616049.xyz: [Errno -5] No address associated with hostname
2026-08-18 22:24:08,969 - DEBUG - DNS解析重试中 hk.616049.xyz: [Errno -5] No address associated with hostname
2026-08-18 22:24:09,970 - WARNING - [hk.616049.xyz (HKG)] ├─ 无有效DNS记录，触发紧急更新
2026-08-18 22:36:42,835 - ERROR - CFST更新失败: None
2026-08-18 22:36:42,835 - INFO - --------------------------------------------------
2026-08-18 22:36:42,835 - INFO - [us.616049.xyz (LAX)] 开始处理节点维护
2026-08-18 22:36:42,852 - DEBUG - DNS解析重试中 us.616049.xyz: [Errno -5] No address associated with hostname
2026-08-18 22:36:43,874 - DEBUG - DNS解析重试中 us.616049.xyz: [Errno -5] No address associated with hostname
2026-08-18 22:36:44,901 - DEBUG - DNS解析重试中 us.616049.xyz: [Errno -5] No address associated with hostname
2026-08-18 22:36:45,902 - WARNING - [us.616049.xyz (LAX)] ├─ 无有效DNS记录，触发紧急更新
2026-08-18 22:49:18,720 - ERROR - CFST更新失败: None
2026-08-18 22:49:18,720 - INFO - --------------------------------------------------
2026-08-18 22:49:18,720 - INFO - [de.616049.xyz (FRA)] 开始处理节点维护
2026-08-18 22:49:18,733 - DEBUG - DNS解析重试中 de.616049.xyz: [Errno -5] No address associated with hostname
2026-08-18 22:49:19,747 - DEBUG - DNS解析重试中 de.616049.xyz: [Errno -5] No address associated with hostname
2026-08-18 22:49:20,770 - DEBUG - DNS解析重试中 de.616049.xyz: [Errno -5] No address associated with hostname
2026-08-18 22:49:21,772 - WARNING - [de.616049.xyz (FRA)] ├─ 无有效DNS记录，触发紧急更新
2026-08-18 23:01:54,197 - ERROR - CFST更新失败: None
2026-08-18 23:01:54,200 - DEBUG - Starting new HTTPS connection (1): api.telegram.org:443
2026-08-18 23:01:54,682 - DEBUG - https://api.telegram.org:443 "POST /bot/sendMessage HTTP/1.1" 404 55
