2026-08-19 16:25:57,921 - INFO - 启动维护任务 | 协议类型: IPV4
2026-08-19 16:25:57,921 - INFO - --------------------------------------------------
2026-08-19 16:25:57,921 - INFO - [hk.616049.xyz (HKG)] 开始处理节点维护
2026-08-19 16:25:57,973 - DEBUG - DNS解析重试中 hk.616049.xyz: [Errno -5] No address associated with hostname
2026-08-19 16:25:59,020 - DEBUG - DNS解析重试中 hk.616049.xyz: [Errno -5] No address associated with hostname
2026-08-19 16:26:00,039 - DEBUG - DNS解析重试中 hk.616049.xyz: [Errno -5] No address associated with hostname
2026-08-19 16:26:01,041 - WARNING - [hk.616049.xyz (HKG)] ├─ 无有效DNS记录，触发紧急更新
2026-08-19 16:38:12,007 - ERROR - CFST更新失败: None
2026-08-19 16:38:12,007 - INFO - --------------------------------------------------
2026-08-19 16:38:12,007 - INFO - [us.616049.xyz (LAX)] 开始处理节点维护
2026-08-19 16:38:12,055 - DEBUG - DNS解析重试中 us.616049.xyz: [Errno -5] No address associated with hostname
2026-08-19 16:38:13,120 - DEBUG - DNS解析重试中 us.616049.xyz: [Errno -5] No address associated with hostname
2026-08-19 16:38:14,178 - DEBUG - DNS解析重试中 us.616049.xyz: [Errno -5] No address associated with hostname
2026-08-19 16:38:15,179 - WARNING - [us.616049.xyz (LAX)] ├─ 无有效DNS记录，触发紧急更新
2026-08-19 16:50:25,268 - ERROR - CFST更新失败: None
2026-08-19 16:50:25,268 - INFO - --------------------------------------------------
2026-08-19 16:50:25,268 - INFO - [de.616049.xyz (FRA)] 开始处理节点维护
2026-08-19 16:50:25,315 - DEBUG - DNS解析重试中 de.616049.xyz: [Errno -5] No address associated with hostname
2026-08-19 16:50:26,379 - DEBUG - DNS解析重试中 de.616049.xyz: [Errno -5] No address associated with hostname
2026-08-19 16:50:27,448 - DEBUG - DNS解析重试中 de.616049.xyz: [Errno -5] No address associated with hostname
2026-08-19 16:50:28,450 - WARNING - [de.616049.xyz (FRA)] ├─ 无有效DNS记录，触发紧急更新
2026-08-19 17:02:38,330 - ERROR - CFST更新失败: None
2026-08-19 17:02:38,332 - DEBUG - Starting new HTTPS connection (1): api.telegram.org:443
2026-08-19 17:02:38,695 - DEBUG - https://api.telegram.org:443 "POST /bot/sendMessage HTTP/1.1" 404 55
