2026-08-04 03:20:57,436 - INFO - 启动维护任务 | 协议类型: IPV4
2026-08-04 03:20:57,436 - INFO - --------------------------------------------------
2026-08-04 03:20:57,436 - INFO - [hk.616049.xyz (HKG)] 开始处理节点维护
2026-08-04 03:20:57,457 - DEBUG - DNS解析重试中 hk.616049.xyz: [Errno -5] No address associated with hostname
2026-08-04 03:20:58,477 - DEBUG - DNS解析重试中 hk.616049.xyz: [Errno -5] No address associated with hostname
2026-08-04 03:20:59,499 - DEBUG - DNS解析重试中 hk.616049.xyz: [Errno -5] No address associated with hostname
2026-08-04 03:21:00,500 - WARNING - [hk.616049.xyz (HKG)] ├─ 无有效DNS记录，触发紧急更新
2026-08-04 03:33:31,902 - ERROR - CFST更新失败: None
2026-08-04 03:33:31,903 - INFO - --------------------------------------------------
2026-08-04 03:33:31,903 - INFO - [us.616049.xyz (LAX)] 开始处理节点维护
2026-08-04 03:33:31,914 - DEBUG - DNS解析重试中 us.616049.xyz: [Errno -5] No address associated with hostname
2026-08-04 03:33:32,948 - DEBUG - DNS解析重试中 us.616049.xyz: [Errno -5] No address associated with hostname
2026-08-04 03:33:33,964 - DEBUG - DNS解析重试中 us.616049.xyz: [Errno -5] No address associated with hostname
2026-08-04 03:33:34,965 - WARNING - [us.616049.xyz (LAX)] ├─ 无有效DNS记录，触发紧急更新
2026-08-04 03:46:06,578 - ERROR - CFST更新失败: None
2026-08-04 03:46:06,578 - INFO - --------------------------------------------------
2026-08-04 03:46:06,578 - INFO - [de.616049.xyz (FRA)] 开始处理节点维护
2026-08-04 03:46:06,602 - DEBUG - DNS解析重试中 de.616049.xyz: [Errno -5] No address associated with hostname
2026-08-04 03:46:07,614 - DEBUG - DNS解析重试中 de.616049.xyz: [Errno -5] No address associated with hostname
2026-08-04 03:46:08,638 - DEBUG - DNS解析重试中 de.616049.xyz: [Errno -5] No address associated with hostname
2026-08-04 03:46:09,639 - WARNING - [de.616049.xyz (FRA)] ├─ 无有效DNS记录，触发紧急更新
2026-08-04 03:58:41,391 - ERROR - CFST更新失败: None
2026-08-04 03:58:41,395 - DEBUG - Starting new HTTPS connection (1): api.telegram.org:443
2026-08-04 03:58:41,671 - DEBUG - https://api.telegram.org:443 "POST /bot/sendMessage HTTP/1.1" 404 55
