2026-08-19 00:20:35,521 - INFO - 启动维护任务 | 协议类型: IPV4
2026-08-19 00:20:35,521 - INFO - --------------------------------------------------
2026-08-19 00:20:35,521 - INFO - [hk.616049.xyz (HKG)] 开始处理节点维护
2026-08-19 00:20:35,554 - DEBUG - DNS解析重试中 hk.616049.xyz: [Errno -5] No address associated with hostname
2026-08-19 00:20:36,608 - DEBUG - DNS解析重试中 hk.616049.xyz: [Errno -5] No address associated with hostname
2026-08-19 00:20:37,655 - DEBUG - DNS解析重试中 hk.616049.xyz: [Errno -5] No address associated with hostname
2026-08-19 00:20:38,656 - WARNING - [hk.616049.xyz (HKG)] ├─ 无有效DNS记录，触发紧急更新
2026-08-19 00:33:10,785 - ERROR - CFST更新失败: None
2026-08-19 00:33:10,785 - INFO - --------------------------------------------------
2026-08-19 00:33:10,785 - INFO - [us.616049.xyz (LAX)] 开始处理节点维护
2026-08-19 00:33:10,812 - DEBUG - DNS解析重试中 us.616049.xyz: [Errno -5] No address associated with hostname
2026-08-19 00:33:11,851 - DEBUG - DNS解析重试中 us.616049.xyz: [Errno -5] No address associated with hostname
2026-08-19 00:33:12,887 - DEBUG - DNS解析重试中 us.616049.xyz: [Errno -5] No address associated with hostname
2026-08-19 00:33:13,888 - WARNING - [us.616049.xyz (LAX)] ├─ 无有效DNS记录，触发紧急更新
2026-08-19 00:45:45,953 - ERROR - CFST更新失败: None
2026-08-19 00:45:45,953 - INFO - --------------------------------------------------
2026-08-19 00:45:45,953 - INFO - [de.616049.xyz (FRA)] 开始处理节点维护
2026-08-19 00:45:45,991 - DEBUG - DNS解析重试中 de.616049.xyz: [Errno -5] No address associated with hostname
2026-08-19 00:45:47,033 - DEBUG - DNS解析重试中 de.616049.xyz: [Errno -5] No address associated with hostname
2026-08-19 00:45:48,064 - DEBUG - DNS解析重试中 de.616049.xyz: [Errno -5] No address associated with hostname
2026-08-19 00:45:49,065 - WARNING - [de.616049.xyz (FRA)] ├─ 无有效DNS记录，触发紧急更新
2026-08-19 00:58:21,347 - ERROR - CFST更新失败: None
2026-08-19 00:58:21,350 - DEBUG - Starting new HTTPS connection (1): api.telegram.org:443
2026-08-19 00:58:21,685 - DEBUG - https://api.telegram.org:443 "POST /bot/sendMessage HTTP/1.1" 404 55
