2026-08-03 14:52:18,779 - INFO - 启动维护任务 | 协议类型: IPV4
2026-08-03 14:52:18,779 - INFO - --------------------------------------------------
2026-08-03 14:52:18,779 - INFO - [hk.616049.xyz (HKG)] 开始处理节点维护
2026-08-03 14:52:18,814 - DEBUG - DNS解析重试中 hk.616049.xyz: [Errno -5] No address associated with hostname
2026-08-03 14:52:19,851 - DEBUG - DNS解析重试中 hk.616049.xyz: [Errno -5] No address associated with hostname
2026-08-03 14:52:20,887 - DEBUG - DNS解析重试中 hk.616049.xyz: [Errno -5] No address associated with hostname
2026-08-03 14:52:21,888 - WARNING - [hk.616049.xyz (HKG)] ├─ 无有效DNS记录，触发紧急更新
2026-08-03 15:04:52,504 - ERROR - CFST更新失败: None
2026-08-03 15:04:52,504 - INFO - --------------------------------------------------
2026-08-03 15:04:52,504 - INFO - [us.616049.xyz (LAX)] 开始处理节点维护
2026-08-03 15:04:52,539 - DEBUG - DNS解析重试中 us.616049.xyz: [Errno -5] No address associated with hostname
2026-08-03 15:04:53,570 - DEBUG - DNS解析重试中 us.616049.xyz: [Errno -5] No address associated with hostname
2026-08-03 15:04:54,614 - DEBUG - DNS解析重试中 us.616049.xyz: [Errno -5] No address associated with hostname
2026-08-03 15:04:55,616 - WARNING - [us.616049.xyz (LAX)] ├─ 无有效DNS记录，触发紧急更新
2026-08-03 15:17:26,950 - ERROR - CFST更新失败: None
2026-08-03 15:17:26,951 - INFO - --------------------------------------------------
2026-08-03 15:17:26,951 - INFO - [de.616049.xyz (FRA)] 开始处理节点维护
2026-08-03 15:17:26,991 - DEBUG - DNS解析重试中 de.616049.xyz: [Errno -5] No address associated with hostname
2026-08-03 15:17:27,997 - DEBUG - DNS解析重试中 de.616049.xyz: [Errno -5] No address associated with hostname
2026-08-03 15:17:29,004 - DEBUG - DNS解析重试中 de.616049.xyz: [Errno -5] No address associated with hostname
2026-08-03 15:17:30,005 - WARNING - [de.616049.xyz (FRA)] ├─ 无有效DNS记录，触发紧急更新
2026-08-03 15:30:01,803 - ERROR - CFST更新失败: None
2026-08-03 15:30:01,807 - DEBUG - Starting new HTTPS connection (1): api.telegram.org:443
2026-08-03 15:30:02,133 - DEBUG - https://api.telegram.org:443 "POST /bot/sendMessage HTTP/1.1" 404 55
