2026-09-12 01:30:48,727 - INFO - 启动维护任务 | 协议类型: IPV4
2026-09-12 01:30:48,727 - INFO - --------------------------------------------------
2026-09-12 01:30:48,727 - INFO - [hk.616049.xyz (HKG)] 开始处理节点维护
2026-09-12 01:30:48,737 - DEBUG - DNS解析重试中 hk.616049.xyz: [Errno -5] No address associated with hostname
2026-09-12 01:30:49,753 - DEBUG - DNS解析重试中 hk.616049.xyz: [Errno -5] No address associated with hostname
2026-09-12 01:30:50,765 - DEBUG - DNS解析重试中 hk.616049.xyz: [Errno -5] No address associated with hostname
2026-09-12 01:30:51,767 - WARNING - [hk.616049.xyz (HKG)] ├─ 无有效DNS记录，触发紧急更新
2026-09-12 01:43:23,309 - ERROR - CFST更新失败: None
2026-09-12 01:43:23,310 - INFO - --------------------------------------------------
2026-09-12 01:43:23,310 - INFO - [us.616049.xyz (LAX)] 开始处理节点维护
2026-09-12 01:43:23,320 - DEBUG - DNS解析重试中 us.616049.xyz: [Errno -5] No address associated with hostname
2026-09-12 01:43:24,335 - DEBUG - DNS解析重试中 us.616049.xyz: [Errno -5] No address associated with hostname
2026-09-12 01:43:25,356 - DEBUG - DNS解析重试中 us.616049.xyz: [Errno -5] No address associated with hostname
2026-09-12 01:43:26,357 - WARNING - [us.616049.xyz (LAX)] ├─ 无有效DNS记录，触发紧急更新
2026-09-12 01:55:58,421 - ERROR - CFST更新失败: None
2026-09-12 01:55:58,422 - INFO - --------------------------------------------------
2026-09-12 01:55:58,422 - INFO - [de.616049.xyz (FRA)] 开始处理节点维护
2026-09-12 01:55:58,438 - DEBUG - DNS解析重试中 de.616049.xyz: [Errno -5] No address associated with hostname
2026-09-12 01:55:59,452 - DEBUG - DNS解析重试中 de.616049.xyz: [Errno -5] No address associated with hostname
2026-09-12 01:56:00,472 - DEBUG - DNS解析重试中 de.616049.xyz: [Errno -5] No address associated with hostname
2026-09-12 01:56:01,473 - WARNING - [de.616049.xyz (FRA)] ├─ 无有效DNS记录，触发紧急更新
2026-09-12 02:08:33,408 - ERROR - CFST更新失败: None
2026-09-12 02:08:33,412 - DEBUG - Starting new HTTPS connection (1): api.telegram.org:443
2026-09-12 02:08:33,870 - DEBUG - https://api.telegram.org:443 "POST /bot/sendMessage HTTP/1.1" 404 55
