2026-10-10 11:34:46,178 - INFO - 启动维护任务 | 协议类型: IPV4
2026-10-10 11:34:46,178 - INFO - --------------------------------------------------
2026-10-10 11:34:46,178 - INFO - [hk.616049.xyz (HKG)] 开始处理节点维护
2026-10-10 11:34:46,209 - DEBUG - DNS解析重试中 hk.616049.xyz: [Errno -5] No address associated with hostname
2026-10-10 11:34:47,244 - DEBUG - DNS解析重试中 hk.616049.xyz: [Errno -5] No address associated with hostname
2026-10-10 11:34:48,276 - DEBUG - DNS解析重试中 hk.616049.xyz: [Errno -5] No address associated with hostname
2026-10-10 11:34:49,277 - WARNING - [hk.616049.xyz (HKG)] ├─ 无有效DNS记录，触发紧急更新
2026-10-10 11:47:19,769 - ERROR - CFST更新失败: None
2026-10-10 11:47:19,769 - INFO - --------------------------------------------------
2026-10-10 11:47:19,770 - INFO - [us.616049.xyz (LAX)] 开始处理节点维护
2026-10-10 11:47:19,797 - DEBUG - DNS解析重试中 us.616049.xyz: [Errno -5] No address associated with hostname
2026-10-10 11:47:20,830 - DEBUG - DNS解析重试中 us.616049.xyz: [Errno -5] No address associated with hostname
2026-10-10 11:47:21,837 - DEBUG - DNS解析重试中 us.616049.xyz: [Errno -5] No address associated with hostname
2026-10-10 11:47:22,838 - WARNING - [us.616049.xyz (LAX)] ├─ 无有效DNS记录，触发紧急更新
2026-10-10 11:59:52,642 - ERROR - CFST更新失败: None
2026-10-10 11:59:52,642 - INFO - --------------------------------------------------
2026-10-10 11:59:52,642 - INFO - [de.616049.xyz (FRA)] 开始处理节点维护
2026-10-10 11:59:52,673 - DEBUG - DNS解析重试中 de.616049.xyz: [Errno -5] No address associated with hostname
2026-10-10 11:59:53,713 - DEBUG - DNS解析重试中 de.616049.xyz: [Errno -5] No address associated with hostname
2026-10-10 11:59:54,743 - DEBUG - DNS解析重试中 de.616049.xyz: [Errno -5] No address associated with hostname
2026-10-10 11:59:55,744 - WARNING - [de.616049.xyz (FRA)] ├─ 无有效DNS记录，触发紧急更新
2026-10-10 12:12:27,895 - ERROR - CFST更新失败: None
2026-10-10 12:12:27,898 - DEBUG - Starting new HTTPS connection (1): api.telegram.org:443
2026-10-10 12:12:28,212 - DEBUG - https://api.telegram.org:443 "POST /bot/sendMessage HTTP/1.1" 404 55
