2026-08-22 08:44:23,341 - INFO - 启动维护任务 | 协议类型: IPV4
2026-08-22 08:44:23,341 - INFO - --------------------------------------------------
2026-08-22 08:44:23,341 - INFO - [hk.616049.xyz (HKG)] 开始处理节点维护
2026-08-22 08:44:23,355 - DEBUG - DNS解析重试中 hk.616049.xyz: [Errno -5] No address associated with hostname
2026-08-22 08:44:24,369 - DEBUG - DNS解析重试中 hk.616049.xyz: [Errno -5] No address associated with hostname
2026-08-22 08:44:25,383 - DEBUG - DNS解析重试中 hk.616049.xyz: [Errno -5] No address associated with hostname
2026-08-22 08:44:26,384 - WARNING - [hk.616049.xyz (HKG)] ├─ 无有效DNS记录，触发紧急更新
2026-08-22 08:56:56,866 - ERROR - CFST更新失败: None
2026-08-22 08:56:56,866 - INFO - --------------------------------------------------
2026-08-22 08:56:56,866 - INFO - [us.616049.xyz (LAX)] 开始处理节点维护
2026-08-22 08:56:56,880 - DEBUG - DNS解析重试中 us.616049.xyz: [Errno -5] No address associated with hostname
2026-08-22 08:56:57,896 - DEBUG - DNS解析重试中 us.616049.xyz: [Errno -5] No address associated with hostname
2026-08-22 08:56:58,909 - DEBUG - DNS解析重试中 us.616049.xyz: [Errno -5] No address associated with hostname
2026-08-22 08:56:59,911 - WARNING - [us.616049.xyz (LAX)] ├─ 无有效DNS记录，触发紧急更新
2026-08-22 09:09:30,460 - ERROR - CFST更新失败: None
2026-08-22 09:09:30,460 - INFO - --------------------------------------------------
2026-08-22 09:09:30,461 - INFO - [de.616049.xyz (FRA)] 开始处理节点维护
2026-08-22 09:09:30,485 - DEBUG - DNS解析重试中 de.616049.xyz: [Errno -5] No address associated with hostname
2026-08-22 09:09:31,507 - DEBUG - DNS解析重试中 de.616049.xyz: [Errno -5] No address associated with hostname
2026-08-22 09:09:32,528 - DEBUG - DNS解析重试中 de.616049.xyz: [Errno -5] No address associated with hostname
2026-08-22 09:09:33,528 - WARNING - [de.616049.xyz (FRA)] ├─ 无有效DNS记录，触发紧急更新
2026-08-22 09:22:04,639 - ERROR - CFST更新失败: None
2026-08-22 09:22:04,642 - DEBUG - Starting new HTTPS connection (1): api.telegram.org:443
2026-08-22 09:22:04,925 - DEBUG - https://api.telegram.org:443 "POST /bot/sendMessage HTTP/1.1" 404 55
