2026-08-27 03:38:12,938 - INFO - 启动维护任务 | 协议类型: IPV4
2026-08-27 03:38:12,938 - INFO - --------------------------------------------------
2026-08-27 03:38:12,938 - INFO - [hk.616049.xyz (HKG)] 开始处理节点维护
2026-08-27 03:38:12,968 - DEBUG - DNS解析重试中 hk.616049.xyz: [Errno -5] No address associated with hostname
2026-08-27 03:38:13,984 - DEBUG - DNS解析重试中 hk.616049.xyz: [Errno -5] No address associated with hostname
2026-08-27 03:38:15,005 - DEBUG - DNS解析重试中 hk.616049.xyz: [Errno -5] No address associated with hostname
2026-08-27 03:38:16,006 - WARNING - [hk.616049.xyz (HKG)] ├─ 无有效DNS记录，触发紧急更新
2026-08-27 03:50:28,792 - ERROR - CFST更新失败: None
2026-08-27 03:50:28,793 - INFO - --------------------------------------------------
2026-08-27 03:50:28,793 - INFO - [us.616049.xyz (LAX)] 开始处理节点维护
2026-08-27 03:50:28,825 - DEBUG - DNS解析重试中 us.616049.xyz: [Errno -5] No address associated with hostname
2026-08-27 03:50:29,842 - DEBUG - DNS解析重试中 us.616049.xyz: [Errno -5] No address associated with hostname
2026-08-27 03:50:30,856 - DEBUG - DNS解析重试中 us.616049.xyz: [Errno -5] No address associated with hostname
2026-08-27 03:50:31,857 - WARNING - [us.616049.xyz (LAX)] ├─ 无有效DNS记录，触发紧急更新
2026-08-27 04:02:44,348 - ERROR - CFST更新失败: None
2026-08-27 04:02:44,348 - INFO - --------------------------------------------------
2026-08-27 04:02:44,348 - INFO - [de.616049.xyz (FRA)] 开始处理节点维护
2026-08-27 04:02:44,369 - DEBUG - DNS解析重试中 de.616049.xyz: [Errno -5] No address associated with hostname
2026-08-27 04:02:45,388 - DEBUG - DNS解析重试中 de.616049.xyz: [Errno -5] No address associated with hostname
2026-08-27 04:02:46,406 - DEBUG - DNS解析重试中 de.616049.xyz: [Errno -5] No address associated with hostname
2026-08-27 04:02:47,408 - WARNING - [de.616049.xyz (FRA)] ├─ 无有效DNS记录，触发紧急更新
2026-08-27 04:15:00,051 - ERROR - CFST更新失败: None
2026-08-27 04:15:00,054 - DEBUG - Starting new HTTPS connection (1): api.telegram.org:443
2026-08-27 04:15:00,333 - DEBUG - https://api.telegram.org:443 "POST /bot/sendMessage HTTP/1.1" 404 55
