2026-08-26 04:18:45,370 - INFO - 启动维护任务 | 协议类型: IPV4
2026-08-26 04:18:45,370 - INFO - --------------------------------------------------
2026-08-26 04:18:45,370 - INFO - [hk.616049.xyz (HKG)] 开始处理节点维护
2026-08-26 04:18:45,414 - DEBUG - DNS解析重试中 hk.616049.xyz: [Errno -5] No address associated with hostname
2026-08-26 04:18:46,455 - DEBUG - DNS解析重试中 hk.616049.xyz: [Errno -5] No address associated with hostname
2026-08-26 04:18:47,515 - DEBUG - DNS解析重试中 hk.616049.xyz: [Errno -5] No address associated with hostname
2026-08-26 04:18:48,516 - WARNING - [hk.616049.xyz (HKG)] ├─ 无有效DNS记录，触发紧急更新
2026-08-26 04:31:24,380 - ERROR - CFST更新失败: None
2026-08-26 04:31:24,380 - INFO - --------------------------------------------------
2026-08-26 04:31:24,380 - INFO - [us.616049.xyz (LAX)] 开始处理节点维护
2026-08-26 04:31:24,437 - DEBUG - DNS解析重试中 us.616049.xyz: [Errno -5] No address associated with hostname
2026-08-26 04:31:25,489 - DEBUG - DNS解析重试中 us.616049.xyz: [Errno -5] No address associated with hostname
2026-08-26 04:31:26,527 - DEBUG - DNS解析重试中 us.616049.xyz: [Errno -5] No address associated with hostname
2026-08-26 04:31:27,528 - WARNING - [us.616049.xyz (LAX)] ├─ 无有效DNS记录，触发紧急更新
2026-08-26 04:44:03,225 - ERROR - CFST更新失败: None
2026-08-26 04:44:03,225 - INFO - --------------------------------------------------
2026-08-26 04:44:03,225 - INFO - [de.616049.xyz (FRA)] 开始处理节点维护
2026-08-26 04:44:03,276 - DEBUG - DNS解析重试中 de.616049.xyz: [Errno -5] No address associated with hostname
2026-08-26 04:44:04,323 - DEBUG - DNS解析重试中 de.616049.xyz: [Errno -5] No address associated with hostname
2026-08-26 04:44:05,377 - DEBUG - DNS解析重试中 de.616049.xyz: [Errno -5] No address associated with hostname
2026-08-26 04:44:06,379 - WARNING - [de.616049.xyz (FRA)] ├─ 无有效DNS记录，触发紧急更新
2026-08-26 04:56:41,891 - ERROR - CFST更新失败: None
2026-08-26 04:56:41,894 - DEBUG - Starting new HTTPS connection (1): api.telegram.org:443
2026-08-26 04:56:42,245 - DEBUG - https://api.telegram.org:443 "POST /bot/sendMessage HTTP/1.1" 404 55
