2026-08-08 04:31:32,158 - INFO - 启动维护任务 | 协议类型: IPV4
2026-08-08 04:31:32,159 - INFO - --------------------------------------------------
2026-08-08 04:31:32,159 - INFO - [hk.616049.xyz (HKG)] 开始处理节点维护
2026-08-08 04:31:32,202 - DEBUG - DNS解析重试中 hk.616049.xyz: [Errno -5] No address associated with hostname
2026-08-08 04:31:33,243 - DEBUG - DNS解析重试中 hk.616049.xyz: [Errno -5] No address associated with hostname
2026-08-08 04:31:34,304 - DEBUG - DNS解析重试中 hk.616049.xyz: [Errno -5] No address associated with hostname
2026-08-08 04:31:35,305 - WARNING - [hk.616049.xyz (HKG)] ├─ 无有效DNS记录，触发紧急更新
2026-08-08 04:44:12,419 - ERROR - CFST更新失败: None
2026-08-08 04:44:12,419 - INFO - --------------------------------------------------
2026-08-08 04:44:12,419 - INFO - [us.616049.xyz (LAX)] 开始处理节点维护
2026-08-08 04:44:12,511 - DEBUG - DNS解析重试中 us.616049.xyz: [Errno -5] No address associated with hostname
2026-08-08 04:44:13,603 - DEBUG - DNS解析重试中 us.616049.xyz: [Errno -5] No address associated with hostname
2026-08-08 04:44:14,678 - DEBUG - DNS解析重试中 us.616049.xyz: [Errno -5] No address associated with hostname
2026-08-08 04:44:15,679 - WARNING - [us.616049.xyz (LAX)] ├─ 无有效DNS记录，触发紧急更新
2026-08-08 04:56:52,364 - ERROR - CFST更新失败: None
2026-08-08 04:56:52,364 - INFO - --------------------------------------------------
2026-08-08 04:56:52,364 - INFO - [de.616049.xyz (FRA)] 开始处理节点维护
2026-08-08 04:56:52,416 - DEBUG - DNS解析重试中 de.616049.xyz: [Errno -5] No address associated with hostname
2026-08-08 04:56:53,491 - DEBUG - DNS解析重试中 de.616049.xyz: [Errno -5] No address associated with hostname
2026-08-08 04:56:54,547 - DEBUG - DNS解析重试中 de.616049.xyz: [Errno -5] No address associated with hostname
2026-08-08 04:56:55,549 - WARNING - [de.616049.xyz (FRA)] ├─ 无有效DNS记录，触发紧急更新
2026-08-08 05:09:33,727 - ERROR - CFST更新失败: None
2026-08-08 05:09:33,731 - DEBUG - Starting new HTTPS connection (1): api.telegram.org:443
2026-08-08 05:09:34,076 - DEBUG - https://api.telegram.org:443 "POST /bot/sendMessage HTTP/1.1" 404 55
