2026-10-09 08:04:01,527 - INFO - 启动维护任务 | 协议类型: IPV4
2026-10-09 08:04:01,527 - INFO - --------------------------------------------------
2026-10-09 08:04:01,527 - INFO - [hk.616049.xyz (HKG)] 开始处理节点维护
2026-10-09 08:04:01,559 - DEBUG - DNS解析重试中 hk.616049.xyz: [Errno -5] No address associated with hostname
2026-10-09 08:04:02,607 - DEBUG - DNS解析重试中 hk.616049.xyz: [Errno -5] No address associated with hostname
2026-10-09 08:04:03,645 - DEBUG - DNS解析重试中 hk.616049.xyz: [Errno -5] No address associated with hostname
2026-10-09 08:04:04,646 - WARNING - [hk.616049.xyz (HKG)] ├─ 无有效DNS记录，触发紧急更新
2026-10-09 08:16:18,032 - ERROR - CFST更新失败: None
2026-10-09 08:16:18,032 - INFO - --------------------------------------------------
2026-10-09 08:16:18,032 - INFO - [us.616049.xyz (LAX)] 开始处理节点维护
2026-10-09 08:16:18,072 - DEBUG - DNS解析重试中 us.616049.xyz: [Errno -5] No address associated with hostname
2026-10-09 08:16:19,135 - DEBUG - DNS解析重试中 us.616049.xyz: [Errno -5] No address associated with hostname
2026-10-09 08:16:20,184 - DEBUG - DNS解析重试中 us.616049.xyz: [Errno -5] No address associated with hostname
2026-10-09 08:16:21,185 - WARNING - [us.616049.xyz (LAX)] ├─ 无有效DNS记录，触发紧急更新
2026-10-09 08:28:33,102 - ERROR - CFST更新失败: None
2026-10-09 08:28:33,103 - INFO - --------------------------------------------------
2026-10-09 08:28:33,103 - INFO - [de.616049.xyz (FRA)] 开始处理节点维护
2026-10-09 08:28:33,147 - DEBUG - DNS解析重试中 de.616049.xyz: [Errno -5] No address associated with hostname
2026-10-09 08:28:34,213 - DEBUG - DNS解析重试中 de.616049.xyz: [Errno -5] No address associated with hostname
2026-10-09 08:28:35,268 - DEBUG - DNS解析重试中 de.616049.xyz: [Errno -5] No address associated with hostname
2026-10-09 08:28:36,269 - WARNING - [de.616049.xyz (FRA)] ├─ 无有效DNS记录，触发紧急更新
2026-10-09 08:40:53,679 - ERROR - CFST更新失败: None
2026-10-09 08:40:53,682 - DEBUG - Starting new HTTPS connection (1): api.telegram.org:443
2026-10-09 08:40:54,289 - DEBUG - https://api.telegram.org:443 "POST /bot/sendMessage HTTP/1.1" 404 55
