2026-07-26 19:14:00,819 - INFO - 启动维护任务 | 协议类型: IPV4
2026-07-26 19:14:00,820 - INFO - --------------------------------------------------
2026-07-26 19:14:00,820 - INFO - [hk.616049.xyz (HKG)] 开始处理节点维护
2026-07-26 19:14:00,863 - DEBUG - DNS解析重试中 hk.616049.xyz: [Errno -5] No address associated with hostname
2026-07-26 19:14:01,896 - DEBUG - DNS解析重试中 hk.616049.xyz: [Errno -5] No address associated with hostname
2026-07-26 19:14:02,938 - DEBUG - DNS解析重试中 hk.616049.xyz: [Errno -5] No address associated with hostname
2026-07-26 19:14:03,940 - WARNING - [hk.616049.xyz (HKG)] ├─ 无有效DNS记录，触发紧急更新
2026-07-26 19:26:35,173 - ERROR - CFST更新失败: None
2026-07-26 19:26:35,173 - INFO - --------------------------------------------------
2026-07-26 19:26:35,173 - INFO - [us.616049.xyz (LAX)] 开始处理节点维护
2026-07-26 19:26:35,215 - DEBUG - DNS解析重试中 us.616049.xyz: [Errno -5] No address associated with hostname
2026-07-26 19:26:36,241 - DEBUG - DNS解析重试中 us.616049.xyz: [Errno -5] No address associated with hostname
2026-07-26 19:26:37,262 - DEBUG - DNS解析重试中 us.616049.xyz: [Errno -5] No address associated with hostname
2026-07-26 19:26:38,263 - WARNING - [us.616049.xyz (LAX)] ├─ 无有效DNS记录，触发紧急更新
2026-07-26 19:39:09,648 - ERROR - CFST更新失败: None
2026-07-26 19:39:09,648 - INFO - --------------------------------------------------
2026-07-26 19:39:09,648 - INFO - [de.616049.xyz (FRA)] 开始处理节点维护
2026-07-26 19:39:09,684 - DEBUG - DNS解析重试中 de.616049.xyz: [Errno -5] No address associated with hostname
2026-07-26 19:39:10,733 - DEBUG - DNS解析重试中 de.616049.xyz: [Errno -5] No address associated with hostname
2026-07-26 19:39:11,762 - DEBUG - DNS解析重试中 de.616049.xyz: [Errno -5] No address associated with hostname
2026-07-26 19:39:12,763 - WARNING - [de.616049.xyz (FRA)] ├─ 无有效DNS记录，触发紧急更新
2026-07-26 19:51:44,250 - ERROR - CFST更新失败: None
2026-07-26 19:51:44,254 - DEBUG - Starting new HTTPS connection (1): api.telegram.org:443
2026-07-26 19:51:44,711 - DEBUG - https://api.telegram.org:443 "POST /bot/sendMessage HTTP/1.1" 404 55
