2026-08-28 02:39:51,172 - INFO - 启动维护任务 | 协议类型: IPV4
2026-08-28 02:39:51,172 - INFO - --------------------------------------------------
2026-08-28 02:39:51,172 - INFO - [hk.616049.xyz (HKG)] 开始处理节点维护
2026-08-28 02:39:51,209 - DEBUG - DNS解析重试中 hk.616049.xyz: [Errno -5] No address associated with hostname
2026-08-28 02:39:52,215 - DEBUG - DNS解析重试中 hk.616049.xyz: [Errno -5] No address associated with hostname
2026-08-28 02:39:53,222 - DEBUG - DNS解析重试中 hk.616049.xyz: [Errno -5] No address associated with hostname
2026-08-28 02:39:54,223 - WARNING - [hk.616049.xyz (HKG)] ├─ 无有效DNS记录，触发紧急更新
2026-08-28 02:52:14,363 - ERROR - CFST更新失败: None
2026-08-28 02:52:14,363 - INFO - --------------------------------------------------
2026-08-28 02:52:14,363 - INFO - [us.616049.xyz (LAX)] 开始处理节点维护
2026-08-28 02:52:14,455 - DEBUG - DNS解析重试中 us.616049.xyz: [Errno -5] No address associated with hostname
2026-08-28 02:52:15,500 - DEBUG - DNS解析重试中 us.616049.xyz: [Errno -5] No address associated with hostname
2026-08-28 02:52:16,532 - DEBUG - DNS解析重试中 us.616049.xyz: [Errno -5] No address associated with hostname
2026-08-28 02:52:17,533 - WARNING - [us.616049.xyz (LAX)] ├─ 无有效DNS记录，触发紧急更新
2026-08-28 03:04:31,286 - ERROR - CFST更新失败: None
2026-08-28 03:04:31,286 - INFO - --------------------------------------------------
2026-08-28 03:04:31,286 - INFO - [de.616049.xyz (FRA)] 开始处理节点维护
2026-08-28 03:04:31,338 - DEBUG - DNS解析重试中 de.616049.xyz: [Errno -5] No address associated with hostname
2026-08-28 03:04:32,379 - DEBUG - DNS解析重试中 de.616049.xyz: [Errno -5] No address associated with hostname
2026-08-28 03:04:33,429 - DEBUG - DNS解析重试中 de.616049.xyz: [Errno -5] No address associated with hostname
2026-08-28 03:04:34,431 - WARNING - [de.616049.xyz (FRA)] ├─ 无有效DNS记录，触发紧急更新
2026-08-28 03:16:48,169 - ERROR - CFST更新失败: None
2026-08-28 03:16:48,172 - DEBUG - Starting new HTTPS connection (1): api.telegram.org:443
2026-08-28 03:16:48,605 - DEBUG - https://api.telegram.org:443 "POST /bot/sendMessage HTTP/1.1" 404 55
