2026-08-04 01:46:28,008 - INFO - 启动维护任务 | 协议类型: IPV4
2026-08-04 01:46:28,009 - INFO - --------------------------------------------------
2026-08-04 01:46:28,009 - INFO - [hk.616049.xyz (HKG)] 开始处理节点维护
2026-08-04 01:46:28,040 - DEBUG - DNS解析重试中 hk.616049.xyz: [Errno -5] No address associated with hostname
2026-08-04 01:46:29,076 - DEBUG - DNS解析重试中 hk.616049.xyz: [Errno -5] No address associated with hostname
2026-08-04 01:46:30,087 - DEBUG - DNS解析重试中 hk.616049.xyz: [Errno -5] No address associated with hostname
2026-08-04 01:46:31,089 - WARNING - [hk.616049.xyz (HKG)] ├─ 无有效DNS记录，触发紧急更新
2026-08-04 01:59:01,946 - ERROR - CFST更新失败: None
2026-08-04 01:59:01,947 - INFO - --------------------------------------------------
2026-08-04 01:59:01,947 - INFO - [us.616049.xyz (LAX)] 开始处理节点维护
2026-08-04 01:59:01,988 - DEBUG - DNS解析重试中 us.616049.xyz: [Errno -5] No address associated with hostname
2026-08-04 01:59:03,017 - DEBUG - DNS解析重试中 us.616049.xyz: [Errno -5] No address associated with hostname
2026-08-04 01:59:04,037 - DEBUG - DNS解析重试中 us.616049.xyz: [Errno -5] No address associated with hostname
2026-08-04 01:59:05,039 - WARNING - [us.616049.xyz (LAX)] ├─ 无有效DNS记录，触发紧急更新
2026-08-04 02:11:35,714 - ERROR - CFST更新失败: None
2026-08-04 02:11:35,715 - INFO - --------------------------------------------------
2026-08-04 02:11:35,715 - INFO - [de.616049.xyz (FRA)] 开始处理节点维护
2026-08-04 02:11:35,729 - DEBUG - DNS解析重试中 de.616049.xyz: [Errno -5] No address associated with hostname
2026-08-04 02:11:36,739 - DEBUG - DNS解析重试中 de.616049.xyz: [Errno -5] No address associated with hostname
2026-08-04 02:11:37,762 - DEBUG - DNS解析重试中 de.616049.xyz: [Errno -5] No address associated with hostname
2026-08-04 02:11:38,763 - WARNING - [de.616049.xyz (FRA)] ├─ 无有效DNS记录，触发紧急更新
2026-08-04 02:24:09,872 - ERROR - CFST更新失败: None
2026-08-04 02:24:09,876 - DEBUG - Starting new HTTPS connection (1): api.telegram.org:443
2026-08-04 02:24:10,162 - DEBUG - https://api.telegram.org:443 "POST /bot/sendMessage HTTP/1.1" 404 55
