2026-08-26 06:17:20,179 - INFO - 启动维护任务 | 协议类型: IPV4
2026-08-26 06:17:20,179 - INFO - --------------------------------------------------
2026-08-26 06:17:20,179 - INFO - [hk.616049.xyz (HKG)] 开始处理节点维护
2026-08-26 06:17:20,199 - DEBUG - DNS解析重试中 hk.616049.xyz: [Errno -5] No address associated with hostname
2026-08-26 06:17:21,222 - DEBUG - DNS解析重试中 hk.616049.xyz: [Errno -5] No address associated with hostname
2026-08-26 06:17:22,248 - DEBUG - DNS解析重试中 hk.616049.xyz: [Errno -5] No address associated with hostname
2026-08-26 06:17:23,250 - WARNING - [hk.616049.xyz (HKG)] ├─ 无有效DNS记录，触发紧急更新
2026-08-26 06:29:58,769 - ERROR - CFST更新失败: None
2026-08-26 06:29:58,770 - INFO - --------------------------------------------------
2026-08-26 06:29:58,770 - INFO - [us.616049.xyz (LAX)] 开始处理节点维护
2026-08-26 06:29:58,798 - DEBUG - DNS解析重试中 us.616049.xyz: [Errno -5] No address associated with hostname
2026-08-26 06:29:59,819 - DEBUG - DNS解析重试中 us.616049.xyz: [Errno -5] No address associated with hostname
2026-08-26 06:30:00,827 - DEBUG - DNS解析重试中 us.616049.xyz: [Errno -5] No address associated with hostname
2026-08-26 06:30:01,828 - WARNING - [us.616049.xyz (LAX)] ├─ 无有效DNS记录，触发紧急更新
2026-08-26 06:42:37,245 - ERROR - CFST更新失败: None
2026-08-26 06:42:37,245 - INFO - --------------------------------------------------
2026-08-26 06:42:37,246 - INFO - [de.616049.xyz (FRA)] 开始处理节点维护
2026-08-26 06:42:37,270 - DEBUG - DNS解析重试中 de.616049.xyz: [Errno -5] No address associated with hostname
2026-08-26 06:42:38,300 - DEBUG - DNS解析重试中 de.616049.xyz: [Errno -5] No address associated with hostname
2026-08-26 06:42:39,326 - DEBUG - DNS解析重试中 de.616049.xyz: [Errno -5] No address associated with hostname
2026-08-26 06:42:40,327 - WARNING - [de.616049.xyz (FRA)] ├─ 无有效DNS记录，触发紧急更新
2026-08-26 06:55:15,342 - ERROR - CFST更新失败: None
2026-08-26 06:55:15,346 - DEBUG - Starting new HTTPS connection (1): api.telegram.org:443
2026-08-26 06:55:15,636 - DEBUG - https://api.telegram.org:443 "POST /bot/sendMessage HTTP/1.1" 404 55
