2026-07-31 06:57:13,493 - INFO - 启动维护任务 | 协议类型: IPV4
2026-07-31 06:57:13,493 - INFO - --------------------------------------------------
2026-07-31 06:57:13,493 - INFO - [hk.616049.xyz (HKG)] 开始处理节点维护
2026-07-31 06:57:13,506 - DEBUG - DNS解析重试中 hk.616049.xyz: [Errno -5] No address associated with hostname
2026-07-31 06:57:14,518 - DEBUG - DNS解析重试中 hk.616049.xyz: [Errno -5] No address associated with hostname
2026-07-31 06:57:15,535 - DEBUG - DNS解析重试中 hk.616049.xyz: [Errno -5] No address associated with hostname
2026-07-31 06:57:16,537 - WARNING - [hk.616049.xyz (HKG)] ├─ 无有效DNS记录，触发紧急更新
2026-07-31 07:09:48,287 - ERROR - CFST更新失败: None
2026-07-31 07:09:48,287 - INFO - --------------------------------------------------
2026-07-31 07:09:48,287 - INFO - [us.616049.xyz (LAX)] 开始处理节点维护
2026-07-31 07:09:48,301 - DEBUG - DNS解析重试中 us.616049.xyz: [Errno -5] No address associated with hostname
2026-07-31 07:09:49,308 - DEBUG - DNS解析重试中 us.616049.xyz: [Errno -5] No address associated with hostname
2026-07-31 07:09:50,333 - DEBUG - DNS解析重试中 us.616049.xyz: [Errno -5] No address associated with hostname
2026-07-31 07:09:51,334 - WARNING - [us.616049.xyz (LAX)] ├─ 无有效DNS记录，触发紧急更新
2026-07-31 07:22:22,466 - ERROR - CFST更新失败: None
2026-07-31 07:22:22,466 - INFO - --------------------------------------------------
2026-07-31 07:22:22,466 - INFO - [de.616049.xyz (FRA)] 开始处理节点维护
2026-07-31 07:22:22,477 - DEBUG - DNS解析重试中 de.616049.xyz: [Errno -5] No address associated with hostname
2026-07-31 07:22:23,488 - DEBUG - DNS解析重试中 de.616049.xyz: [Errno -5] No address associated with hostname
2026-07-31 07:22:24,507 - DEBUG - DNS解析重试中 de.616049.xyz: [Errno -5] No address associated with hostname
2026-07-31 07:22:25,508 - WARNING - [de.616049.xyz (FRA)] ├─ 无有效DNS记录，触发紧急更新
2026-07-31 07:34:56,864 - ERROR - CFST更新失败: None
2026-07-31 07:34:56,867 - DEBUG - Starting new HTTPS connection (1): api.telegram.org:443
2026-07-31 07:34:57,334 - DEBUG - https://api.telegram.org:443 "POST /bot/sendMessage HTTP/1.1" 404 55
