2026-08-03 00:50:56,531 - INFO - 启动维护任务 | 协议类型: IPV4
2026-08-03 00:50:56,531 - INFO - --------------------------------------------------
2026-08-03 00:50:56,531 - INFO - [hk.616049.xyz (HKG)] 开始处理节点维护
2026-08-03 00:50:56,545 - DEBUG - DNS解析重试中 hk.616049.xyz: [Errno -5] No address associated with hostname
2026-08-03 00:50:57,570 - DEBUG - DNS解析重试中 hk.616049.xyz: [Errno -5] No address associated with hostname
2026-08-03 00:50:58,583 - DEBUG - DNS解析重试中 hk.616049.xyz: [Errno -5] No address associated with hostname
2026-08-03 00:50:59,584 - WARNING - [hk.616049.xyz (HKG)] ├─ 无有效DNS记录，触发紧急更新
2026-08-03 01:03:34,027 - ERROR - CFST更新失败: None
2026-08-03 01:03:34,027 - INFO - --------------------------------------------------
2026-08-03 01:03:34,027 - INFO - [us.616049.xyz (LAX)] 开始处理节点维护
2026-08-03 01:03:34,035 - DEBUG - DNS解析重试中 us.616049.xyz: [Errno -5] No address associated with hostname
2026-08-03 01:03:35,064 - DEBUG - DNS解析重试中 us.616049.xyz: [Errno -5] No address associated with hostname
2026-08-03 01:03:36,079 - DEBUG - DNS解析重试中 us.616049.xyz: [Errno -5] No address associated with hostname
2026-08-03 01:03:37,080 - WARNING - [us.616049.xyz (LAX)] ├─ 无有效DNS记录，触发紧急更新
2026-08-03 01:16:12,801 - ERROR - CFST更新失败: None
2026-08-03 01:16:12,801 - INFO - --------------------------------------------------
2026-08-03 01:16:12,801 - INFO - [de.616049.xyz (FRA)] 开始处理节点维护
2026-08-03 01:16:12,818 - DEBUG - DNS解析重试中 de.616049.xyz: [Errno -5] No address associated with hostname
2026-08-03 01:16:13,830 - DEBUG - DNS解析重试中 de.616049.xyz: [Errno -5] No address associated with hostname
2026-08-03 01:16:14,857 - DEBUG - DNS解析重试中 de.616049.xyz: [Errno -5] No address associated with hostname
2026-08-03 01:16:15,859 - WARNING - [de.616049.xyz (FRA)] ├─ 无有效DNS记录，触发紧急更新
2026-08-03 01:28:49,766 - ERROR - CFST更新失败: None
2026-08-03 01:28:49,769 - DEBUG - Starting new HTTPS connection (1): api.telegram.org:443
2026-08-03 01:28:50,242 - DEBUG - https://api.telegram.org:443 "POST /bot/sendMessage HTTP/1.1" 404 55
