2026-09-16 10:35:09,901 - INFO - 启动维护任务 | 协议类型: IPV4
2026-09-16 10:35:09,902 - INFO - --------------------------------------------------
2026-09-16 10:35:09,902 - INFO - [hk.616049.xyz (HKG)] 开始处理节点维护
2026-09-16 10:35:09,947 - DEBUG - DNS解析重试中 hk.616049.xyz: [Errno -5] No address associated with hostname
2026-09-16 10:35:10,985 - DEBUG - DNS解析重试中 hk.616049.xyz: [Errno -5] No address associated with hostname
2026-09-16 10:35:12,035 - DEBUG - DNS解析重试中 hk.616049.xyz: [Errno -5] No address associated with hostname
2026-09-16 10:35:13,036 - WARNING - [hk.616049.xyz (HKG)] ├─ 无有效DNS记录，触发紧急更新
2026-09-16 10:47:45,661 - ERROR - CFST更新失败: None
2026-09-16 10:47:45,662 - INFO - --------------------------------------------------
2026-09-16 10:47:45,662 - INFO - [us.616049.xyz (LAX)] 开始处理节点维护
2026-09-16 10:47:45,715 - DEBUG - DNS解析重试中 us.616049.xyz: [Errno -5] No address associated with hostname
2026-09-16 10:47:46,775 - DEBUG - DNS解析重试中 us.616049.xyz: [Errno -5] No address associated with hostname
2026-09-16 10:47:47,815 - DEBUG - DNS解析重试中 us.616049.xyz: [Errno -5] No address associated with hostname
2026-09-16 10:47:48,816 - WARNING - [us.616049.xyz (LAX)] ├─ 无有效DNS记录，触发紧急更新
2026-09-16 11:00:20,524 - ERROR - CFST更新失败: None
2026-09-16 11:00:20,524 - INFO - --------------------------------------------------
2026-09-16 11:00:20,524 - INFO - [de.616049.xyz (FRA)] 开始处理节点维护
2026-09-16 11:00:20,561 - DEBUG - DNS解析重试中 de.616049.xyz: [Errno -5] No address associated with hostname
2026-09-16 11:00:21,605 - DEBUG - DNS解析重试中 de.616049.xyz: [Errno -5] No address associated with hostname
2026-09-16 11:00:22,646 - DEBUG - DNS解析重试中 de.616049.xyz: [Errno -5] No address associated with hostname
2026-09-16 11:00:23,647 - WARNING - [de.616049.xyz (FRA)] ├─ 无有效DNS记录，触发紧急更新
2026-09-16 11:12:56,178 - ERROR - CFST更新失败: None
2026-09-16 11:12:56,182 - DEBUG - Starting new HTTPS connection (1): api.telegram.org:443
2026-09-16 11:12:56,623 - DEBUG - https://api.telegram.org:443 "POST /bot/sendMessage HTTP/1.1" 404 55
