2026-10-09 03:34:51,434 - INFO - 启动维护任务 | 协议类型: IPV4
2026-10-09 03:34:51,434 - INFO - --------------------------------------------------
2026-10-09 03:34:51,434 - INFO - [hk.616049.xyz (HKG)] 开始处理节点维护
2026-10-09 03:34:51,467 - DEBUG - DNS解析重试中 hk.616049.xyz: [Errno -5] No address associated with hostname
2026-10-09 03:34:52,517 - DEBUG - DNS解析重试中 hk.616049.xyz: [Errno -5] No address associated with hostname
2026-10-09 03:34:53,555 - DEBUG - DNS解析重试中 hk.616049.xyz: [Errno -5] No address associated with hostname
2026-10-09 03:34:54,556 - WARNING - [hk.616049.xyz (HKG)] ├─ 无有效DNS记录，触发紧急更新
2026-10-09 03:47:29,435 - ERROR - CFST更新失败: None
2026-10-09 03:47:29,435 - INFO - --------------------------------------------------
2026-10-09 03:47:29,435 - INFO - [us.616049.xyz (LAX)] 开始处理节点维护
2026-10-09 03:47:29,478 - DEBUG - DNS解析重试中 us.616049.xyz: [Errno -5] No address associated with hostname
2026-10-09 03:47:30,524 - DEBUG - DNS解析重试中 us.616049.xyz: [Errno -5] No address associated with hostname
2026-10-09 03:47:31,565 - DEBUG - DNS解析重试中 us.616049.xyz: [Errno -5] No address associated with hostname
2026-10-09 03:47:32,566 - WARNING - [us.616049.xyz (LAX)] ├─ 无有效DNS记录，触发紧急更新
2026-10-09 04:00:06,919 - ERROR - CFST更新失败: None
2026-10-09 04:00:06,920 - INFO - --------------------------------------------------
2026-10-09 04:00:06,920 - INFO - [de.616049.xyz (FRA)] 开始处理节点维护
2026-10-09 04:00:06,953 - DEBUG - DNS解析重试中 de.616049.xyz: [Errno -5] No address associated with hostname
2026-10-09 04:00:07,987 - DEBUG - DNS解析重试中 de.616049.xyz: [Errno -5] No address associated with hostname
2026-10-09 04:00:09,023 - DEBUG - DNS解析重试中 de.616049.xyz: [Errno -5] No address associated with hostname
2026-10-09 04:00:10,025 - WARNING - [de.616049.xyz (FRA)] ├─ 无有效DNS记录，触发紧急更新
2026-10-09 04:12:49,483 - ERROR - CFST更新失败: None
2026-10-09 04:12:49,487 - DEBUG - Starting new HTTPS connection (1): api.telegram.org:443
2026-10-09 04:12:49,809 - DEBUG - https://api.telegram.org:443 "POST /bot/sendMessage HTTP/1.1" 404 55
