2026-08-09 16:31:53,127 - INFO - 启动维护任务 | 协议类型: IPV4
2026-08-09 16:31:53,127 - INFO - --------------------------------------------------
2026-08-09 16:31:53,127 - INFO - [hk.616049.xyz (HKG)] 开始处理节点维护
2026-08-09 16:31:53,141 - DEBUG - DNS解析重试中 hk.616049.xyz: [Errno -5] No address associated with hostname
2026-08-09 16:31:54,153 - DEBUG - DNS解析重试中 hk.616049.xyz: [Errno -5] No address associated with hostname
2026-08-09 16:31:55,166 - DEBUG - DNS解析重试中 hk.616049.xyz: [Errno -5] No address associated with hostname
2026-08-09 16:31:56,168 - WARNING - [hk.616049.xyz (HKG)] ├─ 无有效DNS记录，触发紧急更新
2026-08-09 16:44:28,580 - ERROR - CFST更新失败: None
2026-08-09 16:44:28,580 - INFO - --------------------------------------------------
2026-08-09 16:44:28,581 - INFO - [us.616049.xyz (LAX)] 开始处理节点维护
2026-08-09 16:44:28,617 - DEBUG - DNS解析重试中 us.616049.xyz: [Errno -5] No address associated with hostname
2026-08-09 16:44:29,626 - DEBUG - DNS解析重试中 us.616049.xyz: [Errno -5] No address associated with hostname
2026-08-09 16:44:30,643 - DEBUG - DNS解析重试中 us.616049.xyz: [Errno -5] No address associated with hostname
2026-08-09 16:44:31,644 - WARNING - [us.616049.xyz (LAX)] ├─ 无有效DNS记录，触发紧急更新
2026-08-09 16:57:03,400 - ERROR - CFST更新失败: None
2026-08-09 16:57:03,400 - INFO - --------------------------------------------------
2026-08-09 16:57:03,401 - INFO - [de.616049.xyz (FRA)] 开始处理节点维护
2026-08-09 16:57:03,411 - DEBUG - DNS解析重试中 de.616049.xyz: [Errno -5] No address associated with hostname
2026-08-09 16:57:04,427 - DEBUG - DNS解析重试中 de.616049.xyz: [Errno -5] No address associated with hostname
2026-08-09 16:57:05,446 - DEBUG - DNS解析重试中 de.616049.xyz: [Errno -5] No address associated with hostname
2026-08-09 16:57:06,448 - WARNING - [de.616049.xyz (FRA)] ├─ 无有效DNS记录，触发紧急更新
2026-08-09 17:09:37,586 - ERROR - CFST更新失败: None
2026-08-09 17:09:37,589 - DEBUG - Starting new HTTPS connection (1): api.telegram.org:443
2026-08-09 17:09:37,876 - DEBUG - https://api.telegram.org:443 "POST /bot/sendMessage HTTP/1.1" 404 55
