2026-08-25 00:26:14,350 - INFO - 启动维护任务 | 协议类型: IPV4
2026-08-25 00:26:14,350 - INFO - --------------------------------------------------
2026-08-25 00:26:14,350 - INFO - [hk.616049.xyz (HKG)] 开始处理节点维护
2026-08-25 00:26:14,441 - DEBUG - DNS解析重试中 hk.616049.xyz: [Errno -5] No address associated with hostname
2026-08-25 00:26:15,535 - DEBUG - DNS解析重试中 hk.616049.xyz: [Errno -5] No address associated with hostname
2026-08-25 00:26:16,545 - DEBUG - DNS解析重试中 hk.616049.xyz: [Errno -5] No address associated with hostname
2026-08-25 00:26:17,546 - WARNING - [hk.616049.xyz (HKG)] ├─ 无有效DNS记录，触发紧急更新
2026-08-25 00:38:34,712 - ERROR - CFST更新失败: None
2026-08-25 00:38:34,713 - INFO - --------------------------------------------------
2026-08-25 00:38:34,713 - INFO - [us.616049.xyz (LAX)] 开始处理节点维护
2026-08-25 00:38:34,807 - DEBUG - DNS解析重试中 us.616049.xyz: [Errno -5] No address associated with hostname
2026-08-25 00:38:35,915 - DEBUG - DNS解析重试中 us.616049.xyz: [Errno -5] No address associated with hostname
2026-08-25 00:38:36,923 - DEBUG - DNS解析重试中 us.616049.xyz: [Errno -5] No address associated with hostname
2026-08-25 00:38:37,924 - WARNING - [us.616049.xyz (LAX)] ├─ 无有效DNS记录，触发紧急更新
2026-08-25 00:50:54,349 - ERROR - CFST更新失败: None
2026-08-25 00:50:54,350 - INFO - --------------------------------------------------
2026-08-25 00:50:54,350 - INFO - [de.616049.xyz (FRA)] 开始处理节点维护
2026-08-25 00:50:54,449 - DEBUG - DNS解析重试中 de.616049.xyz: [Errno -5] No address associated with hostname
2026-08-25 00:50:55,495 - DEBUG - DNS解析重试中 de.616049.xyz: [Errno -5] No address associated with hostname
2026-08-25 00:50:56,591 - DEBUG - DNS解析重试中 de.616049.xyz: [Errno -5] No address associated with hostname
2026-08-25 00:50:57,592 - WARNING - [de.616049.xyz (FRA)] ├─ 无有效DNS记录，触发紧急更新
2026-08-25 01:03:14,290 - ERROR - CFST更新失败: None
2026-08-25 01:03:14,293 - DEBUG - Starting new HTTPS connection (1): api.telegram.org:443
2026-08-25 01:03:14,736 - DEBUG - https://api.telegram.org:443 "POST /bot/sendMessage HTTP/1.1" 404 55
