2026-09-24 03:21:11,838 - INFO - 启动维护任务 | 协议类型: IPV4
2026-09-24 03:21:11,838 - INFO - --------------------------------------------------
2026-09-24 03:21:11,838 - INFO - [hk.616049.xyz (HKG)] 开始处理节点维护
2026-09-24 03:21:11,867 - DEBUG - DNS解析重试中 hk.616049.xyz: [Errno -5] No address associated with hostname
2026-09-24 03:21:12,893 - DEBUG - DNS解析重试中 hk.616049.xyz: [Errno -5] No address associated with hostname
2026-09-24 03:21:13,922 - DEBUG - DNS解析重试中 hk.616049.xyz: [Errno -5] No address associated with hostname
2026-09-24 03:21:14,923 - WARNING - [hk.616049.xyz (HKG)] ├─ 无有效DNS记录，触发紧急更新
2026-09-24 03:33:46,156 - ERROR - CFST更新失败: None
2026-09-24 03:33:46,157 - INFO - --------------------------------------------------
2026-09-24 03:33:46,157 - INFO - [us.616049.xyz (LAX)] 开始处理节点维护
2026-09-24 03:33:46,175 - DEBUG - DNS解析重试中 us.616049.xyz: [Errno -5] No address associated with hostname
2026-09-24 03:33:47,196 - DEBUG - DNS解析重试中 us.616049.xyz: [Errno -5] No address associated with hostname
2026-09-24 03:33:48,254 - DEBUG - DNS解析重试中 us.616049.xyz: [Errno -5] No address associated with hostname
2026-09-24 03:33:49,255 - WARNING - [us.616049.xyz (LAX)] ├─ 无有效DNS记录，触发紧急更新
2026-09-24 03:46:20,290 - ERROR - CFST更新失败: None
2026-09-24 03:46:20,290 - INFO - --------------------------------------------------
2026-09-24 03:46:20,290 - INFO - [de.616049.xyz (FRA)] 开始处理节点维护
2026-09-24 03:46:20,315 - DEBUG - DNS解析重试中 de.616049.xyz: [Errno -5] No address associated with hostname
2026-09-24 03:46:21,347 - DEBUG - DNS解析重试中 de.616049.xyz: [Errno -5] No address associated with hostname
2026-09-24 03:46:22,391 - DEBUG - DNS解析重试中 de.616049.xyz: [Errno -5] No address associated with hostname
2026-09-24 03:46:23,392 - WARNING - [de.616049.xyz (FRA)] ├─ 无有效DNS记录，触发紧急更新
2026-09-24 03:58:55,022 - ERROR - CFST更新失败: None
2026-09-24 03:58:55,026 - DEBUG - Starting new HTTPS connection (1): api.telegram.org:443
2026-09-24 03:58:55,319 - DEBUG - https://api.telegram.org:443 "POST /bot/sendMessage HTTP/1.1" 404 55
