2026-10-01 08:56:05,125 - INFO - 启动维护任务 | 协议类型: IPV4
2026-10-01 08:56:05,125 - INFO - --------------------------------------------------
2026-10-01 08:56:05,125 - INFO - [hk.616049.xyz (HKG)] 开始处理节点维护
2026-10-01 08:56:05,154 - DEBUG - DNS解析重试中 hk.616049.xyz: [Errno -5] No address associated with hostname
2026-10-01 08:56:06,181 - DEBUG - DNS解析重试中 hk.616049.xyz: [Errno -5] No address associated with hostname
2026-10-01 08:56:07,202 - DEBUG - DNS解析重试中 hk.616049.xyz: [Errno -5] No address associated with hostname
2026-10-01 08:56:08,203 - WARNING - [hk.616049.xyz (HKG)] ├─ 无有效DNS记录，触发紧急更新
2026-10-01 09:08:38,905 - ERROR - CFST更新失败: None
2026-10-01 09:08:38,906 - INFO - --------------------------------------------------
2026-10-01 09:08:38,906 - INFO - [us.616049.xyz (LAX)] 开始处理节点维护
2026-10-01 09:08:38,930 - DEBUG - DNS解析重试中 us.616049.xyz: [Errno -5] No address associated with hostname
2026-10-01 09:08:39,959 - DEBUG - DNS解析重试中 us.616049.xyz: [Errno -5] No address associated with hostname
2026-10-01 09:08:41,013 - DEBUG - DNS解析重试中 us.616049.xyz: [Errno -5] No address associated with hostname
2026-10-01 09:08:42,015 - WARNING - [us.616049.xyz (LAX)] ├─ 无有效DNS记录，触发紧急更新
2026-10-01 09:21:12,431 - ERROR - CFST更新失败: None
2026-10-01 09:21:12,431 - INFO - --------------------------------------------------
2026-10-01 09:21:12,431 - INFO - [de.616049.xyz (FRA)] 开始处理节点维护
2026-10-01 09:21:12,460 - DEBUG - DNS解析重试中 de.616049.xyz: [Errno -5] No address associated with hostname
2026-10-01 09:21:13,479 - DEBUG - DNS解析重试中 de.616049.xyz: [Errno -5] No address associated with hostname
2026-10-01 09:21:14,517 - DEBUG - DNS解析重试中 de.616049.xyz: [Errno -5] No address associated with hostname
2026-10-01 09:21:15,519 - WARNING - [de.616049.xyz (FRA)] ├─ 无有效DNS记录，触发紧急更新
2026-10-01 09:33:46,678 - ERROR - CFST更新失败: None
2026-10-01 09:33:46,681 - DEBUG - Starting new HTTPS connection (1): api.telegram.org:443
2026-10-01 09:33:46,969 - DEBUG - https://api.telegram.org:443 "POST /bot/sendMessage HTTP/1.1" 404 55
