2026-07-27 02:58:47,515 - INFO - 启动维护任务 | 协议类型: IPV4
2026-07-27 02:58:47,516 - INFO - --------------------------------------------------
2026-07-27 02:58:47,516 - INFO - [hk.616049.xyz (HKG)] 开始处理节点维护
2026-07-27 02:58:47,532 - DEBUG - DNS解析重试中 hk.616049.xyz: [Errno -5] No address associated with hostname
2026-07-27 02:58:48,551 - DEBUG - DNS解析重试中 hk.616049.xyz: [Errno -5] No address associated with hostname
2026-07-27 02:58:49,569 - DEBUG - DNS解析重试中 hk.616049.xyz: [Errno -5] No address associated with hostname
2026-07-27 02:58:50,570 - WARNING - [hk.616049.xyz (HKG)] ├─ 无有效DNS记录，触发紧急更新
2026-07-27 03:11:21,408 - ERROR - CFST更新失败: None
2026-07-27 03:11:21,408 - INFO - --------------------------------------------------
2026-07-27 03:11:21,408 - INFO - [us.616049.xyz (LAX)] 开始处理节点维护
2026-07-27 03:11:21,417 - DEBUG - DNS解析重试中 us.616049.xyz: [Errno -5] No address associated with hostname
2026-07-27 03:11:22,429 - DEBUG - DNS解析重试中 us.616049.xyz: [Errno -5] No address associated with hostname
2026-07-27 03:11:23,434 - DEBUG - DNS解析重试中 us.616049.xyz: [Errno -5] No address associated with hostname
2026-07-27 03:11:24,435 - WARNING - [us.616049.xyz (LAX)] ├─ 无有效DNS记录，触发紧急更新
2026-07-27 03:23:55,134 - ERROR - CFST更新失败: None
2026-07-27 03:23:55,135 - INFO - --------------------------------------------------
2026-07-27 03:23:55,135 - INFO - [de.616049.xyz (FRA)] 开始处理节点维护
2026-07-27 03:23:55,146 - DEBUG - DNS解析重试中 de.616049.xyz: [Errno -5] No address associated with hostname
2026-07-27 03:23:56,170 - DEBUG - DNS解析重试中 de.616049.xyz: [Errno -5] No address associated with hostname
2026-07-27 03:23:57,190 - DEBUG - DNS解析重试中 de.616049.xyz: [Errno -5] No address associated with hostname
2026-07-27 03:23:58,192 - WARNING - [de.616049.xyz (FRA)] ├─ 无有效DNS记录，触发紧急更新
2026-07-27 03:36:30,112 - ERROR - CFST更新失败: None
2026-07-27 03:36:30,116 - DEBUG - Starting new HTTPS connection (1): api.telegram.org:443
2026-07-27 03:36:30,568 - DEBUG - https://api.telegram.org:443 "POST /bot/sendMessage HTTP/1.1" 404 55
