2026-08-13 12:01:44,119 - INFO - 启动维护任务 | 协议类型: IPV4
2026-08-13 12:01:44,119 - INFO - --------------------------------------------------
2026-08-13 12:01:44,119 - INFO - [hk.616049.xyz (HKG)] 开始处理节点维护
2026-08-13 12:01:44,140 - DEBUG - DNS解析重试中 hk.616049.xyz: [Errno -5] No address associated with hostname
2026-08-13 12:01:45,165 - DEBUG - DNS解析重试中 hk.616049.xyz: [Errno -5] No address associated with hostname
2026-08-13 12:01:46,178 - DEBUG - DNS解析重试中 hk.616049.xyz: [Errno -5] No address associated with hostname
2026-08-13 12:01:47,179 - WARNING - [hk.616049.xyz (HKG)] ├─ 无有效DNS记录，触发紧急更新
2026-08-13 12:14:22,670 - ERROR - CFST更新失败: None
2026-08-13 12:14:22,670 - INFO - --------------------------------------------------
2026-08-13 12:14:22,670 - INFO - [us.616049.xyz (LAX)] 开始处理节点维护
2026-08-13 12:14:22,695 - DEBUG - DNS解析重试中 us.616049.xyz: [Errno -5] No address associated with hostname
2026-08-13 12:14:23,729 - DEBUG - DNS解析重试中 us.616049.xyz: [Errno -5] No address associated with hostname
2026-08-13 12:14:24,746 - DEBUG - DNS解析重试中 us.616049.xyz: [Errno -5] No address associated with hostname
2026-08-13 12:14:25,748 - WARNING - [us.616049.xyz (LAX)] ├─ 无有效DNS记录，触发紧急更新
2026-08-13 12:27:00,363 - ERROR - CFST更新失败: None
2026-08-13 12:27:00,363 - INFO - --------------------------------------------------
2026-08-13 12:27:00,363 - INFO - [de.616049.xyz (FRA)] 开始处理节点维护
2026-08-13 12:27:00,379 - DEBUG - DNS解析重试中 de.616049.xyz: [Errno -5] No address associated with hostname
2026-08-13 12:27:01,394 - DEBUG - DNS解析重试中 de.616049.xyz: [Errno -5] No address associated with hostname
2026-08-13 12:27:02,513 - DEBUG - DNS解析重试中 de.616049.xyz: [Errno -5] No address associated with hostname
2026-08-13 12:27:03,515 - WARNING - [de.616049.xyz (FRA)] ├─ 无有效DNS记录，触发紧急更新
2026-08-13 12:39:38,021 - ERROR - CFST更新失败: None
2026-08-13 12:39:38,025 - DEBUG - Starting new HTTPS connection (1): api.telegram.org:443
2026-08-13 12:39:38,306 - DEBUG - https://api.telegram.org:443 "POST /bot/sendMessage HTTP/1.1" 404 55
