2026-08-27 00:41:51,319 - INFO - 启动维护任务 | 协议类型: IPV4
2026-08-27 00:41:51,319 - INFO - --------------------------------------------------
2026-08-27 00:41:51,319 - INFO - [hk.616049.xyz (HKG)] 开始处理节点维护
2026-08-27 00:41:51,360 - DEBUG - DNS解析重试中 hk.616049.xyz: [Errno -5] No address associated with hostname
2026-08-27 00:41:52,391 - DEBUG - DNS解析重试中 hk.616049.xyz: [Errno -5] No address associated with hostname
2026-08-27 00:41:53,438 - DEBUG - DNS解析重试中 hk.616049.xyz: [Errno -5] No address associated with hostname
2026-08-27 00:41:54,439 - WARNING - [hk.616049.xyz (HKG)] ├─ 无有效DNS记录，触发紧急更新
2026-08-27 00:54:30,777 - ERROR - CFST更新失败: None
2026-08-27 00:54:30,778 - INFO - --------------------------------------------------
2026-08-27 00:54:30,778 - INFO - [us.616049.xyz (LAX)] 开始处理节点维护
2026-08-27 00:54:30,813 - DEBUG - DNS解析重试中 us.616049.xyz: [Errno -5] No address associated with hostname
2026-08-27 00:54:31,822 - DEBUG - DNS解析重试中 us.616049.xyz: [Errno -5] No address associated with hostname
2026-08-27 00:54:32,857 - DEBUG - DNS解析重试中 us.616049.xyz: [Errno -5] No address associated with hostname
2026-08-27 00:54:33,859 - WARNING - [us.616049.xyz (LAX)] ├─ 无有效DNS记录，触发紧急更新
2026-08-27 01:07:08,990 - ERROR - CFST更新失败: None
2026-08-27 01:07:08,991 - INFO - --------------------------------------------------
2026-08-27 01:07:08,991 - INFO - [de.616049.xyz (FRA)] 开始处理节点维护
2026-08-27 01:07:09,039 - DEBUG - DNS解析重试中 de.616049.xyz: [Errno -5] No address associated with hostname
2026-08-27 01:07:10,097 - DEBUG - DNS解析重试中 de.616049.xyz: [Errno -5] No address associated with hostname
2026-08-27 01:07:11,131 - DEBUG - DNS解析重试中 de.616049.xyz: [Errno -5] No address associated with hostname
2026-08-27 01:07:12,132 - WARNING - [de.616049.xyz (FRA)] ├─ 无有效DNS记录，触发紧急更新
2026-08-27 01:19:48,259 - ERROR - CFST更新失败: None
2026-08-27 01:19:48,263 - DEBUG - Starting new HTTPS connection (1): api.telegram.org:443
2026-08-27 01:19:48,587 - DEBUG - https://api.telegram.org:443 "POST /bot/sendMessage HTTP/1.1" 404 55
