2026-07-25 17:29:23,810 - INFO - 启动维护任务 | 协议类型: IPV4
2026-07-25 17:29:23,810 - INFO - --------------------------------------------------
2026-07-25 17:29:23,810 - INFO - [hk.616049.xyz (HKG)] 开始处理节点维护
2026-07-25 17:29:23,830 - DEBUG - DNS解析重试中 hk.616049.xyz: [Errno -5] No address associated with hostname
2026-07-25 17:29:24,853 - DEBUG - DNS解析重试中 hk.616049.xyz: [Errno -5] No address associated with hostname
2026-07-25 17:29:25,882 - DEBUG - DNS解析重试中 hk.616049.xyz: [Errno -5] No address associated with hostname
2026-07-25 17:29:26,884 - WARNING - [hk.616049.xyz (HKG)] ├─ 无有效DNS记录，触发紧急更新
2026-07-25 17:42:01,383 - ERROR - CFST更新失败: None
2026-07-25 17:42:01,384 - INFO - --------------------------------------------------
2026-07-25 17:42:01,384 - INFO - [us.616049.xyz (LAX)] 开始处理节点维护
2026-07-25 17:42:01,402 - DEBUG - DNS解析重试中 us.616049.xyz: [Errno -5] No address associated with hostname
2026-07-25 17:42:02,426 - DEBUG - DNS解析重试中 us.616049.xyz: [Errno -5] No address associated with hostname
2026-07-25 17:42:03,450 - DEBUG - DNS解析重试中 us.616049.xyz: [Errno -5] No address associated with hostname
2026-07-25 17:42:04,451 - WARNING - [us.616049.xyz (LAX)] ├─ 无有效DNS记录，触发紧急更新
2026-07-25 17:54:38,716 - ERROR - CFST更新失败: None
2026-07-25 17:54:38,716 - INFO - --------------------------------------------------
2026-07-25 17:54:38,716 - INFO - [de.616049.xyz (FRA)] 开始处理节点维护
2026-07-25 17:54:38,744 - DEBUG - DNS解析重试中 de.616049.xyz: [Errno -5] No address associated with hostname
2026-07-25 17:54:39,770 - DEBUG - DNS解析重试中 de.616049.xyz: [Errno -5] No address associated with hostname
2026-07-25 17:54:40,798 - DEBUG - DNS解析重试中 de.616049.xyz: [Errno -5] No address associated with hostname
2026-07-25 17:54:41,800 - WARNING - [de.616049.xyz (FRA)] ├─ 无有效DNS记录，触发紧急更新
2026-07-25 18:07:16,435 - ERROR - CFST更新失败: None
2026-07-25 18:07:16,439 - DEBUG - Starting new HTTPS connection (1): api.telegram.org:443
2026-07-25 18:07:16,732 - DEBUG - https://api.telegram.org:443 "POST /bot/sendMessage HTTP/1.1" 404 55
