2026-07-28 03:14:41,954 - INFO - 启动维护任务 | 协议类型: IPV4
2026-07-28 03:14:41,954 - INFO - --------------------------------------------------
2026-07-28 03:14:41,954 - INFO - [hk.616049.xyz (HKG)] 开始处理节点维护
2026-07-28 03:14:42,000 - DEBUG - DNS解析重试中 hk.616049.xyz: [Errno -5] No address associated with hostname
2026-07-28 03:14:43,028 - DEBUG - DNS解析重试中 hk.616049.xyz: [Errno -5] No address associated with hostname
2026-07-28 03:14:44,056 - DEBUG - DNS解析重试中 hk.616049.xyz: [Errno -5] No address associated with hostname
2026-07-28 03:14:45,057 - WARNING - [hk.616049.xyz (HKG)] ├─ 无有效DNS记录，触发紧急更新
2026-07-28 03:27:16,489 - ERROR - CFST更新失败: None
2026-07-28 03:27:16,489 - INFO - --------------------------------------------------
2026-07-28 03:27:16,489 - INFO - [us.616049.xyz (LAX)] 开始处理节点维护
2026-07-28 03:27:16,524 - DEBUG - DNS解析重试中 us.616049.xyz: [Errno -5] No address associated with hostname
2026-07-28 03:27:17,576 - DEBUG - DNS解析重试中 us.616049.xyz: [Errno -5] No address associated with hostname
2026-07-28 03:27:18,618 - DEBUG - DNS解析重试中 us.616049.xyz: [Errno -5] No address associated with hostname
2026-07-28 03:27:19,620 - WARNING - [us.616049.xyz (LAX)] ├─ 无有效DNS记录，触发紧急更新
2026-07-28 03:39:50,659 - ERROR - CFST更新失败: None
2026-07-28 03:39:50,660 - INFO - --------------------------------------------------
2026-07-28 03:39:50,660 - INFO - [de.616049.xyz (FRA)] 开始处理节点维护
2026-07-28 03:39:50,692 - DEBUG - DNS解析重试中 de.616049.xyz: [Errno -5] No address associated with hostname
2026-07-28 03:39:51,698 - DEBUG - DNS解析重试中 de.616049.xyz: [Errno -5] No address associated with hostname
2026-07-28 03:39:52,724 - DEBUG - DNS解析重试中 de.616049.xyz: [Errno -5] No address associated with hostname
2026-07-28 03:39:53,725 - WARNING - [de.616049.xyz (FRA)] ├─ 无有效DNS记录，触发紧急更新
2026-07-28 03:52:25,173 - ERROR - CFST更新失败: None
2026-07-28 03:52:25,177 - DEBUG - Starting new HTTPS connection (1): api.telegram.org:443
2026-07-28 03:52:25,525 - DEBUG - https://api.telegram.org:443 "POST /bot/sendMessage HTTP/1.1" 404 55
