2026-07-28 01:36:40,836 - INFO - 启动维护任务 | 协议类型: IPV4
2026-07-28 01:36:40,836 - INFO - --------------------------------------------------
2026-07-28 01:36:40,836 - INFO - [hk.616049.xyz (HKG)] 开始处理节点维护
2026-07-28 01:36:40,864 - DEBUG - DNS解析重试中 hk.616049.xyz: [Errno -5] No address associated with hostname
2026-07-28 01:36:41,895 - DEBUG - DNS解析重试中 hk.616049.xyz: [Errno -5] No address associated with hostname
2026-07-28 01:36:42,902 - DEBUG - DNS解析重试中 hk.616049.xyz: [Errno -5] No address associated with hostname
2026-07-28 01:36:43,903 - WARNING - [hk.616049.xyz (HKG)] ├─ 无有效DNS记录，触发紧急更新
2026-07-28 01:49:17,975 - ERROR - CFST更新失败: None
2026-07-28 01:49:17,976 - INFO - --------------------------------------------------
2026-07-28 01:49:17,976 - INFO - [us.616049.xyz (LAX)] 开始处理节点维护
2026-07-28 01:49:18,004 - DEBUG - DNS解析重试中 us.616049.xyz: [Errno -5] No address associated with hostname
2026-07-28 01:49:19,051 - DEBUG - DNS解析重试中 us.616049.xyz: [Errno -5] No address associated with hostname
2026-07-28 01:49:20,105 - DEBUG - DNS解析重试中 us.616049.xyz: [Errno -5] No address associated with hostname
2026-07-28 01:49:21,106 - WARNING - [us.616049.xyz (LAX)] ├─ 无有效DNS记录，触发紧急更新
2026-07-28 02:01:55,248 - ERROR - CFST更新失败: None
2026-07-28 02:01:55,248 - INFO - --------------------------------------------------
2026-07-28 02:01:55,248 - INFO - [de.616049.xyz (FRA)] 开始处理节点维护
2026-07-28 02:01:55,271 - DEBUG - DNS解析重试中 de.616049.xyz: [Errno -5] No address associated with hostname
2026-07-28 02:01:56,307 - DEBUG - DNS解析重试中 de.616049.xyz: [Errno -5] No address associated with hostname
2026-07-28 02:01:57,335 - DEBUG - DNS解析重试中 de.616049.xyz: [Errno -5] No address associated with hostname
2026-07-28 02:01:58,336 - WARNING - [de.616049.xyz (FRA)] ├─ 无有效DNS记录，触发紧急更新
2026-07-28 02:14:32,096 - ERROR - CFST更新失败: None
2026-07-28 02:14:32,099 - DEBUG - Starting new HTTPS connection (1): api.telegram.org:443
2026-07-28 02:14:32,404 - DEBUG - https://api.telegram.org:443 "POST /bot/sendMessage HTTP/1.1" 404 55
