2026-09-08 10:17:22,698 - INFO - 启动维护任务 | 协议类型: IPV4
2026-09-08 10:17:22,698 - INFO - --------------------------------------------------
2026-09-08 10:17:22,698 - INFO - [hk.616049.xyz (HKG)] 开始处理节点维护
2026-09-08 10:17:22,757 - DEBUG - DNS解析重试中 hk.616049.xyz: [Errno -5] No address associated with hostname
2026-09-08 10:17:23,814 - DEBUG - DNS解析重试中 hk.616049.xyz: [Errno -5] No address associated with hostname
2026-09-08 10:17:24,819 - DEBUG - DNS解析重试中 hk.616049.xyz: [Errno -5] No address associated with hostname
2026-09-08 10:17:25,820 - WARNING - [hk.616049.xyz (HKG)] ├─ 无有效DNS记录，触发紧急更新
2026-09-08 10:29:59,754 - ERROR - CFST更新失败: None
2026-09-08 10:29:59,755 - INFO - --------------------------------------------------
2026-09-08 10:29:59,755 - INFO - [us.616049.xyz (LAX)] 开始处理节点维护
2026-09-08 10:29:59,805 - DEBUG - DNS解析重试中 us.616049.xyz: [Errno -5] No address associated with hostname
2026-09-08 10:30:00,811 - DEBUG - DNS解析重试中 us.616049.xyz: [Errno -5] No address associated with hostname
2026-09-08 10:30:01,908 - DEBUG - DNS解析重试中 us.616049.xyz: [Errno -5] No address associated with hostname
2026-09-08 10:30:02,909 - WARNING - [us.616049.xyz (LAX)] ├─ 无有效DNS记录，触发紧急更新
2026-09-08 10:42:37,255 - ERROR - CFST更新失败: None
2026-09-08 10:42:37,255 - INFO - --------------------------------------------------
2026-09-08 10:42:37,256 - INFO - [de.616049.xyz (FRA)] 开始处理节点维护
2026-09-08 10:42:37,306 - DEBUG - DNS解析重试中 de.616049.xyz: [Errno -5] No address associated with hostname
2026-09-08 10:42:38,360 - DEBUG - DNS解析重试中 de.616049.xyz: [Errno -5] No address associated with hostname
2026-09-08 10:42:39,367 - DEBUG - DNS解析重试中 de.616049.xyz: [Errno -5] No address associated with hostname
2026-09-08 10:42:40,368 - WARNING - [de.616049.xyz (FRA)] ├─ 无有效DNS记录，触发紧急更新
2026-09-08 10:55:14,160 - ERROR - CFST更新失败: None
2026-09-08 10:55:14,164 - DEBUG - Starting new HTTPS connection (1): api.telegram.org:443
2026-09-08 10:55:14,566 - DEBUG - https://api.telegram.org:443 "POST /bot/sendMessage HTTP/1.1" 404 55
