2026-08-18 20:27:36,061 - INFO - 启动维护任务 | 协议类型: IPV4
2026-08-18 20:27:36,061 - INFO - --------------------------------------------------
2026-08-18 20:27:36,061 - INFO - [hk.616049.xyz (HKG)] 开始处理节点维护
2026-08-18 20:27:36,073 - DEBUG - DNS解析重试中 hk.616049.xyz: [Errno -5] No address associated with hostname
2026-08-18 20:27:37,097 - DEBUG - DNS解析重试中 hk.616049.xyz: [Errno -5] No address associated with hostname
2026-08-18 20:27:38,129 - DEBUG - DNS解析重试中 hk.616049.xyz: [Errno -5] No address associated with hostname
2026-08-18 20:27:39,130 - WARNING - [hk.616049.xyz (HKG)] ├─ 无有效DNS记录，触发紧急更新
2026-08-18 20:40:09,624 - ERROR - CFST更新失败: None
2026-08-18 20:40:09,624 - INFO - --------------------------------------------------
2026-08-18 20:40:09,624 - INFO - [us.616049.xyz (LAX)] 开始处理节点维护
2026-08-18 20:40:09,634 - DEBUG - DNS解析重试中 us.616049.xyz: [Errno -5] No address associated with hostname
2026-08-18 20:40:10,647 - DEBUG - DNS解析重试中 us.616049.xyz: [Errno -5] No address associated with hostname
2026-08-18 20:40:11,659 - DEBUG - DNS解析重试中 us.616049.xyz: [Errno -5] No address associated with hostname
2026-08-18 20:40:12,660 - WARNING - [us.616049.xyz (LAX)] ├─ 无有效DNS记录，触发紧急更新
2026-08-18 20:52:43,131 - ERROR - CFST更新失败: None
2026-08-18 20:52:43,131 - INFO - --------------------------------------------------
2026-08-18 20:52:43,131 - INFO - [de.616049.xyz (FRA)] 开始处理节点维护
2026-08-18 20:52:43,149 - DEBUG - DNS解析重试中 de.616049.xyz: [Errno -5] No address associated with hostname
2026-08-18 20:52:44,166 - DEBUG - DNS解析重试中 de.616049.xyz: [Errno -5] No address associated with hostname
2026-08-18 20:52:45,179 - DEBUG - DNS解析重试中 de.616049.xyz: [Errno -5] No address associated with hostname
2026-08-18 20:52:46,181 - WARNING - [de.616049.xyz (FRA)] ├─ 无有效DNS记录，触发紧急更新
2026-08-18 21:05:17,299 - ERROR - CFST更新失败: None
2026-08-18 21:05:17,303 - DEBUG - Starting new HTTPS connection (1): api.telegram.org:443
2026-08-18 21:05:17,580 - DEBUG - https://api.telegram.org:443 "POST /bot/sendMessage HTTP/1.1" 404 55
