2026-09-09 10:20:27,189 - INFO - 启动维护任务 | 协议类型: IPV4
2026-09-09 10:20:27,190 - INFO - --------------------------------------------------
2026-09-09 10:20:27,190 - INFO - [hk.616049.xyz (HKG)] 开始处理节点维护
2026-09-09 10:20:27,206 - DEBUG - DNS解析重试中 hk.616049.xyz: [Errno -5] No address associated with hostname
2026-09-09 10:20:28,225 - DEBUG - DNS解析重试中 hk.616049.xyz: [Errno -5] No address associated with hostname
2026-09-09 10:20:29,239 - DEBUG - DNS解析重试中 hk.616049.xyz: [Errno -5] No address associated with hostname
2026-09-09 10:20:30,240 - WARNING - [hk.616049.xyz (HKG)] ├─ 无有效DNS记录，触发紧急更新
2026-09-09 10:33:01,229 - ERROR - CFST更新失败: None
2026-09-09 10:33:01,230 - INFO - --------------------------------------------------
2026-09-09 10:33:01,230 - INFO - [us.616049.xyz (LAX)] 开始处理节点维护
2026-09-09 10:33:01,263 - DEBUG - DNS解析重试中 us.616049.xyz: [Errno -5] No address associated with hostname
2026-09-09 10:33:02,280 - DEBUG - DNS解析重试中 us.616049.xyz: [Errno -5] No address associated with hostname
2026-09-09 10:33:03,298 - DEBUG - DNS解析重试中 us.616049.xyz: [Errno -5] No address associated with hostname
2026-09-09 10:33:04,299 - WARNING - [us.616049.xyz (LAX)] ├─ 无有效DNS记录，触发紧急更新
2026-09-09 10:45:35,132 - ERROR - CFST更新失败: None
2026-09-09 10:45:35,132 - INFO - --------------------------------------------------
2026-09-09 10:45:35,132 - INFO - [de.616049.xyz (FRA)] 开始处理节点维护
2026-09-09 10:45:35,143 - DEBUG - DNS解析重试中 de.616049.xyz: [Errno -5] No address associated with hostname
2026-09-09 10:45:36,158 - DEBUG - DNS解析重试中 de.616049.xyz: [Errno -5] No address associated with hostname
2026-09-09 10:45:37,172 - DEBUG - DNS解析重试中 de.616049.xyz: [Errno -5] No address associated with hostname
2026-09-09 10:45:38,173 - WARNING - [de.616049.xyz (FRA)] ├─ 无有效DNS记录，触发紧急更新
2026-09-09 10:58:09,304 - ERROR - CFST更新失败: None
2026-09-09 10:58:09,308 - DEBUG - Starting new HTTPS connection (1): api.telegram.org:443
2026-09-09 10:58:09,585 - DEBUG - https://api.telegram.org:443 "POST /bot/sendMessage HTTP/1.1" 404 55
