2026-08-11 02:43:43,461 - INFO - 启动维护任务 | 协议类型: IPV4
2026-08-11 02:43:43,461 - INFO - --------------------------------------------------
2026-08-11 02:43:43,462 - INFO - [hk.616049.xyz (HKG)] 开始处理节点维护
2026-08-11 02:43:43,477 - DEBUG - DNS解析重试中 hk.616049.xyz: [Errno -5] No address associated with hostname
2026-08-11 02:43:44,491 - DEBUG - DNS解析重试中 hk.616049.xyz: [Errno -5] No address associated with hostname
2026-08-11 02:43:45,504 - DEBUG - DNS解析重试中 hk.616049.xyz: [Errno -5] No address associated with hostname
2026-08-11 02:43:46,506 - WARNING - [hk.616049.xyz (HKG)] ├─ 无有效DNS记录，触发紧急更新
2026-08-11 02:56:16,867 - ERROR - CFST更新失败: None
2026-08-11 02:56:16,867 - INFO - --------------------------------------------------
2026-08-11 02:56:16,867 - INFO - [us.616049.xyz (LAX)] 开始处理节点维护
2026-08-11 02:56:16,930 - DEBUG - DNS解析重试中 us.616049.xyz: [Errno -5] No address associated with hostname
2026-08-11 02:56:17,942 - DEBUG - DNS解析重试中 us.616049.xyz: [Errno -5] No address associated with hostname
2026-08-11 02:56:18,957 - DEBUG - DNS解析重试中 us.616049.xyz: [Errno -5] No address associated with hostname
2026-08-11 02:56:19,959 - WARNING - [us.616049.xyz (LAX)] ├─ 无有效DNS记录，触发紧急更新
2026-08-11 03:08:50,660 - ERROR - CFST更新失败: None
2026-08-11 03:08:50,661 - INFO - --------------------------------------------------
2026-08-11 03:08:50,661 - INFO - [de.616049.xyz (FRA)] 开始处理节点维护
2026-08-11 03:08:50,685 - DEBUG - DNS解析重试中 de.616049.xyz: [Errno -5] No address associated with hostname
2026-08-11 03:08:51,705 - DEBUG - DNS解析重试中 de.616049.xyz: [Errno -5] No address associated with hostname
2026-08-11 03:08:52,727 - DEBUG - DNS解析重试中 de.616049.xyz: [Errno -5] No address associated with hostname
2026-08-11 03:08:53,728 - WARNING - [de.616049.xyz (FRA)] ├─ 无有效DNS记录，触发紧急更新
2026-08-11 03:21:24,858 - ERROR - CFST更新失败: None
2026-08-11 03:21:24,862 - DEBUG - Starting new HTTPS connection (1): api.telegram.org:443
2026-08-11 03:21:25,152 - DEBUG - https://api.telegram.org:443 "POST /bot/sendMessage HTTP/1.1" 404 55
