2026-10-07 07:28:26,252 - INFO - 启动维护任务 | 协议类型: IPV4
2026-10-07 07:28:26,252 - INFO - --------------------------------------------------
2026-10-07 07:28:26,253 - INFO - [hk.616049.xyz (HKG)] 开始处理节点维护
2026-10-07 07:28:26,277 - DEBUG - DNS解析重试中 hk.616049.xyz: [Errno -5] No address associated with hostname
2026-10-07 07:28:27,289 - DEBUG - DNS解析重试中 hk.616049.xyz: [Errno -5] No address associated with hostname
2026-10-07 07:28:28,302 - DEBUG - DNS解析重试中 hk.616049.xyz: [Errno -5] No address associated with hostname
2026-10-07 07:28:29,303 - WARNING - [hk.616049.xyz (HKG)] ├─ 无有效DNS记录，触发紧急更新
2026-10-07 07:41:00,851 - ERROR - CFST更新失败: None
2026-10-07 07:41:00,852 - INFO - --------------------------------------------------
2026-10-07 07:41:00,852 - INFO - [us.616049.xyz (LAX)] 开始处理节点维护
2026-10-07 07:41:00,864 - DEBUG - DNS解析重试中 us.616049.xyz: [Errno -5] No address associated with hostname
2026-10-07 07:41:01,878 - DEBUG - DNS解析重试中 us.616049.xyz: [Errno -5] No address associated with hostname
2026-10-07 07:41:02,899 - DEBUG - DNS解析重试中 us.616049.xyz: [Errno -5] No address associated with hostname
2026-10-07 07:41:03,900 - WARNING - [us.616049.xyz (LAX)] ├─ 无有效DNS记录，触发紧急更新
2026-10-07 07:53:33,805 - ERROR - CFST更新失败: None
2026-10-07 07:53:33,805 - INFO - --------------------------------------------------
2026-10-07 07:53:33,805 - INFO - [de.616049.xyz (FRA)] 开始处理节点维护
2026-10-07 07:53:33,823 - DEBUG - DNS解析重试中 de.616049.xyz: [Errno -5] No address associated with hostname
2026-10-07 07:53:34,843 - DEBUG - DNS解析重试中 de.616049.xyz: [Errno -5] No address associated with hostname
2026-10-07 07:53:35,852 - DEBUG - DNS解析重试中 de.616049.xyz: [Errno -5] No address associated with hostname
2026-10-07 07:53:36,853 - WARNING - [de.616049.xyz (FRA)] ├─ 无有效DNS记录，触发紧急更新
2026-10-07 08:06:07,427 - ERROR - CFST更新失败: None
2026-10-07 08:06:07,431 - DEBUG - Starting new HTTPS connection (1): api.telegram.org:443
2026-10-07 08:06:07,904 - DEBUG - https://api.telegram.org:443 "POST /bot/sendMessage HTTP/1.1" 404 55
