2026-08-16 18:14:30,950 - INFO - 启动维护任务 | 协议类型: IPV4
2026-08-16 18:14:30,950 - INFO - --------------------------------------------------
2026-08-16 18:14:30,950 - INFO - [hk.616049.xyz (HKG)] 开始处理节点维护
2026-08-16 18:14:30,961 - DEBUG - DNS解析重试中 hk.616049.xyz: [Errno -5] No address associated with hostname
2026-08-16 18:14:31,989 - DEBUG - DNS解析重试中 hk.616049.xyz: [Errno -5] No address associated with hostname
2026-08-16 18:14:33,001 - DEBUG - DNS解析重试中 hk.616049.xyz: [Errno -5] No address associated with hostname
2026-08-16 18:14:34,002 - WARNING - [hk.616049.xyz (HKG)] ├─ 无有效DNS记录，触发紧急更新
2026-08-16 18:27:05,075 - ERROR - CFST更新失败: None
2026-08-16 18:27:05,076 - INFO - --------------------------------------------------
2026-08-16 18:27:05,076 - INFO - [us.616049.xyz (LAX)] 开始处理节点维护
2026-08-16 18:27:05,088 - DEBUG - DNS解析重试中 us.616049.xyz: [Errno -5] No address associated with hostname
2026-08-16 18:27:06,099 - DEBUG - DNS解析重试中 us.616049.xyz: [Errno -5] No address associated with hostname
2026-08-16 18:27:07,123 - DEBUG - DNS解析重试中 us.616049.xyz: [Errno -5] No address associated with hostname
2026-08-16 18:27:08,124 - WARNING - [us.616049.xyz (LAX)] ├─ 无有效DNS记录，触发紧急更新
2026-08-16 18:39:39,394 - ERROR - CFST更新失败: None
2026-08-16 18:39:39,394 - INFO - --------------------------------------------------
2026-08-16 18:39:39,394 - INFO - [de.616049.xyz (FRA)] 开始处理节点维护
2026-08-16 18:39:39,425 - DEBUG - DNS解析重试中 de.616049.xyz: [Errno -5] No address associated with hostname
2026-08-16 18:39:40,447 - DEBUG - DNS解析重试中 de.616049.xyz: [Errno -5] No address associated with hostname
2026-08-16 18:39:41,481 - DEBUG - DNS解析重试中 de.616049.xyz: [Errno -5] No address associated with hostname
2026-08-16 18:39:42,483 - WARNING - [de.616049.xyz (FRA)] ├─ 无有效DNS记录，触发紧急更新
2026-08-16 18:52:15,065 - ERROR - CFST更新失败: None
2026-08-16 18:52:15,069 - DEBUG - Starting new HTTPS connection (1): api.telegram.org:443
2026-08-16 18:52:15,540 - DEBUG - https://api.telegram.org:443 "POST /bot/sendMessage HTTP/1.1" 404 55
