2026-08-20 02:20:48,352 - INFO - 启动维护任务 | 协议类型: IPV4
2026-08-20 02:20:48,352 - INFO - --------------------------------------------------
2026-08-20 02:20:48,352 - INFO - [hk.616049.xyz (HKG)] 开始处理节点维护
2026-08-20 02:20:48,393 - DEBUG - DNS解析重试中 hk.616049.xyz: [Errno -5] No address associated with hostname
2026-08-20 02:20:49,444 - DEBUG - DNS解析重试中 hk.616049.xyz: [Errno -5] No address associated with hostname
2026-08-20 02:20:50,483 - DEBUG - DNS解析重试中 hk.616049.xyz: [Errno -5] No address associated with hostname
2026-08-20 02:20:51,484 - WARNING - [hk.616049.xyz (HKG)] ├─ 无有效DNS记录，触发紧急更新
2026-08-20 02:32:44,012 - ERROR - CFST更新失败: None
2026-08-20 02:32:44,012 - INFO - --------------------------------------------------
2026-08-20 02:32:44,012 - INFO - [us.616049.xyz (LAX)] 开始处理节点维护
2026-08-20 02:32:44,057 - DEBUG - DNS解析重试中 us.616049.xyz: [Errno -5] No address associated with hostname
2026-08-20 02:32:45,098 - DEBUG - DNS解析重试中 us.616049.xyz: [Errno -5] No address associated with hostname
2026-08-20 02:32:46,139 - DEBUG - DNS解析重试中 us.616049.xyz: [Errno -5] No address associated with hostname
2026-08-20 02:32:47,140 - WARNING - [us.616049.xyz (LAX)] ├─ 无有效DNS记录，触发紧急更新
2026-08-20 02:44:39,841 - ERROR - CFST更新失败: None
2026-08-20 02:44:39,841 - INFO - --------------------------------------------------
2026-08-20 02:44:39,841 - INFO - [de.616049.xyz (FRA)] 开始处理节点维护
2026-08-20 02:44:39,875 - DEBUG - DNS解析重试中 de.616049.xyz: [Errno -5] No address associated with hostname
2026-08-20 02:44:42,364 - DEBUG - DNS解析重试中 de.616049.xyz: [Errno -5] No address associated with hostname
2026-08-20 02:44:43,375 - DEBUG - DNS解析重试中 de.616049.xyz: [Errno -5] No address associated with hostname
2026-08-20 02:44:44,376 - WARNING - [de.616049.xyz (FRA)] ├─ 无有效DNS记录，触发紧急更新
2026-08-20 02:56:38,027 - ERROR - CFST更新失败: None
2026-08-20 02:56:38,029 - DEBUG - Starting new HTTPS connection (1): api.telegram.org:443
2026-08-20 02:56:38,450 - DEBUG - https://api.telegram.org:443 "POST /bot/sendMessage HTTP/1.1" 404 55
