2026-08-26 14:33:01,950 - INFO - 启动维护任务 | 协议类型: IPV4
2026-08-26 14:33:01,950 - INFO - --------------------------------------------------
2026-08-26 14:33:01,950 - INFO - [hk.616049.xyz (HKG)] 开始处理节点维护
2026-08-26 14:33:02,016 - DEBUG - DNS解析重试中 hk.616049.xyz: [Errno -5] No address associated with hostname
2026-08-26 14:33:03,070 - DEBUG - DNS解析重试中 hk.616049.xyz: [Errno -5] No address associated with hostname
2026-08-26 14:33:04,132 - DEBUG - DNS解析重试中 hk.616049.xyz: [Errno -5] No address associated with hostname
2026-08-26 14:33:05,134 - WARNING - [hk.616049.xyz (HKG)] ├─ 无有效DNS记录，触发紧急更新
2026-08-26 14:44:53,461 - ERROR - CFST更新失败: None
2026-08-26 14:44:53,462 - INFO - --------------------------------------------------
2026-08-26 14:44:53,462 - INFO - [us.616049.xyz (LAX)] 开始处理节点维护
2026-08-26 14:44:53,513 - DEBUG - DNS解析重试中 us.616049.xyz: [Errno -5] No address associated with hostname
2026-08-26 14:44:54,564 - DEBUG - DNS解析重试中 us.616049.xyz: [Errno -5] No address associated with hostname
2026-08-26 14:44:55,590 - DEBUG - DNS解析重试中 us.616049.xyz: [Errno -5] No address associated with hostname
2026-08-26 14:44:56,591 - WARNING - [us.616049.xyz (LAX)] ├─ 无有效DNS记录，触发紧急更新
2026-08-26 14:56:45,048 - ERROR - CFST更新失败: None
2026-08-26 14:56:45,048 - INFO - --------------------------------------------------
2026-08-26 14:56:45,048 - INFO - [de.616049.xyz (FRA)] 开始处理节点维护
2026-08-26 14:56:45,112 - DEBUG - DNS解析重试中 de.616049.xyz: [Errno -5] No address associated with hostname
2026-08-26 14:56:46,179 - DEBUG - DNS解析重试中 de.616049.xyz: [Errno -5] No address associated with hostname
2026-08-26 14:56:47,245 - DEBUG - DNS解析重试中 de.616049.xyz: [Errno -5] No address associated with hostname
2026-08-26 14:56:48,246 - WARNING - [de.616049.xyz (FRA)] ├─ 无有效DNS记录，触发紧急更新
2026-08-26 15:08:35,571 - ERROR - CFST更新失败: None
2026-08-26 15:08:35,574 - DEBUG - Starting new HTTPS connection (1): api.telegram.org:443
2026-08-26 15:08:36,016 - DEBUG - https://api.telegram.org:443 "POST /bot/sendMessage HTTP/1.1" 404 55
