2026-07-29 19:55:01,971 - INFO - 启动维护任务 | 协议类型: IPV4
2026-07-29 19:55:01,971 - INFO - --------------------------------------------------
2026-07-29 19:55:01,971 - INFO - [hk.616049.xyz (HKG)] 开始处理节点维护
2026-07-29 19:55:01,982 - DEBUG - DNS解析重试中 hk.616049.xyz: [Errno -5] No address associated with hostname
2026-07-29 19:55:02,993 - DEBUG - DNS解析重试中 hk.616049.xyz: [Errno -5] No address associated with hostname
2026-07-29 19:55:04,006 - DEBUG - DNS解析重试中 hk.616049.xyz: [Errno -5] No address associated with hostname
2026-07-29 19:55:05,007 - WARNING - [hk.616049.xyz (HKG)] ├─ 无有效DNS记录，触发紧急更新
2026-07-29 20:07:36,260 - ERROR - CFST更新失败: None
2026-07-29 20:07:36,260 - INFO - --------------------------------------------------
2026-07-29 20:07:36,260 - INFO - [us.616049.xyz (LAX)] 开始处理节点维护
2026-07-29 20:07:36,276 - DEBUG - DNS解析重试中 us.616049.xyz: [Errno -5] No address associated with hostname
2026-07-29 20:07:37,292 - DEBUG - DNS解析重试中 us.616049.xyz: [Errno -5] No address associated with hostname
2026-07-29 20:07:38,304 - DEBUG - DNS解析重试中 us.616049.xyz: [Errno -5] No address associated with hostname
2026-07-29 20:07:39,305 - WARNING - [us.616049.xyz (LAX)] ├─ 无有效DNS记录，触发紧急更新
2026-07-29 20:20:10,129 - ERROR - CFST更新失败: None
2026-07-29 20:20:10,129 - INFO - --------------------------------------------------
2026-07-29 20:20:10,129 - INFO - [de.616049.xyz (FRA)] 开始处理节点维护
2026-07-29 20:20:10,145 - DEBUG - DNS解析重试中 de.616049.xyz: [Errno -5] No address associated with hostname
2026-07-29 20:20:11,156 - DEBUG - DNS解析重试中 de.616049.xyz: [Errno -5] No address associated with hostname
2026-07-29 20:20:12,162 - DEBUG - DNS解析重试中 de.616049.xyz: [Errno -5] No address associated with hostname
2026-07-29 20:20:13,164 - WARNING - [de.616049.xyz (FRA)] ├─ 无有效DNS记录，触发紧急更新
2026-07-29 20:32:44,030 - ERROR - CFST更新失败: None
2026-07-29 20:32:44,033 - DEBUG - Starting new HTTPS connection (1): api.telegram.org:443
2026-07-29 20:32:44,515 - DEBUG - https://api.telegram.org:443 "POST /bot/sendMessage HTTP/1.1" 404 55
