2026-08-09 06:19:12,864 - INFO - 启动维护任务 | 协议类型: IPV4
2026-08-09 06:19:12,864 - INFO - --------------------------------------------------
2026-08-09 06:19:12,864 - INFO - [hk.616049.xyz (HKG)] 开始处理节点维护
2026-08-09 06:19:12,922 - DEBUG - DNS解析重试中 hk.616049.xyz: [Errno -5] No address associated with hostname
2026-08-09 06:19:13,995 - DEBUG - DNS解析重试中 hk.616049.xyz: [Errno -5] No address associated with hostname
2026-08-09 06:19:15,057 - DEBUG - DNS解析重试中 hk.616049.xyz: [Errno -5] No address associated with hostname
2026-08-09 06:19:16,058 - WARNING - [hk.616049.xyz (HKG)] ├─ 无有效DNS记录，触发紧急更新
2026-08-09 06:31:13,463 - ERROR - CFST更新失败: None
2026-08-09 06:31:13,464 - INFO - --------------------------------------------------
2026-08-09 06:31:13,464 - INFO - [us.616049.xyz (LAX)] 开始处理节点维护
2026-08-09 06:31:13,540 - DEBUG - DNS解析重试中 us.616049.xyz: [Errno -5] No address associated with hostname
2026-08-09 06:31:14,601 - DEBUG - DNS解析重试中 us.616049.xyz: [Errno -5] No address associated with hostname
2026-08-09 06:31:15,618 - DEBUG - DNS解析重试中 us.616049.xyz: [Errno -5] No address associated with hostname
2026-08-09 06:31:16,619 - WARNING - [us.616049.xyz (LAX)] ├─ 无有效DNS记录，触发紧急更新
2026-08-09 06:43:13,979 - ERROR - CFST更新失败: None
2026-08-09 06:43:13,979 - INFO - --------------------------------------------------
2026-08-09 06:43:13,979 - INFO - [de.616049.xyz (FRA)] 开始处理节点维护
2026-08-09 06:43:14,028 - DEBUG - DNS解析重试中 de.616049.xyz: [Errno -5] No address associated with hostname
2026-08-09 06:43:15,197 - DEBUG - DNS解析重试中 de.616049.xyz: [Errno -5] No address associated with hostname
2026-08-09 06:43:16,257 - DEBUG - DNS解析重试中 de.616049.xyz: [Errno -5] No address associated with hostname
2026-08-09 06:43:17,258 - WARNING - [de.616049.xyz (FRA)] ├─ 无有效DNS记录，触发紧急更新
2026-08-09 06:55:16,955 - ERROR - CFST更新失败: None
2026-08-09 06:55:16,957 - DEBUG - Starting new HTTPS connection (1): api.telegram.org:443
2026-08-09 06:55:17,308 - DEBUG - https://api.telegram.org:443 "POST /bot/sendMessage HTTP/1.1" 404 55
