2026-07-30 04:43:08,652 - INFO - 启动维护任务 | 协议类型: IPV4
2026-07-30 04:43:08,652 - INFO - --------------------------------------------------
2026-07-30 04:43:08,652 - INFO - [hk.616049.xyz (HKG)] 开始处理节点维护
2026-07-30 04:43:08,665 - DEBUG - DNS解析重试中 hk.616049.xyz: [Errno -5] No address associated with hostname
2026-07-30 04:43:09,678 - DEBUG - DNS解析重试中 hk.616049.xyz: [Errno -5] No address associated with hostname
2026-07-30 04:43:10,691 - DEBUG - DNS解析重试中 hk.616049.xyz: [Errno -5] No address associated with hostname
2026-07-30 04:43:11,692 - WARNING - [hk.616049.xyz (HKG)] ├─ 无有效DNS记录，触发紧急更新
2026-07-30 04:55:41,919 - ERROR - CFST更新失败: None
2026-07-30 04:55:41,919 - INFO - --------------------------------------------------
2026-07-30 04:55:41,920 - INFO - [us.616049.xyz (LAX)] 开始处理节点维护
2026-07-30 04:55:41,933 - DEBUG - DNS解析重试中 us.616049.xyz: [Errno -5] No address associated with hostname
2026-07-30 04:55:42,957 - DEBUG - DNS解析重试中 us.616049.xyz: [Errno -5] No address associated with hostname
2026-07-30 04:55:43,975 - DEBUG - DNS解析重试中 us.616049.xyz: [Errno -5] No address associated with hostname
2026-07-30 04:55:44,976 - WARNING - [us.616049.xyz (LAX)] ├─ 无有效DNS记录，触发紧急更新
2026-07-30 05:08:14,531 - ERROR - CFST更新失败: None
2026-07-30 05:08:14,531 - INFO - --------------------------------------------------
2026-07-30 05:08:14,532 - INFO - [de.616049.xyz (FRA)] 开始处理节点维护
2026-07-30 05:08:14,550 - DEBUG - DNS解析重试中 de.616049.xyz: [Errno -5] No address associated with hostname
2026-07-30 05:08:15,583 - DEBUG - DNS解析重试中 de.616049.xyz: [Errno -5] No address associated with hostname
2026-07-30 05:08:16,597 - DEBUG - DNS解析重试中 de.616049.xyz: [Errno -5] No address associated with hostname
2026-07-30 05:08:17,598 - WARNING - [de.616049.xyz (FRA)] ├─ 无有效DNS记录，触发紧急更新
2026-07-30 05:20:47,632 - ERROR - CFST更新失败: None
2026-07-30 05:20:47,635 - DEBUG - Starting new HTTPS connection (1): api.telegram.org:443
2026-07-30 05:20:47,928 - DEBUG - https://api.telegram.org:443 "POST /bot/sendMessage HTTP/1.1" 404 55
