2026-08-21 08:48:59,079 - INFO - 启动维护任务 | 协议类型: IPV4
2026-08-21 08:48:59,079 - INFO - --------------------------------------------------
2026-08-21 08:48:59,079 - INFO - [hk.616049.xyz (HKG)] 开始处理节点维护
2026-08-21 08:48:59,168 - DEBUG - DNS解析重试中 hk.616049.xyz: [Errno -5] No address associated with hostname
2026-08-21 08:49:00,261 - DEBUG - DNS解析重试中 hk.616049.xyz: [Errno -5] No address associated with hostname
2026-08-21 08:49:01,354 - DEBUG - DNS解析重试中 hk.616049.xyz: [Errno -5] No address associated with hostname
2026-08-21 08:49:02,355 - WARNING - [hk.616049.xyz (HKG)] ├─ 无有效DNS记录，触发紧急更新
2026-08-21 09:01:19,155 - ERROR - CFST更新失败: None
2026-08-21 09:01:19,155 - INFO - --------------------------------------------------
2026-08-21 09:01:19,155 - INFO - [us.616049.xyz (LAX)] 开始处理节点维护
2026-08-21 09:01:19,250 - DEBUG - DNS解析重试中 us.616049.xyz: [Errno -5] No address associated with hostname
2026-08-21 09:01:20,307 - DEBUG - DNS解析重试中 us.616049.xyz: [Errno -5] No address associated with hostname
2026-08-21 09:01:21,403 - DEBUG - DNS解析重试中 us.616049.xyz: [Errno -5] No address associated with hostname
2026-08-21 09:01:22,405 - WARNING - [us.616049.xyz (LAX)] ├─ 无有效DNS记录，触发紧急更新
2026-08-21 09:13:38,850 - ERROR - CFST更新失败: None
2026-08-21 09:13:38,850 - INFO - --------------------------------------------------
2026-08-21 09:13:38,850 - INFO - [de.616049.xyz (FRA)] 开始处理节点维护
2026-08-21 09:13:38,903 - DEBUG - DNS解析重试中 de.616049.xyz: [Errno -5] No address associated with hostname
2026-08-21 09:13:39,996 - DEBUG - DNS解析重试中 de.616049.xyz: [Errno -5] No address associated with hostname
2026-08-21 09:13:41,090 - DEBUG - DNS解析重试中 de.616049.xyz: [Errno -5] No address associated with hostname
2026-08-21 09:13:42,091 - WARNING - [de.616049.xyz (FRA)] ├─ 无有效DNS记录，触发紧急更新
2026-08-21 09:25:58,646 - ERROR - CFST更新失败: None
2026-08-21 09:25:58,649 - DEBUG - Starting new HTTPS connection (1): api.telegram.org:443
2026-08-21 09:25:59,093 - DEBUG - https://api.telegram.org:443 "POST /bot/sendMessage HTTP/1.1" 404 55
