2026-10-10 00:43:33,806 - INFO - 启动维护任务 | 协议类型: IPV4
2026-10-10 00:43:33,806 - INFO - --------------------------------------------------
2026-10-10 00:43:33,806 - INFO - [hk.616049.xyz (HKG)] 开始处理节点维护
2026-10-10 00:43:33,860 - DEBUG - DNS解析重试中 hk.616049.xyz: [Errno -5] No address associated with hostname
2026-10-10 00:43:34,891 - DEBUG - DNS解析重试中 hk.616049.xyz: [Errno -5] No address associated with hostname
2026-10-10 00:43:35,927 - DEBUG - DNS解析重试中 hk.616049.xyz: [Errno -5] No address associated with hostname
2026-10-10 00:43:36,928 - WARNING - [hk.616049.xyz (HKG)] ├─ 无有效DNS记录，触发紧急更新
2026-10-10 00:55:50,156 - ERROR - CFST更新失败: None
2026-10-10 00:55:50,157 - INFO - --------------------------------------------------
2026-10-10 00:55:50,157 - INFO - [us.616049.xyz (LAX)] 开始处理节点维护
2026-10-10 00:55:50,220 - DEBUG - DNS解析重试中 us.616049.xyz: [Errno -5] No address associated with hostname
2026-10-10 00:55:51,257 - DEBUG - DNS解析重试中 us.616049.xyz: [Errno -5] No address associated with hostname
2026-10-10 00:55:52,294 - DEBUG - DNS解析重试中 us.616049.xyz: [Errno -5] No address associated with hostname
2026-10-10 00:55:53,296 - WARNING - [us.616049.xyz (LAX)] ├─ 无有效DNS记录，触发紧急更新
2026-10-10 01:08:06,882 - ERROR - CFST更新失败: None
2026-10-10 01:08:06,882 - INFO - --------------------------------------------------
2026-10-10 01:08:06,882 - INFO - [de.616049.xyz (FRA)] 开始处理节点维护
2026-10-10 01:08:06,924 - DEBUG - DNS解析重试中 de.616049.xyz: [Errno -5] No address associated with hostname
2026-10-10 01:08:07,959 - DEBUG - DNS解析重试中 de.616049.xyz: [Errno -5] No address associated with hostname
2026-10-10 01:08:09,011 - DEBUG - DNS解析重试中 de.616049.xyz: [Errno -5] No address associated with hostname
2026-10-10 01:08:10,012 - WARNING - [de.616049.xyz (FRA)] ├─ 无有效DNS记录，触发紧急更新
2026-10-10 01:20:29,920 - ERROR - CFST更新失败: None
2026-10-10 01:20:29,923 - DEBUG - Starting new HTTPS connection (1): api.telegram.org:443
2026-10-10 01:20:30,337 - DEBUG - https://api.telegram.org:443 "POST /bot/sendMessage HTTP/1.1" 404 55
