2026-08-18 06:15:06,184 - INFO - 启动维护任务 | 协议类型: IPV4
2026-08-18 06:15:06,185 - INFO - --------------------------------------------------
2026-08-18 06:15:06,185 - INFO - [hk.616049.xyz (HKG)] 开始处理节点维护
2026-08-18 06:15:06,275 - DEBUG - DNS解析重试中 hk.616049.xyz: [Errno -5] No address associated with hostname
2026-08-18 06:15:07,288 - DEBUG - DNS解析重试中 hk.616049.xyz: [Errno -5] No address associated with hostname
2026-08-18 06:15:08,332 - DEBUG - DNS解析重试中 hk.616049.xyz: [Errno -5] No address associated with hostname
2026-08-18 06:15:09,334 - WARNING - [hk.616049.xyz (HKG)] ├─ 无有效DNS记录，触发紧急更新
2026-08-18 06:27:07,564 - ERROR - CFST更新失败: None
2026-08-18 06:27:07,564 - INFO - --------------------------------------------------
2026-08-18 06:27:07,564 - INFO - [us.616049.xyz (LAX)] 开始处理节点维护
2026-08-18 06:27:07,616 - DEBUG - DNS解析重试中 us.616049.xyz: [Errno -5] No address associated with hostname
2026-08-18 06:27:08,688 - DEBUG - DNS解析重试中 us.616049.xyz: [Errno -5] No address associated with hostname
2026-08-18 06:27:09,750 - DEBUG - DNS解析重试中 us.616049.xyz: [Errno -5] No address associated with hostname
2026-08-18 06:27:10,752 - WARNING - [us.616049.xyz (LAX)] ├─ 无有效DNS记录，触发紧急更新
2026-08-18 06:39:07,728 - ERROR - CFST更新失败: None
2026-08-18 06:39:07,728 - INFO - --------------------------------------------------
2026-08-18 06:39:07,728 - INFO - [de.616049.xyz (FRA)] 开始处理节点维护
2026-08-18 06:39:07,789 - DEBUG - DNS解析重试中 de.616049.xyz: [Errno -5] No address associated with hostname
2026-08-18 06:39:08,870 - DEBUG - DNS解析重试中 de.616049.xyz: [Errno -5] No address associated with hostname
2026-08-18 06:39:09,882 - DEBUG - DNS解析重试中 de.616049.xyz: [Errno -5] No address associated with hostname
2026-08-18 06:39:10,883 - WARNING - [de.616049.xyz (FRA)] ├─ 无有效DNS记录，触发紧急更新
2026-08-18 06:51:13,907 - ERROR - CFST更新失败: None
2026-08-18 06:51:13,910 - DEBUG - Starting new HTTPS connection (1): api.telegram.org:443
2026-08-18 06:51:14,386 - DEBUG - https://api.telegram.org:443 "POST /bot/sendMessage HTTP/1.1" 404 55
