2026-09-12 16:14:46,760 - INFO - 启动维护任务 | 协议类型: IPV4
2026-09-12 16:14:46,760 - INFO - --------------------------------------------------
2026-09-12 16:14:46,760 - INFO - [hk.616049.xyz (HKG)] 开始处理节点维护
2026-09-12 16:14:46,775 - DEBUG - DNS解析重试中 hk.616049.xyz: [Errno -5] No address associated with hostname
2026-09-12 16:14:47,792 - DEBUG - DNS解析重试中 hk.616049.xyz: [Errno -5] No address associated with hostname
2026-09-12 16:14:48,818 - DEBUG - DNS解析重试中 hk.616049.xyz: [Errno -5] No address associated with hostname
2026-09-12 16:14:49,819 - WARNING - [hk.616049.xyz (HKG)] ├─ 无有效DNS记录，触发紧急更新
2026-09-12 16:27:20,442 - ERROR - CFST更新失败: None
2026-09-12 16:27:20,442 - INFO - --------------------------------------------------
2026-09-12 16:27:20,442 - INFO - [us.616049.xyz (LAX)] 开始处理节点维护
2026-09-12 16:27:20,455 - DEBUG - DNS解析重试中 us.616049.xyz: [Errno -5] No address associated with hostname
2026-09-12 16:27:21,472 - DEBUG - DNS解析重试中 us.616049.xyz: [Errno -5] No address associated with hostname
2026-09-12 16:27:22,508 - DEBUG - DNS解析重试中 us.616049.xyz: [Errno -5] No address associated with hostname
2026-09-12 16:27:23,509 - WARNING - [us.616049.xyz (LAX)] ├─ 无有效DNS记录，触发紧急更新
2026-09-12 16:39:54,682 - ERROR - CFST更新失败: None
2026-09-12 16:39:54,683 - INFO - --------------------------------------------------
2026-09-12 16:39:54,683 - INFO - [de.616049.xyz (FRA)] 开始处理节点维护
2026-09-12 16:39:54,695 - DEBUG - DNS解析重试中 de.616049.xyz: [Errno -5] No address associated with hostname
2026-09-12 16:39:55,717 - DEBUG - DNS解析重试中 de.616049.xyz: [Errno -5] No address associated with hostname
2026-09-12 16:39:56,735 - DEBUG - DNS解析重试中 de.616049.xyz: [Errno -5] No address associated with hostname
2026-09-12 16:39:57,736 - WARNING - [de.616049.xyz (FRA)] ├─ 无有效DNS记录，触发紧急更新
2026-09-12 16:52:28,803 - ERROR - CFST更新失败: None
2026-09-12 16:52:28,806 - DEBUG - Starting new HTTPS connection (1): api.telegram.org:443
2026-09-12 16:52:29,082 - DEBUG - https://api.telegram.org:443 "POST /bot/sendMessage HTTP/1.1" 404 55
