2026-08-23 06:12:47,298 - INFO - 启动维护任务 | 协议类型: IPV4
2026-08-23 06:12:47,299 - INFO - --------------------------------------------------
2026-08-23 06:12:47,299 - INFO - [hk.616049.xyz (HKG)] 开始处理节点维护
2026-08-23 06:12:47,336 - DEBUG - DNS解析重试中 hk.616049.xyz: [Errno -5] No address associated with hostname
2026-08-23 06:12:48,374 - DEBUG - DNS解析重试中 hk.616049.xyz: [Errno -5] No address associated with hostname
2026-08-23 06:12:49,412 - DEBUG - DNS解析重试中 hk.616049.xyz: [Errno -5] No address associated with hostname
2026-08-23 06:12:50,413 - WARNING - [hk.616049.xyz (HKG)] ├─ 无有效DNS记录，触发紧急更新
2026-08-23 06:25:22,783 - ERROR - CFST更新失败: None
2026-08-23 06:25:22,783 - INFO - --------------------------------------------------
2026-08-23 06:25:22,783 - INFO - [us.616049.xyz (LAX)] 开始处理节点维护
2026-08-23 06:25:22,826 - DEBUG - DNS解析重试中 us.616049.xyz: [Errno -5] No address associated with hostname
2026-08-23 06:25:23,867 - DEBUG - DNS解析重试中 us.616049.xyz: [Errno -5] No address associated with hostname
2026-08-23 06:25:24,914 - DEBUG - DNS解析重试中 us.616049.xyz: [Errno -5] No address associated with hostname
2026-08-23 06:25:25,915 - WARNING - [us.616049.xyz (LAX)] ├─ 无有效DNS记录，触发紧急更新
2026-08-23 06:37:57,490 - ERROR - CFST更新失败: None
2026-08-23 06:37:57,490 - INFO - --------------------------------------------------
2026-08-23 06:37:57,491 - INFO - [de.616049.xyz (FRA)] 开始处理节点维护
2026-08-23 06:37:57,528 - DEBUG - DNS解析重试中 de.616049.xyz: [Errno -5] No address associated with hostname
2026-08-23 06:37:58,569 - DEBUG - DNS解析重试中 de.616049.xyz: [Errno -5] No address associated with hostname
2026-08-23 06:37:59,578 - DEBUG - DNS解析重试中 de.616049.xyz: [Errno -5] No address associated with hostname
2026-08-23 06:38:00,580 - WARNING - [de.616049.xyz (FRA)] ├─ 无有效DNS记录，触发紧急更新
2026-08-23 06:50:32,748 - ERROR - CFST更新失败: None
2026-08-23 06:50:32,751 - DEBUG - Starting new HTTPS connection (1): api.telegram.org:443
2026-08-23 06:50:33,460 - DEBUG - https://api.telegram.org:443 "POST /bot/sendMessage HTTP/1.1" 404 55
