2026-08-19 08:44:25,100 - INFO - 启动维护任务 | 协议类型: IPV4
2026-08-19 08:44:25,100 - INFO - --------------------------------------------------
2026-08-19 08:44:25,100 - INFO - [hk.616049.xyz (HKG)] 开始处理节点维护
2026-08-19 08:44:25,148 - DEBUG - DNS解析重试中 hk.616049.xyz: [Errno -5] No address associated with hostname
2026-08-19 08:44:26,158 - DEBUG - DNS解析重试中 hk.616049.xyz: [Errno -5] No address associated with hostname
2026-08-19 08:44:27,174 - DEBUG - DNS解析重试中 hk.616049.xyz: [Errno -5] No address associated with hostname
2026-08-19 08:44:28,176 - WARNING - [hk.616049.xyz (HKG)] ├─ 无有效DNS记录，触发紧急更新
2026-08-19 08:56:54,629 - ERROR - CFST更新失败: None
2026-08-19 08:56:54,630 - INFO - --------------------------------------------------
2026-08-19 08:56:54,630 - INFO - [us.616049.xyz (LAX)] 开始处理节点维护
2026-08-19 08:56:54,675 - DEBUG - DNS解析重试中 us.616049.xyz: [Errno -5] No address associated with hostname
2026-08-19 08:56:55,723 - DEBUG - DNS解析重试中 us.616049.xyz: [Errno -5] No address associated with hostname
2026-08-19 08:56:56,771 - DEBUG - DNS解析重试中 us.616049.xyz: [Errno -5] No address associated with hostname
2026-08-19 08:56:57,772 - WARNING - [us.616049.xyz (LAX)] ├─ 无有效DNS记录，触发紧急更新
2026-08-19 09:09:23,835 - ERROR - CFST更新失败: None
2026-08-19 09:09:23,836 - INFO - --------------------------------------------------
2026-08-19 09:09:23,836 - INFO - [de.616049.xyz (FRA)] 开始处理节点维护
2026-08-19 09:09:23,888 - DEBUG - DNS解析重试中 de.616049.xyz: [Errno -5] No address associated with hostname
2026-08-19 09:09:24,947 - DEBUG - DNS解析重试中 de.616049.xyz: [Errno -5] No address associated with hostname
2026-08-19 09:09:25,959 - DEBUG - DNS解析重试中 de.616049.xyz: [Errno -5] No address associated with hostname
2026-08-19 09:09:26,960 - WARNING - [de.616049.xyz (FRA)] ├─ 无有效DNS记录，触发紧急更新
2026-08-19 09:21:51,647 - ERROR - CFST更新失败: None
2026-08-19 09:21:51,651 - DEBUG - Starting new HTTPS connection (1): api.telegram.org:443
2026-08-19 09:21:52,092 - DEBUG - https://api.telegram.org:443 "POST /bot/sendMessage HTTP/1.1" 404 55
