2026-08-22 12:23:31,355 - INFO - 启动维护任务 | 协议类型: IPV4
2026-08-22 12:23:31,356 - INFO - --------------------------------------------------
2026-08-22 12:23:31,356 - INFO - [hk.616049.xyz (HKG)] 开始处理节点维护
2026-08-22 12:23:31,367 - DEBUG - DNS解析重试中 hk.616049.xyz: [Errno -5] No address associated with hostname
2026-08-22 12:23:32,382 - DEBUG - DNS解析重试中 hk.616049.xyz: [Errno -5] No address associated with hostname
2026-08-22 12:23:33,391 - DEBUG - DNS解析重试中 hk.616049.xyz: [Errno -5] No address associated with hostname
2026-08-22 12:23:34,392 - WARNING - [hk.616049.xyz (HKG)] ├─ 无有效DNS记录，触发紧急更新
2026-08-22 12:36:06,783 - ERROR - CFST更新失败: None
2026-08-22 12:36:06,783 - INFO - --------------------------------------------------
2026-08-22 12:36:06,783 - INFO - [us.616049.xyz (LAX)] 开始处理节点维护
2026-08-22 12:36:06,821 - DEBUG - DNS解析重试中 us.616049.xyz: [Errno -5] No address associated with hostname
2026-08-22 12:36:07,834 - DEBUG - DNS解析重试中 us.616049.xyz: [Errno -5] No address associated with hostname
2026-08-22 12:36:08,845 - DEBUG - DNS解析重试中 us.616049.xyz: [Errno -5] No address associated with hostname
2026-08-22 12:36:09,847 - WARNING - [us.616049.xyz (LAX)] ├─ 无有效DNS记录，触发紧急更新
2026-08-22 12:48:42,350 - ERROR - CFST更新失败: None
2026-08-22 12:48:42,350 - INFO - --------------------------------------------------
2026-08-22 12:48:42,350 - INFO - [de.616049.xyz (FRA)] 开始处理节点维护
2026-08-22 12:48:42,379 - DEBUG - DNS解析重试中 de.616049.xyz: [Errno -5] No address associated with hostname
2026-08-22 12:48:43,395 - DEBUG - DNS解析重试中 de.616049.xyz: [Errno -5] No address associated with hostname
2026-08-22 12:48:44,400 - DEBUG - DNS解析重试中 de.616049.xyz: [Errno -5] No address associated with hostname
2026-08-22 12:48:45,402 - WARNING - [de.616049.xyz (FRA)] ├─ 无有效DNS记录，触发紧急更新
2026-08-22 13:01:17,837 - ERROR - CFST更新失败: None
2026-08-22 13:01:17,841 - DEBUG - Starting new HTTPS connection (1): api.telegram.org:443
2026-08-22 13:01:18,322 - DEBUG - https://api.telegram.org:443 "POST /bot/sendMessage HTTP/1.1" 404 55
