2026-08-15 20:20:04,268 - INFO - 启动维护任务 | 协议类型: IPV4
2026-08-15 20:20:04,268 - INFO - --------------------------------------------------
2026-08-15 20:20:04,268 - INFO - [hk.616049.xyz (HKG)] 开始处理节点维护
2026-08-15 20:20:04,281 - DEBUG - DNS解析重试中 hk.616049.xyz: [Errno -5] No address associated with hostname
2026-08-15 20:20:05,291 - DEBUG - DNS解析重试中 hk.616049.xyz: [Errno -5] No address associated with hostname
2026-08-15 20:20:06,303 - DEBUG - DNS解析重试中 hk.616049.xyz: [Errno -5] No address associated with hostname
2026-08-15 20:20:07,305 - WARNING - [hk.616049.xyz (HKG)] ├─ 无有效DNS记录，触发紧急更新
2026-08-15 20:32:39,436 - ERROR - CFST更新失败: None
2026-08-15 20:32:39,436 - INFO - --------------------------------------------------
2026-08-15 20:32:39,436 - INFO - [us.616049.xyz (LAX)] 开始处理节点维护
2026-08-15 20:32:39,447 - DEBUG - DNS解析重试中 us.616049.xyz: [Errno -5] No address associated with hostname
2026-08-15 20:32:40,458 - DEBUG - DNS解析重试中 us.616049.xyz: [Errno -5] No address associated with hostname
2026-08-15 20:32:41,476 - DEBUG - DNS解析重试中 us.616049.xyz: [Errno -5] No address associated with hostname
2026-08-15 20:32:42,478 - WARNING - [us.616049.xyz (LAX)] ├─ 无有效DNS记录，触发紧急更新
2026-08-15 20:45:12,937 - ERROR - CFST更新失败: None
2026-08-15 20:45:12,937 - INFO - --------------------------------------------------
2026-08-15 20:45:12,938 - INFO - [de.616049.xyz (FRA)] 开始处理节点维护
2026-08-15 20:45:12,949 - DEBUG - DNS解析重试中 de.616049.xyz: [Errno -5] No address associated with hostname
2026-08-15 20:45:13,959 - DEBUG - DNS解析重试中 de.616049.xyz: [Errno -5] No address associated with hostname
2026-08-15 20:45:14,987 - DEBUG - DNS解析重试中 de.616049.xyz: [Errno -5] No address associated with hostname
2026-08-15 20:45:15,988 - WARNING - [de.616049.xyz (FRA)] ├─ 无有效DNS记录，触发紧急更新
2026-08-15 20:57:47,774 - ERROR - CFST更新失败: None
2026-08-15 20:57:47,778 - DEBUG - Starting new HTTPS connection (1): api.telegram.org:443
2026-08-15 20:57:48,226 - DEBUG - https://api.telegram.org:443 "POST /bot/sendMessage HTTP/1.1" 404 55
