2026-08-12 04:35:33,563 - INFO - 启动维护任务 | 协议类型: IPV4
2026-08-12 04:35:33,563 - INFO - --------------------------------------------------
2026-08-12 04:35:33,563 - INFO - [hk.616049.xyz (HKG)] 开始处理节点维护
2026-08-12 04:35:33,576 - DEBUG - DNS解析重试中 hk.616049.xyz: [Errno -5] No address associated with hostname
2026-08-12 04:35:34,591 - DEBUG - DNS解析重试中 hk.616049.xyz: [Errno -5] No address associated with hostname
2026-08-12 04:35:35,611 - DEBUG - DNS解析重试中 hk.616049.xyz: [Errno -5] No address associated with hostname
2026-08-12 04:35:36,612 - WARNING - [hk.616049.xyz (HKG)] ├─ 无有效DNS记录，触发紧急更新
2026-08-12 04:48:12,262 - ERROR - CFST更新失败: None
2026-08-12 04:48:12,262 - INFO - --------------------------------------------------
2026-08-12 04:48:12,262 - INFO - [us.616049.xyz (LAX)] 开始处理节点维护
2026-08-12 04:48:12,293 - DEBUG - DNS解析重试中 us.616049.xyz: [Errno -5] No address associated with hostname
2026-08-12 04:48:13,316 - DEBUG - DNS解析重试中 us.616049.xyz: [Errno -5] No address associated with hostname
2026-08-12 04:48:14,347 - DEBUG - DNS解析重试中 us.616049.xyz: [Errno -5] No address associated with hostname
2026-08-12 04:48:15,347 - WARNING - [us.616049.xyz (LAX)] ├─ 无有效DNS记录，触发紧急更新
2026-08-12 05:00:51,160 - ERROR - CFST更新失败: None
2026-08-12 05:00:51,160 - INFO - --------------------------------------------------
2026-08-12 05:00:51,160 - INFO - [de.616049.xyz (FRA)] 开始处理节点维护
2026-08-12 05:00:51,188 - DEBUG - DNS解析重试中 de.616049.xyz: [Errno -5] No address associated with hostname
2026-08-12 05:00:52,212 - DEBUG - DNS解析重试中 de.616049.xyz: [Errno -5] No address associated with hostname
2026-08-12 05:00:53,231 - DEBUG - DNS解析重试中 de.616049.xyz: [Errno -5] No address associated with hostname
2026-08-12 05:00:54,232 - WARNING - [de.616049.xyz (FRA)] ├─ 无有效DNS记录，触发紧急更新
2026-08-12 05:13:29,961 - ERROR - CFST更新失败: None
2026-08-12 05:13:29,964 - DEBUG - Starting new HTTPS connection (1): api.telegram.org:443
2026-08-12 05:13:30,263 - DEBUG - https://api.telegram.org:443 "POST /bot/sendMessage HTTP/1.1" 404 55
